ELMER SOLVER (v 26.2) STARTED AT: 2026/09/16 15:21:16
ParCommInit: Initialize #PEs: 1
MAIN: 
MAIN: =============================================================
MAIN: ElmerSolver finite element software, Welcome!
MAIN: This program is free software licensed under (L)GPL
MAIN: Copyright 1st April 1995 - , CSC - IT Center for Science Ltd.
MAIN: Webpage http://www.csc.fi/elmer, Email elmeradm@csc.fi
MAIN: Version: 26.2-unknown (Rev: a19504a, Compiled: 2026-09-12)
MAIN:  Running one task without MPI parallelization.
MAIN:  Running with just one thread per task.
MAIN: =============================================================
MAIN: 
MAIN: 
MAIN: -------------------------------------
MAIN: Reading Model: case.sif
LoadInputFile: Scanning input file: case.sif
LoadInputFile: Scanning only size info
LoadInputFile: First time visiting
LoadInputFile: Reading base load of sif file
CheckKeyword: Found keyword type assuming suffix 1 for: variable 2
CheckKeyword: Found keyword type assuming suffix 1 for: variable 2
CheckKeyword: Found keyword type assuming suffix 1 for: operator 2
CheckKeyword: Found keyword type assuming suffix 1 for: operator 2
LoadInputFile: Loading input file: case.sif
LoadInputFile: Reading base load of sif file
CheckKeyword: Found keyword type assuming suffix 1 for: variable 2
CheckKeyword: Found keyword type assuming suffix 1 for: variable 2
CheckKeyword: Found keyword type assuming suffix 1 for: operator 2
CheckKeyword: Found keyword type assuming suffix 1 for: operator 2
LoadInputFile: Number of BCs: 3
LoadInputFile: Number of Body Forces: 0
LoadInputFile: Number of Initial Conditions: 0
LoadInputFile: Number of Materials: 5
LoadInputFile: Number of Equations: 1
LoadInputFile: Number of Solvers: 2
LoadInputFile: Number of Bodies: 5
Loading user function library: [HeatSolve]...[HeatSolver_Init0]
Loading user function library: [HeatSolve]...[HeatSolver_Init0]
Loading user function library: [SaveData]...[SaveScalars_Init0]
Loading user function library: [SaveData]...[SaveScalars_Init0]
LoadMesh: Loading serial mesh!
ElmerMeshReader: Performing step: 1
ElmerMeshReader: Base mesh name: ./mesh
ReadHeaderFile: Reading header info from file: ./mesh/mesh.header
InitializeMesh: Number of nodes in mesh: 86701
InitializeMesh: Number of bulk elements in mesh: 447732
InitializeMesh: Number of boundary elements in mesh: 8170
InitializeMesh: Initial number of max element nodes: 4
ElmerMeshReader: Performing step: 2
ReadNodesFile: Reading nodes from file: ./mesh/mesh.nodes
SetMeshDimension: Dimension of mesh is: 3
SetMeshDimension: Max dimension of mesh is: 3
ElmerMeshReader: Performing step: 3
ReadElementsFile: Reading bulk elements from file: ./mesh/mesh.elements
ElmerMeshReader: Performing step: 4
ReadBoundaryFile: Reading boundary elements from file: ./mesh/mesh.boundary
PermuteNodeNumbering: Performing node mapping
MapBodiesAndBCs: Remapping bodies
MapBodiesAndBCs: Minimum initial body index: 1
MapBodiesAndBCs: Maximum initial body index: 5
MapBodiesAndBCs: Remapping boundaries
MapBodiesAndBCs: Minimum initial boundary index: 13
MapBodiesAndBCs: Maximum initial boundary index: 15
ElmerMeshReader: Performing step: 5
ElmerMeshReader: Performing step: 6
LoadMesh: Loading mesh done
LoadMesh: Preparing mesh done
LoadMesh: Elapsed REAL time:     0.2359 (s)
MeshStabParams: Computing stabilization parameters
MeshStabParams: Elapsed REAL time:     0.0494 (s)
LoadModel: Defined radition solver by Equation name "heat equation"
MAIN: -------------------------------------
AddMeshCoordinates: Setting mesh coordinates and time
AddSolvers: Setting up 2 solvers
AddSolvers: Setting up solver 1: heat equation
AddEquationBasics: Setting up keywords internally for legacy solver: heat equation
AddEquationBasics: Using procedure: HeatSolve HeatSolver
AddEquationBasics: Setting up solver: heat equation
Loading user function library: [HeatSolve]...[HeatSolver_Init]
Loading user function library: [HeatSolve]...[HeatSolver_bulk]
Loading user function library: [HeatSolve]...[HeatSolver_bulk]
Loading user function library: [HeatSolve]...[HeatSolver]
AddEquationBasics: Creating standard variable: temperature
OptimizeBandwidth: ---------------------------------------------------------
OptimizeBandwidth: Computing matrix structure for: heat equation
OptimizeBandwidth: Initial bandwidth for heat equation: 86148
OptimizeBandwidth: Optimized bandwidth for heat equation: 4675
OptimizeBandwidth: ---------------------------------------------------------
AddSolvers: Setting up solver 2: savescalars
AddEquationBasics: Using procedure: SaveData SaveScalars
AddEquationBasics: Setting up solver: savescalars
Loading user function library: [SaveData]...[SaveScalars_Init]
Loading user function library: [SaveData]...[SaveScalars_bulk]
Loading user function library: [SaveData]...[SaveScalars_bulk]
Loading user function library: [SaveData]...[SaveScalars]
AddTimeEtc: Setting time and other global variables
MAIN: Random seed initialized to: 314159265
SetInitialConditions: Setting up initial conditions (if any)
MAIN: Number of timesteps to be saved: 8
MAIN: 
MAIN: -------------------------------------
MAIN:  Steady state iteration:            1
MAIN: -------------------------------------
MAIN: 
SingleSolver: Attempting to call solver: 1
SingleSolver: Solver Equation string is: heat equation
HeatSolver: -------------------------------------------
HeatSolver: Solving the energy equation for temperature
DefaultStart: Starting solver: heat equation
HeatSolve: 
HeatSolve: 
HeatSolve: -------------------------------------
HeatSolve:  TEMPERATURE ITERATION           1
HeatSolve: -------------------------------------
HeatSolve: 
HeatSolve: Starting Assembly...
HeatSolve: Assembly:
: ..Saving bulk values for: heat equation
HeatSolve: Assembly done
DefUtils::DefaultDirichletBCs: Setting Dirichlet boundary conditions
EnforceDirichletConditions: Enforcing total of 800 Dirichlet conditions.
EnforceDirichletConditions: Applying Dirichlet conditions using scaled diagonal
ScaleLinearSystem: Creating > DiagScaling < vector of size 86701
EnforceDirichletConditions: Dirichlet conditions enforced for dofs: 800
DefaultSolve: Solving linear system with default routines
SolveSystem: Solving linear system
SolveLinearSystem: Assuming real valued linear system
SolveLinearSystem: Assuming serial linear system
ScaleLinearSystem: Creating > DiagScaling < vector of size 86701
SolveLinearSystem: Linear System Preconditioning: ilu2
Prec0-ilu2: Elapsed REAL time:     0.0000 (s)
SolveLinearSystem: Serial linear System Solver: iterative
IterSolver: Using iterative method: bicgstab
CRS_IncompleteLU: ILU(2) (Real), Performing Factorization:
CRS_IncompleLU: Recursive round: 1
CRS_IncompleteLU: Allocated LU matrix of size: 5337567
CRS_IncompleteLU: ILU(2) (Real), NOF nonzeros:   5337568
CRS_IncompleteLU: ILU(2) (Real), filling (%) :       440
CRS_IncompleteLU: ILU(2) (Real), Factorization time (s):     1.09
Prec-ilu2: Elapsed REAL time:     1.1055 (s)
       1 0.2493E-02
       2 0.1347E-02
       3 0.9414E-03
       4 0.7710E-03
       5 0.6754E-03
       6 0.6058E-03
       7 0.5560E-03
       8 0.4905E-03
       9 0.4608E-03
      10 0.4157E-03
      11 0.3965E-03
      12 0.3923E-03
      13 0.3886E-03
      14 0.3807E-03
      15 0.3674E-03
      16 0.3502E-03
      17 0.3320E-03
      18 0.3077E-03
      19 0.2807E-03
      20 0.2504E-03
      21 0.2552E-03
      22 0.1775E-03
      23 0.1290E-03
      24 0.8519E-04
      25 0.6669E-04
      26 0.6195E-04
      27 0.5832E-04
      28 0.5639E-04
      29 0.5545E-04
      30 0.5417E-04
      31 0.5248E-04
      32 0.5124E-04
      33 0.5010E-04
      34 0.4576E-04
      35 0.4078E-04
      36 0.4052E-04
      37 0.3664E-04
      38 0.3142E-04
      39 0.2630E-04
      40 0.2229E-04
      41 0.2141E-04
      42 0.2003E-04
      43 0.1785E-04
      44 0.1495E-04
      45 0.1043E-04
      46 0.4402E-05
      47 0.1825E-05
      48 0.1781E-05
      49 0.1950E-05
      50 0.1813E-05
      51 0.4774E-06
      52 0.4790E-06
      53 0.4023E-06
      54 0.3622E-06
      55 0.3489E-06
      56 0.5178E-07
      57 0.9406E-07
      58 0.1909E-08
      59 0.1879E-08
      60 0.8336E-09
      61 0.8084E-09
      62 0.1801E-09
      63 0.8073E-07
      64 0.6076E-10
      65 0.2809E-10
      66 0.4447E-10
      67 0.1710E-10
      68 0.1323E-10
      69 0.8043E-11
      70 0.1520E-10
      71 0.9097E-11
      72 0.8586E-11
      73 0.2410E-11
      74 0.2011E-11
      75 0.4494E-12
      75 0.4494E-12
SolveLinearSystem: Calculating nodal loads for: temperature
CalculateLoads: Computing boundary fluxes from nodal loads
CalculateLoads: temperature Flux over BC 1: -2.28528E+00
CalculateLoads: temperature Flux over BC 2:  1.14264E+00
CalculateLoads: temperature Flux over BC 3:  1.14264E+00
CalculateLoads: temperature Flux over all BCs: -5.00579E-09
ComputeNorm: Computing norm of solution
ComputeChange: NS (ITER=1) (NRM,RELC): (  359.26944      2.0000000     ) :: heat equation
HeatSolve: iter:    1 Assembly: (s)    2.21    2.21
HeatSolve: iter:    1 Solve:    (s)    2.18    2.18
HeatSolve:  Result Norm   :    359.26944188336273
HeatSolve:  Relative Change :    2.0000000000000000
DefaultFinish: Finished solver: heat equation
ComputeNorm: Computing norm of solution
ComputeChange: SS (ITER=1) (NRM,RELC): (  359.26944      2.0000000     ) :: heat equation
MAIN: 
MAIN: -------------------------------------
MAIN:  Steady state iteration:            2
MAIN: -------------------------------------
MAIN: 
SingleSolver: Attempting to call solver: 1
SingleSolver: Solver Equation string is: heat equation
HeatSolver: -------------------------------------------
HeatSolver: Solving the energy equation for temperature
DefaultStart: Starting solver: heat equation
HeatSolve: 
HeatSolve: 
HeatSolve: -------------------------------------
HeatSolve:  TEMPERATURE ITERATION           1
HeatSolve: -------------------------------------
HeatSolve: 
HeatSolve: Starting Assembly...
HeatSolve: Assembly:
: .Saving bulk values for: heat equation
HeatSolve: Assembly done
DefUtils::DefaultDirichletBCs: Setting Dirichlet boundary conditions
EnforceDirichletConditions: Enforcing total of 800 Dirichlet conditions.
EnforceDirichletConditions: Applying Dirichlet conditions using scaled diagonal
ScaleLinearSystem: Creating > DiagScaling < vector of size 86701
EnforceDirichletConditions: Dirichlet conditions enforced for dofs: 800
DefaultSolve: Solving linear system with default routines
SolveSystem: Solving linear system
SolveLinearSystem: Assuming real valued linear system
SolveLinearSystem: Assuming serial linear system
ScaleLinearSystem: Creating > DiagScaling < vector of size 86701
SolveLinearSystem: Linear System Preconditioning: ilu2
Prec0-ilu2: Elapsed REAL time:     0.0000 (s)
SolveLinearSystem: Serial linear System Solver: iterative
IterSolver: Using iterative method: bicgstab
CRS_IncompleteLU: ILU(2) (Real), Performing Factorization:
CRS_IncompleteLU: ILU(2) (Real), NOF nonzeros:   5337568
CRS_IncompleteLU: ILU(2) (Real), filling (%) :       440
CRS_IncompleteLU: ILU(2) (Real), Factorization time (s):     0.25
Prec-ilu2: Elapsed REAL time:     0.2489 (s)
       1 0.1071E-11
       2 0.1059E-11
       3 0.6790E-12
       3 0.6790E-12
SolveLinearSystem: Calculating nodal loads for: temperature
CalculateLoads: Computing boundary fluxes from nodal loads
CalculateLoads: temperature Flux over BC 1: -2.28528E+00
CalculateLoads: temperature Flux over BC 2:  1.14264E+00
CalculateLoads: temperature Flux over BC 3:  1.14264E+00
CalculateLoads: temperature Flux over all BCs:  2.00586E-09
ComputeNorm: Computing norm of solution
ComputeChange: NS (ITER=1) (NRM,RELC): (  359.26944     0.11294465E-09 ) :: heat equation
HeatSolve: iter:    1 Assembly: (s)    1.65    1.65
HeatSolve: iter:    1 Solve:    (s)    0.30    0.30
HeatSolve:  Result Norm   :    359.26944184278517
HeatSolve:  Relative Change :    1.1294464860836994E-010
DefaultFinish: Finished solver: heat equation
ComputeNorm: Computing norm of solution
ComputeChange: SS (ITER=2) (NRM,RELC): (  359.26944     0.11294465E-09 ) :: heat equation
SingleSolver: Attempting to call solver: 2
SingleSolver: Solver Equation string is: savescalars
SaveScalars: -----------------------------------------
SaveScalars: Saving scalar values of various kinds
SaveScalars: Performed 2 reduction operations
SaveScalars: Found 3 result scalars in simulation section
SaveScalars: Found 5 values to save in total
SaveScalars: Saving names of values to file: ./scalars.dat.names
SaveScalars: Saving values to file: ./scalars.dat
SaveScalars: -----------------------------------------
ReloadInputFile: Reloading input file
LoadInputFile: Loading input file:
MAIN: Reporting unused list entries for sif improvement!
MAIN: If you do not want these lines undefine > DEVEL_LISTUSAGE < !
   Unused keywords:
       Solver 1              linear system abort not converged
MAIN: *** Elmer Solver: ALL DONE ***
Loading user function library: [HeatSolve]...[HeatSolver_Finalize]
Loading user function library: [HeatSolve]...[HeatSolver_Finalize]
Loading user function library: [SaveData]...[SaveScalars_Finalize]
Loading user function library: [SaveData]...[SaveScalars_Finalize]
MAIN: The end
SOLVER TOTAL TIME(CPU,REAL):         7.28        7.38
ELMER SOLVER FINISHED AT: 2026/09/16 15:21:24

--- stderr ---
