Info    : Running '/opt/homebrew/bin/gmsh joint.geo -3 -format msh2 -o joint.msh -nt 1' [Gmsh 4.15.2-git, 1 node, max. 1 thread]
Info    : Started on Mon Sep 14 17:23:09 2026
Info    : Reading 'joint.geo'...
Info    : Done reading 'joint.geo'
Info    : Meshing 1D...
Info    : [  0%] Meshing curve 1 (Circle)
Info    : [ 10%] Meshing curve 2 (Line)
Info    : [ 10%] Meshing curve 3 (Circle)
Info    : [ 10%] Meshing curve 4 (Circle)
Info    : [ 10%] Meshing curve 5 (Line)
Info    : [ 10%] Meshing curve 6 (Line)
Info    : [ 10%] Meshing curve 7 (Line)
Info    : [ 10%] Meshing curve 8 (Circle)
Info    : [ 10%] Meshing curve 9 (Line)
Info    : [ 20%] Meshing curve 10 (Line)
Info    : [ 20%] Meshing curve 11 (Circle)
Info    : [ 20%] Meshing curve 12 (Line)
Info    : [ 20%] Meshing curve 13 (Circle)
Info    : [ 20%] Meshing curve 14 (Circle)
Info    : [ 20%] Meshing curve 15 (Line)
Info    : [ 20%] Meshing curve 16 (Circle)
Info    : [ 20%] Meshing curve 17 (Line)
Info    : [ 30%] Meshing curve 18 (Line)
Info    : [ 30%] Meshing curve 19 (Line)
Info    : [ 30%] Meshing curve 20 (Line)
Info    : [ 30%] Meshing curve 21 (Line)
Info    : [ 30%] Meshing curve 22 (Line)
Info    : [ 30%] Meshing curve 23 (Line)
Info    : [ 30%] Meshing curve 24 (Line)
Info    : [ 30%] Meshing curve 25 (Circle)
Info    : [ 30%] Meshing curve 26 (Line)
Info    : [ 40%] Meshing curve 27 (Line)
Info    : [ 40%] Meshing curve 28 (Line)
Info    : [ 40%] Meshing curve 29 (Line)
Info    : [ 40%] Meshing curve 30 (Line)
Info    : [ 40%] Meshing curve 31 (Circle)
Info    : [ 40%] Meshing curve 32 (Line)
Info    : [ 40%] Meshing curve 33 (Line)
Info    : [ 40%] Meshing curve 34 (Line)
Info    : [ 50%] Meshing curve 35 (Circle)
Info    : [ 50%] Meshing curve 36 (Line)
Info    : [ 50%] Meshing curve 37 (Line)
Info    : [ 50%] Meshing curve 38 (Circle)
Info    : [ 50%] Meshing curve 39 (Line)
Info    : [ 50%] Meshing curve 40 (Circle)
Info    : [ 50%] Meshing curve 41 (Circle)
Info    : [ 50%] Meshing curve 42 (Circle)
Info    : [ 60%] Meshing curve 43 (Line)
Info    : [ 60%] Meshing curve 44 (Line)
Info    : [ 60%] Meshing curve 45 (Line)
Info    : [ 60%] Meshing curve 46 (Line)
Info    : [ 60%] Meshing curve 47 (Line)
Info    : [ 60%] Meshing curve 48 (Line)
Info    : [ 60%] Meshing curve 49 (Line)
Info    : [ 60%] Meshing curve 50 (Line)
Info    : [ 60%] Meshing curve 51 (Line)
Info    : [ 70%] Meshing curve 52 (Line)
Info    : [ 70%] Meshing curve 53 (Line)
Info    : [ 70%] Meshing curve 54 (Line)
Info    : [ 70%] Meshing curve 55 (Line)
Info    : [ 70%] Meshing curve 56 (Line)
Info    : [ 70%] Meshing curve 57 (Line)
Info    : [ 70%] Meshing curve 58 (Line)
Info    : [ 70%] Meshing curve 59 (Line)
Info    : [ 80%] Meshing curve 60 (Circle)
Info    : [ 80%] Meshing curve 61 (Line)
Info    : [ 80%] Meshing curve 62 (Circle)
Info    : [ 80%] Meshing curve 63 (Line)
Info    : [ 80%] Meshing curve 64 (Line)
Info    : [ 80%] Meshing curve 65 (Line)
Info    : [ 80%] Meshing curve 66 (Line)
Info    : [ 80%] Meshing curve 67 (Line)
Info    : [ 80%] Meshing curve 68 (Line)
Info    : [ 90%] Meshing curve 69 (Line)
Info    : [ 90%] Meshing curve 70 (Line)
Info    : [ 90%] Meshing curve 71 (Line)
Info    : [ 90%] Meshing curve 72 (Line)
Info    : [ 90%] Meshing curve 73 (Line)
Info    : [ 90%] Meshing curve 74 (Line)
Info    : [ 90%] Meshing curve 75 (Line)
Info    : [ 90%] Meshing curve 76 (Line)
Info    : [100%] Meshing curve 77 (Line)
Info    : [100%] Meshing curve 78 (Line)
Info    : [100%] Meshing curve 79 (Line)
Info    : [100%] Meshing curve 80 (Line)
Info    : [100%] Meshing curve 81 (Line)
Info    : [100%] Meshing curve 82 (Line)
Info    : [100%] Meshing curve 83 (Line)
Info    : [100%] Meshing curve 84 (Line)
Info    : Done meshing 1D (Wall 0.00963767s, CPU 0.00931s)
Info    : Meshing 2D...
Info    : [  0%] Meshing surface 1 (Cylinder, Frontal-Delaunay)
Info    : [ 10%] Meshing surface 2 (Plane, Frontal-Delaunay)
Info    : [ 10%] Meshing surface 3 (Plane, Frontal-Delaunay)
Info    : [ 10%] Meshing surface 4 (Cylinder, Frontal-Delaunay)
Info    : [ 10%] Meshing surface 5 (Plane, Frontal-Delaunay)
Info    : [ 20%] Meshing surface 6 (Plane, Frontal-Delaunay)
Info    : [ 20%] Meshing surface 7 (Plane, Frontal-Delaunay)
Info    : [ 20%] Meshing surface 8 (Cylinder, Frontal-Delaunay)
Info    : [ 20%] Meshing surface 9 (Plane, Frontal-Delaunay)
Info    : [ 30%] Meshing surface 10 (Plane, Frontal-Delaunay)
Info    : [ 30%] Meshing surface 11 (Cylinder, Frontal-Delaunay)
Info    : [ 30%] Meshing surface 12 (Plane, Frontal-Delaunay)
Info    : [ 30%] Meshing surface 13 (Cylinder, Frontal-Delaunay)
Info    : [ 40%] Meshing surface 14 (Cylinder, Frontal-Delaunay)
Info    : [ 40%] Meshing surface 15 (Plane, Frontal-Delaunay)
Info    : [ 40%] Meshing surface 16 (Plane, Frontal-Delaunay)
Info    : [ 40%] Meshing surface 17 (Plane, Frontal-Delaunay)
Info    : [ 50%] Meshing surface 18 (Plane, Frontal-Delaunay)
Info    : [ 50%] Meshing surface 19 (Cylinder, Frontal-Delaunay)
Info    : [ 50%] Meshing surface 20 (Plane, Frontal-Delaunay)
Info    : [ 50%] Meshing surface 21 (Plane, Frontal-Delaunay)
Info    : [ 60%] Meshing surface 22 (Plane, Frontal-Delaunay)
Info    : [ 60%] Meshing surface 23 (Plane, Frontal-Delaunay)
Info    : [ 60%] Meshing surface 24 (Plane, Frontal-Delaunay)
Info    : [ 60%] Meshing surface 25 (Plane, Frontal-Delaunay)
Info    : [ 70%] Meshing surface 26 (Plane, Frontal-Delaunay)
Info    : [ 70%] Meshing surface 27 (Cylinder, Frontal-Delaunay)
Info    : [ 70%] Meshing surface 28 (Plane, Frontal-Delaunay)
Info    : [ 70%] Meshing surface 29 (Cylinder, Frontal-Delaunay)
Info    : [ 80%] Meshing surface 30 (Plane, Frontal-Delaunay)
Info    : [ 80%] Meshing surface 31 (Plane, Frontal-Delaunay)
Info    : [ 80%] Meshing surface 32 (Plane, Frontal-Delaunay)
Info    : [ 80%] Meshing surface 33 (Plane, Frontal-Delaunay)
Info    : [ 90%] Meshing surface 34 (Plane, Frontal-Delaunay)
Info    : [ 90%] Meshing surface 35 (Plane, Frontal-Delaunay)
Info    : [ 90%] Meshing surface 36 (Plane, Frontal-Delaunay)
Info    : [ 90%] Meshing surface 37 (Plane, Frontal-Delaunay)
Info    : [100%] Meshing surface 38 (Plane, Frontal-Delaunay)
Info    : [100%] Meshing surface 39 (Plane, Frontal-Delaunay)
Info    : [100%] Meshing surface 40 (Plane, Frontal-Delaunay)
Info    : [100%] Meshing surface 41 (Plane, Frontal-Delaunay)
Info    : Done meshing 2D (Wall 0.223095s, CPU 0.221529s)
Info    : Meshing 3D...
Info    : 3D Meshing 4 volumes with 1 connected component
Info    : Tetrahedrizing 9262 nodes...
Info    : Done tetrahedrizing 9270 nodes (Wall 0.0621217s, CPU 0.061158s)
Info    : Reconstructing mesh...
Info    :  - Creating surface mesh
Info    :  - Identifying boundary edges
Info    :  - Recovering boundary
Info    : Done reconstructing mesh (Wall 0.141157s, CPU 0.137179s)
Info    : Found volume 10
Info    : Found volume 21
Info    : Found volume 1
Info    : Found volume 20
Info    : It. 0 - 0 nodes created - worst tet radius 7.70531 (nodes removed 0 0)
Info    : It. 500 - 499 nodes created - worst tet radius 2.0342 (nodes removed 0 1)
Info    : It. 1000 - 998 nodes created - worst tet radius 1.67454 (nodes removed 1 1)
Info    : It. 1500 - 1497 nodes created - worst tet radius 1.48619 (nodes removed 1 2)
Info    : It. 2000 - 1995 nodes created - worst tet radius 1.35496 (nodes removed 1 4)
Info    : It. 2500 - 2491 nodes created - worst tet radius 1.27026 (nodes removed 5 4)
Info    : It. 3000 - 2986 nodes created - worst tet radius 1.20741 (nodes removed 10 4)
Info    : It. 3500 - 3481 nodes created - worst tet radius 1.1534 (nodes removed 15 4)
Info    : It. 4000 - 3969 nodes created - worst tet radius 1.10989 (nodes removed 26 5)
Info    : It. 4500 - 4451 nodes created - worst tet radius 1.06957 (nodes removed 40 9)
Info    : It. 5000 - 4944 nodes created - worst tet radius 1.03917 (nodes removed 43 13)
Info    : It. 5500 - 5441 nodes created - worst tet radius 1.0084 (nodes removed 46 13)
Info    : 3D refinement terminated (14875 nodes total):
Info    :  - 0 Delaunay cavities modified for star shapeness
Info    :  - 60 nodes could not be inserted
Info    :  - 78038 tetrahedra created in 0.247063 sec. (315862 tets/s)
Info    : 11 node relocations
Info    : Done meshing 3D (Wall 0.605186s, CPU 0.593996s)
Info    : Optimizing mesh...
Info    : Optimizing volume 1
Info    : Optimization starts (volume = 2.30531e-09) with worst = 0.01058 / average = 0.656232:
Info    : 0.00 < quality < 0.10 :       124 elements
Info    : 0.10 < quality < 0.20 :       124 elements
Info    : 0.20 < quality < 0.30 :       148 elements
Info    : 0.30 < quality < 0.40 :       338 elements
Info    : 0.40 < quality < 0.50 :      2056 elements
Info    : 0.50 < quality < 0.60 :      4722 elements
Info    : 0.60 < quality < 0.70 :      3569 elements
Info    : 0.70 < quality < 0.80 :      2015 elements
Info    : 0.80 < quality < 0.90 :      2651 elements
Info    : 0.90 < quality < 1.00 :      1804 elements
Info    : 389 edge swaps, 0 node relocations (volume = 2.30531e-09): worst = 0.0117454 / average = 0.667574 (Wall 0.00412275s, CPU 0.004074s)
Info    : 398 edge swaps, 0 node relocations (volume = 2.30531e-09): worst = 0.1342 / average = 0.667797 (Wall 0.00507679s, CPU 0.005016s)
Info    : No ill-shaped tets in the mesh :-)
Info    : 0.00 < quality < 0.10 :         0 elements
Info    : 0.10 < quality < 0.20 :         3 elements
Info    : 0.20 < quality < 0.30 :         6 elements
Info    : 0.30 < quality < 0.40 :       341 elements
Info    : 0.40 < quality < 0.50 :      2061 elements
Info    : 0.50 < quality < 0.60 :      4732 elements
Info    : 0.60 < quality < 0.70 :      3560 elements
Info    : 0.70 < quality < 0.80 :      1962 elements
Info    : 0.80 < quality < 0.90 :      2666 elements
Info    : 0.90 < quality < 1.00 :      1845 elements
Info    : Optimizing volume 10
Info    : Optimization starts (volume = 1.00605e-07) with worst = 0.0104663 / average = 0.762684:
Info    : 0.00 < quality < 0.10 :       133 elements
Info    : 0.10 < quality < 0.20 :       332 elements
Info    : 0.20 < quality < 0.30 :       580 elements
Info    : 0.30 < quality < 0.40 :       913 elements
Info    : 0.40 < quality < 0.50 :      1487 elements
Info    : 0.50 < quality < 0.60 :      2645 elements
Info    : 0.60 < quality < 0.70 :      6360 elements
Info    : 0.70 < quality < 0.80 :     13117 elements
Info    : 0.80 < quality < 0.90 :     16333 elements
Info    : 0.90 < quality < 1.00 :      7861 elements
Info    : 1030 edge swaps, 24 node relocations (volume = 1.00605e-07): worst = 0.198637 / average = 0.775613 (Wall 0.0121159s, CPU 0.012043s)
Info    : 1038 edge swaps, 25 node relocations (volume = 1.00605e-07): worst = 0.271357 / average = 0.77572 (Wall 0.0140817s, CPU 0.014001s)
Info    : No ill-shaped tets in the mesh :-)
Info    : 0.00 < quality < 0.10 :         0 elements
Info    : 0.10 < quality < 0.20 :         0 elements
Info    : 0.20 < quality < 0.30 :         2 elements
Info    : 0.30 < quality < 0.40 :       883 elements
Info    : 0.40 < quality < 0.50 :      1444 elements
Info    : 0.50 < quality < 0.60 :      2620 elements
Info    : 0.60 < quality < 0.70 :      6302 elements
Info    : 0.70 < quality < 0.80 :     13213 elements
Info    : 0.80 < quality < 0.90 :     16516 elements
Info    : 0.90 < quality < 1.00 :      7839 elements
Info    : Optimizing volume 20
Info    : Optimization starts (volume = 2.63361e-09) with worst = 0.0155992 / average = 0.712983:
Info    : 0.00 < quality < 0.10 :         7 elements
Info    : 0.10 < quality < 0.20 :        15 elements
Info    : 0.20 < quality < 0.30 :        18 elements
Info    : 0.30 < quality < 0.40 :         7 elements
Info    : 0.40 < quality < 0.50 :        30 elements
Info    : 0.50 < quality < 0.60 :        82 elements
Info    : 0.60 < quality < 0.70 :       189 elements
Info    : 0.70 < quality < 0.80 :       169 elements
Info    : 0.80 < quality < 0.90 :       134 elements
Info    : 0.90 < quality < 1.00 :       135 elements
Info    : 38 edge swaps, 0 node relocations (volume = 2.63361e-09): worst = 0.334934 / average = 0.740132 (Wall 0.000383916s, CPU 0.000354s)
Info    : No ill-shaped tets in the mesh :-)
Info    : 0.00 < quality < 0.10 :         0 elements
Info    : 0.10 < quality < 0.20 :         0 elements
Info    : 0.20 < quality < 0.30 :         0 elements
Info    : 0.30 < quality < 0.40 :         8 elements
Info    : 0.40 < quality < 0.50 :        34 elements
Info    : 0.50 < quality < 0.60 :        78 elements
Info    : 0.60 < quality < 0.70 :       195 elements
Info    : 0.70 < quality < 0.80 :       170 elements
Info    : 0.80 < quality < 0.90 :       135 elements
Info    : 0.90 < quality < 1.00 :       133 elements
Info    : Optimizing volume 21
Info    : Optimization starts (volume = 3.31137e-09) with worst = 0.00141041 / average = 0.676557:
Info    : 0.00 < quality < 0.10 :        56 elements
Info    : 0.10 < quality < 0.20 :        90 elements
Info    : 0.20 < quality < 0.30 :       154 elements
Info    : 0.30 < quality < 0.40 :       332 elements
Info    : 0.40 < quality < 0.50 :       633 elements
Info    : 0.50 < quality < 0.60 :      1691 elements
Info    : 0.60 < quality < 0.70 :      2282 elements
Info    : 0.70 < quality < 0.80 :      2227 elements
Info    : 0.80 < quality < 0.90 :      1619 elements
Info    : 0.90 < quality < 1.00 :       856 elements
Info    : 282 edge swaps, 20 node relocations (volume = 3.31137e-09): worst = 0.106212 / average = 0.692862 (Wall 0.00293417s, CPU 0.002901s)
Info    : 292 edge swaps, 24 node relocations (volume = 3.31137e-09): worst = 0.241013 / average = 0.693333 (Wall 0.00352121s, CPU 0.00348s)
Info    : 294 edge swaps, 24 node relocations (volume = 3.31137e-09): worst = 0.241013 / average = 0.693461 (Wall 0.00398729s, CPU 0.003942s)
Info    : No ill-shaped tets in the mesh :-)
Info    : 0.00 < quality < 0.10 :         0 elements
Info    : 0.10 < quality < 0.20 :         0 elements
Info    : 0.20 < quality < 0.30 :         4 elements
Info    : 0.30 < quality < 0.40 :       337 elements
Info    : 0.40 < quality < 0.50 :       602 elements
Info    : 0.50 < quality < 0.60 :      1672 elements
Info    : 0.60 < quality < 0.70 :      2256 elements
Info    : 0.70 < quality < 0.80 :      2302 elements
Info    : 0.80 < quality < 0.90 :      1654 elements
Info    : 0.90 < quality < 1.00 :       850 elements
Info    : Done optimizing mesh (Wall 0.0697033s, CPU 0.06757s)
Info    : 14875 nodes 96446 elements
Info    : Writing 'joint.msh'...
Info    : Done writing 'joint.msh'
Info    : Stopped on Mon Sep 14 17:23:10 2026 (From start: Wall 1.14683s, CPU 1.14975s)

--- stderr ---
