/Users/bennet/Desktop/temper/worktrees/mit-product-guidance/zapote/power-stage-120v/prototype-closure/round5/model/cosim.c: OK
/Users/bennet/Desktop/temper/worktrees/mit-product-guidance/zapote/power-stage-120v/prototype-closure/round5/model/runtime_check.c: OK
/Users/bennet/Desktop/temper/worktrees/mit-product-guidance/zapote/power-stage-120v/prototype-closure/round5/model/sampled_measurement.c: OK
/Users/bennet/Desktop/temper/worktrees/mit-product-guidance/zapote/power-stage-120v/prototype-closure/round5/model/test_contact_model.c: OK
/Users/bennet/Desktop/temper/worktrees/mit-product-guidance/zapote/power-stage-120v/prototype-closure/round5/model/test_measurement.c: OK
/Users/bennet/Desktop/temper/worktrees/mit-product-guidance/zapote/power-stage-120v/prototype-closure/round5/model/test_shared_measurement.c: OK
/Users/bennet/Desktop/temper/worktrees/mit-product-guidance/zapote/power-stage-120v/prototype-closure/round5/model/contact_model.h: OK
/Users/bennet/Desktop/temper/worktrees/mit-product-guidance/zapote/power-stage-120v/prototype-closure/round5/model/sampled_measurement.h: OK
/Users/bennet/Desktop/temper/worktrees/mit-product-guidance/zapote/power-stage-120v/prototype-closure/round5/model/audit.rs: OK
/Users/bennet/Desktop/temper/worktrees/mit-product-guidance/zapote/power-stage-120v/prototype-closure/round5/model/cases.rs: OK
/Users/bennet/Desktop/temper/worktrees/mit-product-guidance/zapote/power-stage-120v/prototype-closure/round5/model/device_runner.rs: OK
/Users/bennet/Desktop/temper/worktrees/mit-product-guidance/zapote/power-stage-120v/prototype-closure/round5/model/energy_ode.rs: OK
/Users/bennet/Desktop/temper/worktrees/mit-product-guidance/zapote/power-stage-120v/prototype-closure/round5/model/energy_runner.rs: OK
/Users/bennet/Desktop/temper/worktrees/mit-product-guidance/zapote/power-stage-120v/prototype-closure/round5/model/geometry_gate.rs: OK
/Users/bennet/Desktop/temper/worktrees/mit-product-guidance/zapote/power-stage-120v/prototype-closure/round5/model/averaged.cir: OK
/Users/bennet/Desktop/temper/worktrees/mit-product-guidance/zapote/power-stage-120v/prototype-closure/round5/model/coupled.cir: OK
/Users/bennet/Desktop/temper/worktrees/mit-product-guidance/zapote/power-stage-120v/prototype-closure/round5/model/device.cir: OK
/Users/bennet/Desktop/temper/worktrees/mit-product-guidance/zapote/power-stage-120v/prototype-closure/round5/model/energy.cir: OK
/Users/bennet/Desktop/temper/worktrees/mit-product-guidance/zapote/power-stage-120v/prototype-closure/round5/model/replay.sh: OK
/Users/bennet/Desktop/temper/worktrees/mit-product-guidance/zapote/power-stage-120v/prototype-closure/round5/firmware/common/acquisition.c: OK
/Users/bennet/Desktop/temper/worktrees/mit-product-guidance/zapote/power-stage-120v/prototype-closure/round5/firmware/common/acquisition.h: OK
/Users/bennet/Desktop/temper/worktrees/mit-product-guidance/zapote/power-stage-120v/prototype-closure/round5/firmware/common/supervisor_binding.c: OK
/Users/bennet/Desktop/temper/worktrees/mit-product-guidance/zapote/power-stage-120v/prototype-closure/round5/firmware/common/supervisor_binding.h: OK
/Users/bennet/Desktop/temper/worktrees/mit-product-guidance/zapote/power-stage-120v/prototype-closure/round5/firmware/common/supervisor_outputs.c: OK
/Users/bennet/Desktop/temper/worktrees/mit-product-guidance/zapote/power-stage-120v/prototype-closure/round5/firmware/common/supervisor_outputs.h: OK
/Users/bennet/Desktop/temper/worktrees/mit-product-guidance/zapote/power-stage-120v/prototype-closure/round5/protection-closure/isolation.c: OK
/Users/bennet/Desktop/temper/worktrees/mit-product-guidance/zapote/power-stage-120v/prototype-closure/round5/protection-closure/isolation.h: OK
/Users/bennet/Desktop/temper/worktrees/mit-product-guidance/zapote/power-stage-120v/prototype-closure/round5/protection-closure/interface.json: OK
firmware/components/power/fullbridge_adapter.c: OK
firmware/components/power/include/fullbridge_adapter.h: OK
firmware/components/power/energy_supervisor.c: OK
firmware/components/power/include/energy_supervisor.h: OK
zapote/power-stage-120v/prototype-closure/round4/fields/evidence/A-e4-h1-matrix.json: OK
zapote/power-stage-120v/prototype-closure/round4/fields/evidence/B-e4-f4-h1-matrix.json: OK
zapote/power-stage-120v/prototype-closure/round5/protection/interface.json: OK
output/temper-prototype-closure/round5/protection/closed-loop-topology.json: OK
/Users/bennet/Desktop/temper/worktrees/ps-oracle/zapote/power-stage-120v/validation-plan/sim-kit/models/vendor/IFX_CFD7_650V.lib: OK
/opt/homebrew/Cellar/libngspice/45.2/lib/libngspice.0.dylib: OK
/opt/homebrew/Cellar/libngspice/45.2/include/ngspice/sharedspice.h: OK
/Users/bennet/Desktop/temper/worktrees/mit-product-guidance/zapote/power-stage-120v/prototype-closure/round5/boards/pre-pins.tsv: OK
/Users/bennet/Desktop/temper/worktrees/mit-product-guidance/zapote/power-stage-120v/prototype-closure/round5/firmware/common/measurement.c: OK
/Users/bennet/Desktop/temper/worktrees/mit-product-guidance/zapote/power-stage-120v/prototype-closure/round5/firmware/common/measurement.h: OK
/Users/bennet/Desktop/temper/worktrees/mit-product-guidance/zapote/power-stage-120v/prototype-closure/round5/firmware/common/bypass.c: OK
/Users/bennet/Desktop/temper/worktrees/mit-product-guidance/zapote/power-stage-120v/prototype-closure/round5/firmware/common/bypass.h: OK
