Info    : Running '/opt/homebrew/bin/gmsh neck.geo -3 -format msh2 -o neck.msh -nt 1' [Gmsh 4.15.2-git, 1 node, max. 1 thread]
Info    : Started on Mon Sep 14 09:57:09 2026
Info    : Reading 'neck.geo'...
Info    : Cannot bind existing OpenCASCADE surface 1 to second tag 2
Info    : Could not preserve tag of 2D object 2 (->1)
Info    : Cannot bind existing OpenCASCADE surface 1 to second tag 3
Info    : Could not preserve tag of 2D object 3 (->1)
Info    : Cannot bind existing OpenCASCADE surface 1 to second tag 5
Info    : Could not preserve tag of 2D object 5 (->1)
Info    : Done reading 'neck.geo'
Info    : Meshing 1D...
Info    : [  0%] Meshing curve 1 (Line)
Info    : [ 10%] Meshing curve 2 (Line)
Info    : [ 10%] Meshing curve 3 (Ellipse)
Info    : [ 10%] Meshing curve 4 (Ellipse)
Info    : [ 10%] Meshing curve 5 (Line)
Info    : [ 20%] Meshing curve 6 (Line)
Info    : [ 20%] Meshing curve 7 (Line)
Info    : [ 20%] Meshing curve 8 (Line)
Info    : [ 20%] Meshing curve 9 (Line)
Info    : [ 30%] Meshing curve 10 (Line)
Info    : [ 30%] Meshing curve 11 (Line)
Info    : [ 30%] Meshing curve 12 (Ellipse)
Info    : [ 30%] Meshing curve 13 (Line)
Info    : [ 40%] Meshing curve 14 (Line)
Info    : [ 40%] Meshing curve 15 (Ellipse)
Info    : [ 40%] Meshing curve 16 (Circle)
Info    : [ 40%] Meshing curve 17 (Line)
Info    : [ 50%] Meshing curve 18 (Ellipse)
Info    : [ 50%] Meshing curve 19 (Line)
Info    : [ 50%] Meshing curve 20 (Line)
Info    : [ 50%] Meshing curve 21 (Ellipse)
Info    : [ 60%] Meshing curve 22 (Circle)
Info    : [ 60%] Meshing curve 23 (Line)
Info    : [ 60%] Meshing curve 24 (Line)
Info    : [ 60%] Meshing curve 25 (Line)
Info    : [ 60%] Meshing curve 26 (Line)
Info    : [ 70%] Meshing curve 27 (Line)
Info    : [ 70%] Meshing curve 28 (Line)
Info    : [ 70%] Meshing curve 29 (Line)
Info    : [ 70%] Meshing curve 30 (Line)
Info    : [ 80%] Meshing curve 31 (Line)
Info    : [ 80%] Meshing curve 32 (Line)
Info    : [ 80%] Meshing curve 33 (Line)
Info    : [ 80%] Meshing curve 34 (Line)
Info    : [ 90%] Meshing curve 35 (Line)
Info    : [ 90%] Meshing curve 36 (Line)
Info    : [ 90%] Meshing curve 37 (Line)
Info    : [ 90%] Meshing curve 38 (Line)
Info    : [100%] Meshing curve 39 (Line)
Info    : [100%] Meshing curve 40 (Line)
Info    : [100%] Meshing curve 41 (Circle)
Info    : [100%] Meshing curve 42 (Line)
Info    : Done meshing 1D (Wall 0.00190688s, CPU 0.00172s)
Info    : Meshing 2D...
Info    : [  0%] Meshing surface 1 (Unknown, Frontal-Delaunay)
Info    : [ 10%] Meshing surface 2 (Plane, Frontal-Delaunay)
Info    : [ 20%] Meshing surface 3 (Plane, Frontal-Delaunay)
Info    : [ 20%] Meshing surface 4 (Plane, Frontal-Delaunay)
Info    : [ 30%] Meshing surface 5 (Plane, Frontal-Delaunay)
Info    : [ 30%] Meshing surface 6 (Plane, Frontal-Delaunay)
Info    : [ 40%] Meshing surface 7 (Unknown, Frontal-Delaunay)
Info    : [ 40%] Meshing surface 8 (Plane, Frontal-Delaunay)
Info    : [ 50%] Meshing surface 9 (Plane, Frontal-Delaunay)
Info    : [ 60%] Meshing surface 10 (Unknown, Frontal-Delaunay)
Info    : [ 60%] Meshing surface 11 (Cylinder, Frontal-Delaunay)
Info    : [ 70%] Meshing surface 12 (Plane, Frontal-Delaunay)
Info    : [ 70%] Meshing surface 13 (Plane, Frontal-Delaunay)
Info    : [ 80%] Meshing surface 14 (Plane, Frontal-Delaunay)
Info    : [ 80%] Meshing surface 15 (Plane, Frontal-Delaunay)
Info    : [ 90%] Meshing surface 16 (Plane, Frontal-Delaunay)
Info    : [ 90%] Meshing surface 17 (Plane, Frontal-Delaunay)
Info    : [100%] Meshing surface 18 (Cylinder, Frontal-Delaunay)
Info    : Done meshing 2D (Wall 0.179678s, CPU 0.175807s)
Info    : Meshing 3D...
Info    : 3D Meshing 2 volumes with 1 connected component
Info    : Tetrahedrizing 10338 nodes...
Info    : Done tetrahedrizing 10346 nodes (Wall 0.078602s, CPU 0.076654s)
Info    : Reconstructing mesh...
Info    :  - Creating surface mesh
Info    :  - Identifying boundary edges
Info    :  - Recovering boundary
Info    :  - Added 5 Steiner points
Info    : Done reconstructing mesh (Wall 0.195686s, CPU 0.188645s)
Info    : Found volume 31
Info    : Found volume 1
Info    : It. 0 - 0 nodes created - worst tet radius 5.63616 (nodes removed 0 0)
Info    : It. 500 - 500 nodes created - worst tet radius 2.55078 (nodes removed 0 0)
Info    : It. 1000 - 1000 nodes created - worst tet radius 2.13703 (nodes removed 0 0)
Info    : It. 1500 - 1500 nodes created - worst tet radius 1.88734 (nodes removed 0 0)
Info    : It. 2000 - 2000 nodes created - worst tet radius 1.74838 (nodes removed 0 0)
Info    : It. 2500 - 2500 nodes created - worst tet radius 1.64963 (nodes removed 0 0)
Info    : It. 3000 - 3000 nodes created - worst tet radius 1.5578 (nodes removed 0 0)
Info    : It. 3500 - 3500 nodes created - worst tet radius 1.48377 (nodes removed 0 0)
Info    : It. 4000 - 4000 nodes created - worst tet radius 1.42518 (nodes removed 0 0)
Info    : It. 4500 - 4500 nodes created - worst tet radius 1.37523 (nodes removed 0 0)
Info    : It. 5000 - 5000 nodes created - worst tet radius 1.33278 (nodes removed 0 0)
Info    : It. 5500 - 5500 nodes created - worst tet radius 1.29714 (nodes removed 0 0)
Info    : It. 6000 - 6000 nodes created - worst tet radius 1.26698 (nodes removed 0 0)
Info    : It. 6500 - 6500 nodes created - worst tet radius 1.23802 (nodes removed 0 0)
Info    : It. 7000 - 7000 nodes created - worst tet radius 1.21202 (nodes removed 0 0)
Info    : It. 7500 - 7500 nodes created - worst tet radius 1.18626 (nodes removed 0 0)
Info    : It. 8000 - 8000 nodes created - worst tet radius 1.16341 (nodes removed 0 0)
Info    : It. 8500 - 8500 nodes created - worst tet radius 1.14344 (nodes removed 0 0)
Info    : It. 9000 - 9000 nodes created - worst tet radius 1.12348 (nodes removed 0 0)
Info    : It. 9500 - 9500 nodes created - worst tet radius 1.10381 (nodes removed 0 0)
Info    : It. 10000 - 10000 nodes created - worst tet radius 1.08726 (nodes removed 0 0)
Info    : It. 10500 - 10500 nodes created - worst tet radius 1.07002 (nodes removed 0 0)
Info    : It. 11000 - 11000 nodes created - worst tet radius 1.05438 (nodes removed 0 0)
Info    : It. 11500 - 11500 nodes created - worst tet radius 1.04013 (nodes removed 0 0)
Info    : It. 12000 - 12000 nodes created - worst tet radius 1.02711 (nodes removed 0 0)
Info    : It. 12500 - 12500 nodes created - worst tet radius 1.0153 (nodes removed 0 0)
Info    : It. 13000 - 13000 nodes created - worst tet radius 1.00277 (nodes removed 0 0)
Info    : 3D refinement terminated (23456 nodes total):
Info    :  - 0 Delaunay cavities modified for star shapeness
Info    :  - 0 nodes could not be inserted
Info    :  - 118906 tetrahedra created in 0.464226 sec. (256138 tets/s)
Info    : 0 node relocations
Info    : Done meshing 3D (Wall 0.868698s, CPU 0.846172s)
Info    : Optimizing mesh...
Info    : Optimizing volume 1
Info    : Optimization starts (volume = 1.72598e-09) with worst = 0.0011697 / average = 0.671529:
Info    : 0.00 < quality < 0.10 :        46 elements
Info    : 0.10 < quality < 0.20 :        10 elements
Info    : 0.20 < quality < 0.30 :         4 elements
Info    : 0.30 < quality < 0.40 :        52 elements
Info    : 0.40 < quality < 0.50 :       421 elements
Info    : 0.50 < quality < 0.60 :       305 elements
Info    : 0.60 < quality < 0.70 :      3270 elements
Info    : 0.70 < quality < 0.80 :      4743 elements
Info    : 0.80 < quality < 0.90 :        14 elements
Info    : 0.90 < quality < 1.00 :         2 elements
Info    : 55 edge swaps, 0 node relocations (volume = 1.72598e-09): worst = 0.0011697 / average = 0.675283 (Wall 0.000957334s, CPU 0.000918s)
Info    : No ill-shaped tets in the mesh :-)
Info    : 0.00 < quality < 0.10 :         7 elements
Info    : 0.10 < quality < 0.20 :         0 elements
Info    : 0.20 < quality < 0.30 :         0 elements
Info    : 0.30 < quality < 0.40 :        52 elements
Info    : 0.40 < quality < 0.50 :       421 elements
Info    : 0.50 < quality < 0.60 :       305 elements
Info    : 0.60 < quality < 0.70 :      3268 elements
Info    : 0.70 < quality < 0.80 :      4745 elements
Info    : 0.80 < quality < 0.90 :        14 elements
Info    : 0.90 < quality < 1.00 :         2 elements
Info    : Optimizing volume 31
Info    : Optimization starts (volume = 7.63168e-08) with worst = 0.00676056 / average = 0.779527:
Info    : 0.00 < quality < 0.10 :       234 elements
Info    : 0.10 < quality < 0.20 :       716 elements
Info    : 0.20 < quality < 0.30 :      1169 elements
Info    : 0.30 < quality < 0.40 :      1917 elements
Info    : 0.40 < quality < 0.50 :      2933 elements
Info    : 0.50 < quality < 0.60 :      4862 elements
Info    : 0.60 < quality < 0.70 :     11219 elements
Info    : 0.70 < quality < 0.80 :     25651 elements
Info    : 0.80 < quality < 0.90 :     41063 elements
Info    : 0.90 < quality < 1.00 :     20275 elements
Info    : 2095 edge swaps, 51 node relocations (volume = 7.63168e-08): worst = 0.155605 / average = 0.791794 (Wall 0.0299507s, CPU 0.029681s)
Info    : 2109 edge swaps, 52 node relocations (volume = 7.63168e-08): worst = 0.274267 / average = 0.791852 (Wall 0.0361007s, CPU 0.035709s)
Info    : 2110 edge swaps, 52 node relocations (volume = 7.63168e-08): worst = 0.297389 / average = 0.791858 (Wall 0.0413278s, CPU 0.040853s)
Info    : No ill-shaped tets in the mesh :-)
Info    : 0.00 < quality < 0.10 :         0 elements
Info    : 0.10 < quality < 0.20 :         0 elements
Info    : 0.20 < quality < 0.30 :         1 elements
Info    : 0.30 < quality < 0.40 :      1889 elements
Info    : 0.40 < quality < 0.50 :      2804 elements
Info    : 0.50 < quality < 0.60 :      4686 elements
Info    : 0.60 < quality < 0.70 :     11178 elements
Info    : 0.70 < quality < 0.80 :     25896 elements
Info    : 0.80 < quality < 0.90 :     41439 elements
Info    : 0.90 < quality < 1.00 :     20221 elements
Info    : Done optimizing mesh (Wall 0.113607s, CPU 0.110057s)
Info    : 23456 nodes 138761 elements
Info    : Writing 'neck.msh'...
Info    : Done writing 'neck.msh'
Info    : Stopped on Mon Sep 14 09:57:10 2026 (From start: Wall 1.33673s, CPU 1.35893s)

--- stderr ---
