Info    : Running '/opt/homebrew/bin/gmsh neck.geo -3 -format msh2 -o neck.msh -nt 1' [Gmsh 4.15.2-git, 1 node, max. 1 thread]
Info    : Started on Mon Sep 14 09:59:54 2026
Info    : Reading 'neck.geo'...
Info    : Cannot bind existing OpenCASCADE surface 1 to second tag 2
Info    : Could not preserve tag of 2D object 2 (->1)
Info    : Cannot bind existing OpenCASCADE surface 1 to second tag 3
Info    : Could not preserve tag of 2D object 3 (->1)
Info    : Cannot bind existing OpenCASCADE surface 1 to second tag 5
Info    : Could not preserve tag of 2D object 5 (->1)
Info    : Done reading 'neck.geo'
Info    : Meshing 1D...
Info    : [  0%] Meshing curve 1 (Line)
Info    : [ 10%] Meshing curve 2 (Line)
Info    : [ 10%] Meshing curve 3 (Ellipse)
Info    : [ 10%] Meshing curve 4 (Ellipse)
Info    : [ 10%] Meshing curve 5 (Line)
Info    : [ 20%] Meshing curve 6 (Line)
Info    : [ 20%] Meshing curve 7 (Line)
Info    : [ 20%] Meshing curve 8 (Line)
Info    : [ 20%] Meshing curve 9 (Line)
Info    : [ 30%] Meshing curve 10 (Line)
Info    : [ 30%] Meshing curve 11 (Line)
Info    : [ 30%] Meshing curve 12 (Ellipse)
Info    : [ 30%] Meshing curve 13 (Line)
Info    : [ 40%] Meshing curve 14 (Line)
Info    : [ 40%] Meshing curve 15 (Ellipse)
Info    : [ 40%] Meshing curve 16 (Circle)
Info    : [ 40%] Meshing curve 17 (Line)
Info    : [ 50%] Meshing curve 18 (Ellipse)
Info    : [ 50%] Meshing curve 19 (Line)
Info    : [ 50%] Meshing curve 20 (Line)
Info    : [ 50%] Meshing curve 21 (Ellipse)
Info    : [ 60%] Meshing curve 22 (Circle)
Info    : [ 60%] Meshing curve 23 (Line)
Info    : [ 60%] Meshing curve 24 (Line)
Info    : [ 60%] Meshing curve 25 (Line)
Info    : [ 60%] Meshing curve 26 (Line)
Info    : [ 70%] Meshing curve 27 (Line)
Info    : [ 70%] Meshing curve 28 (Line)
Info    : [ 70%] Meshing curve 29 (Line)
Info    : [ 70%] Meshing curve 30 (Line)
Info    : [ 80%] Meshing curve 31 (Line)
Info    : [ 80%] Meshing curve 32 (Line)
Info    : [ 80%] Meshing curve 33 (Line)
Info    : [ 80%] Meshing curve 34 (Line)
Info    : [ 90%] Meshing curve 35 (Line)
Info    : [ 90%] Meshing curve 36 (Line)
Info    : [ 90%] Meshing curve 37 (Line)
Info    : [ 90%] Meshing curve 38 (Line)
Info    : [100%] Meshing curve 39 (Line)
Info    : [100%] Meshing curve 40 (Line)
Info    : [100%] Meshing curve 41 (Circle)
Info    : [100%] Meshing curve 42 (Line)
Info    : Done meshing 1D (Wall 0.00180113s, CPU 0.001663s)
Info    : Meshing 2D...
Info    : [  0%] Meshing surface 1 (Unknown, Frontal-Delaunay)
Info    : [ 10%] Meshing surface 2 (Plane, Frontal-Delaunay)
Info    : [ 20%] Meshing surface 3 (Plane, Frontal-Delaunay)
Info    : [ 20%] Meshing surface 4 (Plane, Frontal-Delaunay)
Info    : [ 30%] Meshing surface 5 (Plane, Frontal-Delaunay)
Info    : [ 30%] Meshing surface 6 (Plane, Frontal-Delaunay)
Info    : [ 40%] Meshing surface 7 (Unknown, Frontal-Delaunay)
Info    : [ 40%] Meshing surface 8 (Plane, Frontal-Delaunay)
Info    : [ 50%] Meshing surface 9 (Plane, Frontal-Delaunay)
Info    : [ 60%] Meshing surface 10 (Unknown, Frontal-Delaunay)
Info    : [ 60%] Meshing surface 11 (Cylinder, Frontal-Delaunay)
Info    : [ 70%] Meshing surface 12 (Plane, Frontal-Delaunay)
Info    : [ 70%] Meshing surface 13 (Plane, Frontal-Delaunay)
Info    : [ 80%] Meshing surface 14 (Plane, Frontal-Delaunay)
Info    : [ 80%] Meshing surface 15 (Plane, Frontal-Delaunay)
Info    : [ 90%] Meshing surface 16 (Plane, Frontal-Delaunay)
Info    : [ 90%] Meshing surface 17 (Plane, Frontal-Delaunay)
Info    : [100%] Meshing surface 18 (Cylinder, Frontal-Delaunay)
Info    : Done meshing 2D (Wall 0.0797612s, CPU 0.077632s)
Info    : Meshing 3D...
Info    : 3D Meshing 2 volumes with 1 connected component
Info    : Tetrahedrizing 4374 nodes...
Info    : Done tetrahedrizing 4382 nodes (Wall 0.0289906s, CPU 0.028042s)
Info    : Reconstructing mesh...
Info    :  - Creating surface mesh
Info    :  - Identifying boundary edges
Info    :  - Recovering boundary
Info    :  - Added 11 Steiner points
Info    : Done reconstructing mesh (Wall 0.0752205s, CPU 0.071841s)
Info    : Found volume 31
Info    : Found volume 1
Info    : It. 0 - 0 nodes created - worst tet radius 3.9817 (nodes removed 0 0)
Info    : It. 500 - 500 nodes created - worst tet radius 1.7397 (nodes removed 0 0)
Info    : It. 1000 - 1000 nodes created - worst tet radius 1.43693 (nodes removed 0 0)
Info    : It. 1500 - 1500 nodes created - worst tet radius 1.2932 (nodes removed 0 0)
Info    : It. 2000 - 2000 nodes created - worst tet radius 1.19264 (nodes removed 0 0)
Info    : It. 2500 - 2500 nodes created - worst tet radius 1.11289 (nodes removed 0 0)
Info    : It. 3000 - 2998 nodes created - worst tet radius 1.05649 (nodes removed 0 2)
Info    : It. 3500 - 3489 nodes created - worst tet radius 1.00915 (nodes removed 0 11)
Info    : 3D refinement terminated (7965 nodes total):
Info    :  - 0 Delaunay cavities modified for star shapeness
Info    :  - 11 nodes could not be inserted
Info    :  - 37548 tetrahedra created in 0.123 sec. (305268 tets/s)
Info    : 9 node relocations
Info    : Done meshing 3D (Wall 0.269615s, CPU 0.260393s)
Info    : Optimizing mesh...
Info    : Optimizing volume 1
Info    : Optimization starts (volume = 1.2013e-09) with worst = 3.66002e-05 / average = 0.595842:
Info    : 0.00 < quality < 0.10 :        53 elements
Info    : 0.10 < quality < 0.20 :        10 elements
Info    : 0.20 < quality < 0.30 :        31 elements
Info    : 0.30 < quality < 0.40 :        37 elements
Info    : 0.40 < quality < 0.50 :        33 elements
Info    : 0.50 < quality < 0.60 :       996 elements
Info    : 0.60 < quality < 0.70 :      2304 elements
Info    : 0.70 < quality < 0.80 :        24 elements
Info    : 0.80 < quality < 0.90 :         0 elements
Info    : 0.90 < quality < 1.00 :         0 elements
Info    : 67 edge swaps, 11 node relocations (volume = 1.2013e-09): worst = 4.57975e-05 / average = 0.604998 (Wall 0.000816s, CPU 0.000781s)
Info    : 69 edge swaps, 17 node relocations (volume = 1.2013e-09): worst = 4.57975e-05 / average = 0.604742 (Wall 0.00107742s, CPU 0.001036s)
Info    : 0.00 < quality < 0.10 :         7 elements
Info    : 0.10 < quality < 0.20 :         0 elements
Info    : 0.20 < quality < 0.30 :        21 elements
Info    : 0.30 < quality < 0.40 :        42 elements
Info    : 0.40 < quality < 0.50 :        31 elements
Info    : 0.50 < quality < 0.60 :       993 elements
Info    : 0.60 < quality < 0.70 :      2311 elements
Info    : 0.70 < quality < 0.80 :        22 elements
Info    : 0.80 < quality < 0.90 :         0 elements
Info    : 0.90 < quality < 1.00 :         0 elements
Info    : Optimizing volume 31
Info    : Optimization starts (volume = 5.47255e-08) with worst = 0.0138202 / average = 0.774193:
Info    : 0.00 < quality < 0.10 :        80 elements
Info    : 0.10 < quality < 0.20 :       220 elements
Info    : 0.20 < quality < 0.30 :       387 elements
Info    : 0.30 < quality < 0.40 :       562 elements
Info    : 0.40 < quality < 0.50 :       942 elements
Info    : 0.50 < quality < 0.60 :      1569 elements
Info    : 0.60 < quality < 0.70 :      3914 elements
Info    : 0.70 < quality < 0.80 :      8223 elements
Info    : 0.80 < quality < 0.90 :     12146 elements
Info    : 0.90 < quality < 1.00 :      6017 elements
Info    : 679 edge swaps, 28 node relocations (volume = 5.47255e-08): worst = 0.164489 / average = 0.787076 (Wall 0.00880004s, CPU 0.008442s)
Info    : 685 edge swaps, 28 node relocations (volume = 5.47255e-08): worst = 0.300186 / average = 0.787157 (Wall 0.0102703s, CPU 0.009828s)
Info    : No ill-shaped tets in the mesh :-)
Info    : 0.00 < quality < 0.10 :         0 elements
Info    : 0.10 < quality < 0.20 :         0 elements
Info    : 0.20 < quality < 0.30 :         0 elements
Info    : 0.30 < quality < 0.40 :       558 elements
Info    : 0.40 < quality < 0.50 :       897 elements
Info    : 0.50 < quality < 0.60 :      1531 elements
Info    : 0.60 < quality < 0.70 :      3894 elements
Info    : 0.70 < quality < 0.80 :      8250 elements
Info    : 0.80 < quality < 0.90 :     12296 elements
Info    : 0.90 < quality < 1.00 :      6008 elements
Info    : Done optimizing mesh (Wall 0.0332045s, CPU 0.031139s)
Info    : 7965 nodes 46343 elements
Info    : Writing 'neck.msh'...
Info    : Done writing 'neck.msh'
Info    : Stopped on Mon Sep 14 09:59:54 2026 (From start: Wall 0.466024s, CPU 0.512934s)
