Info    : Running '/opt/homebrew/bin/gmsh neck.geo -3 -format msh2 -o neck.msh -nt 1' [Gmsh 4.15.2-git, 1 node, max. 1 thread]
Info    : Started on Mon Sep 14 10:02:21 2026
Info    : Reading 'neck.geo'...
Info    : Cannot bind existing OpenCASCADE surface 1 to second tag 2
Info    : Could not preserve tag of 2D object 2 (->1)
Info    : Cannot bind existing OpenCASCADE surface 1 to second tag 3
Info    : Could not preserve tag of 2D object 3 (->1)
Info    : Cannot bind existing OpenCASCADE surface 1 to second tag 5
Info    : Could not preserve tag of 2D object 5 (->1)
Info    : Done reading 'neck.geo'
Info    : Meshing 1D...
Info    : [  0%] Meshing curve 1 (Line)
Info    : [ 10%] Meshing curve 2 (Line)
Info    : [ 10%] Meshing curve 3 (Ellipse)
Info    : [ 10%] Meshing curve 4 (Ellipse)
Info    : [ 10%] Meshing curve 5 (Line)
Info    : [ 20%] Meshing curve 6 (Line)
Info    : [ 20%] Meshing curve 7 (Line)
Info    : [ 20%] Meshing curve 8 (Line)
Info    : [ 20%] Meshing curve 9 (Line)
Info    : [ 30%] Meshing curve 10 (Line)
Info    : [ 30%] Meshing curve 11 (Line)
Info    : [ 30%] Meshing curve 12 (Ellipse)
Info    : [ 30%] Meshing curve 13 (Line)
Info    : [ 40%] Meshing curve 14 (Line)
Info    : [ 40%] Meshing curve 15 (Ellipse)
Info    : [ 40%] Meshing curve 16 (Circle)
Info    : [ 40%] Meshing curve 17 (Line)
Info    : [ 50%] Meshing curve 18 (Ellipse)
Info    : [ 50%] Meshing curve 19 (Line)
Info    : [ 50%] Meshing curve 20 (Line)
Info    : [ 50%] Meshing curve 21 (Ellipse)
Info    : [ 60%] Meshing curve 22 (Circle)
Info    : [ 60%] Meshing curve 23 (Line)
Info    : [ 60%] Meshing curve 24 (Line)
Info    : [ 60%] Meshing curve 25 (Line)
Info    : [ 60%] Meshing curve 26 (Line)
Info    : [ 70%] Meshing curve 27 (Line)
Info    : [ 70%] Meshing curve 28 (Line)
Info    : [ 70%] Meshing curve 29 (Line)
Info    : [ 70%] Meshing curve 30 (Line)
Info    : [ 80%] Meshing curve 31 (Line)
Info    : [ 80%] Meshing curve 32 (Line)
Info    : [ 80%] Meshing curve 33 (Line)
Info    : [ 80%] Meshing curve 34 (Line)
Info    : [ 90%] Meshing curve 35 (Line)
Info    : [ 90%] Meshing curve 36 (Line)
Info    : [ 90%] Meshing curve 37 (Line)
Info    : [ 90%] Meshing curve 38 (Line)
Info    : [100%] Meshing curve 39 (Line)
Info    : [100%] Meshing curve 40 (Line)
Info    : [100%] Meshing curve 41 (Circle)
Info    : [100%] Meshing curve 42 (Line)
Info    : Done meshing 1D (Wall 0.00179179s, CPU 0.00167s)
Info    : Meshing 2D...
Info    : [  0%] Meshing surface 1 (Unknown, Frontal-Delaunay)
Info    : [ 10%] Meshing surface 2 (Plane, Frontal-Delaunay)
Info    : [ 20%] Meshing surface 3 (Plane, Frontal-Delaunay)
Info    : [ 20%] Meshing surface 4 (Plane, Frontal-Delaunay)
Info    : [ 30%] Meshing surface 5 (Plane, Frontal-Delaunay)
Info    : [ 30%] Meshing surface 6 (Plane, Frontal-Delaunay)
Info    : [ 40%] Meshing surface 7 (Unknown, Frontal-Delaunay)
Info    : [ 40%] Meshing surface 8 (Plane, Frontal-Delaunay)
Info    : [ 50%] Meshing surface 9 (Plane, Frontal-Delaunay)
Info    : [ 60%] Meshing surface 10 (Unknown, Frontal-Delaunay)
Info    : [ 60%] Meshing surface 11 (Cylinder, Frontal-Delaunay)
Info    : [ 70%] Meshing surface 12 (Plane, Frontal-Delaunay)
Info    : [ 70%] Meshing surface 13 (Plane, Frontal-Delaunay)
Info    : [ 80%] Meshing surface 14 (Plane, Frontal-Delaunay)
Info    : [ 80%] Meshing surface 15 (Plane, Frontal-Delaunay)
Info    : [ 90%] Meshing surface 16 (Plane, Frontal-Delaunay)
Info    : [ 90%] Meshing surface 17 (Plane, Frontal-Delaunay)
Info    : [100%] Meshing surface 18 (Cylinder, Frontal-Delaunay)
Info    : Done meshing 2D (Wall 0.08455s, CPU 0.083671s)
Info    : Meshing 3D...
Info    : 3D Meshing 2 volumes with 1 connected component
Info    : Tetrahedrizing 4869 nodes...
Info    : Done tetrahedrizing 4877 nodes (Wall 0.0327705s, CPU 0.032128s)
Info    : Reconstructing mesh...
Info    :  - Creating surface mesh
Info    :  - Identifying boundary edges
Info    :  - Recovering boundary
Info    :  - Added 4 Steiner points
Info    : Done reconstructing mesh (Wall 0.0760059s, CPU 0.073822s)
Info    : Found volume 31
Info    : Found volume 1
Info    : It. 0 - 0 nodes created - worst tet radius 3.93969 (nodes removed 0 0)
Info    : It. 500 - 500 nodes created - worst tet radius 1.79778 (nodes removed 0 0)
Info    : It. 1000 - 1000 nodes created - worst tet radius 1.50325 (nodes removed 0 0)
Info    : It. 1500 - 1500 nodes created - worst tet radius 1.33377 (nodes removed 0 0)
Info    : It. 2000 - 2000 nodes created - worst tet radius 1.23733 (nodes removed 0 0)
Info    : It. 2500 - 2500 nodes created - worst tet radius 1.16146 (nodes removed 0 0)
Info    : It. 3000 - 3000 nodes created - worst tet radius 1.09446 (nodes removed 0 0)
Info    : It. 3500 - 3500 nodes created - worst tet radius 1.04472 (nodes removed 0 0)
Info    : It. 4000 - 4000 nodes created - worst tet radius 1.00601 (nodes removed 0 0)
Info    : 3D refinement terminated (8945 nodes total):
Info    :  - 0 Delaunay cavities modified for star shapeness
Info    :  - 0 nodes could not be inserted
Info    :  - 42462 tetrahedra created in 0.130931 sec. (324308 tets/s)
Info    : 0 node relocations
Info    : Done meshing 3D (Wall 0.284788s, CPU 0.279963s)
Info    : Optimizing mesh...
Info    : Optimizing volume 1
Info    : Optimization starts (volume = 1.51393e-09) with worst = 0.00762328 / average = 0.618317:
Info    : 0.00 < quality < 0.10 :        94 elements
Info    : 0.10 < quality < 0.20 :        40 elements
Info    : 0.20 < quality < 0.30 :        32 elements
Info    : 0.30 < quality < 0.40 :        94 elements
Info    : 0.40 < quality < 0.50 :        43 elements
Info    : 0.50 < quality < 0.60 :       172 elements
Info    : 0.60 < quality < 0.70 :      3350 elements
Info    : 0.70 < quality < 0.80 :       281 elements
Info    : 0.80 < quality < 0.90 :        12 elements
Info    : 0.90 < quality < 1.00 :         0 elements
Info    : 156 edge swaps, 0 node relocations (volume = 1.51393e-09): worst = 0.00762328 / average = 0.637307 (Wall 0.00137346s, CPU 0.001343s)
Info    : 165 edge swaps, 0 node relocations (volume = 1.51393e-09): worst = 0.00762328 / average = 0.63761 (Wall 0.00165387s, CPU 0.001621s)
Info    : No ill-shaped tets in the mesh :-)
Info    : 0.00 < quality < 0.10 :         4 elements
Info    : 0.10 < quality < 0.20 :         3 elements
Info    : 0.20 < quality < 0.30 :         5 elements
Info    : 0.30 < quality < 0.40 :        98 elements
Info    : 0.40 < quality < 0.50 :        42 elements
Info    : 0.50 < quality < 0.60 :       163 elements
Info    : 0.60 < quality < 0.70 :      3357 elements
Info    : 0.70 < quality < 0.80 :       279 elements
Info    : 0.80 < quality < 0.90 :        12 elements
Info    : 0.90 < quality < 1.00 :         0 elements
Info    : Optimizing volume 31
Info    : Optimization starts (volume = 6.19255e-08) with worst = 0.00761427 / average = 0.775571:
Info    : 0.00 < quality < 0.10 :        95 elements
Info    : 0.10 < quality < 0.20 :       248 elements
Info    : 0.20 < quality < 0.30 :       424 elements
Info    : 0.30 < quality < 0.40 :       584 elements
Info    : 0.40 < quality < 0.50 :      1002 elements
Info    : 0.50 < quality < 0.60 :      1761 elements
Info    : 0.60 < quality < 0.70 :      4323 elements
Info    : 0.70 < quality < 0.80 :      9330 elements
Info    : 0.80 < quality < 0.90 :     13882 elements
Info    : 0.90 < quality < 1.00 :      6695 elements
Info    : 759 edge swaps, 13 node relocations (volume = 6.19255e-08): worst = 0.196719 / average = 0.788124 (Wall 0.00788583s, CPU 0.007819s)
Info    : 765 edge swaps, 13 node relocations (volume = 6.19255e-08): worst = 0.300088 / average = 0.788239 (Wall 0.00919708s, CPU 0.009115s)
Info    : No ill-shaped tets in the mesh :-)
Info    : 0.00 < quality < 0.10 :         0 elements
Info    : 0.10 < quality < 0.20 :         0 elements
Info    : 0.20 < quality < 0.30 :         0 elements
Info    : 0.30 < quality < 0.40 :       576 elements
Info    : 0.40 < quality < 0.50 :       960 elements
Info    : 0.50 < quality < 0.60 :      1700 elements
Info    : 0.60 < quality < 0.70 :      4336 elements
Info    : 0.70 < quality < 0.80 :      9360 elements
Info    : 0.80 < quality < 0.90 :     14053 elements
Info    : 0.90 < quality < 1.00 :      6667 elements
Info    : Done optimizing mesh (Wall 0.0330436s, CPU 0.032091s)
Info    : 8945 nodes 52145 elements
Info    : Writing 'neck.msh'...
Info    : Done writing 'neck.msh'
Info    : Stopped on Mon Sep 14 10:02:21 2026 (From start: Wall 0.486028s, CPU 0.538947s)

--- stderr ---
