ELMER SOLVER (v 26.2) STARTED AT: 2026/09/16 14:47:56
ParCommInit: Initialize #PEs: 1
MAIN: 
MAIN: =============================================================
MAIN: ElmerSolver finite element software, Welcome!
MAIN: This program is free software licensed under (L)GPL
MAIN: Copyright 1st April 1995 - , CSC - IT Center for Science Ltd.
MAIN: Webpage http://www.csc.fi/elmer, Email elmeradm@csc.fi
MAIN: Version: 26.2-unknown (Rev: a19504a, Compiled: 2026-09-12)
MAIN:  Running one task without MPI parallelization.
MAIN:  Running with just one thread per task.
MAIN: =============================================================
MAIN: 
MAIN: 
MAIN: -------------------------------------
MAIN: Reading Model: case.sif
LoadInputFile: Scanning input file: case.sif
LoadInputFile: Scanning only size info
LoadInputFile: First time visiting
LoadInputFile: Reading base load of sif file
CheckKeyword: Found keyword type assuming suffix 1 for: variable 2
CheckKeyword: Found keyword type assuming suffix 1 for: variable 2
CheckKeyword: Found keyword type assuming suffix 1 for: operator 2
CheckKeyword: Found keyword type assuming suffix 1 for: operator 2
LoadInputFile: Loading input file: case.sif
LoadInputFile: Reading base load of sif file
CheckKeyword: Found keyword type assuming suffix 1 for: variable 2
CheckKeyword: Found keyword type assuming suffix 1 for: variable 2
CheckKeyword: Found keyword type assuming suffix 1 for: operator 2
CheckKeyword: Found keyword type assuming suffix 1 for: operator 2
LoadInputFile: Number of BCs: 3
LoadInputFile: Number of Body Forces: 0
LoadInputFile: Number of Initial Conditions: 0
LoadInputFile: Number of Materials: 5
LoadInputFile: Number of Equations: 1
LoadInputFile: Number of Solvers: 2
LoadInputFile: Number of Bodies: 5
Loading user function library: [HeatSolve]...[HeatSolver_Init0]
Loading user function library: [HeatSolve]...[HeatSolver_Init0]
Loading user function library: [SaveData]...[SaveScalars_Init0]
Loading user function library: [SaveData]...[SaveScalars_Init0]
LoadMesh: Loading serial mesh!
ElmerMeshReader: Performing step: 1
ElmerMeshReader: Base mesh name: ./mesh
ReadHeaderFile: Reading header info from file: ./mesh/mesh.header
InitializeMesh: Number of nodes in mesh: 92225
InitializeMesh: Number of bulk elements in mesh: 479083
InitializeMesh: Number of boundary elements in mesh: 6871
InitializeMesh: Initial number of max element nodes: 4
ElmerMeshReader: Performing step: 2
ReadNodesFile: Reading nodes from file: ./mesh/mesh.nodes
SetMeshDimension: Dimension of mesh is: 3
SetMeshDimension: Max dimension of mesh is: 3
ElmerMeshReader: Performing step: 3
ReadElementsFile: Reading bulk elements from file: ./mesh/mesh.elements
ElmerMeshReader: Performing step: 4
ReadBoundaryFile: Reading boundary elements from file: ./mesh/mesh.boundary
PermuteNodeNumbering: Performing node mapping
MapBodiesAndBCs: Remapping bodies
MapBodiesAndBCs: Minimum initial body index: 1
MapBodiesAndBCs: Maximum initial body index: 5
MapBodiesAndBCs: Remapping boundaries
MapBodiesAndBCs: Minimum initial boundary index: 13
MapBodiesAndBCs: Maximum initial boundary index: 15
ElmerMeshReader: Performing step: 5
ElmerMeshReader: Performing step: 6
LoadMesh: Loading mesh done
LoadMesh: Preparing mesh done
LoadMesh: Elapsed REAL time:     0.2523 (s)
MeshStabParams: Computing stabilization parameters
MeshStabParams: Elapsed REAL time:     0.0462 (s)
LoadModel: Defined radition solver by Equation name "heat equation"
MAIN: -------------------------------------
AddMeshCoordinates: Setting mesh coordinates and time
AddSolvers: Setting up 2 solvers
AddSolvers: Setting up solver 1: heat equation
AddEquationBasics: Setting up keywords internally for legacy solver: heat equation
AddEquationBasics: Using procedure: HeatSolve HeatSolver
AddEquationBasics: Setting up solver: heat equation
Loading user function library: [HeatSolve]...[HeatSolver_Init]
Loading user function library: [HeatSolve]...[HeatSolver_bulk]
Loading user function library: [HeatSolve]...[HeatSolver_bulk]
Loading user function library: [HeatSolve]...[HeatSolver]
AddEquationBasics: Creating standard variable: temperature
OptimizeBandwidth: ---------------------------------------------------------
OptimizeBandwidth: Computing matrix structure for: heat equation
OptimizeBandwidth: Initial bandwidth for heat equation: 91949
OptimizeBandwidth: Optimized bandwidth for heat equation: 1957
OptimizeBandwidth: ---------------------------------------------------------
AddSolvers: Setting up solver 2: savescalars
AddEquationBasics: Using procedure: SaveData SaveScalars
AddEquationBasics: Setting up solver: savescalars
Loading user function library: [SaveData]...[SaveScalars_Init]
Loading user function library: [SaveData]...[SaveScalars_bulk]
Loading user function library: [SaveData]...[SaveScalars_bulk]
Loading user function library: [SaveData]...[SaveScalars]
AddTimeEtc: Setting time and other global variables
MAIN: Random seed initialized to: 314159265
SetInitialConditions: Setting up initial conditions (if any)
MAIN: Number of timesteps to be saved: 8
MAIN: 
MAIN: -------------------------------------
MAIN:  Steady state iteration:            1
MAIN: -------------------------------------
MAIN: 
SingleSolver: Attempting to call solver: 1
SingleSolver: Solver Equation string is: heat equation
HeatSolver: -------------------------------------------
HeatSolver: Solving the energy equation for temperature
DefaultStart: Starting solver: heat equation
HeatSolve: 
HeatSolve: 
HeatSolve: -------------------------------------
HeatSolve:  TEMPERATURE ITERATION           1
HeatSolve: -------------------------------------
HeatSolve: 
HeatSolve: Starting Assembly...
HeatSolve: Assembly:
: ..Saving bulk values for: heat equation
HeatSolve: Assembly done
DefUtils::DefaultDirichletBCs: Setting Dirichlet boundary conditions
EnforceDirichletConditions: Enforcing total of 2836 Dirichlet conditions.
EnforceDirichletConditions: Applying Dirichlet conditions using scaled diagonal
ScaleLinearSystem: Creating > DiagScaling < vector of size 92225
EnforceDirichletConditions: Dirichlet conditions enforced for dofs: 2836
DefaultSolve: Solving linear system with default routines
SolveSystem: Solving linear system
SolveLinearSystem: Assuming real valued linear system
SolveLinearSystem: Assuming serial linear system
ScaleLinearSystem: Creating > DiagScaling < vector of size 92225
SolveLinearSystem: Linear System Preconditioning: ilu1
Prec0-ilu1: Elapsed REAL time:     0.0000 (s)
SolveLinearSystem: Serial linear System Solver: iterative
IterSolver: Using iterative method: bicgstab
CRS_IncompleteLU: ILU(1) (Real), Performing Factorization:
CRS_IncompleteLU: Allocated LU matrix of size: 2494815
CRS_IncompleteLU: ILU(1) (Real), NOF nonzeros:   2494816
CRS_IncompleteLU: ILU(1) (Real), filling (%) :       192
CRS_IncompleteLU: ILU(1) (Real), Factorization time (s):     0.28
Prec-ilu1: Elapsed REAL time:     0.2855 (s)
       1 0.7692E-02
       2 0.3836E-02
       3 0.2476E-02
       4 0.1781E-02
       5 0.1356E-02
       6 0.1081E-02
       7 0.9258E-03
       8 0.8203E-03
       9 0.7497E-03
      10 0.9547E-03
      11 0.6226E-03
      12 0.5993E-03
      13 0.5770E-03
      14 0.5544E-03
      15 0.5394E-03
      16 0.4750E-03
      17 0.4284E-03
      18 0.4707E-03
      19 0.3391E-03
      20 0.2884E-03
      21 0.2514E-03
      22 0.1940E-03
      23 0.1731E-03
      24 0.1388E-03
      25 0.1231E-03
      26 0.1062E-03
      27 0.1011E-03
      28 0.9053E-04
      29 0.8435E-04
      30 0.7949E-04
      31 0.7535E-04
      32 0.7254E-04
      33 0.7018E-04
      34 0.6780E-04
      35 0.6523E-04
      36 0.6889E-04
      37 0.4593E-04
      38 0.3870E-04
      39 0.3552E-04
      40 0.3557E-04
      41 0.3155E-04
      42 0.2998E-04
      43 0.3075E-04
      44 0.2704E-04
      45 0.2583E-04
      46 0.2403E-04
      47 0.2314E-04
      48 0.2105E-04
      49 0.1949E-04
      50 0.1808E-04
      51 0.1609E-04
      52 0.1375E-04
      53 0.1142E-04
      54 0.8766E-05
      55 0.5896E-05
      56 0.5837E-05
      57 0.4124E-05
      58 0.3530E-05
      59 0.3288E-05
      60 0.3147E-05
      61 0.3001E-05
      62 0.2839E-05
      63 0.2650E-05
      64 0.2400E-05
      65 0.2160E-05
      66 0.1890E-05
      67 0.1553E-05
      68 0.1461E-05
      69 0.1402E-05
      70 0.1109E-05
      71 0.9251E-06
      72 0.1076E-05
      73 0.1535E-04
      74 0.1773E-05
      75 0.2100E-05
      76 0.2654E-06
      77 0.6986E-07
      78 0.7021E-07
      79 0.3966E-07
      80 0.2221E-07
      81 0.1682E-07
      82 0.4325E-07
      83 0.3232E-08
      84 0.1144E-08
      85 0.2017E-08
      86 0.6383E-09
      87 0.4467E-09
      88 0.2879E-09
      89 0.2055E-09
      90 0.1200E-09
      91 0.5578E-10
      92 0.5382E-10
      93 0.8476E-11
      94 0.7223E-11
      95 0.1322E-10
      96 0.4727E-11
      97 0.2883E-11
      98 0.5617E-11
      99 0.1249E-11
     100 0.1223E-11
     101 0.7377E-12
     101 0.7377E-12
SolveLinearSystem: Calculating nodal loads for: temperature
CalculateLoads: Computing boundary fluxes from nodal loads
CalculateLoads: temperature Flux over BC 1: -2.28528E+00
CalculateLoads: temperature Flux over BC 2:  2.28528E+00
CalculateLoads: temperature Flux over BC 3: -7.85634E-10
CalculateLoads: temperature Flux over all BCs:  9.93169E-10
ComputeNorm: Computing norm of solution
ComputeChange: NS (ITER=1) (NRM,RELC): (  348.95315      2.0000000     ) :: heat equation
HeatSolve: iter:    1 Assembly: (s)    2.41    2.41
HeatSolve: iter:    1 Solve:    (s)    1.21    1.21
HeatSolve:  Result Norm   :    348.95315009450240
HeatSolve:  Relative Change :    2.0000000000000000
DefaultFinish: Finished solver: heat equation
ComputeNorm: Computing norm of solution
ComputeChange: SS (ITER=1) (NRM,RELC): (  348.95315      2.0000000     ) :: heat equation
MAIN: 
MAIN: -------------------------------------
MAIN:  Steady state iteration:            2
MAIN: -------------------------------------
MAIN: 
SingleSolver: Attempting to call solver: 1
SingleSolver: Solver Equation string is: heat equation
HeatSolver: -------------------------------------------
HeatSolver: Solving the energy equation for temperature
DefaultStart: Starting solver: heat equation
HeatSolve: 
HeatSolve: 
HeatSolve: -------------------------------------
HeatSolve:  TEMPERATURE ITERATION           1
HeatSolve: -------------------------------------
HeatSolve: 
HeatSolve: Starting Assembly...
HeatSolve: Assembly:
: .Saving bulk values for: heat equation
HeatSolve: Assembly done
DefUtils::DefaultDirichletBCs: Setting Dirichlet boundary conditions
EnforceDirichletConditions: Enforcing total of 2836 Dirichlet conditions.
EnforceDirichletConditions: Applying Dirichlet conditions using scaled diagonal
ScaleLinearSystem: Creating > DiagScaling < vector of size 92225
EnforceDirichletConditions: Dirichlet conditions enforced for dofs: 2836
DefaultSolve: Solving linear system with default routines
SolveSystem: Solving linear system
SolveLinearSystem: Assuming real valued linear system
SolveLinearSystem: Assuming serial linear system
ScaleLinearSystem: Creating > DiagScaling < vector of size 92225
SolveLinearSystem: Linear System Preconditioning: ilu1
Prec0-ilu1: Elapsed REAL time:     0.0000 (s)
SolveLinearSystem: Serial linear System Solver: iterative
IterSolver: Using iterative method: bicgstab
CRS_IncompleteLU: ILU(1) (Real), Performing Factorization:
CRS_IncompleteLU: ILU(1) (Real), NOF nonzeros:   2494816
CRS_IncompleteLU: ILU(1) (Real), filling (%) :       192
CRS_IncompleteLU: ILU(1) (Real), Factorization time (s):     0.06
Prec-ilu1: Elapsed REAL time:     0.0666 (s)
       1 0.6398E-12
       1 0.6398E-12
SolveLinearSystem: Calculating nodal loads for: temperature
CalculateLoads: Computing boundary fluxes from nodal loads
CalculateLoads: temperature Flux over BC 1: -2.28528E+00
CalculateLoads: temperature Flux over BC 2:  2.28528E+00
CalculateLoads: temperature Flux over BC 3: -7.31523E-10
CalculateLoads: temperature Flux over all BCs:  1.39486E-09
ComputeNorm: Computing norm of solution
ComputeChange: NS (ITER=1) (NRM,RELC): (  348.95315     0.95767142E-12 ) :: heat equation
HeatSolve: iter:    1 Assembly: (s)    1.88    1.88
HeatSolve: iter:    1 Solve:    (s)    0.08    0.08
HeatSolve:  Result Norm   :    348.95315009483659
HeatSolve:  Relative Change :    9.5767142205774069E-013
DefaultFinish: Finished solver: heat equation
ComputeNorm: Computing norm of solution
ComputeChange: SS (ITER=2) (NRM,RELC): (  348.95315     0.95767142E-12 ) :: heat equation
SingleSolver: Attempting to call solver: 2
SingleSolver: Solver Equation string is: savescalars
SaveScalars: -----------------------------------------
SaveScalars: Saving scalar values of various kinds
SaveScalars: Performed 2 reduction operations
SaveScalars: Found 3 result scalars in simulation section
SaveScalars: Found 5 values to save in total
SaveScalars: Saving names of values to file: ./scalars.dat.names
SaveScalars: Saving values to file: ./scalars.dat
SaveScalars: -----------------------------------------
ReloadInputFile: Reloading input file
LoadInputFile: Loading input file:
MAIN: Reporting unused list entries for sif improvement!
MAIN: If you do not want these lines undefine > DEVEL_LISTUSAGE < !
   Unused keywords:
       Solver 1              linear system abort not converged
MAIN: *** Elmer Solver: ALL DONE ***
Loading user function library: [HeatSolve]...[HeatSolver_Finalize]
Loading user function library: [HeatSolve]...[HeatSolver_Finalize]
Loading user function library: [SaveData]...[SaveScalars_Finalize]
Loading user function library: [SaveData]...[SaveScalars_Finalize]
MAIN: The end
SOLVER TOTAL TIME(CPU,REAL):         6.71        6.89
ELMER SOLVER FINISHED AT: 2026/09/16 14:48:03

--- stderr ---
