** Drc report for temper_drc_verified.kicad_pcb **
** Created on 2025-12-29T22:43:15-0600 **

** Found 279 DRC violations **
[shorting_items]: Items shorting two nets (nets +15V and AC_L)
    Local override; error
    @(29.0000 mm, 30.0000 mm): Pad 1 [+15V] of C_VCC on F.Cu
    @(10.5000 mm, 30.5000 mm): Track [AC_L] on F.Cu, length 20.0000 mm
[shorting_items]: Items shorting two nets (nets SPI_CLK and SPI_MISO)
    Local override; error
    @(78.5000 mm, 97.5000 mm): Track [SPI_CLK] on B.Cu, length 2.0000 mm
    @(78.5000 mm, 97.5000 mm): Track [SPI_MISO] on B.Cu, length 1.0000 mm
[shorting_items]: Items shorting two nets (nets SPI_CLK and SPI_MISO)
    Local override; error
    @(77.6000 mm, 96.5500 mm): Pad 20 [SPI_CLK] of U_MCU on F.Cu
    @(78.5000 mm, 96.5000 mm): Track [SPI_MISO] on F.Cu, length 1.0000 mm
[shorting_items]: Items shorting two nets (nets SPI_CLK and SPI_MISO)
    Local override; error
    @(77.6000 mm, 96.5500 mm): Pad 20 [SPI_CLK] of U_MCU on F.Cu
    @(77.5000 mm, 96.5000 mm): Track [SPI_MISO] on F.Cu, length 2.0000 mm
[shorting_items]: Items shorting two nets (nets AC_L and CGND)
    Local override; error
    @(30.0000 mm, 30.0000 mm): PTH pad 1 [AC_L] of D1
    @(31.5000 mm, 30.5000 mm): Via [CGND] on F.Cu - B.Cu
[clearance]: Clearance violation (netclass 'Default' clearance 0.2000 mm; actual 0.0208 mm)
    Rule: netclass 'Default'; error
    @(29.5000 mm, 36.5000 mm): Track [+15V] on F.Cu, length 1.0000 mm
    @(30.5000 mm, 36.9050 mm): Pad 6 [CGND] of U_GATE on F.Cu
[shorting_items]: Items shorting two nets (nets PWM_H and SPI_MISO)
    Local override; error
    @(76.5500 mm, 98.4000 mm): Pad 13 [PWM_H] of U_MCU on F.Cu
    @(77.5000 mm, 98.5000 mm): Track [SPI_MISO] on F.Cu, length 3.0000 mm
[shorting_items]: Items shorting two nets (nets +15V and SW_NODE)
    Local override; error
    @(39.5000 mm, 36.9050 mm): Pad 11 [+15V] of U_GATE on F.Cu
    @(40.5000 mm, 37.5000 mm): Track [SW_NODE] on F.Cu, length 1.0000 mm
[clearance]: Clearance violation (netclass 'Default' clearance 0.2000 mm; actual 0.0208 mm)
    Rule: netclass 'Default'; error
    @(39.5000 mm, 36.9050 mm): Pad 11 [+15V] of U_GATE on F.Cu
    @(40.5000 mm, 36.5000 mm): Track [SW_NODE] on F.Cu, length 1.0000 mm
[shorting_items]: Items shorting two nets (nets AC_L and +15V)
    Local override; error
    @(30.0000 mm, 30.0000 mm): PTH pad 1 [AC_L] of D1
    @(29.5000 mm, 31.5000 mm): Via [+15V] on F.Cu - B.Cu
[shorting_items]: Items shorting two nets (nets +3V3 and GND)
    Local override; error
    @(72.5000 mm, 97.0000 mm): Pad 1 [+3V3] of C_MCU_1 on F.Cu
    @(72.5000 mm, 98.5000 mm): Track [GND] on F.Cu, length 2.0000 mm
[tracks_crossing]: Tracks crossing
    Rule: netclass 'Default'; error
    @(28.5000 mm, 107.5000 mm): Track [SPI_MISO] on B.Cu, length 1.0000 mm
    @(29.5000 mm, 108.5000 mm): Track [SPI_MOSI] on B.Cu, length 3.0000 mm
[clearance]: Clearance violation (netclass 'Default' clearance 0.2000 mm; actual 0.1806 mm)
    Rule: netclass 'Default'; error
    @(29.5000 mm, 36.5000 mm): Via [+15V] on F.Cu - B.Cu
    @(30.5000 mm, 35.6350 mm): Pad 5 [CGND] of U_GATE on F.Cu
[shorting_items]: Items shorting two nets (nets SPI_MOSI and SPI_MISO)
    Local override; error
    @(29.5000 mm, 108.5000 mm): Track [SPI_MOSI] on B.Cu, length 3.0000 mm
    @(28.5000 mm, 108.5000 mm): Track [SPI_MISO] on B.Cu, length 1.0000 mm
[shorting_items]: Items shorting two nets (nets +15V and PWM_H)
    Local override; error
    @(28.5000 mm, 31.5000 mm): Track [+15V] on F.Cu, length 1.0000 mm
    @(30.5000 mm, 31.8250 mm): Pad 2 [PWM_H] of U_GATE on F.Cu
[tracks_crossing]: Tracks crossing
    Rule: netclass 'Default'; error
    @(72.5000 mm, 97.5000 mm): Track [+3V3] on B.Cu, length 1.0000 mm
    @(73.5000 mm, 96.5000 mm): Track [GND] on B.Cu, length 1.0000 mm
[shorting_items]: Items shorting two nets (nets GATE_H and SW_NODE)
    Local override; error
    @(39.5000 mm, 31.8250 mm): Pad 15 [GATE_H] of U_GATE on F.Cu
    @(42.5000 mm, 31.5000 mm): Track [SW_NODE] on F.Cu, length 2.0000 mm
[shorting_items]: Items shorting two nets (nets +15V and AC_L)
    Local override; error
    @(29.5000 mm, 31.5000 mm): Track [+15V] on B.Cu, length 2.0000 mm
    @(30.0000 mm, 30.0000 mm): PTH pad 1 [AC_L] of D1
[shorting_items]: Items shorting two nets (nets SPI_CS_TEMP and SPI_MISO)
    Local override; error
    @(27.1000 mm, 109.0250 mm): Pad 4 [SPI_CS_TEMP] of U_CT on F.Cu
    @(27.5000 mm, 108.5000 mm): Track [SPI_MISO] on F.Cu, length 2.0000 mm
[shorting_items]: Items shorting two nets (nets VCC_BOOT and SW_NODE)
    Local override; error
    @(41.0000 mm, 30.0000 mm): Pad 1 [VCC_BOOT] of C_BOOT on F.Cu
    @(40.5000 mm, 31.5000 mm): Track [SW_NODE] on F.Cu, length 1.0000 mm
[clearance]: Clearance violation (netclass 'Default' clearance 0.2000 mm; actual 0.1250 mm)
    Rule: netclass 'Default'; error
    @(72.5000 mm, 97.0000 mm): Pad 1 [+3V3] of C_MCU_1 on F.Cu
    @(72.5000 mm, 96.5000 mm): Track [GND] on F.Cu, length 2.0000 mm
[clearance]: Clearance violation (netclass 'Default' clearance 0.2000 mm; actual 0.1250 mm)
    Rule: netclass 'Default'; error
    @(73.5000 mm, 97.5000 mm): Track [+3V3] on F.Cu, length 2.0000 mm
    @(73.5000 mm, 97.0000 mm): Pad 2 [GND] of C_MCU_1 on F.Cu
[shorting_items]: Items shorting two nets (nets VCC_BOOT and SW_NODE)
    Local override; error
    @(41.0000 mm, 30.0000 mm): Pad 1 [VCC_BOOT] of C_BOOT on F.Cu
    @(40.5000 mm, 30.5000 mm): Track [SW_NODE] on F.Cu, length 2.0000 mm
[shorting_items]: Items shorting two nets (nets +3V3 and GND)
    Local override; error
    @(75.0000 mm, 50.0000 mm): Pad 2 [+3V3] of U_LDO_3V3 on F.Cu
    @(75.5000 mm, 43.5000 mm): Track [GND] on F.Cu, length 7.0000 mm
[shorting_items]: Items shorting two nets (nets GND and +3V3)
    Local override; error
    @(75.5000 mm, 50.5000 mm): Track [GND] on F.Cu, length 2.0000 mm
    @(75.0000 mm, 50.0000 mm): Pad 2 [+3V3] of U_LDO_3V3 on F.Cu
[shorting_items]: Items shorting two nets (nets GND and +5V)
    Local override; error
    @(95.0000 mm, 115.0000 mm): PTH pad 1 [GND] of J_DEBUG
    @(95.5000 mm, 113.5000 mm): Track [+5V] on B.Cu, length 1.0000 mm
[shorting_items]: Items shorting two nets (nets +15V and AC_L)
    Local override; error
    @(29.5000 mm, 29.5000 mm): Track [+15V] on B.Cu, length 2.0000 mm
    @(30.0000 mm, 30.0000 mm): PTH pad 1 [AC_L] of D1
[shorting_items]: Items shorting two nets (nets SPI_MISO and SPI_MOSI)
    Local override; error
    @(26.5000 mm, 133.5000 mm): Track [SPI_MISO] on B.Cu, length 1.0000 mm
    @(28.5000 mm, 133.5000 mm): Track [SPI_MOSI] on B.Cu, length 1.0000 mm
[clearance]: Clearance violation (netclass 'Default' clearance 0.2000 mm; actual 0.1700 mm)
    Rule: netclass 'Default'; error
    @(39.5000 mm, 36.9050 mm): Pad 11 [+15V] of U_GATE on F.Cu
    @(42.5000 mm, 37.5000 mm): Track [SW_NODE] on F.Cu, length 3.0000 mm
[clearance]: Clearance violation (netclass 'Default' clearance 0.2000 mm; actual 0.1700 mm)
    Rule: netclass 'Default'; error
    @(39.5000 mm, 37.5000 mm): Track [SW_NODE] on F.Cu, length 5.0000 mm
    @(39.5000 mm, 36.9050 mm): Pad 11 [+15V] of U_GATE on F.Cu
[clearance]: Clearance violation (netclass 'Default' clearance 0.2000 mm; actual 0.1850 mm)
    Rule: netclass 'Default'; error
    @(13.8100 mm, 120.0000 mm): PTH pad 2 [GND] of J_COIL
    @(12.5000 mm, 117.5000 mm): Track [SW_NODE] on F.Cu, length 3.0000 mm
[tracks_crossing]: Tracks crossing
    Rule: netclass 'Default'; error
    @(83.5000 mm, 100.5000 mm): Track [USB_D+] on B.Cu, length 2.0000 mm
    @(83.5000 mm, 100.5000 mm): Track [USB_D-] on B.Cu, length 1.0000 mm
[clearance]: Clearance violation (netclass 'Default' clearance 0.2000 mm; actual 0.1752 mm)
    Rule: netclass 'Default'; error
    @(27.1000 mm, 134.0250 mm): Pad 4 [TEMP_SENSE] of MAX31865 on F.Cu
    @(25.5000 mm, 133.5000 mm): Track [SPI_MISO] on F.Cu, length 1.0000 mm
[clearance]: Clearance violation (netclass 'Default' clearance 0.2000 mm; actual 0.1250 mm)
    Rule: netclass 'Default'; error
    @(72.5000 mm, 97.0000 mm): Pad 1 [+3V3] of C_MCU_1 on F.Cu
    @(73.5000 mm, 96.5000 mm): Track [GND] on F.Cu, length 1.0000 mm
[shorting_items]: Items shorting two nets (nets +5V and GND)
    Local override; error
    @(95.5000 mm, 114.5000 mm): Track [+5V] on B.Cu, length 3.0000 mm
    @(95.0000 mm, 115.0000 mm): PTH pad 1 [GND] of J_DEBUG
[shorting_items]: Items shorting two nets (nets +3V3 and GND)
    Local override; error
    @(72.5000 mm, 97.0000 mm): Pad 1 [+3V3] of C_MCU_1 on F.Cu
    @(72.5000 mm, 96.5000 mm): Track [GND] on F.Cu, length 6.0000 mm
[clearance]: Clearance violation (netclass 'Default' clearance 0.2000 mm; actual 0.1250 mm)
    Rule: netclass 'Default'; error
    @(72.5000 mm, 102.5000 mm): Track [GND] on F.Cu, length 1.0000 mm
    @(72.5000 mm, 103.0000 mm): Pad 1 [+3V3] of C_MCU_3 on F.Cu
[shorting_items]: Items shorting two nets (nets TEMP_SENSE and GND)
    Local override; error
    @(27.5000 mm, 135.5000 mm): Track [TEMP_SENSE] on F.Cu, length 17.0000 mm
    @(12.5400 mm, 135.0000 mm): PTH pad 2 [GND] of J_NTC
[shorting_items]: Items shorting two nets (nets DC_BUS+ and SW_NODE)
    Local override; error
    @(30.9000 mm, 15.0000 mm): PTH pad 3 [DC_BUS+] of Q1
    @(25.5000 mm, 15.5000 mm): Track [SW_NODE] on F.Cu, length 16.0000 mm
[shorting_items]: Items shorting two nets (nets  and USB_D-)
    Local override; error
    @(95.0000 mm, 127.7000 mm): PTH pad 6 [<no net>] of J_DEBUG
    @(85.5000 mm, 128.5000 mm): Track [USB_D-] on B.Cu, length 9.0000 mm
[shorting_items]: Items shorting two nets (nets  and USB_D-)
    Local override; error
    @(95.0000 mm, 127.7000 mm): PTH pad 6 [<no net>] of J_DEBUG
    @(94.5000 mm, 128.5000 mm): Track [USB_D-] on B.Cu, length 1.0000 mm
[tracks_crossing]: Tracks crossing
    Rule: netclass 'Default'; error
    @(74.5000 mm, 96.5000 mm): Track [PWM_L] on B.Cu, length 1.0000 mm
    @(75.5000 mm, 94.5000 mm): Track [PWM_H] on B.Cu, length 2.0000 mm
[tracks_crossing]: Tracks crossing
    Rule: netclass 'Default'; error
    @(94.5000 mm, 130.5000 mm): Track [USB_D+] on B.Cu, length 1.0000 mm
    @(95.5000 mm, 129.5000 mm): Track [USB_D-] on B.Cu, length 1.0000 mm
[shorting_items]: Items shorting two nets (nets I_SENSE and PWM_H)
    Local override; error
    @(77.5000 mm, 98.5000 mm): Track [I_SENSE] on B.Cu, length 2.0000 mm
    @(77.5000 mm, 96.5000 mm): Track [PWM_H] on B.Cu, length 2.0000 mm
[shorting_items]: Items shorting two nets (nets SPI_MISO and SPI_CS_TEMP)
    Local override; error
    @(78.5000 mm, 96.5000 mm): Via [SPI_MISO] on F.Cu - B.Cu
    @(78.8000 mm, 96.5500 mm): Pad 23 [SPI_CS_TEMP] of U_MCU on F.Cu
[shorting_items]: Items shorting two nets (nets GND and +3V3)
    Local override; error
    @(88.5000 mm, 117.5000 mm): Track [GND] on B.Cu, length 8.0000 mm
    @(95.0000 mm, 117.5400 mm): PTH pad 2 [+3V3] of J_DEBUG
[shorting_items]: Items shorting two nets (nets PWM_L and PWM_H)
    Local override; error
    @(74.5000 mm, 96.5000 mm): Track [PWM_L] on B.Cu, length 1.0000 mm
    @(75.5000 mm, 96.5000 mm): Track [PWM_H] on B.Cu, length 2.0000 mm
[shorting_items]: Items shorting two nets (nets DC_BUS+ and SW_NODE)
    Local override; error
    @(45.2400 mm, 30.0000 mm): PTH pad 2 [DC_BUS+] of D1
    @(44.5000 mm, 26.5000 mm): Track [SW_NODE] on F.Cu, length 3.0000 mm
[shorting_items]: Items shorting two nets (nets SW_NODE and DC_BUS+)
    Local override; error
    @(44.5000 mm, 29.5000 mm): Track [SW_NODE] on F.Cu, length 2.0000 mm
    @(45.2400 mm, 30.0000 mm): PTH pad 2 [DC_BUS+] of D1
[clearance]: Clearance violation (netclass 'Default' clearance 0.2000 mm; actual 0.1946 mm)
    Rule: netclass 'Default'; error
    @(39.5000 mm, 33.0950 mm): Pad 14 [VCC_BOOT] of U_GATE on F.Cu
    @(41.5000 mm, 32.5000 mm): Track [GATE_H] on F.Cu, length 1.0000 mm
[shorting_items]: Items shorting two nets (nets VCC_BOOT and GATE_H)
    Local override; error
    @(39.5000 mm, 33.0950 mm): Pad 14 [VCC_BOOT] of U_GATE on F.Cu
    @(40.5000 mm, 32.5000 mm): Track [GATE_H] on F.Cu, length 1.0000 mm
[tracks_crossing]: Tracks crossing
    Rule: netclass 'Default'; error
    @(75.5000 mm, 98.5000 mm): Track [PWM_L] on B.Cu, length 2.0000 mm
    @(77.5000 mm, 96.5000 mm): Track [PWM_H] on B.Cu, length 2.0000 mm
[clearance]: Clearance violation (netclass 'Default' clearance 0.2000 mm; actual 0.1700 mm)
    Rule: netclass 'Default'; error
    @(39.5000 mm, 36.9050 mm): Pad 11 [+15V] of U_GATE on F.Cu
    @(42.5000 mm, 37.5000 mm): Track [SW_NODE] on F.Cu, length 3.0000 mm
[shorting_items]: Items shorting two nets (nets GND and I_SENSE)
    Local override; error
    @(80.0000 mm, 100.0000 mm): Pad 57 [GND] of U_MCU on F.Cu
    @(78.5000 mm, 100.5000 mm): Track [I_SENSE] on F.Cu, length 2.0000 mm
[shorting_items]: Items shorting two nets (nets I_SENSE and +3V3)
    Local override; error
    @(42.4750 mm, 121.9050 mm): Pad 5 [I_SENSE] of U_OPAMP_CT on F.Cu
    @(81.5000 mm, 121.5000 mm): Track [+3V3] on F.Cu, length 39.0000 mm
[clearance]: Clearance violation (netclass 'Default' clearance 0.2000 mm; actual 0.1700 mm)
    Rule: netclass 'Default'; error
    @(39.5000 mm, 36.9050 mm): Pad 11 [+15V] of U_GATE on F.Cu
    @(39.5000 mm, 37.5000 mm): Track [SW_NODE] on F.Cu, length 2.0000 mm
[clearance]: Clearance violation (netclass 'Default' clearance 0.2000 mm; actual 0.0208 mm)
    Rule: netclass 'Default'; error
    @(39.5000 mm, 33.0950 mm): Pad 14 [VCC_BOOT] of U_GATE on F.Cu
    @(40.5000 mm, 33.5000 mm): Track [GATE_H] on F.Cu, length 1.0000 mm
[shorting_items]: Items shorting two nets (nets I_SENSE and GND)
    Local override; error
    @(80.5000 mm, 100.5000 mm): Track [I_SENSE] on F.Cu, length 20.0000 mm
    @(80.0000 mm, 100.0000 mm): Pad 57 [GND] of U_MCU on F.Cu
[shorting_items]: Items shorting two nets (nets GATE_L and DC_BUS+)
    Local override; error
    @(44.5000 mm, 31.5000 mm): Track [GATE_L] on F.Cu, length 1.0000 mm
    @(45.2400 mm, 30.0000 mm): PTH pad 2 [DC_BUS+] of D1
[shorting_items]: Items shorting two nets (nets +3V3 and GND)
    Local override; error
    @(76.5000 mm, 103.5000 mm): Track [+3V3] on F.Cu, length 2.0000 mm
    @(76.5500 mm, 102.4000 mm): Pad 2 [GND] of U_MCU on F.Cu
[shorting_items]: Items shorting two nets (nets GATE_L and DC_BUS+)
    Local override; error
    @(44.5000 mm, 30.5000 mm): Track [GATE_L] on F.Cu, length 3.0000 mm
    @(45.2400 mm, 30.0000 mm): PTH pad 2 [DC_BUS+] of D1
[shorting_items]: Items shorting two nets (nets +3V3 and I_SENSE)
    Local override; error
    @(42.5000 mm, 121.5000 mm): Track [+3V3] on F.Cu, length 2.0000 mm
    @(42.4750 mm, 121.9050 mm): Pad 5 [I_SENSE] of U_OPAMP_CT on F.Cu
[shorting_items]: Items shorting two nets (nets PWM_L and PWM_H)
    Local override; error
    @(75.5000 mm, 96.5000 mm): Track [PWM_L] on B.Cu, length 2.0000 mm
    @(75.5000 mm, 94.5000 mm): Track [PWM_H] on B.Cu, length 2.0000 mm
[clearance]: Clearance violation (netclass 'Default' clearance 0.2000 mm; actual 0.0500 mm)
    Rule: netclass 'Default'; error
    @(37.5250 mm, 121.9050 mm): Pad 4 [GND] of U_OPAMP_CT on F.Cu
    @(38.5000 mm, 123.5000 mm): Track [+3V3] on F.Cu, length 2.0000 mm
[clearance]: Clearance violation (netclass 'Default' clearance 0.2000 mm; actual 0.1700 mm)
    Rule: netclass 'Default'; error
    @(39.5000 mm, 36.9050 mm): Pad 11 [+15V] of U_GATE on F.Cu
    @(39.5000 mm, 39.5000 mm): Track [SW_NODE] on F.Cu, length 2.0000 mm
[shorting_items]: Items shorting two nets (nets SPI_CLK and SPI_MOSI)
    Local override; error
    @(78.5000 mm, 97.5000 mm): Track [SPI_CLK] on B.Cu, length 2.0000 mm
    @(78.5000 mm, 97.5000 mm): Via [SPI_MOSI] on F.Cu - B.Cu
[clearance]: Clearance violation (netclass 'Default' clearance 0.2000 mm; actual 0.1700 mm)
    Rule: netclass 'Default'; error
    @(39.5000 mm, 36.9050 mm): Pad 11 [+15V] of U_GATE on F.Cu
    @(39.5000 mm, 37.5000 mm): Track [SW_NODE] on F.Cu, length 1.0000 mm
[shorting_items]: Items shorting two nets (nets I_SENSE and GND)
    Local override; error
    @(80.5000 mm, 120.5000 mm): Track [I_SENSE] on F.Cu, length 51.0000 mm
    @(31.0000 mm, 120.0000 mm): Pad 2 [GND] of R_BURDEN on F.Cu
[tracks_crossing]: Tracks crossing
    Rule: netclass 'Default'; error
    @(77.5000 mm, 98.5000 mm): Track [I_SENSE] on B.Cu, length 2.0000 mm
    @(75.5000 mm, 98.5000 mm): Track [PWM_L] on B.Cu, length 2.0000 mm
[clearance]: Clearance violation (netclass 'Default' clearance 0.2000 mm; actual 0.1500 mm)
    Rule: netclass 'Default'; error
    @(27.1000 mm, 107.7250 mm): Pad 2 [SPI_MOSI] of U_CT on F.Cu
    @(27.5000 mm, 108.5000 mm): Via [SPI_MISO] on F.Cu - B.Cu
[shorting_items]: Items shorting two nets (nets GND and +3V3)
    Local override; error
    @(73.5000 mm, 96.5000 mm): Track [GND] on B.Cu, length 1.0000 mm
    @(73.5000 mm, 97.5000 mm): Via [+3V3] on F.Cu - B.Cu
[shorting_items]: Items shorting two nets (nets GND and +3V3)
    Local override; error
    @(37.5250 mm, 121.9050 mm): Pad 4 [GND] of U_OPAMP_CT on F.Cu
    @(38.5000 mm, 121.5000 mm): Track [+3V3] on F.Cu, length 10.0000 mm
[shorting_items]: Items shorting two nets (nets SPI_MOSI and SPI_MISO)
    Local override; error
    @(29.5000 mm, 108.5000 mm): Track [SPI_MOSI] on B.Cu, length 3.0000 mm
    @(27.5000 mm, 108.5000 mm): Via [SPI_MISO] on F.Cu - B.Cu
[shorting_items]: Items shorting two nets (nets +3V3 and I_SENSE)
    Local override; error
    @(28.5000 mm, 121.5000 mm): Track [+3V3] on F.Cu, length 1.0000 mm
    @(29.0000 mm, 120.0000 mm): Pad 1 [I_SENSE] of R_BURDEN on F.Cu
[shorting_items]: Items shorting two nets (nets +3V3 and GND)
    Local override; error
    @(72.5000 mm, 97.5000 mm): Track [+3V3] on B.Cu, length 1.0000 mm
    @(73.5000 mm, 97.5000 mm): Track [GND] on B.Cu, length 0.0000 mm
[clearance]: Clearance violation (netclass 'Default' clearance 0.2000 mm; actual 0.1501 mm)
    Rule: netclass 'Default'; error
    @(27.1000 mm, 132.7250 mm): Pad 2 [SPI_MOSI] of MAX31865 on F.Cu
    @(26.5000 mm, 133.5000 mm): Via [SPI_MISO] on F.Cu - B.Cu
[tracks_crossing]: Tracks crossing
    Rule: netclass 'Default'; error
    @(72.5000 mm, 97.5000 mm): Track [+3V3] on B.Cu, length 1.0000 mm
    @(73.5000 mm, 97.5000 mm): Track [GND] on B.Cu, length 1.0000 mm
[shorting_items]: Items shorting two nets (nets I_SENSE and +3V3)
    Local override; error
    @(29.0000 mm, 120.0000 mm): Pad 1 [I_SENSE] of R_BURDEN on F.Cu
    @(28.5000 mm, 120.5000 mm): Track [+3V3] on F.Cu, length 1.0000 mm
[shorting_items]: Items shorting two nets (nets CGND and PWM_H)
    Local override; error
    @(30.5000 mm, 39.5000 mm): Track [CGND] on F.Cu, length 8.0000 mm
    @(30.5000 mm, 31.8250 mm): Pad 2 [PWM_H] of U_GATE on F.Cu
[shorting_items]: Items shorting two nets (nets CGND and PWM_H)
    Local override; error
    @(30.5000 mm, 31.5000 mm): Track [CGND] on F.Cu, length 1.0000 mm
    @(30.5000 mm, 31.8250 mm): Pad 2 [PWM_H] of U_GATE on F.Cu
[shorting_items]: Items shorting two nets (nets +15V and CGND)
    Local override; error
    @(30.5000 mm, 30.5550 mm): Pad 1 [+15V] of U_GATE on F.Cu
    @(31.5000 mm, 31.5000 mm): Track [CGND] on F.Cu, length 1.0000 mm
[shorting_items]: Items shorting two nets (nets GND and USB_D+)
    Local override; error
    @(92.6500 mm, 130.0000 mm): Pad A1 [GND] of J_USB on F.Cu
    @(92.5000 mm, 130.5000 mm): Track [USB_D+] on F.Cu, length 2.0000 mm
[clearance]: Clearance violation (netclass 'Default' clearance 0.2000 mm; actual 0.1250 mm)
    Rule: netclass 'Default'; error
    @(30.0000 mm, 30.0000 mm): PTH pad 1 [AC_L] of D1
    @(30.5000 mm, 31.5000 mm): Track [+15V] on B.Cu, length 1.0000 mm
[shorting_items]: Items shorting two nets (nets +15V and PWM_H)
    Local override; error
    @(29.5000 mm, 31.5000 mm): Track [+15V] on F.Cu, length 3.0000 mm
    @(30.5000 mm, 31.8250 mm): Pad 2 [PWM_H] of U_GATE on F.Cu
[shorting_items]: Items shorting two nets (nets +15V and SHUTDOWN_N)
    Local override; error
    @(29.5000 mm, 34.5000 mm): Track [+15V] on F.Cu, length 1.0000 mm
    @(30.5000 mm, 34.3650 mm): Pad 4 [SHUTDOWN_N] of U_GATE on F.Cu
[clearance]: Clearance violation (netclass 'Default' clearance 0.2000 mm; actual 0.1946 mm)
    Rule: netclass 'Default'; error
    @(28.5000 mm, 37.5000 mm): Track [+15V] on F.Cu, length 1.0000 mm
    @(30.5000 mm, 36.9050 mm): Pad 6 [CGND] of U_GATE on F.Cu
[shorting_items]: Items shorting two nets (nets CGND and +15V)
    Local override; error
    @(30.5000 mm, 39.4450 mm): Pad 8 [CGND] of U_GATE on F.Cu
    @(29.5000 mm, 37.5000 mm): Track [+15V] on F.Cu, length 3.0000 mm
[shorting_items]: Items shorting two nets (nets GND and +3V3)
    Local override; error
    @(73.5000 mm, 97.0000 mm): Pad 2 [GND] of C_MCU_1 on F.Cu
    @(73.5000 mm, 97.5000 mm): Via [+3V3] on F.Cu - B.Cu
[shorting_items]: Items shorting two nets (nets GND and +3V3)
    Local override; error
    @(73.5000 mm, 97.5000 mm): Track [GND] on B.Cu, length 0.0000 mm
    @(73.5000 mm, 97.5000 mm): Via [+3V3] on F.Cu - B.Cu
[shorting_items]: Items shorting two nets (nets SPI_MOSI and GND)
    Local override; error
    @(78.5000 mm, 97.5000 mm): Track [SPI_MOSI] on F.Cu, length 2.0000 mm
    @(80.0000 mm, 100.0000 mm): Pad 57 [GND] of U_MCU on F.Cu
[shorting_items]: Items shorting two nets (nets GND and SPI_MOSI)
    Local override; error
    @(80.0000 mm, 100.0000 mm): Pad 57 [GND] of U_MCU on F.Cu
    @(78.5000 mm, 99.5000 mm): Track [SPI_MOSI] on F.Cu, length 3.0000 mm
[shorting_items]: Items shorting two nets (nets GND and USB_D+)
    Local override; error
    @(92.6500 mm, 130.0000 mm): Pad A1 [GND] of J_USB on F.Cu
    @(92.5000 mm, 130.5000 mm): Via [USB_D+] on F.Cu - B.Cu
[clearance]: Clearance violation (netclass 'Default' clearance 0.2000 mm; actual 0.1513 mm)
    Rule: netclass 'Default'; error
    @(78.4000 mm, 96.5500 mm): Pad 22 [SPI_MISO] of U_MCU on F.Cu
    @(78.5000 mm, 97.5000 mm): Via [SPI_MOSI] on F.Cu - B.Cu
[shorting_items]: Items shorting two nets (nets SPI_MISO and SPI_MOSI)
    Local override; error
    @(78.5000 mm, 97.5000 mm): Track [SPI_MISO] on B.Cu, length 1.0000 mm
    @(78.5000 mm, 97.5000 mm): Via [SPI_MOSI] on F.Cu - B.Cu
[clearance]: Clearance violation (netclass 'Default' clearance 0.2000 mm; actual 0.9000 mm)
    Rule: netclass 'Default'; error
    @(78.5000 mm, 100.5000 mm): Via [I_SENSE] on F.Cu - B.Cu
    @(80.0000 mm, 100.0000 mm): Pad 57 [GND] of U_MCU on F.Cu
[hole_clearance]: Hole clearance violation (board setup constraints hole clearance 0.2500 mm; actual 0.1311 mm)
    Rule: board setup constraints hole; error
    @(30.0000 mm, 30.0000 mm): PTH pad 1 [AC_L] of D1
    @(29.5000 mm, 31.5000 mm): Via [+15V] on F.Cu - B.Cu
[shorting_items]: Items shorting two nets (nets AC_L and +15V)
    Local override; error
    @(30.0000 mm, 30.0000 mm): PTH pad 1 [AC_L] of D1
    @(29.0000 mm, 30.0000 mm): Pad 1 [+15V] of C_VCC on F.Cu
[hole_clearance]: Hole clearance violation (board setup constraints hole clearance 0.2500 mm; actual 0.1311 mm)
    Rule: board setup constraints hole; error
    @(30.0000 mm, 30.0000 mm): PTH pad 1 [AC_L] of D1
    @(31.5000 mm, 30.5000 mm): Via [CGND] on F.Cu - B.Cu
[shorting_items]: Items shorting two nets (nets AC_L and +15V)
    Local override; error
    @(30.0000 mm, 30.0000 mm): PTH pad 1 [AC_L] of D1
    @(30.5000 mm, 30.5550 mm): Pad 1 [+15V] of U_GATE on F.Cu
[shorting_items]: Items shorting two nets (nets AC_L and CGND)
    Local override; error
    @(30.0000 mm, 30.0000 mm): PTH pad 1 [AC_L] of D1
    @(31.0000 mm, 30.0000 mm): Pad 2 [CGND] of C_VCC on F.Cu
[hole_clearance]: Hole clearance violation (board setup constraints hole clearance 0.2500 mm; actual 0.0000 mm)
    Rule: board setup constraints hole; error
    @(30.5000 mm, 30.5550 mm): Pad 1 [+15V] of U_GATE on F.Cu
    @(31.5000 mm, 30.5000 mm): Via [CGND] on F.Cu - B.Cu
[shorting_items]: Items shorting two nets (nets +15V and CGND)
    Local override; error
    @(30.5000 mm, 30.5550 mm): Pad 1 [+15V] of U_GATE on F.Cu
    @(31.0000 mm, 30.0000 mm): Pad 2 [CGND] of C_VCC on F.Cu
[hole_clearance]: Hole clearance violation (board setup constraints hole clearance 0.2500 mm; actual 0.0000 mm)
    Rule: board setup constraints hole; error
    @(30.5000 mm, 31.8250 mm): Pad 2 [PWM_H] of U_GATE on F.Cu
    @(29.5000 mm, 31.5000 mm): Via [+15V] on F.Cu - B.Cu
[hole_clearance]: Hole clearance violation (board setup constraints hole clearance 0.2500 mm; actual 0.0000 mm)
    Rule: board setup constraints hole; error
    @(30.5000 mm, 36.9050 mm): Pad 6 [CGND] of U_GATE on F.Cu
    @(29.5000 mm, 36.5000 mm): Via [+15V] on F.Cu - B.Cu
[shorting_items]: Items shorting two nets (nets SW_NODE and VCC_BOOT)
    Local override; error
    @(39.5000 mm, 30.5550 mm): Pad 16 [SW_NODE] of U_GATE on F.Cu
    @(41.0000 mm, 30.0000 mm): Pad 1 [VCC_BOOT] of C_BOOT on F.Cu
[clearance]: Clearance violation (netclass 'Default' clearance 0.2000 mm; actual 0.1600 mm)
    Rule: netclass 'Default'; error
    @(76.5500 mm, 102.8000 mm): Pad 1 [+3V3] of U_MCU on F.Cu
    @(76.5500 mm, 102.4000 mm): Pad 2 [GND] of U_MCU on F.Cu
[clearance]: Clearance violation (netclass 'Default' clearance 0.2000 mm; actual 0.1600 mm)
    Rule: netclass 'Default'; error
    @(76.5500 mm, 98.4000 mm): Pad 13 [PWM_H] of U_MCU on F.Cu
    @(76.5500 mm, 98.0000 mm): Pad 14 [PWM_L] of U_MCU on F.Cu
[clearance]: Clearance violation (netclass 'Default' clearance 0.2000 mm; actual 0.1600 mm)
    Rule: netclass 'Default'; error
    @(76.5500 mm, 98.0000 mm): Pad 14 [PWM_L] of U_MCU on F.Cu
    @(76.5500 mm, 97.6000 mm): Pad 15 [I_SENSE] of U_MCU on F.Cu
[clearance]: Clearance violation (netclass 'Default' clearance 0.2000 mm; actual 0.1600 mm)
    Rule: netclass 'Default'; error
    @(77.6000 mm, 96.5500 mm): Pad 20 [SPI_CLK] of U_MCU on F.Cu
    @(78.0000 mm, 96.5500 mm): Pad 21 [SPI_MOSI] of U_MCU on F.Cu
[clearance]: Clearance violation (netclass 'Default' clearance 0.2000 mm; actual 0.1600 mm)
    Rule: netclass 'Default'; error
    @(78.0000 mm, 96.5500 mm): Pad 21 [SPI_MOSI] of U_MCU on F.Cu
    @(78.4000 mm, 96.5500 mm): Pad 22 [SPI_MISO] of U_MCU on F.Cu
[hole_clearance]: Hole clearance violation (board setup constraints hole clearance 0.2500 mm; actual 0.1800 mm)
    Rule: board setup constraints hole; error
    @(78.0000 mm, 96.5500 mm): Pad 21 [SPI_MOSI] of U_MCU on F.Cu
    @(78.5000 mm, 96.5000 mm): Via [SPI_MISO] on F.Cu - B.Cu
[clearance]: Clearance violation (netclass 'Default' clearance 0.2000 mm; actual 0.1600 mm)
    Rule: netclass 'Default'; error
    @(78.4000 mm, 96.5500 mm): Pad 22 [SPI_MISO] of U_MCU on F.Cu
    @(78.8000 mm, 96.5500 mm): Pad 23 [SPI_CS_TEMP] of U_MCU on F.Cu
[hole_clearance]: Hole clearance violation (board setup constraints hole clearance 0.2500 mm; actual 0.0000 mm)
    Rule: board setup constraints hole; error
    @(78.8000 mm, 96.5500 mm): Pad 23 [SPI_CS_TEMP] of U_MCU on F.Cu
    @(78.5000 mm, 96.5000 mm): Via [SPI_MISO] on F.Cu - B.Cu
[clearance]: Clearance violation (netclass 'Default' clearance 0.2000 mm; actual 0.1600 mm)
    Rule: netclass 'Default'; error
    @(83.4500 mm, 100.0000 mm): Pad 40 [USB_D+] of U_MCU on F.Cu
    @(83.4500 mm, 100.4000 mm): Pad 41 [USB_D-] of U_MCU on F.Cu
[hole_clearance]: Hole clearance violation (board setup constraints hole clearance 0.2500 mm; actual 0.0000 mm)
    Rule: board setup constraints hole; error
    @(80.0000 mm, 100.0000 mm): Pad 57 [GND] of U_MCU on F.Cu
    @(78.5000 mm, 97.5000 mm): Via [SPI_MOSI] on F.Cu - B.Cu
[hole_clearance]: Hole clearance violation (board setup constraints hole clearance 0.2500 mm; actual 0.0000 mm)
    Rule: board setup constraints hole; error
    @(80.0000 mm, 100.0000 mm): Pad 57 [GND] of U_MCU on F.Cu
    @(78.5000 mm, 100.5000 mm): Via [I_SENSE] on F.Cu - B.Cu
[hole_clearance]: Hole clearance violation (board setup constraints hole clearance 0.2500 mm; actual 0.0500 mm)
    Rule: board setup constraints hole; error
    @(73.5000 mm, 97.0000 mm): Pad 2 [GND] of C_MCU_1 on F.Cu
    @(73.5000 mm, 97.5000 mm): Via [+3V3] on F.Cu - B.Cu
[clearance]: Clearance violation (netclass 'Default' clearance 0.2000 mm; actual 0.1000 mm)
    Rule: netclass 'Default'; error
    @(95.0000 mm, 130.0000 mm): Pad A6 [USB_D+] of J_USB on F.Cu
    @(95.4000 mm, 130.0000 mm): Pad B6 [USB_D-] of J_USB on F.Cu
[hole_clearance]: Hole clearance violation (board setup constraints hole clearance 0.2500 mm; actual 0.0000 mm)
    Rule: board setup constraints hole; error
    @(92.6500 mm, 130.0000 mm): Pad A1 [GND] of J_USB on F.Cu
    @(92.5000 mm, 130.5000 mm): Via [USB_D+] on F.Cu - B.Cu
[hole_clearance]: Hole clearance violation (board setup constraints hole clearance 0.2500 mm; actual 0.1000 mm)
    Rule: board setup constraints hole; error
    @(27.1000 mm, 109.0250 mm): Pad 4 [SPI_CS_TEMP] of U_CT on F.Cu
    @(27.5000 mm, 108.5000 mm): Via [SPI_MISO] on F.Cu - B.Cu
[hole_clearance]: Hole clearance violation (board setup constraints hole clearance 0.2500 mm; actual 0.1002 mm)
    Rule: board setup constraints hole; error
    @(27.1000 mm, 134.0250 mm): Pad 4 [TEMP_SENSE] of MAX31865 on F.Cu
    @(26.5000 mm, 133.5000 mm): Via [SPI_MISO] on F.Cu - B.Cu
[solder_mask_bridge]: Front solder mask aperture bridges items with different nets
    Rule: board setup solder mask min width; error
    @(10.5000 mm, 30.5000 mm): Track [AC_L] on F.Cu, length 20.0000 mm
    @(29.0000 mm, 30.0000 mm): Pad 1 [+15V] of C_VCC on F.Cu
[solder_mask_bridge]: Front solder mask aperture bridges items with different nets
    Rule: board setup solder mask min width; error
    @(10.5000 mm, 30.5000 mm): Track [AC_L] on F.Cu, length 20.0000 mm
    @(31.0000 mm, 30.0000 mm): Pad 2 [CGND] of C_VCC on F.Cu
[solder_mask_bridge]: Front solder mask aperture bridges items with different nets
    Rule: board setup solder mask min width; error
    @(10.5000 mm, 30.5000 mm): Track [AC_L] on F.Cu, length 20.0000 mm
    @(30.5000 mm, 30.5550 mm): Pad 1 [+15V] of U_GATE on F.Cu
[solder_mask_bridge]: Front solder mask aperture bridges items with different nets
    Rule: board setup solder mask min width; error
    @(44.5000 mm, 31.5000 mm): Track [GATE_L] on F.Cu, length 1.0000 mm
    @(45.2400 mm, 30.0000 mm): PTH pad 2 [DC_BUS+] of D1
[solder_mask_bridge]: Front solder mask aperture bridges items with different nets
    Rule: board setup solder mask min width; error
    @(44.5000 mm, 30.5000 mm): Track [GATE_L] on F.Cu, length 3.0000 mm
    @(45.2400 mm, 30.0000 mm): PTH pad 2 [DC_BUS+] of D1
[solder_mask_bridge]: Front solder mask aperture bridges items with different nets
    Rule: board setup solder mask min width; error
    @(30.5000 mm, 39.5000 mm): Track [CGND] on F.Cu, length 8.0000 mm
    @(30.5000 mm, 33.0950 mm): Pad 3 [PWM_L] of U_GATE on F.Cu
[solder_mask_bridge]: Front solder mask aperture bridges items with different nets
    Rule: board setup solder mask min width; error
    @(30.5000 mm, 39.5000 mm): Track [CGND] on F.Cu, length 8.0000 mm
    @(30.5000 mm, 34.3650 mm): Pad 4 [SHUTDOWN_N] of U_GATE on F.Cu
[solder_mask_bridge]: Front solder mask aperture bridges items with different nets
    Rule: board setup solder mask min width; error
    @(30.5000 mm, 39.5000 mm): Track [CGND] on F.Cu, length 8.0000 mm
    @(30.5000 mm, 31.8250 mm): Pad 2 [PWM_H] of U_GATE on F.Cu
[solder_mask_bridge]: Front solder mask aperture bridges items with different nets
    Rule: board setup solder mask min width; error
    @(30.5000 mm, 31.5000 mm): Track [CGND] on F.Cu, length 1.0000 mm
    @(30.5000 mm, 31.8250 mm): Pad 2 [PWM_H] of U_GATE on F.Cu
[solder_mask_bridge]: Front solder mask aperture bridges items with different nets
    Rule: board setup solder mask min width; error
    @(31.5000 mm, 31.5000 mm): Track [CGND] on F.Cu, length 1.0000 mm
    @(30.5000 mm, 30.5550 mm): Pad 1 [+15V] of U_GATE on F.Cu
[solder_mask_bridge]: Front solder mask aperture bridges items with different nets
    Rule: board setup solder mask min width; error
    @(31.5000 mm, 31.5000 mm): Track [CGND] on F.Cu, length 1.0000 mm
    @(30.5000 mm, 31.8250 mm): Pad 2 [PWM_H] of U_GATE on F.Cu
[solder_mask_bridge]: Front solder mask aperture bridges items with different nets
    Rule: board setup solder mask min width; error
    @(29.5000 mm, 31.5000 mm): Track [+15V] on F.Cu, length 3.0000 mm
    @(30.5000 mm, 33.0950 mm): Pad 3 [PWM_L] of U_GATE on F.Cu
[solder_mask_bridge]: Front solder mask aperture bridges items with different nets
    Rule: board setup solder mask min width; error
    @(29.5000 mm, 31.5000 mm): Track [+15V] on F.Cu, length 3.0000 mm
    @(30.5000 mm, 34.3650 mm): Pad 4 [SHUTDOWN_N] of U_GATE on F.Cu
[solder_mask_bridge]: Front solder mask aperture bridges items with different nets
    Rule: board setup solder mask min width; error
    @(29.5000 mm, 31.5000 mm): Track [+15V] on F.Cu, length 3.0000 mm
    @(30.5000 mm, 31.8250 mm): Pad 2 [PWM_H] of U_GATE on F.Cu
[solder_mask_bridge]: Front solder mask aperture bridges items with different nets
    Rule: board setup solder mask min width; error
    @(29.5000 mm, 34.5000 mm): Track [+15V] on F.Cu, length 1.0000 mm
    @(30.5000 mm, 34.3650 mm): Pad 4 [SHUTDOWN_N] of U_GATE on F.Cu
[solder_mask_bridge]: Front solder mask aperture bridges items with different nets
    Rule: board setup solder mask min width; error
    @(29.5000 mm, 37.5000 mm): Track [+15V] on F.Cu, length 3.0000 mm
    @(30.5000 mm, 38.1750 mm): Pad 7 [CGND] of U_GATE on F.Cu
[solder_mask_bridge]: Front solder mask aperture bridges items with different nets
    Rule: board setup solder mask min width; error
    @(29.5000 mm, 37.5000 mm): Track [+15V] on F.Cu, length 3.0000 mm
    @(30.5000 mm, 39.4450 mm): Pad 8 [CGND] of U_GATE on F.Cu
[solder_mask_bridge]: Front solder mask aperture bridges items with different nets
    Rule: board setup solder mask min width; error
    @(29.5000 mm, 36.5000 mm): Track [+15V] on F.Cu, length 1.0000 mm
    @(30.5000 mm, 36.9050 mm): Pad 6 [CGND] of U_GATE on F.Cu
[solder_mask_bridge]: Front solder mask aperture bridges items with different nets
    Rule: board setup solder mask min width; error
    @(28.5000 mm, 31.5000 mm): Track [+15V] on F.Cu, length 1.0000 mm
    @(30.5000 mm, 31.8250 mm): Pad 2 [PWM_H] of U_GATE on F.Cu
[solder_mask_bridge]: Rear solder mask aperture bridges items with different nets
    Rule: board setup solder mask min width; error
    @(29.5000 mm, 31.5000 mm): Track [+15V] on B.Cu, length 2.0000 mm
    @(30.0000 mm, 30.0000 mm): PTH pad 1 [AC_L] of D1
[solder_mask_bridge]: Rear solder mask aperture bridges items with different nets
    Rule: board setup solder mask min width; error
    @(29.5000 mm, 29.5000 mm): Track [+15V] on B.Cu, length 2.0000 mm
    @(30.0000 mm, 30.0000 mm): PTH pad 1 [AC_L] of D1
[solder_mask_bridge]: Front solder mask aperture bridges items with different nets
    Rule: board setup solder mask min width; error
    @(27.5000 mm, 135.5000 mm): Track [TEMP_SENSE] on F.Cu, length 17.0000 mm
    @(12.5400 mm, 135.0000 mm): PTH pad 2 [GND] of J_NTC
[solder_mask_bridge]: Front solder mask aperture bridges items with different nets
    Rule: board setup solder mask min width; error
    @(25.5000 mm, 15.5000 mm): Track [SW_NODE] on F.Cu, length 16.0000 mm
    @(30.9000 mm, 15.0000 mm): PTH pad 3 [DC_BUS+] of Q1
[solder_mask_bridge]: Front solder mask aperture bridges items with different nets
    Rule: board setup solder mask min width; error
    @(44.5000 mm, 26.5000 mm): Track [SW_NODE] on F.Cu, length 3.0000 mm
    @(45.2400 mm, 30.0000 mm): PTH pad 2 [DC_BUS+] of D1
[solder_mask_bridge]: Front solder mask aperture bridges items with different nets
    Rule: board setup solder mask min width; error
    @(44.5000 mm, 29.5000 mm): Track [SW_NODE] on F.Cu, length 2.0000 mm
    @(45.2400 mm, 30.0000 mm): PTH pad 2 [DC_BUS+] of D1
[solder_mask_bridge]: Front solder mask aperture bridges items with different nets
    Rule: board setup solder mask min width; error
    @(39.5000 mm, 37.5000 mm): Track [SW_NODE] on F.Cu, length 2.0000 mm
    @(39.5000 mm, 38.1750 mm): Pad 10 [GATE_L] of U_GATE on F.Cu
[solder_mask_bridge]: Front solder mask aperture bridges items with different nets
    Rule: board setup solder mask min width; error
    @(39.5000 mm, 39.5000 mm): Track [SW_NODE] on F.Cu, length 2.0000 mm
    @(39.5000 mm, 38.1750 mm): Pad 10 [GATE_L] of U_GATE on F.Cu
[solder_mask_bridge]: Front solder mask aperture bridges items with different nets
    Rule: board setup solder mask min width; error
    @(40.5000 mm, 37.5000 mm): Track [SW_NODE] on F.Cu, length 1.0000 mm
    @(39.5000 mm, 36.9050 mm): Pad 11 [+15V] of U_GATE on F.Cu
[solder_mask_bridge]: Front solder mask aperture bridges items with different nets
    Rule: board setup solder mask min width; error
    @(40.5000 mm, 36.5000 mm): Track [SW_NODE] on F.Cu, length 1.0000 mm
    @(39.5000 mm, 36.9050 mm): Pad 11 [+15V] of U_GATE on F.Cu
[solder_mask_bridge]: Front solder mask aperture bridges items with different nets
    Rule: board setup solder mask min width; error
    @(42.5000 mm, 31.5000 mm): Track [SW_NODE] on F.Cu, length 2.0000 mm
    @(39.5000 mm, 31.8250 mm): Pad 15 [GATE_H] of U_GATE on F.Cu
[solder_mask_bridge]: Front solder mask aperture bridges items with different nets
    Rule: board setup solder mask min width; error
    @(40.5000 mm, 31.5000 mm): Track [SW_NODE] on F.Cu, length 1.0000 mm
    @(39.5000 mm, 31.8250 mm): Pad 15 [GATE_H] of U_GATE on F.Cu
[solder_mask_bridge]: Front solder mask aperture bridges items with different nets
    Rule: board setup solder mask min width; error
    @(40.5000 mm, 31.5000 mm): Track [SW_NODE] on F.Cu, length 1.0000 mm
    @(41.0000 mm, 30.0000 mm): Pad 1 [VCC_BOOT] of C_BOOT on F.Cu
[solder_mask_bridge]: Front solder mask aperture bridges items with different nets
    Rule: board setup solder mask min width; error
    @(40.5000 mm, 30.5000 mm): Track [SW_NODE] on F.Cu, length 2.0000 mm
    @(41.0000 mm, 30.0000 mm): Pad 1 [VCC_BOOT] of C_BOOT on F.Cu
[solder_mask_bridge]: Front solder mask aperture bridges items with different nets
    Rule: board setup solder mask min width; error
    @(39.5000 mm, 37.5000 mm): Track [SW_NODE] on F.Cu, length 5.0000 mm
    @(39.5000 mm, 38.1750 mm): Pad 10 [GATE_L] of U_GATE on F.Cu
[solder_mask_bridge]: Front solder mask aperture bridges items with different nets
    Rule: board setup solder mask min width; error
    @(40.5000 mm, 32.5000 mm): Track [GATE_H] on F.Cu, length 1.0000 mm
    @(39.5000 mm, 33.0950 mm): Pad 14 [VCC_BOOT] of U_GATE on F.Cu
[solder_mask_bridge]: Front solder mask aperture bridges items with different nets
    Rule: board setup solder mask min width; error
    @(40.5000 mm, 33.5000 mm): Track [GATE_H] on F.Cu, length 1.0000 mm
    @(39.5000 mm, 33.0950 mm): Pad 14 [VCC_BOOT] of U_GATE on F.Cu
[solder_mask_bridge]: Front solder mask aperture bridges items with different nets
    Rule: board setup solder mask min width; error
    @(78.5000 mm, 96.5000 mm): Track [SPI_MISO] on F.Cu, length 1.0000 mm
    @(77.6000 mm, 96.5500 mm): Pad 20 [SPI_CLK] of U_MCU on F.Cu
[solder_mask_bridge]: Front solder mask aperture bridges items with different nets
    Rule: board setup solder mask min width; error
    @(78.5000 mm, 96.5000 mm): Track [SPI_MISO] on F.Cu, length 1.0000 mm
    @(78.0000 mm, 96.5500 mm): Pad 21 [SPI_MOSI] of U_MCU on F.Cu
[solder_mask_bridge]: Front solder mask aperture bridges items with different nets
    Rule: board setup solder mask min width; error
    @(78.5000 mm, 96.5000 mm): Track [SPI_MISO] on F.Cu, length 1.0000 mm
    @(78.8000 mm, 96.5500 mm): Pad 23 [SPI_CS_TEMP] of U_MCU on F.Cu
[solder_mask_bridge]: Front solder mask aperture bridges items with different nets
    Rule: board setup solder mask min width; error
    @(77.5000 mm, 96.5000 mm): Track [SPI_MISO] on F.Cu, length 2.0000 mm
    @(80.0000 mm, 100.0000 mm): Pad 57 [GND] of U_MCU on F.Cu
[solder_mask_bridge]: Front solder mask aperture bridges items with different nets
    Rule: board setup solder mask min width; error
    @(77.5000 mm, 96.5000 mm): Track [SPI_MISO] on F.Cu, length 2.0000 mm
    @(77.6000 mm, 96.5500 mm): Pad 20 [SPI_CLK] of U_MCU on F.Cu
[solder_mask_bridge]: Front solder mask aperture bridges items with different nets
    Rule: board setup solder mask min width; error
    @(77.5000 mm, 98.5000 mm): Track [SPI_MISO] on F.Cu, length 3.0000 mm
    @(76.5500 mm, 98.4000 mm): Pad 13 [PWM_H] of U_MCU on F.Cu
[solder_mask_bridge]: Front solder mask aperture bridges items with different nets
    Rule: board setup solder mask min width; error
    @(77.5000 mm, 98.5000 mm): Track [SPI_MISO] on F.Cu, length 3.0000 mm
    @(80.0000 mm, 100.0000 mm): Pad 57 [GND] of U_MCU on F.Cu
[solder_mask_bridge]: Front solder mask aperture bridges items with different nets
    Rule: board setup solder mask min width; error
    @(27.5000 mm, 108.5000 mm): Track [SPI_MISO] on F.Cu, length 2.0000 mm
    @(27.1000 mm, 109.0250 mm): Pad 4 [SPI_CS_TEMP] of U_CT on F.Cu
[solder_mask_bridge]: Front solder mask aperture bridges items with different nets
    Rule: board setup solder mask min width; error
    @(75.5000 mm, 43.5000 mm): Track [GND] on F.Cu, length 7.0000 mm
    @(75.0000 mm, 50.0000 mm): Pad 2 [+3V3] of U_LDO_3V3 on F.Cu
[solder_mask_bridge]: Front solder mask aperture bridges items with different nets
    Rule: board setup solder mask min width; error
    @(75.5000 mm, 43.5000 mm): Track [GND] on F.Cu, length 7.0000 mm
    @(75.0000 mm, 46.8000 mm): Pad 4 [+3V3] of U_LDO_3V3 on F.Cu
[solder_mask_bridge]: Front solder mask aperture bridges items with different nets
    Rule: board setup solder mask min width; error
    @(75.5000 mm, 50.5000 mm): Track [GND] on F.Cu, length 2.0000 mm
    @(75.0000 mm, 50.0000 mm): Pad 2 [+3V3] of U_LDO_3V3 on F.Cu
[solder_mask_bridge]: Front solder mask aperture bridges items with different nets
    Rule: board setup solder mask min width; error
    @(72.5000 mm, 96.5000 mm): Track [GND] on F.Cu, length 6.0000 mm
    @(72.5000 mm, 97.0000 mm): Pad 1 [+3V3] of C_MCU_1 on F.Cu
[solder_mask_bridge]: Front solder mask aperture bridges items with different nets
    Rule: board setup solder mask min width; error
    @(72.5000 mm, 96.5000 mm): Track [GND] on F.Cu, length 6.0000 mm
    @(72.5000 mm, 100.0000 mm): Pad 1 [+3V3] of C_MCU_2 on F.Cu
[solder_mask_bridge]: Front solder mask aperture bridges items with different nets
    Rule: board setup solder mask min width; error
    @(72.5000 mm, 98.5000 mm): Track [GND] on F.Cu, length 2.0000 mm
    @(72.5000 mm, 97.0000 mm): Pad 1 [+3V3] of C_MCU_1 on F.Cu
[solder_mask_bridge]: Rear solder mask aperture bridges items with different nets
    Rule: board setup solder mask min width; error
    @(88.5000 mm, 117.5000 mm): Track [GND] on B.Cu, length 8.0000 mm
    @(95.0000 mm, 117.5400 mm): PTH pad 2 [+3V3] of J_DEBUG
[solder_mask_bridge]: Rear solder mask aperture bridges items with different nets
    Rule: board setup solder mask min width; error
    @(95.5000 mm, 113.5000 mm): Track [+5V] on B.Cu, length 1.0000 mm
    @(95.0000 mm, 115.0000 mm): PTH pad 1 [GND] of J_DEBUG
[solder_mask_bridge]: Rear solder mask aperture bridges items with different nets
    Rule: board setup solder mask min width; error
    @(95.5000 mm, 114.5000 mm): Track [+5V] on B.Cu, length 3.0000 mm
    @(95.0000 mm, 115.0000 mm): PTH pad 1 [GND] of J_DEBUG
[solder_mask_bridge]: Front solder mask aperture bridges items with different nets
    Rule: board setup solder mask min width; error
    @(76.5000 mm, 103.5000 mm): Track [+3V3] on F.Cu, length 2.0000 mm
    @(76.5500 mm, 102.4000 mm): Pad 2 [GND] of U_MCU on F.Cu
[solder_mask_bridge]: Front solder mask aperture bridges items with different nets
    Rule: board setup solder mask min width; error
    @(81.5000 mm, 121.5000 mm): Track [+3V3] on F.Cu, length 39.0000 mm
    @(42.4750 mm, 121.9050 mm): Pad 5 [I_SENSE] of U_OPAMP_CT on F.Cu
[solder_mask_bridge]: Front solder mask aperture bridges items with different nets
    Rule: board setup solder mask min width; error
    @(42.5000 mm, 121.5000 mm): Track [+3V3] on F.Cu, length 2.0000 mm
    @(42.4750 mm, 121.9050 mm): Pad 5 [I_SENSE] of U_OPAMP_CT on F.Cu
[solder_mask_bridge]: Front solder mask aperture bridges items with different nets
    Rule: board setup solder mask min width; error
    @(38.5000 mm, 123.5000 mm): Track [+3V3] on F.Cu, length 2.0000 mm
    @(37.5250 mm, 121.9050 mm): Pad 4 [GND] of U_OPAMP_CT on F.Cu
[solder_mask_bridge]: Front solder mask aperture bridges items with different nets
    Rule: board setup solder mask min width; error
    @(38.5000 mm, 121.5000 mm): Track [+3V3] on F.Cu, length 10.0000 mm
    @(37.5250 mm, 121.9050 mm): Pad 4 [GND] of U_OPAMP_CT on F.Cu
[solder_mask_bridge]: Front solder mask aperture bridges items with different nets
    Rule: board setup solder mask min width; error
    @(28.5000 mm, 121.5000 mm): Track [+3V3] on F.Cu, length 1.0000 mm
    @(29.0000 mm, 120.0000 mm): Pad 1 [I_SENSE] of R_BURDEN on F.Cu
[solder_mask_bridge]: Front solder mask aperture bridges items with different nets
    Rule: board setup solder mask min width; error
    @(28.5000 mm, 120.5000 mm): Track [+3V3] on F.Cu, length 1.0000 mm
    @(29.0000 mm, 120.0000 mm): Pad 1 [I_SENSE] of R_BURDEN on F.Cu
[solder_mask_bridge]: Front solder mask aperture bridges items with different nets
    Rule: board setup solder mask min width; error
    @(92.5000 mm, 130.5000 mm): Track [USB_D+] on F.Cu, length 2.0000 mm
    @(92.6500 mm, 130.0000 mm): Pad A1 [GND] of J_USB on F.Cu
[solder_mask_bridge]: Front solder mask aperture bridges items with different nets
    Rule: board setup solder mask min width; error
    @(78.5000 mm, 97.5000 mm): Track [SPI_MOSI] on F.Cu, length 2.0000 mm
    @(80.0000 mm, 100.0000 mm): Pad 57 [GND] of U_MCU on F.Cu
[solder_mask_bridge]: Front solder mask aperture bridges items with different nets
    Rule: board setup solder mask min width; error
    @(78.5000 mm, 99.5000 mm): Track [SPI_MOSI] on F.Cu, length 3.0000 mm
    @(80.0000 mm, 100.0000 mm): Pad 57 [GND] of U_MCU on F.Cu
[solder_mask_bridge]: Rear solder mask aperture bridges items with different nets
    Rule: board setup solder mask min width; error
    @(85.5000 mm, 128.5000 mm): Track [USB_D-] on B.Cu, length 9.0000 mm
    @(95.0000 mm, 127.7000 mm): PTH pad 6 [<no net>] of J_DEBUG
[solder_mask_bridge]: Rear solder mask aperture bridges items with different nets
    Rule: board setup solder mask min width; error
    @(94.5000 mm, 128.5000 mm): Track [USB_D-] on B.Cu, length 1.0000 mm
    @(95.0000 mm, 127.7000 mm): PTH pad 6 [<no net>] of J_DEBUG
[solder_mask_bridge]: Front solder mask aperture bridges items with different nets
    Rule: board setup solder mask min width; error
    @(78.5000 mm, 100.5000 mm): Track [I_SENSE] on F.Cu, length 2.0000 mm
    @(80.0000 mm, 100.0000 mm): Pad 57 [GND] of U_MCU on F.Cu
[solder_mask_bridge]: Front solder mask aperture bridges items with different nets
    Rule: board setup solder mask min width; error
    @(80.5000 mm, 100.5000 mm): Track [I_SENSE] on F.Cu, length 20.0000 mm
    @(80.0000 mm, 100.0000 mm): Pad 57 [GND] of U_MCU on F.Cu
[solder_mask_bridge]: Front solder mask aperture bridges items with different nets
    Rule: board setup solder mask min width; error
    @(80.5000 mm, 120.5000 mm): Track [I_SENSE] on F.Cu, length 51.0000 mm
    @(31.0000 mm, 120.0000 mm): Pad 2 [GND] of R_BURDEN on F.Cu
[solder_mask_bridge]: Front solder mask aperture bridges items with different nets
    Rule: board setup solder mask min width; error
    @(31.5000 mm, 30.5000 mm): Via [CGND] on F.Cu - B.Cu
    @(30.0000 mm, 30.0000 mm): PTH pad 1 [AC_L] of D1
[solder_mask_bridge]: Front solder mask aperture bridges items with different nets
    Rule: board setup solder mask min width; error
    @(31.5000 mm, 30.5000 mm): Via [CGND] on F.Cu - B.Cu
    @(30.5000 mm, 30.5550 mm): Pad 1 [+15V] of U_GATE on F.Cu
[solder_mask_bridge]: Rear solder mask aperture bridges items with different nets
    Rule: board setup solder mask min width; error
    @(31.5000 mm, 30.5000 mm): Via [CGND] on F.Cu - B.Cu
    @(30.0000 mm, 30.0000 mm): PTH pad 1 [AC_L] of D1
[solder_mask_bridge]: Front solder mask aperture bridges items with different nets
    Rule: board setup solder mask min width; error
    @(29.5000 mm, 31.5000 mm): Via [+15V] on F.Cu - B.Cu
    @(30.0000 mm, 30.0000 mm): PTH pad 1 [AC_L] of D1
[solder_mask_bridge]: Front solder mask aperture bridges items with different nets
    Rule: board setup solder mask min width; error
    @(29.5000 mm, 31.5000 mm): Via [+15V] on F.Cu - B.Cu
    @(30.5000 mm, 31.8250 mm): Pad 2 [PWM_H] of U_GATE on F.Cu
[solder_mask_bridge]: Rear solder mask aperture bridges items with different nets
    Rule: board setup solder mask min width; error
    @(29.5000 mm, 31.5000 mm): Via [+15V] on F.Cu - B.Cu
    @(30.0000 mm, 30.0000 mm): PTH pad 1 [AC_L] of D1
[solder_mask_bridge]: Front solder mask aperture bridges items with different nets
    Rule: board setup solder mask min width; error
    @(29.5000 mm, 36.5000 mm): Via [+15V] on F.Cu - B.Cu
    @(30.5000 mm, 36.9050 mm): Pad 6 [CGND] of U_GATE on F.Cu
[solder_mask_bridge]: Front solder mask aperture bridges items with different nets
    Rule: board setup solder mask min width; error
    @(78.5000 mm, 96.5000 mm): Via [SPI_MISO] on F.Cu - B.Cu
    @(78.0000 mm, 96.5500 mm): Pad 21 [SPI_MOSI] of U_MCU on F.Cu
[solder_mask_bridge]: Front solder mask aperture bridges items with different nets
    Rule: board setup solder mask min width; error
    @(78.5000 mm, 96.5000 mm): Via [SPI_MISO] on F.Cu - B.Cu
    @(78.8000 mm, 96.5500 mm): Pad 23 [SPI_CS_TEMP] of U_MCU on F.Cu
[solder_mask_bridge]: Front solder mask aperture bridges items with different nets
    Rule: board setup solder mask min width; error
    @(27.5000 mm, 108.5000 mm): Via [SPI_MISO] on F.Cu - B.Cu
    @(27.1000 mm, 109.0250 mm): Pad 4 [SPI_CS_TEMP] of U_CT on F.Cu
[solder_mask_bridge]: Front solder mask aperture bridges items with different nets
    Rule: board setup solder mask min width; error
    @(26.5000 mm, 133.5000 mm): Via [SPI_MISO] on F.Cu - B.Cu
    @(27.1000 mm, 134.0250 mm): Pad 4 [TEMP_SENSE] of MAX31865 on F.Cu
[solder_mask_bridge]: Front solder mask aperture bridges items with different nets
    Rule: board setup solder mask min width; error
    @(73.5000 mm, 97.5000 mm): Via [+3V3] on F.Cu - B.Cu
    @(73.5000 mm, 97.0000 mm): Pad 2 [GND] of C_MCU_1 on F.Cu
[solder_mask_bridge]: Front solder mask aperture bridges items with different nets
    Rule: board setup solder mask min width; error
    @(92.5000 mm, 130.5000 mm): Via [USB_D+] on F.Cu - B.Cu
    @(92.6500 mm, 130.0000 mm): Pad A1 [GND] of J_USB on F.Cu
[solder_mask_bridge]: Front solder mask aperture bridges items with different nets
    Rule: board setup solder mask min width; error
    @(78.5000 mm, 97.5000 mm): Via [SPI_MOSI] on F.Cu - B.Cu
    @(80.0000 mm, 100.0000 mm): Pad 57 [GND] of U_MCU on F.Cu
[solder_mask_bridge]: Front solder mask aperture bridges items with different nets
    Rule: board setup solder mask min width; error
    @(78.5000 mm, 100.5000 mm): Via [I_SENSE] on F.Cu - B.Cu
    @(80.0000 mm, 100.0000 mm): Pad 57 [GND] of U_MCU on F.Cu
[solder_mask_bridge]: Front solder mask aperture bridges items with different nets
    Rule: board setup solder mask min width; error
    @(30.0000 mm, 30.0000 mm): PTH pad 1 [AC_L] of D1
    @(29.0000 mm, 30.0000 mm): Pad 1 [+15V] of C_VCC on F.Cu
[solder_mask_bridge]: Front solder mask aperture bridges items with different nets
    Rule: board setup solder mask min width; error
    @(30.0000 mm, 30.0000 mm): PTH pad 1 [AC_L] of D1
    @(31.0000 mm, 30.0000 mm): Pad 2 [CGND] of C_VCC on F.Cu
[solder_mask_bridge]: Front solder mask aperture bridges items with different nets
    Rule: board setup solder mask min width; error
    @(30.0000 mm, 30.0000 mm): PTH pad 1 [AC_L] of D1
    @(30.5000 mm, 30.5550 mm): Pad 1 [+15V] of U_GATE on F.Cu
[solder_mask_bridge]: Front solder mask aperture bridges items with different nets
    Rule: board setup solder mask min width; error
    @(30.5000 mm, 30.5550 mm): Pad 1 [+15V] of U_GATE on F.Cu
    @(31.0000 mm, 30.0000 mm): Pad 2 [CGND] of C_VCC on F.Cu
[solder_mask_bridge]: Front solder mask aperture bridges items with different nets
    Rule: board setup solder mask min width; error
    @(39.5000 mm, 30.5550 mm): Pad 16 [SW_NODE] of U_GATE on F.Cu
    @(41.0000 mm, 30.0000 mm): Pad 1 [VCC_BOOT] of C_BOOT on F.Cu
[solder_mask_bridge]: Front solder mask aperture bridges items with different nets
    Rule: board setup solder mask min width; error
    @(76.5500 mm, 102.8000 mm): Pad 1 [+3V3] of U_MCU on F.Cu
    @(76.5500 mm, 102.4000 mm): Pad 2 [GND] of U_MCU on F.Cu
[solder_mask_bridge]: Front solder mask aperture bridges items with different nets
    Rule: board setup solder mask min width; error
    @(76.5500 mm, 98.4000 mm): Pad 13 [PWM_H] of U_MCU on F.Cu
    @(76.5500 mm, 98.0000 mm): Pad 14 [PWM_L] of U_MCU on F.Cu
[solder_mask_bridge]: Front solder mask aperture bridges items with different nets
    Rule: board setup solder mask min width; error
    @(76.5500 mm, 98.0000 mm): Pad 14 [PWM_L] of U_MCU on F.Cu
    @(76.5500 mm, 97.6000 mm): Pad 15 [I_SENSE] of U_MCU on F.Cu
[solder_mask_bridge]: Front solder mask aperture bridges items with different nets
    Rule: board setup solder mask min width; error
    @(77.6000 mm, 96.5500 mm): Pad 20 [SPI_CLK] of U_MCU on F.Cu
    @(78.0000 mm, 96.5500 mm): Pad 21 [SPI_MOSI] of U_MCU on F.Cu
[solder_mask_bridge]: Front solder mask aperture bridges items with different nets
    Rule: board setup solder mask min width; error
    @(78.0000 mm, 96.5500 mm): Pad 21 [SPI_MOSI] of U_MCU on F.Cu
    @(78.4000 mm, 96.5500 mm): Pad 22 [SPI_MISO] of U_MCU on F.Cu
[solder_mask_bridge]: Front solder mask aperture bridges items with different nets
    Rule: board setup solder mask min width; error
    @(78.4000 mm, 96.5500 mm): Pad 22 [SPI_MISO] of U_MCU on F.Cu
    @(78.8000 mm, 96.5500 mm): Pad 23 [SPI_CS_TEMP] of U_MCU on F.Cu
[solder_mask_bridge]: Front solder mask aperture bridges items with different nets
    Rule: board setup solder mask min width; error
    @(83.4500 mm, 100.0000 mm): Pad 40 [USB_D+] of U_MCU on F.Cu
    @(83.4500 mm, 100.4000 mm): Pad 41 [USB_D-] of U_MCU on F.Cu
[solder_mask_bridge]: Front solder mask aperture bridges items with different nets
    Rule: board setup solder mask min width; error
    @(95.0000 mm, 130.0000 mm): Pad A6 [USB_D+] of J_USB on F.Cu
    @(95.4000 mm, 130.0000 mm): Pad B6 [USB_D-] of J_USB on F.Cu
[track_dangling]: Track has unconnected end
    Local override; warning
    @(40.5000 mm, 36.5000 mm): Track [PGND] on B.Cu, length 2.0000 mm
[track_dangling]: Track has unconnected end
    Local override; warning
    @(79.5000 mm, 97.5000 mm): Track [SPI_CS_TEMP] on B.Cu, length 1.0000 mm
[track_dangling]: Track has unconnected end
    Local override; warning
    @(27.5000 mm, 110.5000 mm): Track [SPI_CS_TEMP] on B.Cu, length 1.0000 mm
[track_dangling]: Track has unconnected end
    Local override; warning
    @(30.5000 mm, 36.5000 mm): Track [CGND] on B.Cu, length 3.0000 mm
[track_dangling]: Track has unconnected end
    Local override; warning
    @(30.5000 mm, 31.5000 mm): Track [+15V] on B.Cu, length 1.0000 mm
[track_dangling]: Track has unconnected end
    Local override; warning
    @(78.5000 mm, 65.5000 mm): Track [+15V] on B.Cu, length 1.0000 mm
[track_dangling]: Track has unconnected end
    Local override; warning
    @(40.5000 mm, 33.5000 mm): Track [VCC_BOOT] on B.Cu, length 3.0000 mm
[track_dangling]: Track has unconnected end
    Local override; warning
    @(40.5000 mm, 30.5000 mm): Track [VCC_BOOT] on B.Cu, length 1.0000 mm
[track_dangling]: Track has unconnected end
    Local override; warning
    @(30.5000 mm, 32.5000 mm): Track [PWM_H] on B.Cu, length 2.0000 mm
[track_dangling]: Track has unconnected end
    Local override; warning
    @(27.5000 mm, 118.5000 mm): Track [SPI_CLK] on B.Cu, length 14.0000 mm
[track_dangling]: Track has unconnected end
    Local override; warning
    @(79.5000 mm, 100.5000 mm): Track [GND] on B.Cu, length 0.0000 mm
[track_dangling]: Track has unconnected end
    Local override; warning
    @(74.5000 mm, 101.5000 mm): Track [GND] on B.Cu, length 0.0000 mm
[track_dangling]: Track has unconnected end
    Local override; warning
    @(93.5000 mm, 131.5000 mm): Track [GND] on B.Cu, length 0.0000 mm
[track_dangling]: Track has unconnected end
    Local override; warning
    @(14.5000 mm, 135.5000 mm): Track [GND] on B.Cu, length 1.0000 mm
[track_dangling]: Track has unconnected end
    Local override; warning
    @(30.5000 mm, 33.5000 mm): Track [PWM_L] on B.Cu, length 2.0000 mm
[track_dangling]: Track has unconnected end
    Local override; warning
    @(74.5000 mm, 30.5000 mm): Track [+5V] on B.Cu, length 1.0000 mm
[track_dangling]: Track has unconnected end
    Local override; warning
    @(42.5000 mm, 119.5000 mm): Track [+5V] on B.Cu, length 1.0000 mm
[track_dangling]: Track has unconnected end
    Local override; warning
    @(75.5000 mm, 50.5000 mm): Track [+3V3] on B.Cu, length 9.0000 mm
[track_dangling]: Track has unconnected end
    Local override; warning
    @(33.5000 mm, 119.5000 mm): Track [+3V3] on B.Cu, length 13.0000 mm
[track_dangling]: Track has unconnected end
    Local override; warning
    @(42.5000 mm, 122.5000 mm): Track [I_SENSE] on B.Cu, length 1.0000 mm
[via_dangling]: Via is not connected or connected on only one layer
    Local override; warning
    @(31.5000 mm, 30.5000 mm): Via [CGND] on F.Cu - B.Cu
[via_dangling]: Via is not connected or connected on only one layer
    Local override; warning
    @(27.5000 mm, 134.5000 mm): Via [TEMP_SENSE] on F.Cu - B.Cu
[via_dangling]: Via is not connected or connected on only one layer
    Local override; warning
    @(10.5000 mm, 135.5000 mm): Via [TEMP_SENSE] on F.Cu - B.Cu
[hole_to_hole]: Drilled hole too close to other hole (board setup constraints min 0.2495 mm; actual 0.1680 mm)
    Rule: board setup constraints; warning
    @(33.5000 mm, 60.5000 mm): Via [PGND] on F.Cu - B.Cu
    @(32.5000 mm, 60.0000 mm): PTH pad 2 [PGND] of C_BUS1
[hole_to_hole]: Drilled hole too close to other hole (board setup constraints min 0.2495 mm; actual 0.0000 mm)
    Rule: board setup constraints; warning
    @(52.5000 mm, 60.0000 mm): PTH pad 2 [PGND] of C_BUS2
    @(52.5000 mm, 60.5000 mm): Via [PGND] on F.Cu - B.Cu
[hole_to_hole]: Drilled hole too close to other hole (board setup constraints min 0.2495 mm; actual 0.0071 mm)
    Rule: board setup constraints; warning
    @(10.5000 mm, 135.5000 mm): Via [TEMP_SENSE] on F.Cu - B.Cu
    @(10.0000 mm, 135.0000 mm): PTH pad 1 [TEMP_SENSE] of J_NTC
[hole_to_hole]: Drilled hole too close to other hole (board setup constraints min 0.2495 mm; actual 0.1680 mm)
    Rule: board setup constraints; warning
    @(33.5000 mm, 60.5000 mm): Via [PGND] on F.Cu - B.Cu
    @(32.5000 mm, 60.0000 mm): PTH pad 2 [PGND] of C_BUS1
[hole_to_hole]: Drilled hole too close to other hole (board setup constraints min 0.2495 mm; actual 0.0000 mm)
    Rule: board setup constraints; warning
    @(52.5000 mm, 60.0000 mm): PTH pad 2 [PGND] of C_BUS2
    @(52.5000 mm, 60.5000 mm): Via [PGND] on F.Cu - B.Cu
[hole_to_hole]: Drilled hole too close to other hole (board setup constraints min 0.2495 mm; actual 0.0071 mm)
    Rule: board setup constraints; warning
    @(10.5000 mm, 135.5000 mm): Via [TEMP_SENSE] on F.Cu - B.Cu
    @(10.0000 mm, 135.0000 mm): PTH pad 1 [TEMP_SENSE] of J_NTC
[lib_footprint_issues]: The current configuration does not include the footprint library 'Connector_IEC'.
    Local override; warning
    @(10.0000 mm, 75.0000 mm): Footprint J_AC_IN
[lib_footprint_mismatch]: Footprint 'D_DO-201AD_P15.24mm_Horizontal' does not match copy in library 'Diode_THT'.
    Local override; warning
    @(30.0000 mm, 30.0000 mm): Footprint D1
[lib_footprint_mismatch]: Footprint 'D_DO-201AD_P15.24mm_Horizontal' does not match copy in library 'Diode_THT'.
    Local override; warning
    @(30.0000 mm, 45.0000 mm): Footprint D2
[lib_footprint_mismatch]: Footprint 'CP_Radial_D18.0mm_P7.50mm' does not match copy in library 'Capacitor_THT'.
    Local override; warning
    @(25.0000 mm, 60.0000 mm): Footprint C_BUS1
[lib_footprint_mismatch]: Footprint 'CP_Radial_D18.0mm_P7.50mm' does not match copy in library 'Capacitor_THT'.
    Local override; warning
    @(45.0000 mm, 60.0000 mm): Footprint C_BUS2
[lib_footprint_mismatch]: Footprint 'TO-247-3_Horizontal_TabDown' does not match copy in library 'Package_TO_SOT_THT'.
    Local override; warning
    @(20.0000 mm, 15.0000 mm): Footprint Q1
[lib_footprint_mismatch]: Footprint 'TO-247-3_Horizontal_TabDown' does not match copy in library 'Package_TO_SOT_THT'.
    Local override; warning
    @(45.0000 mm, 15.0000 mm): Footprint Q2
[lib_footprint_mismatch]: Footprint 'SOIC-16W_7.5x10.3mm_P1.27mm' does not match copy in library 'Package_SO'.
    Local override; warning
    @(35.0000 mm, 35.0000 mm): Footprint U_GATE
[lib_footprint_mismatch]: Footprint 'C_0805_2012Metric' does not match copy in library 'Capacitor_SMD'.
    Local override; warning
    @(42.0000 mm, 30.0000 mm): Footprint C_BOOT
[lib_footprint_mismatch]: Footprint 'C_0805_2012Metric' does not match copy in library 'Capacitor_SMD'.
    Local override; warning
    @(30.0000 mm, 30.0000 mm): Footprint C_VCC
[lib_footprint_mismatch]: Footprint 'R_0805_2012Metric' does not match copy in library 'Resistor_SMD'.
    Local override; warning
    @(25.0000 mm, 25.0000 mm): Footprint R_GATE_H
[lib_footprint_mismatch]: Footprint 'R_0805_2012Metric' does not match copy in library 'Resistor_SMD'.
    Local override; warning
    @(45.0000 mm, 25.0000 mm): Footprint R_GATE_L
[lib_footprint_mismatch]: Footprint 'SOT-23-6' does not match copy in library 'Package_TO_SOT_SMD'.
    Local override; warning
    @(75.0000 mm, 30.0000 mm): Footprint U_BUCK
[lib_footprint_mismatch]: Footprint 'SOT-223-3_TabPin2' does not match copy in library 'Package_TO_SOT_SMD'.
    Local override; warning
    @(75.0000 mm, 50.0000 mm): Footprint U_LDO_3V3
[lib_footprint_mismatch]: Footprint 'SOT-223-3_TabPin2' does not match copy in library 'Package_TO_SOT_SMD'.
    Local override; warning
    @(75.0000 mm, 65.0000 mm): Footprint U_LDO_5V
[lib_footprint_mismatch]: Footprint 'QFN-56-1EP_7x7mm_P0.4mm_EP5.6x5.6mm' does not match copy in library 'Package_DFN_QFN'.
    Local override; warning
    @(80.0000 mm, 100.0000 mm): Footprint U_MCU
[lib_footprint_mismatch]: Footprint 'C_0402_1005Metric' does not match copy in library 'Capacitor_SMD'.
    Local override; warning
    @(73.0000 mm, 97.0000 mm): Footprint C_MCU_1
[lib_footprint_mismatch]: Footprint 'C_0402_1005Metric' does not match copy in library 'Capacitor_SMD'.
    Local override; warning
    @(73.0000 mm, 100.0000 mm): Footprint C_MCU_2
[lib_footprint_mismatch]: Footprint 'C_0402_1005Metric' does not match copy in library 'Capacitor_SMD'.
    Local override; warning
    @(73.0000 mm, 103.0000 mm): Footprint C_MCU_3
[lib_footprint_mismatch]: Footprint 'C_0402_1005Metric' does not match copy in library 'Capacitor_SMD'.
    Local override; warning
    @(87.0000 mm, 100.0000 mm): Footprint C_MCU_4
[lib_footprint_mismatch]: Footprint 'USB_C_Receptacle_HRO_TYPE-C-31-M-12' does not match copy in library 'Connector_USB'.
    Local override; warning
    @(95.0000 mm, 130.0000 mm): Footprint J_USB
[lib_footprint_mismatch]: Footprint 'PinHeader_1x06_P2.54mm_Vertical' does not match copy in library 'Connector_PinHeader_2.54mm'.
    Local override; warning
    @(95.0000 mm, 115.0000 mm): Footprint J_DEBUG
[lib_footprint_mismatch]: Footprint 'TSSOP-20_4.4x6.5mm_P0.65mm' does not match copy in library 'Package_SO'.
    Local override; warning
    @(30.0000 mm, 110.0000 mm): Footprint U_CT
[lib_footprint_mismatch]: Footprint 'R_0805_2012Metric' does not match copy in library 'Resistor_SMD'.
    Local override; warning
    @(30.0000 mm, 120.0000 mm): Footprint R_BURDEN
[lib_footprint_mismatch]: Footprint 'C_0603_1608Metric' does not match copy in library 'Capacitor_SMD'.
    Local override; warning
    @(30.0000 mm, 125.0000 mm): Footprint C_CT_FILT
[lib_footprint_mismatch]: Footprint 'SOIC-8_3.9x4.9mm_P1.27mm' does not match copy in library 'Package_SO'.
    Local override; warning
    @(40.0000 mm, 120.0000 mm): Footprint U_OPAMP_CT
[lib_footprint_mismatch]: Footprint 'TSSOP-20_4.4x6.5mm_P0.65mm' does not match copy in library 'Package_SO'.
    Local override; warning
    @(30.0000 mm, 135.0000 mm): Footprint MAX31865
[lib_footprint_mismatch]: Footprint 'PhoenixContact_MCV_1,5_2-G-3.81_1x02_P3.81mm_Vertical' does not match copy in library 'Connector_Phoenix_MC'.
    Local override; warning
    @(10.0000 mm, 120.0000 mm): Footprint J_COIL
[lib_footprint_mismatch]: Footprint 'PinHeader_1x02_P2.54mm_Vertical' does not match copy in library 'Connector_PinHeader_2.54mm'.
    Local override; warning
    @(10.0000 mm, 135.0000 mm): Footprint J_NTC
[lib_footprint_mismatch]: Footprint 'MountingHole_3.2mm_M3' does not match copy in library 'MountingHole'.
    Local override; warning
    @(5.0000 mm, 5.0000 mm): Footprint MH1
[lib_footprint_mismatch]: Footprint 'MountingHole_3.2mm_M3' does not match copy in library 'MountingHole'.
    Local override; warning
    @(95.0000 mm, 5.0000 mm): Footprint MH2
[lib_footprint_mismatch]: Footprint 'MountingHole_3.2mm_M3' does not match copy in library 'MountingHole'.
    Local override; warning
    @(5.0000 mm, 145.0000 mm): Footprint MH3
[lib_footprint_mismatch]: Footprint 'MountingHole_3.2mm_M3' does not match copy in library 'MountingHole'.
    Local override; warning
    @(95.0000 mm, 145.0000 mm): Footprint MH4

** Found 61 unconnected pads **
[unconnected_items]: Missing connection between items
    Local override; error
    @(12.5400 mm, 135.0000 mm): PTH pad 2 [GND] of J_NTC
    @(14.5000 mm, 135.5000 mm): Track [GND] on B.Cu, length 1.0000 mm
[unconnected_items]: Missing connection between items
    Local override; error
    @(27.1000 mm, 137.9250 mm): Pad 10 [GND] of MAX31865 on F.Cu
    @(29.5000 mm, 138.5000 mm): Track [GND] on B.Cu, length 2.0000 mm
[unconnected_items]: Missing connection between items
    Local override; error
    @(30.8250 mm, 125.0000 mm): Pad 2 [GND] of C_CT_FILT on F.Cu
    @(31.5000 mm, 123.5000 mm): Track [GND] on B.Cu, length 1.0000 mm
[unconnected_items]: Missing connection between items
    Local override; error
    @(37.5000 mm, 124.5000 mm): Track [GND] on F.Cu, length 2.0000 mm
    @(37.5250 mm, 121.9050 mm): Pad 4 [GND] of U_OPAMP_CT on F.Cu
[unconnected_items]: Missing connection between items
    Local override; error
    @(71.5000 mm, 65.5000 mm): Track [GND] on B.Cu, length 2.0000 mm
    @(72.7000 mm, 65.0000 mm): Pad 1 [GND] of U_LDO_5V on F.Cu
[unconnected_items]: Missing connection between items
    Local override; error
    @(73.5000 mm, 97.0000 mm): Pad 2 [GND] of C_MCU_1 on F.Cu
    @(73.5000 mm, 97.5000 mm): Track [GND] on B.Cu, length 1.0000 mm
[unconnected_items]: Missing connection between items
    Local override; error
    @(76.1000 mm, 30.0000 mm): Pad 5 [GND] of U_BUCK on F.Cu
    @(76.1000 mm, 30.9500 mm): Pad 6 [GND] of U_BUCK on F.Cu
[unconnected_items]: Missing connection between items
    Local override; error
    @(74.5000 mm, 31.5000 mm): Track [GND] on B.Cu, length 2.0000 mm
    @(76.1000 mm, 30.9500 mm): Pad 6 [GND] of U_BUCK on F.Cu
[unconnected_items]: Missing connection between items
    Local override; error
    @(76.5500 mm, 102.4000 mm): Pad 2 [GND] of U_MCU on F.Cu
    @(73.5000 mm, 102.5000 mm): Track [GND] on B.Cu, length 5.0000 mm
[unconnected_items]: Missing connection between items
    Local override; error
    @(79.5000 mm, 101.5000 mm): Track [GND] on B.Cu, length 1.0000 mm
    @(80.0000 mm, 100.0000 mm): Pad 57 [GND] of U_MCU on F.Cu
[unconnected_items]: Missing connection between items
    Local override; error
    @(86.5000 mm, 99.5000 mm): Track [GND] on B.Cu, length 1.0000 mm
    @(87.5000 mm, 100.0000 mm): Pad 2 [GND] of C_MCU_4 on F.Cu
[unconnected_items]: Missing connection between items
    Local override; error
    @(96.5000 mm, 131.5000 mm): Track [GND] on B.Cu, length 3.0000 mm
    @(92.6500 mm, 130.0000 mm): Pad A1 [GND] of J_USB on F.Cu
[unconnected_items]: Missing connection between items
    Local override; error
    @(97.3500 mm, 130.0000 mm): Pad A12 [GND] of J_USB on F.Cu
    @(97.5000 mm, 130.5000 mm): Track [GND] on B.Cu, length 15.0000 mm
[unconnected_items]: Missing connection between items
    Local override; error
    @(39.5000 mm, 35.6350 mm): Pad 12 [PGND] of U_GATE on F.Cu
    @(39.5000 mm, 34.3650 mm): Pad 13 [PGND] of U_GATE on F.Cu
[unconnected_items]: Missing connection between items
    Local override; error
    @(40.5000 mm, 36.5000 mm): Track [PGND] on B.Cu, length 2.0000 mm
    @(39.5000 mm, 34.3650 mm): Pad 13 [PGND] of U_GATE on F.Cu
[unconnected_items]: Missing connection between items
    Local override; error
    @(50.5000 mm, 58.5000 mm): Track [PGND] on F.Cu, length 25.0000 mm
    @(50.4500 mm, 15.0000 mm): PTH pad 2 [PGND] of Q2
[unconnected_items]: Missing connection between items
    Local override; error
    @(32.9000 mm, 132.0750 mm): Pad 20 [+3V3] of MAX31865 on F.Cu
    @(33.5000 mm, 119.5000 mm): Track [+3V3] on B.Cu, length 13.0000 mm
[unconnected_items]: Missing connection between items
    Local override; error
    @(72.5000 mm, 98.5000 mm): Track [+3V3] on B.Cu, length 1.0000 mm
    @(72.5000 mm, 97.0000 mm): Pad 1 [+3V3] of C_MCU_1 on F.Cu
[unconnected_items]: Missing connection between items
    Local override; error
    @(72.5000 mm, 100.0000 mm): Pad 1 [+3V3] of C_MCU_2 on F.Cu
    @(74.5000 mm, 98.5000 mm): Track [+3V3] on B.Cu, length 2.0000 mm
[unconnected_items]: Missing connection between items
    Local override; error
    @(72.5000 mm, 103.0000 mm): Pad 1 [+3V3] of C_MCU_3 on F.Cu
    @(72.5000 mm, 100.0000 mm): Pad 1 [+3V3] of C_MCU_2 on F.Cu
[unconnected_items]: Missing connection between items
    Local override; error
    @(75.0000 mm, 50.0000 mm): Pad 2 [+3V3] of U_LDO_3V3 on F.Cu
    @(75.5000 mm, 50.5000 mm): Track [+3V3] on B.Cu, length 9.0000 mm
[unconnected_items]: Missing connection between items
    Local override; error
    @(75.0000 mm, 50.0000 mm): Pad 2 [+3V3] of U_LDO_3V3 on F.Cu
    @(75.0000 mm, 46.8000 mm): Pad 4 [+3V3] of U_LDO_3V3 on F.Cu
[unconnected_items]: Missing connection between items
    Local override; error
    @(85.5000 mm, 100.5000 mm): Track [+3V3] on B.Cu, length 1.0000 mm
    @(86.5000 mm, 100.0000 mm): Pad 1 [+3V3] of C_MCU_4 on F.Cu
[unconnected_items]: Missing connection between items
    Local override; error
    @(95.0000 mm, 117.5400 mm): PTH pad 2 [+3V3] of J_DEBUG
    @(86.5000 mm, 100.5000 mm): Track [+3V3] on B.Cu, length 18.0000 mm
[unconnected_items]: Missing connection between items
    Local override; error
    @(42.4750 mm, 119.3650 mm): Pad 7 [+5V] of U_OPAMP_CT on F.Cu
    @(83.5000 mm, 119.5000 mm): Track [+5V] on B.Cu, length 41.0000 mm
[unconnected_items]: Missing connection between items
    Local override; error
    @(42.5000 mm, 119.5000 mm): Track [+5V] on B.Cu, length 1.0000 mm
    @(42.4750 mm, 118.0950 mm): Pad 8 [+5V] of U_OPAMP_CT on F.Cu
[unconnected_items]: Missing connection between items
    Local override; error
    @(74.5000 mm, 30.5000 mm): Track [+5V] on B.Cu, length 1.0000 mm
    @(73.9000 mm, 30.0000 mm): Pad 2 [+5V] of U_BUCK on F.Cu
[unconnected_items]: Missing connection between items
    Local override; error
    @(76.5000 mm, 65.5000 mm): Track [+5V] on B.Cu, length 1.0000 mm
    @(75.0000 mm, 65.0000 mm): Pad 2 [+5V] of U_LDO_5V on F.Cu
[unconnected_items]: Missing connection between items
    Local override; error
    @(76.1000 mm, 29.0500 mm): Pad 4 [+5V] of U_BUCK on F.Cu
    @(75.5000 mm, 30.5000 mm): Track [+5V] on B.Cu, length 1.0000 mm
[unconnected_items]: Missing connection between items
    Local override; error
    @(77.5000 mm, 64.5000 mm): Track [+5V] on B.Cu, length 1.0000 mm
    @(75.0000 mm, 61.8000 mm): Pad 4 [+5V] of U_LDO_5V on F.Cu
[unconnected_items]: Missing connection between items
    Local override; error
    @(76.5000 mm, 50.5000 mm): Track [+5V] on B.Cu, length 1.0000 mm
    @(77.3000 mm, 50.0000 mm): Pad 3 [+5V] of U_LDO_3V3 on F.Cu
[unconnected_items]: Missing connection between items
    Local override; error
    @(29.0000 mm, 30.0000 mm): Pad 1 [+15V] of C_VCC on F.Cu
    @(29.5000 mm, 29.5000 mm): Track [+15V] on B.Cu, length 2.0000 mm
[unconnected_items]: Missing connection between items
    Local override; error
    @(30.5000 mm, 31.5000 mm): Track [+15V] on B.Cu, length 1.0000 mm
    @(30.5000 mm, 30.5550 mm): Pad 1 [+15V] of U_GATE on F.Cu
[unconnected_items]: Missing connection between items
    Local override; error
    @(39.5000 mm, 36.9050 mm): Pad 11 [+15V] of U_GATE on F.Cu
    @(40.5000 mm, 37.5000 mm): Track [+15V] on B.Cu, length 2.0000 mm
[unconnected_items]: Missing connection between items
    Local override; error
    @(73.9000 mm, 29.0500 mm): Pad 3 [+15V] of U_BUCK on F.Cu
    @(58.5000 mm, 29.5000 mm): Track [+15V] on B.Cu, length 15.0000 mm
[unconnected_items]: Missing connection between items
    Local override; error
    @(78.5000 mm, 65.5000 mm): Track [+15V] on B.Cu, length 1.0000 mm
    @(77.3000 mm, 65.0000 mm): Pad 3 [+15V] of U_LDO_5V on F.Cu
[unconnected_items]: Missing connection between items
    Local override; error
    @(39.5000 mm, 33.0950 mm): Pad 14 [VCC_BOOT] of U_GATE on F.Cu
    @(40.5000 mm, 33.5000 mm): Track [VCC_BOOT] on B.Cu, length 3.0000 mm
[unconnected_items]: Missing connection between items
    Local override; error
    @(40.5000 mm, 30.5000 mm): Track [VCC_BOOT] on B.Cu, length 1.0000 mm
    @(41.0000 mm, 30.0000 mm): Pad 1 [VCC_BOOT] of C_BOOT on F.Cu
[unconnected_items]: Missing connection between items
    Local override; error
    @(41.5000 mm, 32.5000 mm): Track [GATE_H] on F.Cu, length 1.0000 mm
    @(39.5000 mm, 31.8250 mm): Pad 15 [GATE_H] of U_GATE on F.Cu
[unconnected_items]: Missing connection between items
    Local override; error
    @(39.5000 mm, 38.1750 mm): Pad 10 [GATE_L] of U_GATE on F.Cu
    @(47.5000 mm, 38.5000 mm): Track [GATE_L] on F.Cu, length 4.0000 mm
[unconnected_items]: Missing connection between items
    Local override; error
    @(44.0000 mm, 25.0000 mm): Pad 1 [GATE_L] of R_GATE_L on F.Cu
    @(46.0000 mm, 25.0000 mm): Pad 2 [GATE_L] of R_GATE_L on F.Cu
[unconnected_items]: Missing connection between items
    Local override; error
    @(30.5000 mm, 31.8250 mm): Pad 2 [PWM_H] of U_GATE on F.Cu
    @(30.5000 mm, 32.5000 mm): Track [PWM_H] on B.Cu, length 2.0000 mm
[unconnected_items]: Missing connection between items
    Local override; error
    @(76.5500 mm, 98.4000 mm): Pad 13 [PWM_H] of U_MCU on F.Cu
    @(77.5000 mm, 96.5000 mm): Track [PWM_H] on B.Cu, length 2.0000 mm
[unconnected_items]: Missing connection between items
    Local override; error
    @(30.5000 mm, 33.0950 mm): Pad 3 [PWM_L] of U_GATE on F.Cu
    @(30.5000 mm, 33.5000 mm): Track [PWM_L] on B.Cu, length 2.0000 mm
[unconnected_items]: Missing connection between items
    Local override; error
    @(76.5500 mm, 98.0000 mm): Pad 14 [PWM_L] of U_MCU on F.Cu
    @(75.5000 mm, 98.5000 mm): Track [PWM_L] on B.Cu, length 2.0000 mm
[unconnected_items]: Missing connection between items
    Local override; error
    @(29.1750 mm, 125.0000 mm): Pad 1 [I_SENSE] of C_CT_FILT on F.Cu
    @(80.5000 mm, 120.5000 mm): Track [I_SENSE] on F.Cu, length 51.0000 mm
[unconnected_items]: Missing connection between items
    Local override; error
    @(37.5250 mm, 118.0950 mm): Pad 1 [I_SENSE] of U_OPAMP_CT on F.Cu
    @(29.5000 mm, 118.5000 mm): Track [I_SENSE] on B.Cu, length 9.0000 mm
[unconnected_items]: Missing connection between items
    Local override; error
    @(37.5250 mm, 119.3650 mm): Pad 2 [I_SENSE] of U_OPAMP_CT on F.Cu
    @(37.5250 mm, 118.0950 mm): Pad 1 [I_SENSE] of U_OPAMP_CT on F.Cu
[unconnected_items]: Missing connection between items
    Local override; error
    @(42.4750 mm, 121.9050 mm): Pad 5 [I_SENSE] of U_OPAMP_CT on F.Cu
    @(42.5000 mm, 122.5000 mm): Track [I_SENSE] on B.Cu, length 1.0000 mm
[unconnected_items]: Missing connection between items
    Local override; error
    @(76.5500 mm, 97.6000 mm): Pad 15 [I_SENSE] of U_MCU on F.Cu
    @(77.5000 mm, 98.5000 mm): Track [I_SENSE] on B.Cu, length 2.0000 mm
[unconnected_items]: Missing connection between items
    Local override; error
    @(27.1000 mm, 132.0750 mm): Pad 1 [SPI_CLK] of MAX31865 on F.Cu
    @(27.5000 mm, 118.5000 mm): Track [SPI_CLK] on B.Cu, length 14.0000 mm
[unconnected_items]: Missing connection between items
    Local override; error
    @(29.5000 mm, 106.5000 mm): Track [SPI_CLK] on B.Cu, length 2.0000 mm
    @(27.1000 mm, 107.0750 mm): Pad 1 [SPI_CLK] of U_CT on F.Cu
[unconnected_items]: Missing connection between items
    Local override; error
    @(78.5000 mm, 97.5000 mm): Track [SPI_CLK] on B.Cu, length 2.0000 mm
    @(77.6000 mm, 96.5500 mm): Pad 20 [SPI_CLK] of U_MCU on F.Cu
[unconnected_items]: Missing connection between items
    Local override; error
    @(27.1000 mm, 107.7250 mm): Pad 2 [SPI_MOSI] of U_CT on F.Cu
    @(26.5000 mm, 108.5000 mm): Track [SPI_MOSI] on B.Cu, length 1.0000 mm
[unconnected_items]: Missing connection between items
    Local override; error
    @(28.5000 mm, 133.5000 mm): Track [SPI_MOSI] on B.Cu, length 1.0000 mm
    @(27.1000 mm, 132.7250 mm): Pad 2 [SPI_MOSI] of MAX31865 on F.Cu
[unconnected_items]: Missing connection between items
    Local override; error
    @(78.5000 mm, 97.5000 mm): Via [SPI_MOSI] on F.Cu - B.Cu
    @(78.0000 mm, 96.5500 mm): Pad 21 [SPI_MOSI] of U_MCU on F.Cu
[unconnected_items]: Missing connection between items
    Local override; error
    @(27.1000 mm, 109.0250 mm): Pad 4 [SPI_CS_TEMP] of U_CT on F.Cu
    @(27.5000 mm, 110.5000 mm): Track [SPI_CS_TEMP] on B.Cu, length 1.0000 mm
[unconnected_items]: Missing connection between items
    Local override; error
    @(79.5000 mm, 97.5000 mm): Track [SPI_CS_TEMP] on B.Cu, length 1.0000 mm
    @(78.8000 mm, 96.5500 mm): Pad 23 [SPI_CS_TEMP] of U_MCU on F.Cu
[unconnected_items]: Missing connection between items
    Local override; error
    @(83.4500 mm, 100.0000 mm): Pad 40 [USB_D+] of U_MCU on F.Cu
    @(83.5000 mm, 100.5000 mm): Track [USB_D+] on B.Cu, length 2.0000 mm
[unconnected_items]: Missing connection between items
    Local override; error
    @(83.5000 mm, 100.5000 mm): Track [USB_D-] on B.Cu, length 1.0000 mm
    @(83.4500 mm, 100.4000 mm): Pad 41 [USB_D-] of U_MCU on F.Cu
[unconnected_items]: Missing connection between items
    Local override; error
    @(95.4000 mm, 130.0000 mm): Pad B6 [USB_D-] of J_USB on F.Cu
    @(95.5000 mm, 129.5000 mm): Track [USB_D-] on B.Cu, length 1.0000 mm

** Found 0 Footprint errors **

** End of Report **
