M222_control_010 cap_00 0
M222_control_010 cap_01 0
M222_control_010 cap_02 0
M222_control_010 island_01 0
M222_control_010 island_02 0
M222_control_010 carrier_01 0
M222_control_010 carrier_02 0
M222_thin_0075 cap_00 0
M222_thin_0075 cap_01 0
M222_thin_0075 cap_02 0
M222_thin_0075 island_01 0
M222_thin_0075 island_02 0
M222_thin_0075 carrier_01 0
M222_thin_0075 carrier_02 0
IST308_thin_0075 cap_00 0
IST308_thin_0075 cap_01 0
IST308_thin_0075 cap_02 0
IST308_thin_0075 island_01 0
IST308_thin_0075 island_02 0
IST308_thin_0075 carrier_01 0
IST308_thin_0075 carrier_02 0
