Info    : Running '/opt/homebrew/bin/gmsh -3 local.geo -format msh2 -o local.msh -nt 1' [Gmsh 4.15.2-git, 1 node, max. 1 thread]
Info    : Started on Wed Sep 16 12:58:19 2026
Info    : Reading 'local.geo'...
Info    : Done reading 'local.geo'
Info    : Meshing 1D...
Info    : [  0%] Meshing curve 1 (Line)
Info    : [ 10%] Meshing curve 2 (Line)
Info    : [ 10%] Meshing curve 3 (Line)
Info    : [ 10%] Meshing curve 4 (Line)
Info    : [ 10%] Meshing curve 5 (Line)
Info    : [ 10%] Meshing curve 6 (Line)
Info    : [ 10%] Meshing curve 7 (Line)
Info    : [ 10%] Meshing curve 8 (Line)
Info    : [ 10%] Meshing curve 9 (Line)
Info    : [ 10%] Meshing curve 10 (Line)
Info    : [ 10%] Meshing curve 11 (Circle)
Info    : [ 20%] Meshing curve 12 (Line)
Info    : [ 20%] Meshing curve 13 (Line)
Info    : [ 20%] Meshing curve 14 (Line)
Info    : [ 20%] Meshing curve 15 (Line)
Info    : [ 20%] Meshing curve 16 (Line)
Info    : [ 20%] Meshing curve 17 (Line)
Info    : [ 20%] Meshing curve 18 (Circle)
Info    : [ 20%] Meshing curve 19 (Line)
Info    : [ 20%] Meshing curve 20 (Line)
Info    : [ 20%] Meshing curve 21 (Line)
Info    : [ 20%] Meshing curve 22 (Line)
Info    : [ 30%] Meshing curve 23 (Line)
Info    : [ 30%] Meshing curve 24 (Line)
Info    : [ 30%] Meshing curve 25 (Line)
Info    : [ 30%] Meshing curve 26 (Circle)
Info    : [ 30%] Meshing curve 27 (Line)
Info    : [ 30%] Meshing curve 28 (Line)
Info    : [ 30%] Meshing curve 29 (Circle)
Info    : [ 30%] Meshing curve 30 (Line)
Info    : [ 30%] Meshing curve 31 (Line)
Info    : [ 30%] Meshing curve 32 (Circle)
Info    : [ 40%] Meshing curve 33 (Line)
Info    : [ 40%] Meshing curve 34 (Line)
Info    : [ 40%] Meshing curve 35 (Circle)
Info    : [ 40%] Meshing curve 36 (Line)
Info    : [ 40%] Meshing curve 37 (Line)
Info    : [ 40%] Meshing curve 38 (Line)
Info    : [ 40%] Meshing curve 39 (Line)
Info    : [ 40%] Meshing curve 40 (Line)
Info    : [ 40%] Meshing curve 41 (Line)
Info    : [ 40%] Meshing curve 42 (Line)
Info    : [ 40%] Meshing curve 43 (Circle)
Info    : [ 50%] Meshing curve 44 (Line)
Info    : [ 50%] Meshing curve 45 (Line)
Info    : [ 50%] Meshing curve 46 (Circle)
Info    : [ 50%] Meshing curve 47 (Line)
Info    : [ 50%] Meshing curve 48 (Line)
Info    : [ 50%] Meshing curve 49 (Line)
Info    : [ 50%] Meshing curve 50 (Line)
Info    : [ 50%] Meshing curve 51 (Circle)
Info    : [ 50%] Meshing curve 52 (Line)
Info    : [ 50%] Meshing curve 53 (Circle)
Info    : [ 60%] Meshing curve 54 (Line)
Info    : [ 60%] Meshing curve 55 (Line)
Info    : [ 60%] Meshing curve 56 (Line)
Info    : [ 60%] Meshing curve 57 (Line)
Info    : [ 60%] Meshing curve 58 (Line)
Info    : [ 60%] Meshing curve 59 (Line)
Info    : [ 60%] Meshing curve 60 (Line)
Info    : [ 60%] Meshing curve 61 (Line)
Info    : [ 60%] Meshing curve 62 (Line)
Info    : [ 60%] Meshing curve 63 (Line)
Info    : [ 60%] Meshing curve 64 (Circle)
Info    : [ 70%] Meshing curve 65 (Line)
Info    : [ 70%] Meshing curve 66 (Line)
Info    : [ 70%] Meshing curve 67 (Line)
Info    : [ 70%] Meshing curve 68 (Circle)
Info    : [ 70%] Meshing curve 69 (Circle)
Info    : [ 70%] Meshing curve 70 (Line)
Info    : [ 70%] Meshing curve 71 (Circle)
Info    : [ 70%] Meshing curve 72 (Line)
Info    : [ 70%] Meshing curve 73 (Line)
Info    : [ 70%] Meshing curve 74 (Line)
Info    : [ 70%] Meshing curve 75 (Line)
Info    : [ 80%] Meshing curve 76 (Line)
Info    : [ 80%] Meshing curve 77 (Line)
Info    : [ 80%] Meshing curve 78 (Line)
Info    : [ 80%] Meshing curve 79 (Line)
Info    : [ 80%] Meshing curve 80 (Line)
Info    : [ 80%] Meshing curve 81 (Line)
Info    : [ 80%] Meshing curve 82 (Line)
Info    : [ 80%] Meshing curve 83 (Line)
Info    : [ 80%] Meshing curve 84 (Circle)
Info    : [ 80%] Meshing curve 85 (Circle)
Info    : [ 90%] Meshing curve 86 (Line)
Info    : [ 90%] Meshing curve 87 (Line)
Info    : [ 90%] Meshing curve 88 (Line)
Info    : [ 90%] Meshing curve 89 (Circle)
Info    : [ 90%] Meshing curve 90 (Circle)
Info    : [ 90%] Meshing curve 91 (Line)
Info    : [ 90%] Meshing curve 92 (Line)
Info    : [ 90%] Meshing curve 93 (Line)
Info    : [ 90%] Meshing curve 94 (Line)
Info    : [ 90%] Meshing curve 95 (Line)
Info    : [ 90%] Meshing curve 96 (Line)
Info    : [100%] Meshing curve 97 (Line)
Info    : [100%] Meshing curve 98 (Line)
Info    : [100%] Meshing curve 99 (Circle)
Info    : [100%] Meshing curve 100 (Line)
Info    : [100%] Meshing curve 101 (Circle)
Info    : [100%] Meshing curve 102 (Line)
Info    : [100%] Meshing curve 103 (Circle)
Info    : [100%] Meshing curve 104 (Circle)
Info    : [100%] Meshing curve 105 (Circle)
Info    : [100%] Meshing curve 106 (Circle)
Info    : Done meshing 1D (Wall 0.00439896s, CPU 0.004081s)
Info    : Meshing 2D...
Info    : [  0%] Meshing surface 1 (Plane, Frontal-Delaunay)
Info    : [ 10%] Meshing surface 2 (Plane, Frontal-Delaunay)
Info    : [ 10%] Meshing surface 3 (Plane, Frontal-Delaunay)
Info    : [ 10%] Meshing surface 4 (Plane, Frontal-Delaunay)
Info    : [ 10%] Meshing surface 5 (Plane, Frontal-Delaunay)
Info    : [ 10%] Meshing surface 6 (Plane, Frontal-Delaunay)
Info    : [ 10%] Meshing surface 7 (Plane, Frontal-Delaunay)
Info    : [ 10%] Meshing surface 8 (Plane, Frontal-Delaunay)
Info    : [ 20%] Meshing surface 9 (Cylinder, Frontal-Delaunay)
Info    : [ 20%] Meshing surface 10 (Plane, Frontal-Delaunay)
Info    : [ 20%] Meshing surface 11 (Plane, Frontal-Delaunay)
Info    : [ 20%] Meshing surface 12 (Plane, Frontal-Delaunay)
Info    : [ 20%] Meshing surface 13 (Cylinder, Frontal-Delaunay)
Info    : [ 20%] Meshing surface 14 (Plane, Frontal-Delaunay)
Info    : [ 20%] Meshing surface 15 (Plane, Frontal-Delaunay)
Info    : [ 30%] Meshing surface 16 (Plane, Frontal-Delaunay)
Info    : [ 30%] Meshing surface 17 (Plane, Frontal-Delaunay)
Info    : [ 30%] Meshing surface 18 (Plane, Frontal-Delaunay)
Info    : [ 30%] Meshing surface 19 (Cylinder, Frontal-Delaunay)
Info    : [ 30%] Meshing surface 20 (Plane, Frontal-Delaunay)
Info    : [ 30%] Meshing surface 21 (Plane, Frontal-Delaunay)
Info    : [ 30%] Meshing surface 22 (Plane, Frontal-Delaunay)
Info    : [ 40%] Meshing surface 23 (Plane, Frontal-Delaunay)
Info    : [ 40%] Meshing surface 24 (Plane, Frontal-Delaunay)
Info    : [ 40%] Meshing surface 25 (Plane, Frontal-Delaunay)
Info    : [ 40%] Meshing surface 26 (Plane, Frontal-Delaunay)
Info    : [ 40%] Meshing surface 27 (Cylinder, Frontal-Delaunay)
Info    : [ 40%] Meshing surface 28 (Plane, Frontal-Delaunay)
Info    : [ 40%] Meshing surface 29 (Plane, Frontal-Delaunay)
Info    : [ 50%] Meshing surface 30 (Plane, Frontal-Delaunay)
Info    : [ 50%] Meshing surface 31 (Plane, Frontal-Delaunay)
Info    : [ 50%] Meshing surface 32 (Cylinder, Frontal-Delaunay)
Info    : [ 50%] Meshing surface 33 (Plane, Frontal-Delaunay)
Info    : [ 50%] Meshing surface 34 (Plane, Frontal-Delaunay)
Info    : [ 50%] Meshing surface 35 (Plane, Frontal-Delaunay)
Info    : [ 50%] Meshing surface 36 (Plane, Frontal-Delaunay)
Info    : [ 60%] Meshing surface 37 (Plane, Frontal-Delaunay)
Info    : [ 60%] Meshing surface 38 (Plane, Frontal-Delaunay)
Info    : [ 60%] Meshing surface 39 (Plane, Frontal-Delaunay)
Info    : [ 60%] Meshing surface 40 (Plane, Frontal-Delaunay)
Info    : [ 60%] Meshing surface 41 (Plane, Frontal-Delaunay)
Info    : [ 60%] Meshing surface 42 (Plane, Frontal-Delaunay)
Info    : [ 60%] Meshing surface 43 (Cylinder, Frontal-Delaunay)
Info    : [ 60%] Meshing surface 44 (Plane, Frontal-Delaunay)
Info    : [ 70%] Meshing surface 45 (Cylinder, Frontal-Delaunay)
Info    : [ 70%] Meshing surface 46 (Plane, Frontal-Delaunay)
Info    : [ 70%] Meshing surface 47 (Plane, Frontal-Delaunay)
Info    : [ 70%] Meshing surface 48 (Plane, Frontal-Delaunay)
Info    : [ 70%] Meshing surface 49 (Plane, Frontal-Delaunay)
Info    : [ 70%] Meshing surface 50 (Plane, Frontal-Delaunay)
Info    : [ 70%] Meshing surface 51 (Plane, Frontal-Delaunay)
Info    : [ 80%] Meshing surface 52 (Plane, Frontal-Delaunay)
Info    : [ 80%] Meshing surface 53 (Plane, Frontal-Delaunay)
Info    : [ 80%] Meshing surface 54 (Plane, Frontal-Delaunay)
Info    : [ 80%] Meshing surface 55 (Plane, Frontal-Delaunay)
Info    : [ 80%] Meshing surface 56 (Plane, Frontal-Delaunay)
Info    : [ 80%] Meshing surface 57 (Cylinder, Frontal-Delaunay)
Info    : [ 80%] Meshing surface 58 (Cylinder, Frontal-Delaunay)
Info    : [ 90%] Meshing surface 59 (Plane, Frontal-Delaunay)
Info    : [ 90%] Meshing surface 60 (Plane, Frontal-Delaunay)
Info    : [ 90%] Meshing surface 61 (Plane, Frontal-Delaunay)
Info    : [ 90%] Meshing surface 62 (Plane, Frontal-Delaunay)
Info    : [ 90%] Meshing surface 63 (Plane, Frontal-Delaunay)
Info    : [ 90%] Meshing surface 64 (Plane, Frontal-Delaunay)
Info    : [ 90%] Meshing surface 65 (Plane, Frontal-Delaunay)
Info    : [100%] Meshing surface 66 (Cylinder, Frontal-Delaunay)
Info    : [100%] Meshing surface 67 (Plane, Frontal-Delaunay)
Info    : [100%] Meshing surface 68 (Plane, Frontal-Delaunay)
Info    : [100%] Meshing surface 69 (Cylinder, Frontal-Delaunay)
Info    : [100%] Meshing surface 70 (Cylinder, Frontal-Delaunay)
Info    : [100%] Meshing surface 71 (Plane, Frontal-Delaunay)
Info    : [100%] Meshing surface 72 (Plane, Frontal-Delaunay)
Info    : Done meshing 2D (Wall 0.0828155s, CPU 0.082323s)
Info    : Meshing 3D...
Info    : 3D Meshing 16 volumes with 2 connected components
Info    : Tetrahedrizing 1873 nodes...
Info    : Done tetrahedrizing 1881 nodes (Wall 0.011649s, CPU 0.011508s)
Info    : Reconstructing mesh...
Info    :  - Creating surface mesh
Info    :  - Identifying boundary edges
Info    :  - Recovering boundary
Info    :  - Added 22 Steiner points
Info    : Done reconstructing mesh (Wall 0.043846s, CPU 0.043183s)
Info    : Found volume 3
Info    : Found volume 13
Info    : Found volume 12
Info    : Found volume 1
Info    : Found volume 4
Info    : Found volume 2
Info    : Found volume 5
Info    : It. 0 - 0 nodes created - worst tet radius 1.14305 (nodes removed 0 0)
Info    : 3D refinement terminated (4381 nodes total):
Info    :  - 0 Delaunay cavities modified for star shapeness
Info    :  - 32 nodes could not be inserted
Info    :  - 5495 tetrahedra created in 7.19579e-05 sec. (76364053 tets/s)
Info    : 25 node relocations
Info    : Tetrahedrizing 2486 nodes...
Info    : Done tetrahedrizing 2494 nodes (Wall 0.0167968s, CPU 0.016714s)
Info    : Reconstructing mesh...
Info    :  - Creating surface mesh
Info    :  - Identifying boundary edges
Info    :  - Recovering boundary
Info    :  - Added 59 Steiner points
Info    : Done reconstructing mesh (Wall 0.0891103s, CPU 0.088239s)
Info    : Found volume 11
Info    : Found volume 10
Info    : Found volume 14
Info    : Found volume 7
Info    : Found volume 15
Info    : Found volume 9
Info    : Found volume 16
Info    : Found volume 8
Info    : Found volume 6
Info    : It. 0 - 0 nodes created - worst tet radius 2.51777 (nodes removed 0 0)
Info    : 3D refinement terminated (4418 nodes total):
Info    :  - 0 Delaunay cavities modified for star shapeness
Info    :  - 70 nodes could not be inserted
Info    :  - 7396 tetrahedra created in 0.000132083 sec. (55995011 tets/s)
Info    : 54 node relocations
Info    : Done meshing 3D (Wall 0.189046s, CPU 0.187055s)
Info    : Optimizing mesh...
Info    : Optimizing volume 1
Info    : Optimization starts (volume = 5.51383e-10) with worst = 0.216894 / average = 0.600564:
Info    : 0.00 < quality < 0.10 :         0 elements
Info    : 0.10 < quality < 0.20 :         0 elements
Info    : 0.20 < quality < 0.30 :        13 elements
Info    : 0.30 < quality < 0.40 :        35 elements
Info    : 0.40 < quality < 0.50 :        17 elements
Info    : 0.50 < quality < 0.60 :       503 elements
Info    : 0.60 < quality < 0.70 :      1045 elements
Info    : 0.70 < quality < 0.80 :        10 elements
Info    : 0.80 < quality < 0.90 :         0 elements
Info    : 0.90 < quality < 1.00 :         0 elements
Info    : 1 edge swaps, 2 node relocations (volume = 5.51383e-10): worst = 0.219793 / average = 0.600793 (Wall 0.000162125s, CPU 0.000146s)
Info    : No ill-shaped tets in the mesh :-)
Info    : 0.00 < quality < 0.10 :         0 elements
Info    : 0.10 < quality < 0.20 :         0 elements
Info    : 0.20 < quality < 0.30 :        12 elements
Info    : 0.30 < quality < 0.40 :        35 elements
Info    : 0.40 < quality < 0.50 :        18 elements
Info    : 0.50 < quality < 0.60 :       501 elements
Info    : 0.60 < quality < 0.70 :      1047 elements
Info    : 0.70 < quality < 0.80 :        10 elements
Info    : 0.80 < quality < 0.90 :         0 elements
Info    : 0.90 < quality < 1.00 :         0 elements
Info    : Optimizing volume 2
Info    : Optimization starts (volume = 8.28928e-12) with worst = 0.0538639 / average = 0.474144:
Info    : 0.00 < quality < 0.10 :         6 elements
Info    : 0.10 < quality < 0.20 :         0 elements
Info    : 0.20 < quality < 0.30 :         1 elements
Info    : 0.30 < quality < 0.40 :         9 elements
Info    : 0.40 < quality < 0.50 :         2 elements
Info    : 0.50 < quality < 0.60 :        18 elements
Info    : 0.60 < quality < 0.70 :        11 elements
Info    : 0.70 < quality < 0.80 :         1 elements
Info    : 0.80 < quality < 0.90 :         0 elements
Info    : 0.90 < quality < 1.00 :         0 elements
Info    : No ill-shaped tets in the mesh :-)
Info    : 0.00 < quality < 0.10 :         6 elements
Info    : 0.10 < quality < 0.20 :         0 elements
Info    : 0.20 < quality < 0.30 :         1 elements
Info    : 0.30 < quality < 0.40 :         9 elements
Info    : 0.40 < quality < 0.50 :         2 elements
Info    : 0.50 < quality < 0.60 :        18 elements
Info    : 0.60 < quality < 0.70 :        11 elements
Info    : 0.70 < quality < 0.80 :         1 elements
Info    : 0.80 < quality < 0.90 :         0 elements
Info    : 0.90 < quality < 1.00 :         0 elements
Info    : Optimizing volume 3
Info    : Optimization starts (volume = 4.39117e-10) with worst = 0.22326 / average = 0.595874:
Info    : 0.00 < quality < 0.10 :         0 elements
Info    : 0.10 < quality < 0.20 :         0 elements
Info    : 0.20 < quality < 0.30 :        14 elements
Info    : 0.30 < quality < 0.40 :         7 elements
Info    : 0.40 < quality < 0.50 :        26 elements
Info    : 0.50 < quality < 0.60 :       393 elements
Info    : 0.60 < quality < 0.70 :       760 elements
Info    : 0.70 < quality < 0.80 :         0 elements
Info    : 0.80 < quality < 0.90 :         0 elements
Info    : 0.90 < quality < 1.00 :         0 elements
Info    : No ill-shaped tets in the mesh :-)
Info    : 0.00 < quality < 0.10 :         0 elements
Info    : 0.10 < quality < 0.20 :         0 elements
Info    : 0.20 < quality < 0.30 :        14 elements
Info    : 0.30 < quality < 0.40 :         7 elements
Info    : 0.40 < quality < 0.50 :        26 elements
Info    : 0.50 < quality < 0.60 :       393 elements
Info    : 0.60 < quality < 0.70 :       760 elements
Info    : 0.70 < quality < 0.80 :         0 elements
Info    : 0.80 < quality < 0.90 :         0 elements
Info    : 0.90 < quality < 1.00 :         0 elements
Info    : Optimizing volume 4
Info    : Optimization starts (volume = 8.28928e-12) with worst = 0.0457272 / average = 0.473126:
Info    : 0.00 < quality < 0.10 :         6 elements
Info    : 0.10 < quality < 0.20 :         0 elements
Info    : 0.20 < quality < 0.30 :         2 elements
Info    : 0.30 < quality < 0.40 :         8 elements
Info    : 0.40 < quality < 0.50 :         3 elements
Info    : 0.50 < quality < 0.60 :        16 elements
Info    : 0.60 < quality < 0.70 :        12 elements
Info    : 0.70 < quality < 0.80 :         1 elements
Info    : 0.80 < quality < 0.90 :         0 elements
Info    : 0.90 < quality < 1.00 :         0 elements
Info    : 1 edge swaps, 0 node relocations (volume = 8.28928e-12): worst = 0.0457272 / average = 0.476614 (Wall 4.8375e-05s, CPU 3.4e-05s)
Info    : No ill-shaped tets in the mesh :-)
Info    : 0.00 < quality < 0.10 :         6 elements
Info    : 0.10 < quality < 0.20 :         0 elements
Info    : 0.20 < quality < 0.30 :         1 elements
Info    : 0.30 < quality < 0.40 :         9 elements
Info    : 0.40 < quality < 0.50 :         2 elements
Info    : 0.50 < quality < 0.60 :        17 elements
Info    : 0.60 < quality < 0.70 :        12 elements
Info    : 0.70 < quality < 0.80 :         1 elements
Info    : 0.80 < quality < 0.90 :         0 elements
Info    : 0.90 < quality < 1.00 :         0 elements
Info    : Optimizing volume 5
Info    : Optimization starts (volume = 2.91421e-10) with worst = 0.00859126 / average = 0.591433:
Info    : 0.00 < quality < 0.10 :        37 elements
Info    : 0.10 < quality < 0.20 :        21 elements
Info    : 0.20 < quality < 0.30 :        15 elements
Info    : 0.30 < quality < 0.40 :         6 elements
Info    : 0.40 < quality < 0.50 :         8 elements
Info    : 0.50 < quality < 0.60 :       133 elements
Info    : 0.60 < quality < 0.70 :       596 elements
Info    : 0.70 < quality < 0.80 :        71 elements
Info    : 0.80 < quality < 0.90 :         1 elements
Info    : 0.90 < quality < 1.00 :         0 elements
Info    : 72 edge swaps, 0 node relocations (volume = 2.91421e-10): worst = 0.0568202 / average = 0.63201 (Wall 0.000546542s, CPU 0.000531s)
Info    : 74 edge swaps, 0 node relocations (volume = 2.91421e-10): worst = 0.0689857 / average = 0.631411 (Wall 0.000615417s, CPU 0.000598s)
Info    : 76 edge swaps, 0 node relocations (volume = 2.91421e-10): worst = 0.173129 / average = 0.632262 (Wall 0.000679167s, CPU 0.00066s)
Info    : No ill-shaped tets in the mesh :-)
Info    : 0.00 < quality < 0.10 :         0 elements
Info    : 0.10 < quality < 0.20 :         1 elements
Info    : 0.20 < quality < 0.30 :         1 elements
Info    : 0.30 < quality < 0.40 :         6 elements
Info    : 0.40 < quality < 0.50 :        10 elements
Info    : 0.50 < quality < 0.60 :       120 elements
Info    : 0.60 < quality < 0.70 :       615 elements
Info    : 0.70 < quality < 0.80 :        64 elements
Info    : 0.80 < quality < 0.90 :         1 elements
Info    : 0.90 < quality < 1.00 :         0 elements
Info    : Optimizing volume 6
Info    : Optimization starts (volume = 6.1106e-12) with worst = 0.0424844 / average = 0.458941:
Info    : 0.00 < quality < 0.10 :         6 elements
Info    : 0.10 < quality < 0.20 :         0 elements
Info    : 0.20 < quality < 0.30 :         4 elements
Info    : 0.30 < quality < 0.40 :         4 elements
Info    : 0.40 < quality < 0.50 :         8 elements
Info    : 0.50 < quality < 0.60 :        13 elements
Info    : 0.60 < quality < 0.70 :        12 elements
Info    : 0.70 < quality < 0.80 :         2 elements
Info    : 0.80 < quality < 0.90 :         0 elements
Info    : 0.90 < quality < 1.00 :         0 elements
Info    : 2 edge swaps, 0 node relocations (volume = 6.1106e-12): worst = 0.0710234 / average = 0.458259 (Wall 5.4125e-05s, CPU 3.9e-05s)
Info    : No ill-shaped tets in the mesh :-)
Info    : 0.00 < quality < 0.10 :         6 elements
Info    : 0.10 < quality < 0.20 :         1 elements
Info    : 0.20 < quality < 0.30 :         3 elements
Info    : 0.30 < quality < 0.40 :         4 elements
Info    : 0.40 < quality < 0.50 :         8 elements
Info    : 0.50 < quality < 0.60 :        13 elements
Info    : 0.60 < quality < 0.70 :        12 elements
Info    : 0.70 < quality < 0.80 :         2 elements
Info    : 0.80 < quality < 0.90 :         0 elements
Info    : 0.90 < quality < 1.00 :         0 elements
Info    : Optimizing volume 7
Info    : Optimization starts (volume = 3.95879e-10) with worst = 0.190982 / average = 0.582934:
Info    : 0.00 < quality < 0.10 :         0 elements
Info    : 0.10 < quality < 0.20 :         4 elements
Info    : 0.20 < quality < 0.30 :        26 elements
Info    : 0.30 < quality < 0.40 :        31 elements
Info    : 0.40 < quality < 0.50 :        40 elements
Info    : 0.50 < quality < 0.60 :       438 elements
Info    : 0.60 < quality < 0.70 :       600 elements
Info    : 0.70 < quality < 0.80 :         0 elements
Info    : 0.80 < quality < 0.90 :         0 elements
Info    : 0.90 < quality < 1.00 :         0 elements
Info    : 1 edge swaps, 9 node relocations (volume = 3.95879e-10): worst = 0.190982 / average = 0.583179 (Wall 0.000202583s, CPU 0.000185s)
Info    : No ill-shaped tets in the mesh :-)
Info    : 0.00 < quality < 0.10 :         0 elements
Info    : 0.10 < quality < 0.20 :         4 elements
Info    : 0.20 < quality < 0.30 :        24 elements
Info    : 0.30 < quality < 0.40 :        32 elements
Info    : 0.40 < quality < 0.50 :        41 elements
Info    : 0.50 < quality < 0.60 :       436 elements
Info    : 0.60 < quality < 0.70 :       602 elements
Info    : 0.70 < quality < 0.80 :         0 elements
Info    : 0.80 < quality < 0.90 :         0 elements
Info    : 0.90 < quality < 1.00 :         0 elements
Info    : Optimizing volume 8
Info    : Optimization starts (volume = 6.1106e-12) with worst = 0.0389867 / average = 0.459505:
Info    : 0.00 < quality < 0.10 :         6 elements
Info    : 0.10 < quality < 0.20 :         0 elements
Info    : 0.20 < quality < 0.30 :         4 elements
Info    : 0.30 < quality < 0.40 :         4 elements
Info    : 0.40 < quality < 0.50 :         7 elements
Info    : 0.50 < quality < 0.60 :        15 elements
Info    : 0.60 < quality < 0.70 :        11 elements
Info    : 0.70 < quality < 0.80 :         2 elements
Info    : 0.80 < quality < 0.90 :         0 elements
Info    : 0.90 < quality < 1.00 :         0 elements
Info    : 2 edge swaps, 0 node relocations (volume = 6.1106e-12): worst = 0.0389867 / average = 0.458823 (Wall 6.47912e-05s, CPU 5.1e-05s)
Info    : No ill-shaped tets in the mesh :-)
Info    : 0.00 < quality < 0.10 :         6 elements
Info    : 0.10 < quality < 0.20 :         1 elements
Info    : 0.20 < quality < 0.30 :         3 elements
Info    : 0.30 < quality < 0.40 :         4 elements
Info    : 0.40 < quality < 0.50 :         7 elements
Info    : 0.50 < quality < 0.60 :        15 elements
Info    : 0.60 < quality < 0.70 :        11 elements
Info    : 0.70 < quality < 0.80 :         2 elements
Info    : 0.80 < quality < 0.90 :         0 elements
Info    : 0.90 < quality < 1.00 :         0 elements
Info    : Optimizing volume 9
Info    : Optimization starts (volume = 7.25882e-11) with worst = 0.0379609 / average = 0.580633:
Info    : 0.00 < quality < 0.10 :         6 elements
Info    : 0.10 < quality < 0.20 :         0 elements
Info    : 0.20 < quality < 0.30 :         4 elements
Info    : 0.30 < quality < 0.40 :         8 elements
Info    : 0.40 < quality < 0.50 :         8 elements
Info    : 0.50 < quality < 0.60 :        58 elements
Info    : 0.60 < quality < 0.70 :       158 elements
Info    : 0.70 < quality < 0.80 :         3 elements
Info    : 0.80 < quality < 0.90 :         0 elements
Info    : 0.90 < quality < 1.00 :         0 elements
Info    : 2 edge swaps, 0 node relocations (volume = 7.25882e-11): worst = 0.0455825 / average = 0.580435 (Wall 6.3041e-05s, CPU 4.9e-05s)
Info    : No ill-shaped tets in the mesh :-)
Info    : 0.00 < quality < 0.10 :         6 elements
Info    : 0.10 < quality < 0.20 :         1 elements
Info    : 0.20 < quality < 0.30 :         3 elements
Info    : 0.30 < quality < 0.40 :         8 elements
Info    : 0.40 < quality < 0.50 :         8 elements
Info    : 0.50 < quality < 0.60 :        58 elements
Info    : 0.60 < quality < 0.70 :       158 elements
Info    : 0.70 < quality < 0.80 :         3 elements
Info    : 0.80 < quality < 0.90 :         0 elements
Info    : 0.90 < quality < 1.00 :         0 elements
Info    : Optimizing volume 10
Info    : Optimization starts (volume = 7.45224e-10) with worst = 0.239552 / average = 0.603667:
Info    : 0.00 < quality < 0.10 :         0 elements
Info    : 0.10 < quality < 0.20 :         0 elements
Info    : 0.20 < quality < 0.30 :        19 elements
Info    : 0.30 < quality < 0.40 :        34 elements
Info    : 0.40 < quality < 0.50 :        50 elements
Info    : 0.50 < quality < 0.60 :       430 elements
Info    : 0.60 < quality < 0.70 :      1652 elements
Info    : 0.70 < quality < 0.80 :         1 elements
Info    : 0.80 < quality < 0.90 :         0 elements
Info    : 0.90 < quality < 1.00 :         0 elements
Info    : No ill-shaped tets in the mesh :-)
Info    : 0.00 < quality < 0.10 :         0 elements
Info    : 0.10 < quality < 0.20 :         0 elements
Info    : 0.20 < quality < 0.30 :        19 elements
Info    : 0.30 < quality < 0.40 :        34 elements
Info    : 0.40 < quality < 0.50 :        50 elements
Info    : 0.50 < quality < 0.60 :       430 elements
Info    : 0.60 < quality < 0.70 :      1652 elements
Info    : 0.70 < quality < 0.80 :         1 elements
Info    : 0.80 < quality < 0.90 :         0 elements
Info    : 0.90 < quality < 1.00 :         0 elements
Info    : Optimizing volume 11
Info    : Optimization starts (volume = 7.25882e-11) with worst = 0.00123322 / average = 0.550181:
Info    : 0.00 < quality < 0.10 :        13 elements
Info    : 0.10 < quality < 0.20 :         4 elements
Info    : 0.20 < quality < 0.30 :         8 elements
Info    : 0.30 < quality < 0.40 :        10 elements
Info    : 0.40 < quality < 0.50 :        11 elements
Info    : 0.50 < quality < 0.60 :        64 elements
Info    : 0.60 < quality < 0.70 :       152 elements
Info    : 0.70 < quality < 0.80 :         2 elements
Info    : 0.80 < quality < 0.90 :         0 elements
Info    : 0.90 < quality < 1.00 :         0 elements
Info    : 4 edge swaps, 3 node relocations (volume = 7.25882e-11): worst = 0.00123322 / average = 0.557793 (Wall 0.000144458s, CPU 0.00013s)
Info    : No ill-shaped tets in the mesh :-)
Info    : 0.00 < quality < 0.10 :         9 elements
Info    : 0.10 < quality < 0.20 :         4 elements
Info    : 0.20 < quality < 0.30 :         8 elements
Info    : 0.30 < quality < 0.40 :        10 elements
Info    : 0.40 < quality < 0.50 :        11 elements
Info    : 0.50 < quality < 0.60 :        65 elements
Info    : 0.60 < quality < 0.70 :       151 elements
Info    : 0.70 < quality < 0.80 :         2 elements
Info    : 0.80 < quality < 0.90 :         0 elements
Info    : 0.90 < quality < 1.00 :         0 elements
Info    : Optimizing volume 12
Info    : Optimization starts (volume = 4.40305e-10) with worst = 0.00897454 / average = 0.584821:
Info    : 0.00 < quality < 0.10 :        19 elements
Info    : 0.10 < quality < 0.20 :         0 elements
Info    : 0.20 < quality < 0.30 :        12 elements
Info    : 0.30 < quality < 0.40 :        32 elements
Info    : 0.40 < quality < 0.50 :        16 elements
Info    : 0.50 < quality < 0.60 :       501 elements
Info    : 0.60 < quality < 0.70 :       693 elements
Info    : 0.70 < quality < 0.80 :         2 elements
Info    : 0.80 < quality < 0.90 :         0 elements
Info    : 0.90 < quality < 1.00 :         0 elements
Info    : 17 edge swaps, 4 node relocations (volume = 4.40305e-10): worst = 0.0159306 / average = 0.592339 (Wall 0.000256292s, CPU 0.000242s)
Info    : No ill-shaped tets in the mesh :-)
Info    : 0.00 < quality < 0.10 :         2 elements
Info    : 0.10 < quality < 0.20 :         0 elements
Info    : 0.20 < quality < 0.30 :        12 elements
Info    : 0.30 < quality < 0.40 :        32 elements
Info    : 0.40 < quality < 0.50 :        16 elements
Info    : 0.50 < quality < 0.60 :       503 elements
Info    : 0.60 < quality < 0.70 :       691 elements
Info    : 0.70 < quality < 0.80 :         2 elements
Info    : 0.80 < quality < 0.90 :         0 elements
Info    : 0.90 < quality < 1.00 :         0 elements
Info    : Optimizing volume 13
Info    : Optimization starts (volume = 1.47695e-10) with worst = 0.214137 / average = 0.58396:
Info    : 0.00 < quality < 0.10 :         0 elements
Info    : 0.10 < quality < 0.20 :         0 elements
Info    : 0.20 < quality < 0.30 :         8 elements
Info    : 0.30 < quality < 0.40 :         6 elements
Info    : 0.40 < quality < 0.50 :        18 elements
Info    : 0.50 < quality < 0.60 :       167 elements
Info    : 0.60 < quality < 0.70 :       214 elements
Info    : 0.70 < quality < 0.80 :         0 elements
Info    : 0.80 < quality < 0.90 :         0 elements
Info    : 0.90 < quality < 1.00 :         0 elements
Info    : No ill-shaped tets in the mesh :-)
Info    : 0.00 < quality < 0.10 :         0 elements
Info    : 0.10 < quality < 0.20 :         0 elements
Info    : 0.20 < quality < 0.30 :         8 elements
Info    : 0.30 < quality < 0.40 :         6 elements
Info    : 0.40 < quality < 0.50 :        18 elements
Info    : 0.50 < quality < 0.60 :       167 elements
Info    : 0.60 < quality < 0.70 :       214 elements
Info    : 0.70 < quality < 0.80 :         0 elements
Info    : 0.80 < quality < 0.90 :         0 elements
Info    : 0.90 < quality < 1.00 :         0 elements
Info    : Optimizing volume 14
Info    : Optimization starts (volume = 7.74502e-10) with worst = 0.196736 / average = 0.591286:
Info    : 0.00 < quality < 0.10 :         0 elements
Info    : 0.10 < quality < 0.20 :         2 elements
Info    : 0.20 < quality < 0.30 :        34 elements
Info    : 0.30 < quality < 0.40 :        55 elements
Info    : 0.40 < quality < 0.50 :        58 elements
Info    : 0.50 < quality < 0.60 :       771 elements
Info    : 0.60 < quality < 0.70 :      1339 elements
Info    : 0.70 < quality < 0.80 :         8 elements
Info    : 0.80 < quality < 0.90 :         0 elements
Info    : 0.90 < quality < 1.00 :         0 elements
Info    : No ill-shaped tets in the mesh :-)
Info    : 0.00 < quality < 0.10 :         0 elements
Info    : 0.10 < quality < 0.20 :         2 elements
Info    : 0.20 < quality < 0.30 :        34 elements
Info    : 0.30 < quality < 0.40 :        55 elements
Info    : 0.40 < quality < 0.50 :        58 elements
Info    : 0.50 < quality < 0.60 :       771 elements
Info    : 0.60 < quality < 0.70 :      1339 elements
Info    : 0.70 < quality < 0.80 :         8 elements
Info    : 0.80 < quality < 0.90 :         0 elements
Info    : 0.90 < quality < 1.00 :         0 elements
Info    : Optimizing volume 15
Info    : Optimization starts (volume = 3.75598e-10) with worst = 0.240708 / average = 0.5974:
Info    : 0.00 < quality < 0.10 :         0 elements
Info    : 0.10 < quality < 0.20 :         0 elements
Info    : 0.20 < quality < 0.30 :        14 elements
Info    : 0.30 < quality < 0.40 :         6 elements
Info    : 0.40 < quality < 0.50 :        36 elements
Info    : 0.50 < quality < 0.60 :       301 elements
Info    : 0.60 < quality < 0.70 :       704 elements
Info    : 0.70 < quality < 0.80 :         0 elements
Info    : 0.80 < quality < 0.90 :         0 elements
Info    : 0.90 < quality < 1.00 :         0 elements
Info    : No ill-shaped tets in the mesh :-)
Info    : 0.00 < quality < 0.10 :         0 elements
Info    : 0.10 < quality < 0.20 :         0 elements
Info    : 0.20 < quality < 0.30 :        14 elements
Info    : 0.30 < quality < 0.40 :         6 elements
Info    : 0.40 < quality < 0.50 :        36 elements
Info    : 0.50 < quality < 0.60 :       301 elements
Info    : 0.60 < quality < 0.70 :       704 elements
Info    : 0.70 < quality < 0.80 :         0 elements
Info    : 0.80 < quality < 0.90 :         0 elements
Info    : 0.90 < quality < 1.00 :         0 elements
Info    : Optimizing volume 16
Info    : Optimization starts (volume = 2.62843e-11) with worst = 0.239116 / average = 0.584474:
Info    : 0.00 < quality < 0.10 :         0 elements
Info    : 0.10 < quality < 0.20 :         0 elements
Info    : 0.20 < quality < 0.30 :         4 elements
Info    : 0.30 < quality < 0.40 :        10 elements
Info    : 0.40 < quality < 0.50 :        15 elements
Info    : 0.50 < quality < 0.60 :        21 elements
Info    : 0.60 < quality < 0.70 :        70 elements
Info    : 0.70 < quality < 0.80 :        16 elements
Info    : 0.80 < quality < 0.90 :         0 elements
Info    : 0.90 < quality < 1.00 :         0 elements
Info    : No ill-shaped tets in the mesh :-)
Info    : 0.00 < quality < 0.10 :         0 elements
Info    : 0.10 < quality < 0.20 :         0 elements
Info    : 0.20 < quality < 0.30 :         4 elements
Info    : 0.30 < quality < 0.40 :        10 elements
Info    : 0.40 < quality < 0.50 :        15 elements
Info    : 0.50 < quality < 0.60 :        21 elements
Info    : 0.60 < quality < 0.70 :        70 elements
Info    : 0.70 < quality < 0.80 :        16 elements
Info    : 0.80 < quality < 0.90 :         0 elements
Info    : 0.90 < quality < 1.00 :         0 elements
Info    : Done optimizing mesh (Wall 0.00850171s, CPU 0.007927s)
Info    : 4440 nodes 23100 elements
Info    : Writing 'local.msh'...
Info    : Done writing 'local.msh'
Info    : Stopped on Wed Sep 16 12:58:20 2026 (From start: Wall 0.333089s, CPU 0.393107s)

--- stderr ---
