Info    : Running '/opt/homebrew/bin/gmsh joint.geo -3 -format msh2 -o joint.msh -nt 1' [Gmsh 4.15.2-git, 1 node, max. 1 thread]
Info    : Started on Mon Sep 14 17:37:45 2026
Info    : Reading 'joint.geo'...
Info    : Done reading 'joint.geo'
Info    : Meshing 1D...
Info    : [  0%] Meshing curve 1 (Circle)
Info    : [ 10%] Meshing curve 2 (Line)
Info    : [ 10%] Meshing curve 3 (Circle)
Info    : [ 10%] Meshing curve 4 (Line)
Info    : [ 10%] Meshing curve 5 (TrimmedCurve)
Info    : [ 10%] Meshing curve 6 (TrimmedCurve)
Info    : [ 10%] Meshing curve 7 (Line)
Info    : [ 10%] Meshing curve 8 (Line)
Info    : [ 20%] Meshing curve 9 (Line)
Info    : [ 20%] Meshing curve 10 (Line)
Info    : [ 20%] Meshing curve 11 (Line)
Info    : [ 20%] Meshing curve 12 (Line)
Info    : [ 20%] Meshing curve 13 (Line)
Info    : [ 20%] Meshing curve 14 (Line)
Info    : [ 20%] Meshing curve 15 (TrimmedCurve)
Info    : [ 30%] Meshing curve 16 (TrimmedCurve)
Info    : [ 30%] Meshing curve 17 (Line)
Info    : [ 30%] Meshing curve 18 (TrimmedCurve)
Info    : [ 30%] Meshing curve 19 (TrimmedCurve)
Info    : [ 30%] Meshing curve 20 (Line)
Info    : [ 30%] Meshing curve 21 (Line)
Info    : [ 30%] Meshing curve 22 (Line)
Info    : [ 30%] Meshing curve 23 (Line)
Info    : [ 40%] Meshing curve 24 (Line)
Info    : [ 40%] Meshing curve 25 (Line)
Info    : [ 40%] Meshing curve 26 (Line)
Info    : [ 40%] Meshing curve 27 (Line)
Info    : [ 40%] Meshing curve 28 (Line)
Info    : [ 40%] Meshing curve 29 (Line)
Info    : [ 40%] Meshing curve 30 (Line)
Info    : [ 50%] Meshing curve 31 (Circle)
Info    : [ 50%] Meshing curve 32 (Circle)
Info    : [ 50%] Meshing curve 33 (Line)
Info    : [ 50%] Meshing curve 34 (Line)
Info    : [ 50%] Meshing curve 35 (Line)
Info    : [ 50%] Meshing curve 36 (Line)
Info    : [ 50%] Meshing curve 37 (Line)
Info    : [ 60%] Meshing curve 38 (Line)
Info    : [ 60%] Meshing curve 39 (Line)
Info    : [ 60%] Meshing curve 40 (Line)
Info    : [ 60%] Meshing curve 41 (Line)
Info    : [ 60%] Meshing curve 42 (Line)
Info    : [ 60%] Meshing curve 43 (Line)
Info    : [ 60%] Meshing curve 44 (Line)
Info    : [ 60%] Meshing curve 45 (Line)
Info    : [ 70%] Meshing curve 46 (Line)
Info    : [ 70%] Meshing curve 47 (Line)
Info    : [ 70%] Meshing curve 48 (Line)
Info    : [ 70%] Meshing curve 49 (Line)
Info    : [ 70%] Meshing curve 50 (Line)
Info    : [ 70%] Meshing curve 51 (Line)
Info    : [ 70%] Meshing curve 52 (Line)
Info    : [ 80%] Meshing curve 53 (Line)
Info    : [ 80%] Meshing curve 54 (Line)
Info    : [ 80%] Meshing curve 55 (Line)
Info    : [ 80%] Meshing curve 56 (Line)
Info    : [ 80%] Meshing curve 57 (Line)
Info    : [ 80%] Meshing curve 58 (Line)
Info    : [ 80%] Meshing curve 59 (Line)
Info    : [ 80%] Meshing curve 60 (Line)
Info    : [ 90%] Meshing curve 61 (Line)
Info    : [ 90%] Meshing curve 62 (Line)
Info    : [ 90%] Meshing curve 63 (Line)
Info    : [ 90%] Meshing curve 64 (Line)
Info    : [ 90%] Meshing curve 65 (Line)
Info    : [ 90%] Meshing curve 66 (Line)
Info    : [ 90%] Meshing curve 67 (Line)
Info    : [100%] Meshing curve 68 (Line)
Info    : [100%] Meshing curve 69 (Line)
Info    : [100%] Meshing curve 70 (Line)
Info    : [100%] Meshing curve 71 (Line)
Info    : [100%] Meshing curve 72 (Line)
Info    : [100%] Meshing curve 73 (Line)
Info    : [100%] Meshing curve 74 (Line)
Info    : Done meshing 1D (Wall 0.00885987s, CPU 0.00822s)
Info    : Meshing 2D...
Info    : [  0%] Meshing surface 1 (Cylinder, Frontal-Delaunay)
Info    : [ 10%] Meshing surface 2 (Plane, Frontal-Delaunay)
Info    : [ 10%] Meshing surface 3 (Plane, Frontal-Delaunay)
Info    : [ 10%] Meshing surface 4 (Plane, Frontal-Delaunay)
Info    : [ 20%] Meshing surface 5 (Plane, Frontal-Delaunay)
Info    : [ 20%] Meshing surface 6 (Plane, Frontal-Delaunay)
Info    : [ 20%] Meshing surface 7 (Plane, Frontal-Delaunay)
Info    : [ 20%] Meshing surface 8 (Plane, Frontal-Delaunay)
Info    : [ 30%] Meshing surface 9 (Plane, Frontal-Delaunay)
Info    : [ 30%] Meshing surface 10 (Plane, Frontal-Delaunay)
Info    : [ 30%] Meshing surface 11 (Plane, Frontal-Delaunay)
Info    : [ 30%] Meshing surface 12 (Plane, Frontal-Delaunay)
Info    : [ 40%] Meshing surface 13 (Plane, Frontal-Delaunay)
Info    : [ 40%] Meshing surface 14 (Plane, Frontal-Delaunay)
Info    : [ 40%] Meshing surface 15 (Cylinder, Frontal-Delaunay)
Info    : [ 50%] Meshing surface 16 (Plane, Frontal-Delaunay)
Info    : [ 50%] Meshing surface 17 (Plane, Frontal-Delaunay)
Info    : [ 50%] Meshing surface 18 (Plane, Frontal-Delaunay)
Info    : [ 50%] Meshing surface 19 (Plane, Frontal-Delaunay)
Info    : [ 60%] Meshing surface 20 (Plane, Frontal-Delaunay)
Info    : [ 60%] Meshing surface 21 (Plane, Frontal-Delaunay)
Info    : [ 60%] Meshing surface 22 (Plane, Frontal-Delaunay)
Info    : [ 60%] Meshing surface 23 (Plane, Frontal-Delaunay)
Info    : [ 70%] Meshing surface 24 (Plane, Frontal-Delaunay)
Info    : [ 70%] Meshing surface 25 (Plane, Frontal-Delaunay)
Info    : [ 70%] Meshing surface 26 (Plane, Frontal-Delaunay)
Info    : [ 80%] Meshing surface 27 (Plane, Frontal-Delaunay)
Info    : [ 80%] Meshing surface 28 (Plane, Frontal-Delaunay)
Info    : [ 80%] Meshing surface 29 (Plane, Frontal-Delaunay)
Info    : [ 80%] Meshing surface 30 (Plane, Frontal-Delaunay)
Info    : [ 90%] Meshing surface 31 (Plane, Frontal-Delaunay)
Info    : [ 90%] Meshing surface 32 (Plane, Frontal-Delaunay)
Info    : [ 90%] Meshing surface 33 (Plane, Frontal-Delaunay)
Info    : [ 90%] Meshing surface 34 (Plane, Frontal-Delaunay)
Info    : [100%] Meshing surface 35 (Plane, Frontal-Delaunay)
Info    : [100%] Meshing surface 36 (Plane, Frontal-Delaunay)
Info    : [100%] Meshing surface 37 (Plane, Frontal-Delaunay)
Info    : Done meshing 2D (Wall 0.215712s, CPU 0.21231s)
Info    : Meshing 3D...
Info    : 3D Meshing 4 volumes with 1 connected component
Info    : Tetrahedrizing 8822 nodes...
Info    : Done tetrahedrizing 8830 nodes (Wall 0.0584142s, CPU 0.057397s)
Info    : Reconstructing mesh...
Info    :  - Creating surface mesh
Info    :  - Identifying boundary edges
Info    :  - Recovering boundary
Info    : Done reconstructing mesh (Wall 0.135626s, CPU 0.130672s)
Info    : Found volume 10
Info    : Found volume 21
Info    : Found volume 1
Info    : Found volume 20
Info    : It. 0 - 0 nodes created - worst tet radius 6.58575 (nodes removed 0 0)
Info    : It. 500 - 497 nodes created - worst tet radius 1.8086 (nodes removed 0 3)
Info    : It. 1000 - 997 nodes created - worst tet radius 1.56799 (nodes removed 0 3)
Info    : It. 1500 - 1495 nodes created - worst tet radius 1.36934 (nodes removed 0 5)
Info    : It. 2000 - 1989 nodes created - worst tet radius 1.25357 (nodes removed 6 5)
Info    : It. 2500 - 2484 nodes created - worst tet radius 1.17355 (nodes removed 11 5)
Info    : It. 3000 - 2977 nodes created - worst tet radius 1.11876 (nodes removed 17 6)
Info    : It. 3500 - 3466 nodes created - worst tet radius 1.07211 (nodes removed 24 10)
Info    : It. 4000 - 3956 nodes created - worst tet radius 1.02991 (nodes removed 28 16)
Info    : 3D refinement terminated (13173 nodes total):
Info    :  - 0 Delaunay cavities modified for star shapeness
Info    :  - 50 nodes could not be inserted
Info    :  - 66843 tetrahedra created in 0.197006 sec. (339294 tets/s)
Info    : 12 node relocations
Info    : Done meshing 3D (Wall 0.527867s, CPU 0.518087s)
Info    : Optimizing mesh...
Info    : Optimizing volume 1
Info    : Optimization starts (volume = 2.69557e-09) with worst = 0.0108624 / average = 0.604903:
Info    : 0.00 < quality < 0.10 :        90 elements
Info    : 0.10 < quality < 0.20 :        89 elements
Info    : 0.20 < quality < 0.30 :       142 elements
Info    : 0.30 < quality < 0.40 :       429 elements
Info    : 0.40 < quality < 0.50 :      2216 elements
Info    : 0.50 < quality < 0.60 :      4828 elements
Info    : 0.60 < quality < 0.70 :      3545 elements
Info    : 0.70 < quality < 0.80 :      1399 elements
Info    : 0.80 < quality < 0.90 :      1123 elements
Info    : 0.90 < quality < 1.00 :       590 elements
Info    : 311 edge swaps, 0 node relocations (volume = 2.69557e-09): worst = 0.150074 / average = 0.614644 (Wall 0.003571s, CPU 0.003504s)
Info    : 318 edge swaps, 0 node relocations (volume = 2.69557e-09): worst = 0.172859 / average = 0.614716 (Wall 0.00430975s, CPU 0.004188s)
Info    : 319 edge swaps, 0 node relocations (volume = 2.69557e-09): worst = 0.172859 / average = 0.614672 (Wall 0.00492158s, CPU 0.004792s)
Info    : No ill-shaped tets in the mesh :-)
Info    : 0.00 < quality < 0.10 :         0 elements
Info    : 0.10 < quality < 0.20 :         2 elements
Info    : 0.20 < quality < 0.30 :         8 elements
Info    : 0.30 < quality < 0.40 :       430 elements
Info    : 0.40 < quality < 0.50 :      2231 elements
Info    : 0.50 < quality < 0.60 :      4868 elements
Info    : 0.60 < quality < 0.70 :      3528 elements
Info    : 0.70 < quality < 0.80 :      1308 elements
Info    : 0.80 < quality < 0.90 :      1147 elements
Info    : 0.90 < quality < 1.00 :       630 elements
Info    : Optimizing volume 10
Info    : Optimization starts (volume = 1.65405e-07) with worst = 0.0130125 / average = 0.754081:
Info    : 0.00 < quality < 0.10 :       121 elements
Info    : 0.10 < quality < 0.20 :       314 elements
Info    : 0.20 < quality < 0.30 :       457 elements
Info    : 0.30 < quality < 0.40 :       830 elements
Info    : 0.40 < quality < 0.50 :      1345 elements
Info    : 0.50 < quality < 0.60 :      2685 elements
Info    : 0.60 < quality < 0.70 :      5918 elements
Info    : 0.70 < quality < 0.80 :     11727 elements
Info    : 0.80 < quality < 0.90 :     13374 elements
Info    : 0.90 < quality < 1.00 :      5945 elements
Info    : 873 edge swaps, 34 node relocations (volume = 1.65405e-07): worst = 0.137652 / average = 0.76652 (Wall 0.016896s, CPU 0.01389s)
Info    : 887 edge swaps, 35 node relocations (volume = 1.65405e-07): worst = 0.179956 / average = 0.766696 (Wall 0.0193262s, CPU 0.016281s)
Info    : 889 edge swaps, 35 node relocations (volume = 1.65405e-07): worst = 0.256017 / average = 0.766729 (Wall 0.02131s, CPU 0.018246s)
Info    : No ill-shaped tets in the mesh :-)
Info    : 0.00 < quality < 0.10 :         0 elements
Info    : 0.10 < quality < 0.20 :         0 elements
Info    : 0.20 < quality < 0.30 :         3 elements
Info    : 0.30 < quality < 0.40 :       825 elements
Info    : 0.40 < quality < 0.50 :      1326 elements
Info    : 0.50 < quality < 0.60 :      2662 elements
Info    : 0.60 < quality < 0.70 :      5874 elements
Info    : 0.70 < quality < 0.80 :     11758 elements
Info    : 0.80 < quality < 0.90 :     13540 elements
Info    : 0.90 < quality < 1.00 :      5942 elements
Info    : Optimizing volume 20
Info    : Optimization starts (volume = 2.63361e-09) with worst = 0.0143365 / average = 0.687882:
Info    : 0.00 < quality < 0.10 :        11 elements
Info    : 0.10 < quality < 0.20 :        16 elements
Info    : 0.20 < quality < 0.30 :         7 elements
Info    : 0.30 < quality < 0.40 :        17 elements
Info    : 0.40 < quality < 0.50 :        39 elements
Info    : 0.50 < quality < 0.60 :       124 elements
Info    : 0.60 < quality < 0.70 :       197 elements
Info    : 0.70 < quality < 0.80 :       151 elements
Info    : 0.80 < quality < 0.90 :       113 elements
Info    : 0.90 < quality < 1.00 :       118 elements
Info    : 32 edge swaps, 1 node relocations (volume = 2.63361e-09): worst = 0.053024 / average = 0.712606 (Wall 0.000380375s, CPU 0.000331s)
Info    : 34 edge swaps, 1 node relocations (volume = 2.63361e-09): worst = 0.304665 / average = 0.714391 (Wall 0.00044075s, CPU 0.000384s)
Info    : No ill-shaped tets in the mesh :-)
Info    : 0.00 < quality < 0.10 :         0 elements
Info    : 0.10 < quality < 0.20 :         0 elements
Info    : 0.20 < quality < 0.30 :         0 elements
Info    : 0.30 < quality < 0.40 :        13 elements
Info    : 0.40 < quality < 0.50 :        46 elements
Info    : 0.50 < quality < 0.60 :       118 elements
Info    : 0.60 < quality < 0.70 :       193 elements
Info    : 0.70 < quality < 0.80 :       156 elements
Info    : 0.80 < quality < 0.90 :       116 elements
Info    : 0.90 < quality < 1.00 :       118 elements
Info    : Optimizing volume 21
Info    : Optimization starts (volume = 3.60235e-09) with worst = 0.00529991 / average = 0.667936:
Info    : 0.00 < quality < 0.10 :        50 elements
Info    : 0.10 < quality < 0.20 :        86 elements
Info    : 0.20 < quality < 0.30 :       155 elements
Info    : 0.30 < quality < 0.40 :       314 elements
Info    : 0.40 < quality < 0.50 :       649 elements
Info    : 0.50 < quality < 0.60 :      1483 elements
Info    : 0.60 < quality < 0.70 :      2119 elements
Info    : 0.70 < quality < 0.80 :      2015 elements
Info    : 0.80 < quality < 0.90 :      1367 elements
Info    : 0.90 < quality < 1.00 :       645 elements
Info    : 265 edge swaps, 26 node relocations (volume = 3.60235e-09): worst = 0.00919121 / average = 0.684844 (Wall 0.00339587s, CPU 0.003156s)
Info    : 278 edge swaps, 30 node relocations (volume = 3.60235e-09): worst = 0.00919121 / average = 0.685387 (Wall 0.004014s, CPU 0.003758s)
Info    : No ill-shaped tets in the mesh :-)
Info    : 0.00 < quality < 0.10 :         1 elements
Info    : 0.10 < quality < 0.20 :         1 elements
Info    : 0.20 < quality < 0.30 :         5 elements
Info    : 0.30 < quality < 0.40 :       311 elements
Info    : 0.40 < quality < 0.50 :       640 elements
Info    : 0.50 < quality < 0.60 :      1463 elements
Info    : 0.60 < quality < 0.70 :      2105 elements
Info    : 0.70 < quality < 0.80 :      2069 elements
Info    : 0.80 < quality < 0.90 :      1388 elements
Info    : 0.90 < quality < 1.00 :       640 elements
Info    : Done optimizing mesh (Wall 0.118792s, CPU 0.070471s)
Info    : 13173 nodes 84440 elements
Info    : Writing 'joint.msh'...
Info    : Done writing 'joint.msh'
Info    : Stopped on Mon Sep 14 17:37:46 2026 (From start: Wall 1.01534s, CPU 0.991634s)

--- stderr ---
