==================================================================
ElmerGrid mesh conversion and manipulation utility, Welcome!
Version: 26.2 (Rev: NA, Compiled: NA)
This program is free software licensed under GPL
==================================================================
Elmergrid reading in-line arguments
Output will be saved to file mesh.

Elmergrid loading data:
-----------------------
Format chosen using the first line: $MeshFormat
Gmsh input file format is type   2.2 in ASCII.
Loading mesh in Gmsh format 2.0 from file local.msh
Allocating for 1267 knots and 3543 elements.
Moving bulk elements to boundary elements
Leading bulk elementtype is 504
Trailing bulk elementtype is 303
There are 48 (out of 3543) lower dimensional elements.
Node 444 belongs to maximum of 21 elements
Found correctly 48 side elements.
Parent elements were reordered up to index 3495.
Moved 3495 elements (out of 3543) to new positions
Successfully read the mesh from the Gmsh input file.
Using physical numbering of entities

Elmergrid creating and manipulating meshes:
-------------------------------------------
Bounding box of all nodes in mesh:
X:[0.0711,0.0839] Y:[0.12935,0.13465] Z:[0,7e-05]
Calculate Mesh Pieces in mesh:
Number of separate pieces in mesh is 2
The mesh is non-conforming. If not expecting a non-conforming
mesh, then refer to the Elmer User Forum for help.

Elmergrid saving data with method 2:
-------------------------------------
Saving mesh in ElmerSolver format to directory mesh.
Saving 1267 coordinates to mesh.nodes.
Saving 3495 element topologies to mesh.elements.
Saving boundary elements to mesh.boundary.
Saving header info to mesh.header.

Thank you for using Elmergrid!
Send bug reports and feature wishes to elmeradm@csc.fi

--- stderr ---
