/private/tmp/temper-center-sensor-env/lib/python3.11/site-packages/cadquery/utils.py:39: FutureWarning: save will be removed in the next release.
  warn(f"{f.__name__} will be removed in the next release.", FutureWarning)
{
  "rest": {
    "valid": true,
    "overlaps": []
  },
  "loaded": {
    "valid": true,
    "overlaps": []
  },
  "local_stop": {
    "valid": true,
    "overlaps": []
  },
  "full_stroke": {
    "valid": true,
    "overlaps": []
  },
  "upper_capture": {
    "valid": true,
    "overlaps": []
  }
}
