../../model.rs: OK
../contact/model.rs: OK
../contact/results/series_force.csv: OK
../mechanical/geometry.json: OK
../bond_leads/model-inputs.json: OK

running 23 tests
test model::tests::eccentric_load_reduces_available_force ... ok
test model::tests::hard_stop_lifts_pan ... ok
test model::tests::light_flat_pan_compresses_soft_probe ... ok
test model::tests::proposed_flat_pan_force_envelope_stays_below_tipping_limit ... ok
test model::tests::hot_contact_loss_can_be_thermally_invisible ... ok
test model::tests::recess_outside_reach_has_no_contact ... ok
test model::tests::seal_can_prevent_return ... ok
test model::tests::steady_probe_matches_resistor_reduction ... ok
test tests::fixed_guided_blade_scaling ... ok
test model::tests::radial_uniform_boundary_stays_uniform ... ok
test model::tests::radial_power_is_exactly_500_watts ... ok
test model::tests::closed_network_conserves_energy ... ok
test tests::changing_capacity_does_not_fix_dc_error ... ok
test tests::support_steady_matches_series_reduction ... ok
test tests::zero_loss_gives_pan_temperature ... ok
test model::tests::backward_euler_matches_analytic_rc ... ok
test tests::lower_loss_reduces_bias ... ok
test tests::step_refinement ... ok
test model::tests::step_time_converges ... ok
test tests::reproduces_pr1_middle ... ok
test model::tests::step_response_is_monotone_and_bounded ... ok
test tests::cold_support_can_erase_mass_advantage ... ok
test tests::faster_ramp_increases_dynamic_underread ... ok

test result: ok. 23 passed; 0 failed; 0 ignored; 0 measured; 0 filtered out; finished in 0.04s

