Info    : Running '/opt/homebrew/bin/gmsh neck.geo -3 -format msh2 -o neck.msh -nt 1' [Gmsh 4.15.2-git, 1 node, max. 1 thread]
Info    : Started on Mon Sep 14 11:27:42 2026
Info    : Reading 'neck.geo'...
Info    : Cannot bind existing OpenCASCADE surface 1 to second tag 2
Info    : Could not preserve tag of 2D object 2 (->1)
Info    : Cannot bind existing OpenCASCADE surface 1 to second tag 3
Info    : Could not preserve tag of 2D object 3 (->1)
Info    : Cannot bind existing OpenCASCADE surface 1 to second tag 5
Info    : Could not preserve tag of 2D object 5 (->1)
Info    : Done reading 'neck.geo'
Info    : Meshing 1D...
Info    : [  0%] Meshing curve 1 (Line)
Info    : [ 10%] Meshing curve 2 (Line)
Info    : [ 10%] Meshing curve 3 (Ellipse)
Info    : [ 10%] Meshing curve 4 (Ellipse)
Info    : [ 10%] Meshing curve 5 (Line)
Info    : [ 20%] Meshing curve 6 (Line)
Info    : [ 20%] Meshing curve 7 (Line)
Info    : [ 20%] Meshing curve 8 (Line)
Info    : [ 20%] Meshing curve 9 (Line)
Info    : [ 30%] Meshing curve 10 (Line)
Info    : [ 30%] Meshing curve 11 (Line)
Info    : [ 30%] Meshing curve 12 (Ellipse)
Info    : [ 30%] Meshing curve 13 (Line)
Info    : [ 40%] Meshing curve 14 (Line)
Info    : [ 40%] Meshing curve 15 (Ellipse)
Info    : [ 40%] Meshing curve 16 (Circle)
Info    : [ 40%] Meshing curve 17 (Line)
Info    : [ 50%] Meshing curve 18 (Ellipse)
Info    : [ 50%] Meshing curve 19 (Line)
Info    : [ 50%] Meshing curve 20 (Line)
Info    : [ 50%] Meshing curve 21 (Ellipse)
Info    : [ 60%] Meshing curve 22 (Circle)
Info    : [ 60%] Meshing curve 23 (Line)
Info    : [ 60%] Meshing curve 24 (Line)
Info    : [ 60%] Meshing curve 25 (Line)
Info    : [ 60%] Meshing curve 26 (Line)
Info    : [ 70%] Meshing curve 27 (Line)
Info    : [ 70%] Meshing curve 28 (Line)
Info    : [ 70%] Meshing curve 29 (Line)
Info    : [ 70%] Meshing curve 30 (Line)
Info    : [ 80%] Meshing curve 31 (Line)
Info    : [ 80%] Meshing curve 32 (Line)
Info    : [ 80%] Meshing curve 33 (Line)
Info    : [ 80%] Meshing curve 34 (Line)
Info    : [ 90%] Meshing curve 35 (Line)
Info    : [ 90%] Meshing curve 36 (Line)
Info    : [ 90%] Meshing curve 37 (Line)
Info    : [ 90%] Meshing curve 38 (Line)
Info    : [100%] Meshing curve 39 (Line)
Info    : [100%] Meshing curve 40 (Line)
Info    : [100%] Meshing curve 41 (Circle)
Info    : [100%] Meshing curve 42 (Line)
Info    : Done meshing 1D (Wall 0.00186946s, CPU 0.001684s)
Info    : Meshing 2D...
Info    : [  0%] Meshing surface 1 (Unknown, Frontal-Delaunay)
Info    : [ 10%] Meshing surface 2 (Plane, Frontal-Delaunay)
Info    : [ 20%] Meshing surface 3 (Plane, Frontal-Delaunay)
Info    : [ 20%] Meshing surface 4 (Plane, Frontal-Delaunay)
Info    : [ 30%] Meshing surface 5 (Plane, Frontal-Delaunay)
Info    : [ 30%] Meshing surface 6 (Plane, Frontal-Delaunay)
Info    : [ 40%] Meshing surface 7 (Unknown, Frontal-Delaunay)
Info    : [ 40%] Meshing surface 8 (Plane, Frontal-Delaunay)
Info    : [ 50%] Meshing surface 9 (Plane, Frontal-Delaunay)
Info    : [ 60%] Meshing surface 10 (Unknown, Frontal-Delaunay)
Info    : [ 60%] Meshing surface 11 (Cylinder, Frontal-Delaunay)
Info    : [ 70%] Meshing surface 12 (Plane, Frontal-Delaunay)
Info    : [ 70%] Meshing surface 13 (Plane, Frontal-Delaunay)
Info    : [ 80%] Meshing surface 14 (Plane, Frontal-Delaunay)
Info    : [ 80%] Meshing surface 15 (Plane, Frontal-Delaunay)
Info    : [ 90%] Meshing surface 16 (Plane, Frontal-Delaunay)
Info    : [ 90%] Meshing surface 17 (Plane, Frontal-Delaunay)
Info    : [100%] Meshing surface 18 (Cylinder, Frontal-Delaunay)
Info    : Done meshing 2D (Wall 0.0759078s, CPU 0.074951s)
Info    : Meshing 3D...
Info    : 3D Meshing 2 volumes with 1 connected component
Info    : Tetrahedrizing 4374 nodes...
Info    : Done tetrahedrizing 4382 nodes (Wall 0.0278739s, CPU 0.027417s)
Info    : Reconstructing mesh...
Info    :  - Creating surface mesh
Info    :  - Identifying boundary edges
Info    :  - Recovering boundary
Info    :  - Added 9 Steiner points
Info    : Done reconstructing mesh (Wall 0.069548s, CPU 0.067633s)
Info    : Found volume 31
Info    : Found volume 1
Info    : It. 0 - 0 nodes created - worst tet radius 3.9817 (nodes removed 0 0)
Info    : It. 500 - 500 nodes created - worst tet radius 1.73685 (nodes removed 0 0)
Info    : It. 1000 - 1000 nodes created - worst tet radius 1.43665 (nodes removed 0 0)
Info    : It. 1500 - 1500 nodes created - worst tet radius 1.29211 (nodes removed 0 0)
Info    : It. 2000 - 2000 nodes created - worst tet radius 1.1931 (nodes removed 0 0)
Info    : It. 2500 - 2494 nodes created - worst tet radius 1.11132 (nodes removed 0 6)
Info    : It. 3000 - 2993 nodes created - worst tet radius 1.05521 (nodes removed 0 7)
Info    : It. 3500 - 3490 nodes created - worst tet radius 1.0067 (nodes removed 0 10)
Info    : 3D refinement terminated (7959 nodes total):
Info    :  - 0 Delaunay cavities modified for star shapeness
Info    :  - 10 nodes could not be inserted
Info    :  - 37515 tetrahedra created in 0.107439 sec. (349175 tets/s)
Info    : 8 node relocations
Info    : Done meshing 3D (Wall 0.24109s, CPU 0.236079s)
Info    : Optimizing mesh...
Info    : Optimizing volume 1
Info    : Optimization starts (volume = 1.08117e-09) with worst = 3.68406e-05 / average = 0.56268:
Info    : 0.00 < quality < 0.10 :        53 elements
Info    : 0.10 < quality < 0.20 :        13 elements
Info    : 0.20 < quality < 0.30 :        26 elements
Info    : 0.30 < quality < 0.40 :        38 elements
Info    : 0.40 < quality < 0.50 :        22 elements
Info    : 0.50 < quality < 0.60 :      2804 elements
Info    : 0.60 < quality < 0.70 :       518 elements
Info    : 0.70 < quality < 0.80 :         4 elements
Info    : 0.80 < quality < 0.90 :         0 elements
Info    : 0.90 < quality < 1.00 :         0 elements
Info    : 66 edge swaps, 2 node relocations (volume = 1.08117e-09): worst = 4.63066e-05 / average = 0.571199 (Wall 0.000778291s, CPU 0.000759s)
Info    : 69 edge swaps, 2 node relocations (volume = 1.08117e-09): worst = 4.63066e-05 / average = 0.570933 (Wall 0.00103704s, CPU 0.001016s)
Info    : 0.00 < quality < 0.10 :         7 elements
Info    : 0.10 < quality < 0.20 :         3 elements
Info    : 0.20 < quality < 0.30 :        18 elements
Info    : 0.30 < quality < 0.40 :        41 elements
Info    : 0.40 < quality < 0.50 :        20 elements
Info    : 0.50 < quality < 0.60 :      2811 elements
Info    : 0.60 < quality < 0.70 :       514 elements
Info    : 0.70 < quality < 0.80 :         3 elements
Info    : 0.80 < quality < 0.90 :         0 elements
Info    : 0.90 < quality < 1.00 :         0 elements
Info    : Optimizing volume 31
Info    : Optimization starts (volume = 5.47255e-08) with worst = 0.0138202 / average = 0.773599:
Info    : 0.00 < quality < 0.10 :        79 elements
Info    : 0.10 < quality < 0.20 :       249 elements
Info    : 0.20 < quality < 0.30 :       365 elements
Info    : 0.30 < quality < 0.40 :       552 elements
Info    : 0.40 < quality < 0.50 :       918 elements
Info    : 0.50 < quality < 0.60 :      1612 elements
Info    : 0.60 < quality < 0.70 :      3932 elements
Info    : 0.70 < quality < 0.80 :      8270 elements
Info    : 0.80 < quality < 0.90 :     12120 elements
Info    : 0.90 < quality < 1.00 :      5940 elements
Info    : 684 edge swaps, 27 node relocations (volume = 5.47255e-08): worst = 0.154976 / average = 0.786161 (Wall 0.00817871s, CPU 0.008033s)
Info    : 693 edge swaps, 27 node relocations (volume = 5.47255e-08): worst = 0.300152 / average = 0.786287 (Wall 0.009437s, CPU 0.009256s)
Info    : No ill-shaped tets in the mesh :-)
Info    : 0.00 < quality < 0.10 :         0 elements
Info    : 0.10 < quality < 0.20 :         0 elements
Info    : 0.20 < quality < 0.30 :         0 elements
Info    : 0.30 < quality < 0.40 :       551 elements
Info    : 0.40 < quality < 0.50 :       883 elements
Info    : 0.50 < quality < 0.60 :      1590 elements
Info    : 0.60 < quality < 0.70 :      3922 elements
Info    : 0.70 < quality < 0.80 :      8300 elements
Info    : 0.80 < quality < 0.90 :     12248 elements
Info    : 0.90 < quality < 1.00 :      5929 elements
Info    : Done optimizing mesh (Wall 0.0310669s, CPU 0.029761s)
Info    : 7959 nodes 46323 elements
Info    : Writing 'neck.msh'...
Info    : Done writing 'neck.msh'
Info    : Stopped on Mon Sep 14 11:27:42 2026 (From start: Wall 0.430548s, CPU 0.482729s)
