Info    : Running '/opt/homebrew/bin/gmsh joint.geo -3 -format msh2 -o joint.msh -nt 1' [Gmsh 4.15.2-git, 1 node, max. 1 thread]
Info    : Started on Wed Sep 16 12:59:32 2026
Info    : Reading 'joint.geo'...
Info    : Done reading 'joint.geo'
Info    : Meshing 1D...
Info    : [  0%] Meshing curve 1 (Circle)
Info    : [ 10%] Meshing curve 2 (Line)
Info    : [ 10%] Meshing curve 3 (Circle)
Info    : [ 10%] Meshing curve 4 (Line)
Info    : [ 10%] Meshing curve 5 (Line)
Info    : [ 10%] Meshing curve 6 (Line)
Info    : [ 10%] Meshing curve 7 (Line)
Info    : [ 20%] Meshing curve 8 (Line)
Info    : [ 20%] Meshing curve 9 (Circle)
Info    : [ 20%] Meshing curve 10 (Circle)
Info    : [ 20%] Meshing curve 11 (Line)
Info    : [ 20%] Meshing curve 12 (Line)
Info    : [ 20%] Meshing curve 13 (Line)
Info    : [ 30%] Meshing curve 14 (Line)
Info    : [ 30%] Meshing curve 15 (Line)
Info    : [ 30%] Meshing curve 16 (Line)
Info    : [ 30%] Meshing curve 17 (Line)
Info    : [ 30%] Meshing curve 18 (Line)
Info    : [ 30%] Meshing curve 19 (Line)
Info    : [ 40%] Meshing curve 20 (Line)
Info    : [ 40%] Meshing curve 21 (Line)
Info    : [ 40%] Meshing curve 22 (Circle)
Info    : [ 40%] Meshing curve 23 (Line)
Info    : [ 40%] Meshing curve 24 (Circle)
Info    : [ 40%] Meshing curve 25 (Circle)
Info    : [ 40%] Meshing curve 26 (Circle)
Info    : [ 50%] Meshing curve 27 (Circle)
Info    : [ 50%] Meshing curve 28 (Line)
Info    : [ 50%] Meshing curve 29 (Line)
Info    : [ 50%] Meshing curve 30 (Line)
Info    : [ 50%] Meshing curve 31 (Line)
Info    : [ 50%] Meshing curve 32 (Line)
Info    : [ 60%] Meshing curve 33 (Line)
Info    : [ 60%] Meshing curve 34 (Line)
Info    : [ 60%] Meshing curve 35 (Line)
Info    : [ 60%] Meshing curve 36 (Line)
Info    : [ 60%] Meshing curve 37 (Line)
Info    : [ 60%] Meshing curve 38 (Line)
Info    : [ 70%] Meshing curve 39 (Line)
Info    : [ 70%] Meshing curve 40 (Line)
Info    : [ 70%] Meshing curve 41 (Line)
Info    : [ 70%] Meshing curve 42 (Line)
Info    : [ 70%] Meshing curve 43 (Circle)
Info    : [ 70%] Meshing curve 44 (Line)
Info    : [ 70%] Meshing curve 45 (Line)
Info    : [ 80%] Meshing curve 46 (Line)
Info    : [ 80%] Meshing curve 47 (Line)
Info    : [ 80%] Meshing curve 48 (Line)
Info    : [ 80%] Meshing curve 49 (Line)
Info    : [ 80%] Meshing curve 50 (Line)
Info    : [ 80%] Meshing curve 51 (Line)
Info    : [ 90%] Meshing curve 52 (Line)
Info    : [ 90%] Meshing curve 53 (Line)
Info    : [ 90%] Meshing curve 54 (Line)
Info    : [ 90%] Meshing curve 55 (Line)
Info    : [ 90%] Meshing curve 56 (Line)
Info    : [ 90%] Meshing curve 57 (Line)
Info    : [100%] Meshing curve 58 (Line)
Info    : [100%] Meshing curve 59 (Line)
Info    : [100%] Meshing curve 60 (Line)
Info    : [100%] Meshing curve 61 (Line)
Info    : [100%] Meshing curve 62 (Line)
Info    : [100%] Meshing curve 63 (Line)
Info    : Done meshing 1D (Wall 0.00673038s, CPU 0.006445s)
Info    : Meshing 2D...
Info    : [  0%] Meshing surface 1 (Cylinder, Frontal-Delaunay)
Info    : [ 10%] Meshing surface 2 (Plane, Frontal-Delaunay)
Info    : [ 10%] Meshing surface 3 (Plane, Frontal-Delaunay)
Info    : [ 10%] Meshing surface 4 (Plane, Frontal-Delaunay)
Info    : [ 20%] Meshing surface 5 (Plane, Frontal-Delaunay)
Info    : [ 20%] Meshing surface 6 (Plane, Frontal-Delaunay)
Info    : [ 20%] Meshing surface 7 (Plane, Frontal-Delaunay)
Info    : [ 30%] Meshing surface 8 (Plane, Frontal-Delaunay)
Info    : [ 30%] Meshing surface 9 (Cylinder, Frontal-Delaunay)
Info    : [ 30%] Meshing surface 10 (Cylinder, Frontal-Delaunay)
Info    : [ 40%] Meshing surface 11 (Plane, Frontal-Delaunay)
Info    : [ 40%] Meshing surface 12 (Plane, Frontal-Delaunay)
Info    : [ 40%] Meshing surface 13 (Plane, Frontal-Delaunay)
Info    : [ 40%] Meshing surface 14 (Cylinder, Frontal-Delaunay)
Info    : [ 50%] Meshing surface 15 (Plane, Frontal-Delaunay)
Info    : [ 50%] Meshing surface 16 (Plane, Frontal-Delaunay)
Info    : [ 50%] Meshing surface 17 (Plane, Frontal-Delaunay)
Info    : [ 60%] Meshing surface 18 (Plane, Frontal-Delaunay)
Info    : [ 60%] Meshing surface 19 (Plane, Frontal-Delaunay)
Info    : [ 60%] Meshing surface 20 (Plane, Frontal-Delaunay)
Info    : [ 70%] Meshing surface 21 (Cylinder, Frontal-Delaunay)
Info    : [ 70%] Meshing surface 22 (Plane, Frontal-Delaunay)
Info    : [ 70%] Meshing surface 23 (Plane, Frontal-Delaunay)
Info    : [ 70%] Meshing surface 24 (Plane, Frontal-Delaunay)
Info    : [ 80%] Meshing surface 25 (Plane, Frontal-Delaunay)
Info    : [ 80%] Meshing surface 26 (Plane, Frontal-Delaunay)
Info    : [ 80%] Meshing surface 27 (Plane, Frontal-Delaunay)
Info    : [ 90%] Meshing surface 28 (Plane, Frontal-Delaunay)
Info    : [ 90%] Meshing surface 29 (Plane, Frontal-Delaunay)
Info    : [ 90%] Meshing surface 30 (Plane, Frontal-Delaunay)
Info    : [100%] Meshing surface 31 (Plane, Frontal-Delaunay)
Info    : [100%] Meshing surface 32 (Plane, Frontal-Delaunay)
Info    : [100%] Meshing surface 33 (Plane, Frontal-Delaunay)
Info    : Done meshing 2D (Wall 0.204766s, CPU 0.203156s)
Info    : Meshing 3D...
Info    : 3D Meshing 4 volumes with 1 connected component
Info    : Tetrahedrizing 8475 nodes...
Info    : Done tetrahedrizing 8483 nodes (Wall 0.0574965s, CPU 0.056734s)
Info    : Reconstructing mesh...
Info    :  - Creating surface mesh
Info    :  - Identifying boundary edges
Info    :  - Recovering boundary
Info    : Done reconstructing mesh (Wall 0.127738s, CPU 0.123861s)
Info    : Found volume 10
Info    : Found volume 21
Info    : Found volume 20
Info    : Found volume 1
Info    : It. 0 - 0 nodes created - worst tet radius 7.5438 (nodes removed 0 0)
Info    : It. 500 - 497 nodes created - worst tet radius 1.9254 (nodes removed 0 3)
Info    : It. 1000 - 996 nodes created - worst tet radius 1.57023 (nodes removed 0 4)
Info    : It. 1500 - 1494 nodes created - worst tet radius 1.3961 (nodes removed 1 5)
Info    : It. 2000 - 1991 nodes created - worst tet radius 1.28008 (nodes removed 3 6)
Info    : It. 2500 - 2488 nodes created - worst tet radius 1.20017 (nodes removed 6 6)
Info    : It. 3000 - 2983 nodes created - worst tet radius 1.14348 (nodes removed 10 7)
Info    : It. 3500 - 3482 nodes created - worst tet radius 1.08917 (nodes removed 10 8)
Info    : It. 4000 - 3981 nodes created - worst tet radius 1.04599 (nodes removed 10 9)
Info    : It. 4500 - 4479 nodes created - worst tet radius 1.00865 (nodes removed 11 10)
Info    : 3D refinement terminated (13071 nodes total):
Info    :  - 1 Delaunay cavities modified for star shapeness
Info    :  - 21 nodes could not be inserted
Info    :  - 70253 tetrahedra created in 0.207663 sec. (338302 tets/s)
Info    : 5 node relocations
Info    : Done meshing 3D (Wall 0.539306s, CPU 0.530427s)
Info    : Optimizing mesh...
Info    : Optimizing volume 1
Info    : Optimization starts (volume = 2.68992e-09) with worst = 0.0145621 / average = 0.662028:
Info    : 0.00 < quality < 0.10 :        94 elements
Info    : 0.10 < quality < 0.20 :       133 elements
Info    : 0.20 < quality < 0.30 :       155 elements
Info    : 0.30 < quality < 0.40 :       297 elements
Info    : 0.40 < quality < 0.50 :      1362 elements
Info    : 0.50 < quality < 0.60 :      5290 elements
Info    : 0.60 < quality < 0.70 :      4117 elements
Info    : 0.70 < quality < 0.80 :      2674 elements
Info    : 0.80 < quality < 0.90 :      3188 elements
Info    : 0.90 < quality < 1.00 :      1279 elements
Info    : 372 edge swaps, 0 node relocations (volume = 2.68992e-09): worst = 0.0381972 / average = 0.672056 (Wall 0.00403408s, CPU 0.003991s)
Info    : 382 edge swaps, 0 node relocations (volume = 2.68992e-09): worst = 0.0761728 / average = 0.672189 (Wall 0.00491117s, CPU 0.004855s)
Info    : No ill-shaped tets in the mesh :-)
Info    : 0.00 < quality < 0.10 :         1 elements
Info    : 0.10 < quality < 0.20 :         2 elements
Info    : 0.20 < quality < 0.30 :         7 elements
Info    : 0.30 < quality < 0.40 :       310 elements
Info    : 0.40 < quality < 0.50 :      1379 elements
Info    : 0.50 < quality < 0.60 :      5298 elements
Info    : 0.60 < quality < 0.70 :      4116 elements
Info    : 0.70 < quality < 0.80 :      2582 elements
Info    : 0.80 < quality < 0.90 :      3221 elements
Info    : 0.90 < quality < 1.00 :      1319 elements
Info    : Optimizing volume 10
Info    : Optimization starts (volume = 6.60448e-08) with worst = 0.00934175 / average = 0.761172:
Info    : 0.00 < quality < 0.10 :       101 elements
Info    : 0.10 < quality < 0.20 :       278 elements
Info    : 0.20 < quality < 0.30 :       451 elements
Info    : 0.30 < quality < 0.40 :       760 elements
Info    : 0.40 < quality < 0.50 :      1211 elements
Info    : 0.50 < quality < 0.60 :      2290 elements
Info    : 0.60 < quality < 0.70 :      5204 elements
Info    : 0.70 < quality < 0.80 :     10544 elements
Info    : 0.80 < quality < 0.90 :     13254 elements
Info    : 0.90 < quality < 1.00 :      6142 elements
Info    : 820 edge swaps, 41 node relocations (volume = 6.60448e-08): worst = 0.147873 / average = 0.773809 (Wall 0.0108083s, CPU 0.010742s)
Info    : 833 edge swaps, 46 node relocations (volume = 6.60448e-08): worst = 0.268435 / average = 0.774036 (Wall 0.0127979s, CPU 0.012722s)
Info    : No ill-shaped tets in the mesh :-)
Info    : 0.00 < quality < 0.10 :         0 elements
Info    : 0.10 < quality < 0.20 :         0 elements
Info    : 0.20 < quality < 0.30 :         3 elements
Info    : 0.30 < quality < 0.40 :       747 elements
Info    : 0.40 < quality < 0.50 :      1161 elements
Info    : 0.50 < quality < 0.60 :      2274 elements
Info    : 0.60 < quality < 0.70 :      5184 elements
Info    : 0.70 < quality < 0.80 :     10562 elements
Info    : 0.80 < quality < 0.90 :     13408 elements
Info    : 0.90 < quality < 1.00 :      6153 elements
Info    : Optimizing volume 20
Info    : Optimization starts (volume = 3.157e-09) with worst = 0.0197558 / average = 0.771451:
Info    : 0.00 < quality < 0.10 :         9 elements
Info    : 0.10 < quality < 0.20 :         6 elements
Info    : 0.20 < quality < 0.30 :         2 elements
Info    : 0.30 < quality < 0.40 :         0 elements
Info    : 0.40 < quality < 0.50 :         5 elements
Info    : 0.50 < quality < 0.60 :        27 elements
Info    : 0.60 < quality < 0.70 :       172 elements
Info    : 0.70 < quality < 0.80 :       300 elements
Info    : 0.80 < quality < 0.90 :       244 elements
Info    : 0.90 < quality < 1.00 :       153 elements
Info    : 17 edge swaps, 0 node relocations (volume = 3.157e-09): worst = 0.463811 / average = 0.785223 (Wall 0.000210667s, CPU 0.000187s)
Info    : No ill-shaped tets in the mesh :-)
Info    : 0.00 < quality < 0.10 :         0 elements
Info    : 0.10 < quality < 0.20 :         0 elements
Info    : 0.20 < quality < 0.30 :         0 elements
Info    : 0.30 < quality < 0.40 :         0 elements
Info    : 0.40 < quality < 0.50 :         4 elements
Info    : 0.50 < quality < 0.60 :        24 elements
Info    : 0.60 < quality < 0.70 :       176 elements
Info    : 0.70 < quality < 0.80 :       295 elements
Info    : 0.80 < quality < 0.90 :       248 elements
Info    : 0.90 < quality < 1.00 :       154 elements
Info    : Optimizing volume 21
Info    : Optimization starts (volume = 3.84503e-09) with worst = 0.00426588 / average = 0.692173:
Info    : 0.00 < quality < 0.10 :        36 elements
Info    : 0.10 < quality < 0.20 :        78 elements
Info    : 0.20 < quality < 0.30 :       139 elements
Info    : 0.30 < quality < 0.40 :       288 elements
Info    : 0.40 < quality < 0.50 :       589 elements
Info    : 0.50 < quality < 0.60 :      1614 elements
Info    : 0.60 < quality < 0.70 :      2500 elements
Info    : 0.70 < quality < 0.80 :      2323 elements
Info    : 0.80 < quality < 0.90 :      1797 elements
Info    : 0.90 < quality < 1.00 :      1147 elements
Info    : 244 edge swaps, 7 node relocations (volume = 3.84503e-09): worst = 0.226474 / average = 0.704223 (Wall 0.00253296s, CPU 0.002503s)
Info    : 247 edge swaps, 9 node relocations (volume = 3.84503e-09): worst = 0.249758 / average = 0.704217 (Wall 0.00298417s, CPU 0.002949s)
Info    : No ill-shaped tets in the mesh :-)
Info    : 0.00 < quality < 0.10 :         0 elements
Info    : 0.10 < quality < 0.20 :         0 elements
Info    : 0.20 < quality < 0.30 :         3 elements
Info    : 0.30 < quality < 0.40 :       317 elements
Info    : 0.40 < quality < 0.50 :       569 elements
Info    : 0.50 < quality < 0.60 :      1615 elements
Info    : 0.60 < quality < 0.70 :      2472 elements
Info    : 0.70 < quality < 0.80 :      2372 elements
Info    : 0.80 < quality < 0.90 :      1813 elements
Info    : 0.90 < quality < 1.00 :      1137 elements
Info    : Done optimizing mesh (Wall 0.062314s, CPU 0.060578s)
Info    : 13071 nodes 87196 elements
Info    : Writing 'joint.msh'...
Info    : Done writing 'joint.msh'
Info    : Stopped on Wed Sep 16 12:59:33 2026 (From start: Wall 0.936576s, CPU 0.977232s)
