Info    : Running '/opt/homebrew/bin/gmsh joint.geo -3 -format msh2 -o joint.msh -nt 1' [Gmsh 4.15.2-git, 1 node, max. 1 thread]
Info    : Started on Mon Sep 14 19:04:37 2026
Info    : Reading 'joint.geo'...
Info    : Done reading 'joint.geo'
Info    : Meshing 1D...
Info    : [  0%] Meshing curve 1 (Circle)
Info    : [ 10%] Meshing curve 2 (Line)
Info    : [ 10%] Meshing curve 3 (Circle)
Info    : [ 10%] Meshing curve 4 (Line)
Info    : [ 10%] Meshing curve 5 (Line)
Info    : [ 10%] Meshing curve 6 (Line)
Info    : [ 10%] Meshing curve 7 (Line)
Info    : [ 20%] Meshing curve 8 (Line)
Info    : [ 20%] Meshing curve 9 (Circle)
Info    : [ 20%] Meshing curve 10 (Circle)
Info    : [ 20%] Meshing curve 11 (Line)
Info    : [ 20%] Meshing curve 12 (Line)
Info    : [ 20%] Meshing curve 13 (Line)
Info    : [ 30%] Meshing curve 14 (Line)
Info    : [ 30%] Meshing curve 15 (Line)
Info    : [ 30%] Meshing curve 16 (Line)
Info    : [ 30%] Meshing curve 17 (Line)
Info    : [ 30%] Meshing curve 18 (Line)
Info    : [ 30%] Meshing curve 19 (Line)
Info    : [ 40%] Meshing curve 20 (Line)
Info    : [ 40%] Meshing curve 21 (Line)
Info    : [ 40%] Meshing curve 22 (Circle)
Info    : [ 40%] Meshing curve 23 (Line)
Info    : [ 40%] Meshing curve 24 (Circle)
Info    : [ 40%] Meshing curve 25 (Circle)
Info    : [ 40%] Meshing curve 26 (Circle)
Info    : [ 50%] Meshing curve 27 (Circle)
Info    : [ 50%] Meshing curve 28 (Line)
Info    : [ 50%] Meshing curve 29 (Line)
Info    : [ 50%] Meshing curve 30 (Line)
Info    : [ 50%] Meshing curve 31 (Line)
Info    : [ 50%] Meshing curve 32 (Line)
Info    : [ 60%] Meshing curve 33 (Line)
Info    : [ 60%] Meshing curve 34 (Line)
Info    : [ 60%] Meshing curve 35 (Line)
Info    : [ 60%] Meshing curve 36 (Line)
Info    : [ 60%] Meshing curve 37 (Line)
Info    : [ 60%] Meshing curve 38 (Line)
Info    : [ 70%] Meshing curve 39 (Line)
Info    : [ 70%] Meshing curve 40 (Line)
Info    : [ 70%] Meshing curve 41 (Line)
Info    : [ 70%] Meshing curve 42 (Line)
Info    : [ 70%] Meshing curve 43 (Circle)
Info    : [ 70%] Meshing curve 44 (Line)
Info    : [ 70%] Meshing curve 45 (Line)
Info    : [ 80%] Meshing curve 46 (Line)
Info    : [ 80%] Meshing curve 47 (Line)
Info    : [ 80%] Meshing curve 48 (Line)
Info    : [ 80%] Meshing curve 49 (Line)
Info    : [ 80%] Meshing curve 50 (Line)
Info    : [ 80%] Meshing curve 51 (Line)
Info    : [ 90%] Meshing curve 52 (Line)
Info    : [ 90%] Meshing curve 53 (Line)
Info    : [ 90%] Meshing curve 54 (Line)
Info    : [ 90%] Meshing curve 55 (Line)
Info    : [ 90%] Meshing curve 56 (Line)
Info    : [ 90%] Meshing curve 57 (Line)
Info    : [100%] Meshing curve 58 (Line)
Info    : [100%] Meshing curve 59 (Line)
Info    : [100%] Meshing curve 60 (Line)
Info    : [100%] Meshing curve 61 (Line)
Info    : [100%] Meshing curve 62 (Line)
Info    : [100%] Meshing curve 63 (Line)
Info    : Done meshing 1D (Wall 0.00681029s, CPU 0.0064s)
Info    : Meshing 2D...
Info    : [  0%] Meshing surface 1 (Cylinder, Frontal-Delaunay)
Info    : [ 10%] Meshing surface 2 (Plane, Frontal-Delaunay)
Info    : [ 10%] Meshing surface 3 (Plane, Frontal-Delaunay)
Info    : [ 10%] Meshing surface 4 (Plane, Frontal-Delaunay)
Info    : [ 20%] Meshing surface 5 (Plane, Frontal-Delaunay)
Info    : [ 20%] Meshing surface 6 (Plane, Frontal-Delaunay)
Info    : [ 20%] Meshing surface 7 (Plane, Frontal-Delaunay)
Info    : [ 30%] Meshing surface 8 (Plane, Frontal-Delaunay)
Info    : [ 30%] Meshing surface 9 (Cylinder, Frontal-Delaunay)
Info    : [ 30%] Meshing surface 10 (Cylinder, Frontal-Delaunay)
Info    : [ 40%] Meshing surface 11 (Plane, Frontal-Delaunay)
Info    : [ 40%] Meshing surface 12 (Plane, Frontal-Delaunay)
Info    : [ 40%] Meshing surface 13 (Plane, Frontal-Delaunay)
Info    : [ 40%] Meshing surface 14 (Cylinder, Frontal-Delaunay)
Info    : [ 50%] Meshing surface 15 (Plane, Frontal-Delaunay)
Info    : [ 50%] Meshing surface 16 (Plane, Frontal-Delaunay)
Info    : [ 50%] Meshing surface 17 (Plane, Frontal-Delaunay)
Info    : [ 60%] Meshing surface 18 (Plane, Frontal-Delaunay)
Info    : [ 60%] Meshing surface 19 (Plane, Frontal-Delaunay)
Info    : [ 60%] Meshing surface 20 (Plane, Frontal-Delaunay)
Info    : [ 70%] Meshing surface 21 (Cylinder, Frontal-Delaunay)
Info    : [ 70%] Meshing surface 22 (Plane, Frontal-Delaunay)
Info    : [ 70%] Meshing surface 23 (Plane, Frontal-Delaunay)
Info    : [ 70%] Meshing surface 24 (Plane, Frontal-Delaunay)
Info    : [ 80%] Meshing surface 25 (Plane, Frontal-Delaunay)
Info    : [ 80%] Meshing surface 26 (Plane, Frontal-Delaunay)
Info    : [ 80%] Meshing surface 27 (Plane, Frontal-Delaunay)
Info    : [ 90%] Meshing surface 28 (Plane, Frontal-Delaunay)
Info    : [ 90%] Meshing surface 29 (Plane, Frontal-Delaunay)
Info    : [ 90%] Meshing surface 30 (Plane, Frontal-Delaunay)
Info    : [100%] Meshing surface 31 (Plane, Frontal-Delaunay)
Info    : [100%] Meshing surface 32 (Plane, Frontal-Delaunay)
Info    : [100%] Meshing surface 33 (Plane, Frontal-Delaunay)
Info    : Done meshing 2D (Wall 0.183926s, CPU 0.181759s)
Info    : Meshing 3D...
Info    : 3D Meshing 4 volumes with 1 connected component
Info    : Tetrahedrizing 6965 nodes...
Info    : Done tetrahedrizing 6973 nodes (Wall 0.0575183s, CPU 0.053366s)
Info    : Reconstructing mesh...
Info    :  - Creating surface mesh
Info    :  - Identifying boundary edges
Info    :  - Recovering boundary
Info    : Done reconstructing mesh (Wall 0.129892s, CPU 0.118611s)
Info    : Found volume 21
Info    : Found volume 10
Info    : Found volume 1
Info    : Found volume 20
Info    : It. 0 - 0 nodes created - worst tet radius 8.64772 (nodes removed 0 0)
Info    : It. 500 - 473 nodes created - worst tet radius 1.7391 (nodes removed 21 6)
Info    : It. 1000 - 819 nodes created - worst tet radius 1.68156 (nodes removed 147 34)
Info    : It. 1500 - 1159 nodes created - worst tet radius 1.86354 (nodes removed 254 87)
Info    : It. 2000 - 1496 nodes created - worst tet radius 1.21056 (nodes removed 368 136)
Info    : It. 2500 - 1797 nodes created - worst tet radius 1.14923 (nodes removed 514 189)
Info    : It. 3000 - 2091 nodes created - worst tet radius 1.09628 (nodes removed 668 241)
Info    : It. 3500 - 2380 nodes created - worst tet radius 1.05586 (nodes removed 822 298)
Info    : It. 4000 - 2723 nodes created - worst tet radius 1.01574 (nodes removed 924 353)
Info    : 3D refinement terminated (9855 nodes total):
Info    :  - 0 Delaunay cavities modified for star shapeness
Info    :  - 1382 nodes could not be inserted
Info    :  - 53274 tetrahedra created in 0.174324 sec. (305603 tets/s)
Info    : 199 node relocations
Info    : Done meshing 3D (Wall 0.516246s, CPU 0.49246s)
Info    : Optimizing mesh...
Info    : Optimizing volume 1
Info    : Optimization starts (volume = 3.86592e-09) with worst = 0.01025 / average = 0.644262:
Info    : 0.00 < quality < 0.10 :        91 elements
Info    : 0.10 < quality < 0.20 :       370 elements
Info    : 0.20 < quality < 0.30 :       632 elements
Info    : 0.30 < quality < 0.40 :       506 elements
Info    : 0.40 < quality < 0.50 :       822 elements
Info    : 0.50 < quality < 0.60 :      4771 elements
Info    : 0.60 < quality < 0.70 :      3761 elements
Info    : 0.70 < quality < 0.80 :      2393 elements
Info    : 0.80 < quality < 0.90 :      2915 elements
Info    : 0.90 < quality < 1.00 :      1179 elements
Info    : 380 edge swaps, 0 node relocations (volume = 3.86592e-09): worst = 0.0433809 / average = 0.65414 (Wall 0.00786442s, CPU 0.00777s)
Info    : 391 edge swaps, 0 node relocations (volume = 3.86592e-09): worst = 0.0433809 / average = 0.65413 (Wall 0.0126347s, CPU 0.01249s)
Info    : No ill-shaped tets in the mesh :-)
Info    : 0.00 < quality < 0.10 :         2 elements
Info    : 0.10 < quality < 0.20 :       218 elements
Info    : 0.20 < quality < 0.30 :       517 elements
Info    : 0.30 < quality < 0.40 :       498 elements
Info    : 0.40 < quality < 0.50 :       860 elements
Info    : 0.50 < quality < 0.60 :      4754 elements
Info    : 0.60 < quality < 0.70 :      3781 elements
Info    : 0.70 < quality < 0.80 :      2292 elements
Info    : 0.80 < quality < 0.90 :      2948 elements
Info    : 0.90 < quality < 1.00 :      1218 elements
Info    : Optimizing volume 10
Info    : Optimization starts (volume = 1.00605e-07) with worst = 0.0140579 / average = 0.750892:
Info    : 0.00 < quality < 0.10 :        66 elements
Info    : 0.10 < quality < 0.20 :       200 elements
Info    : 0.20 < quality < 0.30 :       306 elements
Info    : 0.30 < quality < 0.40 :       514 elements
Info    : 0.40 < quality < 0.50 :       878 elements
Info    : 0.50 < quality < 0.60 :      1927 elements
Info    : 0.60 < quality < 0.70 :      3870 elements
Info    : 0.70 < quality < 0.80 :      7635 elements
Info    : 0.80 < quality < 0.90 :      8088 elements
Info    : 0.90 < quality < 1.00 :      3878 elements
Info    : 563 edge swaps, 9 node relocations (volume = 1.00605e-07): worst = 0.193603 / average = 0.76322 (Wall 0.00696271s, CPU 0.006839s)
Info    : 571 edge swaps, 9 node relocations (volume = 1.00605e-07): worst = 0.193603 / average = 0.76338 (Wall 0.00802075s, CPU 0.007888s)
Info    : No ill-shaped tets in the mesh :-)
Info    : 0.00 < quality < 0.10 :         0 elements
Info    : 0.10 < quality < 0.20 :         1 elements
Info    : 0.20 < quality < 0.30 :         0 elements
Info    : 0.30 < quality < 0.40 :       499 elements
Info    : 0.40 < quality < 0.50 :       876 elements
Info    : 0.50 < quality < 0.60 :      1918 elements
Info    : 0.60 < quality < 0.70 :      3818 elements
Info    : 0.70 < quality < 0.80 :      7700 elements
Info    : 0.80 < quality < 0.90 :      8169 elements
Info    : 0.90 < quality < 1.00 :      3871 elements
Info    : Optimizing volume 20
Info    : Optimization starts (volume = 3.157e-09) with worst = 0.0865255 / average = 0.702174:
Info    : 0.00 < quality < 0.10 :         6 elements
Info    : 0.10 < quality < 0.20 :         0 elements
Info    : 0.20 < quality < 0.30 :         1 elements
Info    : 0.30 < quality < 0.40 :         2 elements
Info    : 0.40 < quality < 0.50 :         4 elements
Info    : 0.50 < quality < 0.60 :        26 elements
Info    : 0.60 < quality < 0.70 :        62 elements
Info    : 0.70 < quality < 0.80 :        61 elements
Info    : 0.80 < quality < 0.90 :        38 elements
Info    : 0.90 < quality < 1.00 :        19 elements
Info    : 7 edge swaps, 0 node relocations (volume = 3.157e-09): worst = 0.314944 / average = 0.7236 (Wall 0.000122875s, CPU 7.8e-05s)
Info    : No ill-shaped tets in the mesh :-)
Info    : 0.00 < quality < 0.10 :         0 elements
Info    : 0.10 < quality < 0.20 :         0 elements
Info    : 0.20 < quality < 0.30 :         0 elements
Info    : 0.30 < quality < 0.40 :         1 elements
Info    : 0.40 < quality < 0.50 :         4 elements
Info    : 0.50 < quality < 0.60 :        26 elements
Info    : 0.60 < quality < 0.70 :        63 elements
Info    : 0.70 < quality < 0.80 :        60 elements
Info    : 0.80 < quality < 0.90 :        39 elements
Info    : 0.90 < quality < 1.00 :        19 elements
Info    : Optimizing volume 21
Info    : Optimization starts (volume = 3.84503e-09) with worst = 4.25103e-05 / average = 0.587563:
Info    : 0.00 < quality < 0.10 :        89 elements
Info    : 0.10 < quality < 0.20 :       233 elements
Info    : 0.20 < quality < 0.30 :       463 elements
Info    : 0.30 < quality < 0.40 :       728 elements
Info    : 0.40 < quality < 0.50 :      1020 elements
Info    : 0.50 < quality < 0.60 :      1568 elements
Info    : 0.60 < quality < 0.70 :      1609 elements
Info    : 0.70 < quality < 0.80 :      1201 elements
Info    : 0.80 < quality < 0.90 :       954 elements
Info    : 0.90 < quality < 1.00 :       388 elements
Info    : 369 edge swaps, 110 node relocations (volume = 3.84503e-09): worst = 4.25103e-05 / average = 0.604327 (Wall 0.00997783s, CPU 0.009884s)
Info    : 446 edge swaps, 177 node relocations (volume = 3.84503e-09): worst = 4.25103e-05 / average = 0.606786 (Wall 0.016212s, CPU 0.016109s)
Info    : 0.00 < quality < 0.10 :         4 elements
Info    : 0.10 < quality < 0.20 :        50 elements
Info    : 0.20 < quality < 0.30 :       296 elements
Info    : 0.30 < quality < 0.40 :       741 elements
Info    : 0.40 < quality < 0.50 :      1066 elements
Info    : 0.50 < quality < 0.60 :      1500 elements
Info    : 0.60 < quality < 0.70 :      1594 elements
Info    : 0.70 < quality < 0.80 :      1235 elements
Info    : 0.80 < quality < 0.90 :       964 elements
Info    : 0.90 < quality < 1.00 :       389 elements
Info    : Done optimizing mesh (Wall 0.0674389s, CPU 0.065843s)
Info    : 9855 nodes 67254 elements
Info    : Writing 'joint.msh'...
Info    : Done writing 'joint.msh'
Info    : Stopped on Mon Sep 14 19:04:38 2026 (From start: Wall 0.882028s, CPU 0.908168s)
