==================================================================
ElmerGrid mesh conversion and manipulation utility, Welcome!
Version: 26.2 (Rev: NA, Compiled: NA)
This program is free software licensed under GPL
==================================================================
Elmergrid reading in-line arguments
Output will be saved to file mesh.

Elmergrid loading data:
-----------------------
Format chosen using the first line: $MeshFormat
Gmsh input file format is type   2.2 in ASCII.
Loading mesh in Gmsh format 2.0 from file local.msh
Allocating for 472 knots and 1264 elements.
Moving bulk elements to boundary elements
Leading bulk elementtype is 504
Trailing bulk elementtype is 303
There are 26 (out of 1264) lower dimensional elements.
Node 95 belongs to maximum of 23 elements
Found correctly 26 side elements.
Parent elements were reordered up to index 1238.
Moved 1238 elements (out of 1264) to new positions
Successfully read the mesh from the Gmsh input file.
Using physical numbering of entities

Elmergrid creating and manipulating meshes:
-------------------------------------------
Bounding box of all nodes in mesh:
X:[0.0711,0.0839] Y:[0.129,0.135] Z:[0,7e-05]
Calculate Mesh Pieces in mesh:
Number of separate pieces in mesh is 2
The mesh is non-conforming. If not expecting a non-conforming
mesh, then refer to the Elmer User Forum for help.

Elmergrid saving data with method 2:
-------------------------------------
Saving mesh in ElmerSolver format to directory mesh.
Saving 472 coordinates to mesh.nodes.
Saving 1238 element topologies to mesh.elements.
Saving boundary elements to mesh.boundary.
Saving header info to mesh.header.

Thank you for using Elmergrid!
Send bug reports and feature wishes to elmeradm@csc.fi
