/Users/bennet/.local/opt/elmer-26.2.1/bin/ElmerGrid: OK
/Users/bennet/.local/opt/elmer-26.2.1/bin/ElmerSolver: OK
/opt/homebrew/bin/gmsh: OK
/private/tmp/zapote-rtd-target/debug/zapote-thermal-reference: OK
/private/tmp/zapote-thermal-canonical-final-b7e41-20260912/elmergrid-version.command.json: OK
/private/tmp/zapote-thermal-canonical-final-b7e41-20260912/elmergrid-version.log: OK
/private/tmp/zapote-thermal-canonical-final-b7e41-20260912/elmergrid-version.stderr: OK
/private/tmp/zapote-thermal-canonical-final-b7e41-20260912/elmergrid-version.stdout: OK
/private/tmp/zapote-thermal-canonical-final-b7e41-20260912/elmersolver-version.command.json: OK
/private/tmp/zapote-thermal-canonical-final-b7e41-20260912/elmersolver-version.log: OK
/private/tmp/zapote-thermal-canonical-final-b7e41-20260912/elmersolver-version.stderr: OK
/private/tmp/zapote-thermal-canonical-final-b7e41-20260912/elmersolver-version.stdout: OK
/private/tmp/zapote-thermal-canonical-final-b7e41-20260912/git-revision.command.json: OK
/private/tmp/zapote-thermal-canonical-final-b7e41-20260912/git-revision.log: OK
/private/tmp/zapote-thermal-canonical-final-b7e41-20260912/git-revision.stderr: OK
/private/tmp/zapote-thermal-canonical-final-b7e41-20260912/git-revision.stdout: OK
/private/tmp/zapote-thermal-canonical-final-b7e41-20260912/git-status.command.json: OK
/private/tmp/zapote-thermal-canonical-final-b7e41-20260912/git-status.log: OK
/private/tmp/zapote-thermal-canonical-final-b7e41-20260912/git-status.stderr: OK
/private/tmp/zapote-thermal-canonical-final-b7e41-20260912/git-status.stdout: OK
/private/tmp/zapote-thermal-canonical-final-b7e41-20260912/gmsh-version.command.json: OK
/private/tmp/zapote-thermal-canonical-final-b7e41-20260912/gmsh-version.log: OK
/private/tmp/zapote-thermal-canonical-final-b7e41-20260912/gmsh-version.stderr: OK
/private/tmp/zapote-thermal-canonical-final-b7e41-20260912/gmsh-version.stdout: OK
/private/tmp/zapote-thermal-canonical-final-b7e41-20260912/mesh-0.0001250/bar.geo: OK
/private/tmp/zapote-thermal-canonical-final-b7e41-20260912/mesh-0.0001250/bar.msh: OK
/private/tmp/zapote-thermal-canonical-final-b7e41-20260912/mesh-0.0001250/bar/bar_t0001.vtu: OK
/private/tmp/zapote-thermal-canonical-final-b7e41-20260912/mesh-0.0001250/bar/entities.sif: OK
/private/tmp/zapote-thermal-canonical-final-b7e41-20260912/mesh-0.0001250/bar/mesh.boundary: OK
/private/tmp/zapote-thermal-canonical-final-b7e41-20260912/mesh-0.0001250/bar/mesh.elements: OK
/private/tmp/zapote-thermal-canonical-final-b7e41-20260912/mesh-0.0001250/bar/mesh.header: OK
/private/tmp/zapote-thermal-canonical-final-b7e41-20260912/mesh-0.0001250/bar/mesh.names: OK
/private/tmp/zapote-thermal-canonical-final-b7e41-20260912/mesh-0.0001250/bar/mesh.nodes: OK
/private/tmp/zapote-thermal-canonical-final-b7e41-20260912/mesh-0.0001250/case.sif: OK
/private/tmp/zapote-thermal-canonical-final-b7e41-20260912/mesh-0.0001250/elmergrid.command.json: OK
/private/tmp/zapote-thermal-canonical-final-b7e41-20260912/mesh-0.0001250/elmergrid.log: OK
/private/tmp/zapote-thermal-canonical-final-b7e41-20260912/mesh-0.0001250/elmergrid.stderr: OK
/private/tmp/zapote-thermal-canonical-final-b7e41-20260912/mesh-0.0001250/elmergrid.stdout: OK
/private/tmp/zapote-thermal-canonical-final-b7e41-20260912/mesh-0.0001250/elmersolver.command.json: OK
/private/tmp/zapote-thermal-canonical-final-b7e41-20260912/mesh-0.0001250/elmersolver.log: OK
/private/tmp/zapote-thermal-canonical-final-b7e41-20260912/mesh-0.0001250/elmersolver.stderr: OK
/private/tmp/zapote-thermal-canonical-final-b7e41-20260912/mesh-0.0001250/elmersolver.stdout: OK
/private/tmp/zapote-thermal-canonical-final-b7e41-20260912/mesh-0.0001250/gmsh.command.json: OK
/private/tmp/zapote-thermal-canonical-final-b7e41-20260912/mesh-0.0001250/gmsh.log: OK
/private/tmp/zapote-thermal-canonical-final-b7e41-20260912/mesh-0.0001250/gmsh.stderr: OK
/private/tmp/zapote-thermal-canonical-final-b7e41-20260912/mesh-0.0001250/gmsh.stdout: OK
/private/tmp/zapote-thermal-canonical-final-b7e41-20260912/mesh-0.0001250/scalars.dat: OK
/private/tmp/zapote-thermal-canonical-final-b7e41-20260912/mesh-0.0001250/scalars.dat.names: OK
/private/tmp/zapote-thermal-canonical-final-b7e41-20260912/mesh-0.0002500/bar.geo: OK
/private/tmp/zapote-thermal-canonical-final-b7e41-20260912/mesh-0.0002500/bar.msh: OK
/private/tmp/zapote-thermal-canonical-final-b7e41-20260912/mesh-0.0002500/bar/bar_t0001.vtu: OK
/private/tmp/zapote-thermal-canonical-final-b7e41-20260912/mesh-0.0002500/bar/entities.sif: OK
/private/tmp/zapote-thermal-canonical-final-b7e41-20260912/mesh-0.0002500/bar/mesh.boundary: OK
/private/tmp/zapote-thermal-canonical-final-b7e41-20260912/mesh-0.0002500/bar/mesh.elements: OK
/private/tmp/zapote-thermal-canonical-final-b7e41-20260912/mesh-0.0002500/bar/mesh.header: OK
/private/tmp/zapote-thermal-canonical-final-b7e41-20260912/mesh-0.0002500/bar/mesh.names: OK
/private/tmp/zapote-thermal-canonical-final-b7e41-20260912/mesh-0.0002500/bar/mesh.nodes: OK
/private/tmp/zapote-thermal-canonical-final-b7e41-20260912/mesh-0.0002500/case.sif: OK
/private/tmp/zapote-thermal-canonical-final-b7e41-20260912/mesh-0.0002500/elmergrid.command.json: OK
/private/tmp/zapote-thermal-canonical-final-b7e41-20260912/mesh-0.0002500/elmergrid.log: OK
/private/tmp/zapote-thermal-canonical-final-b7e41-20260912/mesh-0.0002500/elmergrid.stderr: OK
/private/tmp/zapote-thermal-canonical-final-b7e41-20260912/mesh-0.0002500/elmergrid.stdout: OK
/private/tmp/zapote-thermal-canonical-final-b7e41-20260912/mesh-0.0002500/elmersolver.command.json: OK
/private/tmp/zapote-thermal-canonical-final-b7e41-20260912/mesh-0.0002500/elmersolver.log: OK
/private/tmp/zapote-thermal-canonical-final-b7e41-20260912/mesh-0.0002500/elmersolver.stderr: OK
/private/tmp/zapote-thermal-canonical-final-b7e41-20260912/mesh-0.0002500/elmersolver.stdout: OK
/private/tmp/zapote-thermal-canonical-final-b7e41-20260912/mesh-0.0002500/gmsh.command.json: OK
/private/tmp/zapote-thermal-canonical-final-b7e41-20260912/mesh-0.0002500/gmsh.log: OK
/private/tmp/zapote-thermal-canonical-final-b7e41-20260912/mesh-0.0002500/gmsh.stderr: OK
/private/tmp/zapote-thermal-canonical-final-b7e41-20260912/mesh-0.0002500/gmsh.stdout: OK
/private/tmp/zapote-thermal-canonical-final-b7e41-20260912/mesh-0.0002500/scalars.dat: OK
/private/tmp/zapote-thermal-canonical-final-b7e41-20260912/mesh-0.0002500/scalars.dat.names: OK
/private/tmp/zapote-thermal-canonical-final-b7e41-20260912/mesh-0.0005000/bar.geo: OK
/private/tmp/zapote-thermal-canonical-final-b7e41-20260912/mesh-0.0005000/bar.msh: OK
/private/tmp/zapote-thermal-canonical-final-b7e41-20260912/mesh-0.0005000/bar/bar_t0001.vtu: OK
/private/tmp/zapote-thermal-canonical-final-b7e41-20260912/mesh-0.0005000/bar/entities.sif: OK
/private/tmp/zapote-thermal-canonical-final-b7e41-20260912/mesh-0.0005000/bar/mesh.boundary: OK
/private/tmp/zapote-thermal-canonical-final-b7e41-20260912/mesh-0.0005000/bar/mesh.elements: OK
/private/tmp/zapote-thermal-canonical-final-b7e41-20260912/mesh-0.0005000/bar/mesh.header: OK
/private/tmp/zapote-thermal-canonical-final-b7e41-20260912/mesh-0.0005000/bar/mesh.names: OK
/private/tmp/zapote-thermal-canonical-final-b7e41-20260912/mesh-0.0005000/bar/mesh.nodes: OK
/private/tmp/zapote-thermal-canonical-final-b7e41-20260912/mesh-0.0005000/case.sif: OK
/private/tmp/zapote-thermal-canonical-final-b7e41-20260912/mesh-0.0005000/elmergrid.command.json: OK
/private/tmp/zapote-thermal-canonical-final-b7e41-20260912/mesh-0.0005000/elmergrid.log: OK
/private/tmp/zapote-thermal-canonical-final-b7e41-20260912/mesh-0.0005000/elmergrid.stderr: OK
/private/tmp/zapote-thermal-canonical-final-b7e41-20260912/mesh-0.0005000/elmergrid.stdout: OK
/private/tmp/zapote-thermal-canonical-final-b7e41-20260912/mesh-0.0005000/elmersolver.command.json: OK
/private/tmp/zapote-thermal-canonical-final-b7e41-20260912/mesh-0.0005000/elmersolver.log: OK
/private/tmp/zapote-thermal-canonical-final-b7e41-20260912/mesh-0.0005000/elmersolver.stderr: OK
/private/tmp/zapote-thermal-canonical-final-b7e41-20260912/mesh-0.0005000/elmersolver.stdout: OK
/private/tmp/zapote-thermal-canonical-final-b7e41-20260912/mesh-0.0005000/gmsh.command.json: OK
/private/tmp/zapote-thermal-canonical-final-b7e41-20260912/mesh-0.0005000/gmsh.log: OK
/private/tmp/zapote-thermal-canonical-final-b7e41-20260912/mesh-0.0005000/gmsh.stderr: OK
/private/tmp/zapote-thermal-canonical-final-b7e41-20260912/mesh-0.0005000/gmsh.stdout: OK
/private/tmp/zapote-thermal-canonical-final-b7e41-20260912/mesh-0.0005000/scalars.dat: OK
/private/tmp/zapote-thermal-canonical-final-b7e41-20260912/mesh-0.0005000/scalars.dat.names: OK
/Users/bennet/.local/opt/elmer-26.2.1/lib/elmersolver/libamd.a: OK
/Users/bennet/.local/opt/elmer-26.2.1/lib/elmersolver/libamdf77.a: OK
/Users/bennet/.local/opt/elmer-26.2.1/lib/elmersolver/libarpack.dylib: OK
/Users/bennet/.local/opt/elmer-26.2.1/lib/elmersolver/libelmersolver.dylib: OK
/Users/bennet/.local/opt/elmer-26.2.1/lib/elmersolver/libfhuti.dylib: OK
/Users/bennet/.local/opt/elmer-26.2.1/lib/elmersolver/libmatc.dylib: OK
/Users/bennet/.local/opt/elmer-26.2.1/lib/elmersolver/libparpack.dylib: OK
/Users/bennet/.local/opt/elmer-26.2.1/lib/elmersolver/libumfpack.a: OK
/Users/bennet/.local/opt/elmer-26.2.1/share/elmersolver/lib/Acoustics.dylib: OK
/Users/bennet/.local/opt/elmer-26.2.1/share/elmersolver/lib/AdvectionDiffusion.dylib: OK
/Users/bennet/.local/opt/elmer-26.2.1/share/elmersolver/lib/AdvectionReaction.dylib: OK
/Users/bennet/.local/opt/elmer-26.2.1/share/elmersolver/lib/AllocateSolver.dylib: OK
/Users/bennet/.local/opt/elmer-26.2.1/share/elmersolver/lib/ArteryOutlet.dylib: OK
/Users/bennet/.local/opt/elmer-26.2.1/share/elmersolver/lib/ArtificialCompressibility.dylib: OK
/Users/bennet/.local/opt/elmer-26.2.1/share/elmersolver/lib/BatterySolver.dylib: OK
/Users/bennet/.local/opt/elmer-26.2.1/share/elmersolver/lib/BeamSolver3D.dylib: OK
/Users/bennet/.local/opt/elmer-26.2.1/share/elmersolver/lib/CahnHilliard.dylib: OK
/Users/bennet/.local/opt/elmer-26.2.1/share/elmersolver/lib/CircuitsAndDynamics.dylib: OK
/Users/bennet/.local/opt/elmer-26.2.1/share/elmersolver/lib/CoilSolver.dylib: OK
/Users/bennet/.local/opt/elmer-26.2.1/share/elmersolver/lib/CompressibleNS.dylib: OK
/Users/bennet/.local/opt/elmer-26.2.1/share/elmersolver/lib/ConsistentSplitting.dylib: OK
/Users/bennet/.local/opt/elmer-26.2.1/share/elmersolver/lib/CoordinateTransform.dylib: OK
/Users/bennet/.local/opt/elmer-26.2.1/share/elmersolver/lib/CraigBamptonSolver.dylib: OK
/Users/bennet/.local/opt/elmer-26.2.1/share/elmersolver/lib/CyclicConvergence.dylib: OK
/Users/bennet/.local/opt/elmer-26.2.1/share/elmersolver/lib/DCRComplexSolve.dylib: OK
/Users/bennet/.local/opt/elmer-26.2.1/share/elmersolver/lib/DFTSolver.dylib: OK
/Users/bennet/.local/opt/elmer-26.2.1/share/elmersolver/lib/DataToFieldSolver.dylib: OK
/Users/bennet/.local/opt/elmer-26.2.1/share/elmersolver/lib/DirectionSolver.dylib: OK
/Users/bennet/.local/opt/elmer-26.2.1/share/elmersolver/lib/DistanceSolve.dylib: OK
/Users/bennet/.local/opt/elmer-26.2.1/share/elmersolver/lib/DistributeSource.dylib: OK
/Users/bennet/.local/opt/elmer-26.2.1/share/elmersolver/lib/DivProjection.dylib: OK
/Users/bennet/.local/opt/elmer-26.2.1/share/elmersolver/lib/DivergenceSolver.dylib: OK
/Users/bennet/.local/opt/elmer-26.2.1/share/elmersolver/lib/EMPort.dylib: OK
/Users/bennet/.local/opt/elmer-26.2.1/share/elmersolver/lib/EMWaveSolver.dylib: OK
/Users/bennet/.local/opt/elmer-26.2.1/share/elmersolver/lib/EdgeFEInterpolationTest.dylib: OK
/Users/bennet/.local/opt/elmer-26.2.1/share/elmersolver/lib/ElasticSolve.dylib: OK
/Users/bennet/.local/opt/elmer-26.2.1/share/elmersolver/lib/ElectricForce.dylib: OK
/Users/bennet/.local/opt/elmer-26.2.1/share/elmersolver/lib/Electrokinetics.dylib: OK
/Users/bennet/.local/opt/elmer-26.2.1/share/elmersolver/lib/ElementSizeSolver.dylib: OK
/Users/bennet/.local/opt/elmer-26.2.1/share/elmersolver/lib/ElementStats.dylib: OK
/Users/bennet/.local/opt/elmer-26.2.1/share/elmersolver/lib/EliminateDirichlet.dylib: OK
/Users/bennet/.local/opt/elmer-26.2.1/share/elmersolver/lib/EliminatePeriodic.dylib: OK
/Users/bennet/.local/opt/elmer-26.2.1/share/elmersolver/lib/Elmer2OpenFoamIO.dylib: OK
/Users/bennet/.local/opt/elmer-26.2.1/share/elmersolver/lib/EnergyRelease.dylib: OK
/Users/bennet/.local/opt/elmer-26.2.1/share/elmersolver/lib/FDiffusion.dylib: OK
/Users/bennet/.local/opt/elmer-26.2.1/share/elmersolver/lib/FDiffusion3D.dylib: OK
/Users/bennet/.local/opt/elmer-26.2.1/share/elmersolver/lib/FacetShellSolve.dylib: OK
/Users/bennet/.local/opt/elmer-26.2.1/share/elmersolver/lib/FilmFlowSolver.dylib: OK
/Users/bennet/.local/opt/elmer-26.2.1/share/elmersolver/lib/FilterTimeSeries.dylib: OK
/Users/bennet/.local/opt/elmer-26.2.1/share/elmersolver/lib/FindOptimum.dylib: OK
/Users/bennet/.local/opt/elmer-26.2.1/share/elmersolver/lib/FixTangentVelo.dylib: OK
/Users/bennet/.local/opt/elmer-26.2.1/share/elmersolver/lib/FlowSolve.dylib: OK
/Users/bennet/.local/opt/elmer-26.2.1/share/elmersolver/lib/FluidicForce.dylib: OK
/Users/bennet/.local/opt/elmer-26.2.1/share/elmersolver/lib/FluxSolver.dylib: OK
/Users/bennet/.local/opt/elmer-26.2.1/share/elmersolver/lib/FourierLoss.dylib: OK
/Users/bennet/.local/opt/elmer-26.2.1/share/elmersolver/lib/FreeSurfaceReduced.dylib: OK
/Users/bennet/.local/opt/elmer-26.2.1/share/elmersolver/lib/FreeSurfaceSolver.dylib: OK
/Users/bennet/.local/opt/elmer-26.2.1/share/elmersolver/lib/GmshOutputReader.dylib: OK
/Users/bennet/.local/opt/elmer-26.2.1/share/elmersolver/lib/HarmonicSignals.dylib: OK
/Users/bennet/.local/opt/elmer-26.2.1/share/elmersolver/lib/HeatSolve.dylib: OK
/Users/bennet/.local/opt/elmer-26.2.1/share/elmersolver/lib/HeatSolveVec.dylib: OK
/Users/bennet/.local/opt/elmer-26.2.1/share/elmersolver/lib/HelmholtzBEM.dylib: OK
/Users/bennet/.local/opt/elmer-26.2.1/share/elmersolver/lib/HelmholtzProjection.dylib: OK
/Users/bennet/.local/opt/elmer-26.2.1/share/elmersolver/lib/HelmholtzSolve.dylib: OK
/Users/bennet/.local/opt/elmer-26.2.1/share/elmersolver/lib/HydrostaticNSVec.dylib: OK
/Users/bennet/.local/opt/elmer-26.2.1/share/elmersolver/lib/IncompressibleNSVec.dylib: OK
/Users/bennet/.local/opt/elmer-26.2.1/share/elmersolver/lib/Isosurface.dylib: OK
/Users/bennet/.local/opt/elmer-26.2.1/share/elmersolver/lib/KESolver.dylib: OK
/Users/bennet/.local/opt/elmer-26.2.1/share/elmersolver/lib/Komega.dylib: OK
/Users/bennet/.local/opt/elmer-26.2.1/share/elmersolver/lib/LevelSet.dylib: OK
/Users/bennet/.local/opt/elmer-26.2.1/share/elmersolver/lib/MagneticSolve.dylib: OK
/Users/bennet/.local/opt/elmer-26.2.1/share/elmersolver/lib/MagnetoDynamics.dylib: OK
/Users/bennet/.local/opt/elmer-26.2.1/share/elmersolver/lib/MagnetoDynamics2D.dylib: OK
/Users/bennet/.local/opt/elmer-26.2.1/share/elmersolver/lib/MarchingODESolver.dylib: OK
/Users/bennet/.local/opt/elmer-26.2.1/share/elmersolver/lib/Mesh2MeshSolver.dylib: OK
/Users/bennet/.local/opt/elmer-26.2.1/share/elmersolver/lib/MeshChecksum.dylib: OK
/Users/bennet/.local/opt/elmer-26.2.1/share/elmersolver/lib/MeshSolve.dylib: OK
/Users/bennet/.local/opt/elmer-26.2.1/share/elmersolver/lib/ModelMixedPoisson.dylib: OK
/Users/bennet/.local/opt/elmer-26.2.1/share/elmersolver/lib/ModelPDE.dylib: OK
/Users/bennet/.local/opt/elmer-26.2.1/share/elmersolver/lib/ModelPDECutFEM.dylib: OK
/Users/bennet/.local/opt/elmer-26.2.1/share/elmersolver/lib/ModelPDEhandle.dylib: OK
/Users/bennet/.local/opt/elmer-26.2.1/share/elmersolver/lib/NodeToEdgeSolver.dylib: OK
/Users/bennet/.local/opt/elmer-26.2.1/share/elmersolver/lib/NonphysicalMeshSolve.dylib: OK
/Users/bennet/.local/opt/elmer-26.2.1/share/elmersolver/lib/NormalSolver.dylib: OK
/Users/bennet/.local/opt/elmer-26.2.1/share/elmersolver/lib/OdeSolver.dylib: OK
/Users/bennet/.local/opt/elmer-26.2.1/share/elmersolver/lib/OpenFoam2ElmerIO.dylib: OK
/Users/bennet/.local/opt/elmer-26.2.1/share/elmersolver/lib/ParStokes.dylib: OK
/Users/bennet/.local/opt/elmer-26.2.1/share/elmersolver/lib/ParallelRemesh.dylib: OK
/Users/bennet/.local/opt/elmer-26.2.1/share/elmersolver/lib/ParticleAdvector.dylib: OK
/Users/bennet/.local/opt/elmer-26.2.1/share/elmersolver/lib/ParticleDynamics.dylib: OK
/Users/bennet/.local/opt/elmer-26.2.1/share/elmersolver/lib/PartitionMesh.dylib: OK
/Users/bennet/.local/opt/elmer-26.2.1/share/elmersolver/lib/PhaseChangeSolve.dylib: OK
/Users/bennet/.local/opt/elmer-26.2.1/share/elmersolver/lib/Poisson.dylib: OK
/Users/bennet/.local/opt/elmer-26.2.1/share/elmersolver/lib/PoissonBEM.dylib: OK
/Users/bennet/.local/opt/elmer-26.2.1/share/elmersolver/lib/PoissonBoltzmannSolve.dylib: OK
/Users/bennet/.local/opt/elmer-26.2.1/share/elmersolver/lib/PoissonDG.dylib: OK
/Users/bennet/.local/opt/elmer-26.2.1/share/elmersolver/lib/PressurePrecond.dylib: OK
/Users/bennet/.local/opt/elmer-26.2.1/share/elmersolver/lib/Probes.dylib: OK
/Users/bennet/.local/opt/elmer-26.2.1/share/elmersolver/lib/ProjectToPlane.dylib: OK
/Users/bennet/.local/opt/elmer-26.2.1/share/elmersolver/lib/RateOfChange.dylib: OK
/Users/bennet/.local/opt/elmer-26.2.1/share/elmersolver/lib/ReloadData.dylib: OK
/Users/bennet/.local/opt/elmer-26.2.1/share/elmersolver/lib/ReloadInput.dylib: OK
/Users/bennet/.local/opt/elmer-26.2.1/share/elmersolver/lib/ResultOutputSolve.dylib: OK
/Users/bennet/.local/opt/elmer-26.2.1/share/elmersolver/lib/ReynoldsSolver.dylib: OK
/Users/bennet/.local/opt/elmer-26.2.1/share/elmersolver/lib/RichardsSolver.dylib: OK
/Users/bennet/.local/opt/elmer-26.2.1/share/elmersolver/lib/RigidBodyReduction.dylib: OK
/Users/bennet/.local/opt/elmer-26.2.1/share/elmersolver/lib/RigidMeshMapper.dylib: OK
/Users/bennet/.local/opt/elmer-26.2.1/share/elmersolver/lib/SOLVER.KEYWORDS: OK
/Users/bennet/.local/opt/elmer-26.2.1/share/elmersolver/lib/SSTKomega.dylib: OK
/Users/bennet/.local/opt/elmer-26.2.1/share/elmersolver/lib/SaveData.dylib: OK
/Users/bennet/.local/opt/elmer-26.2.1/share/elmersolver/lib/SaveGridData.dylib: OK
/Users/bennet/.local/opt/elmer-26.2.1/share/elmersolver/lib/SaveMesh.dylib: OK
/Users/bennet/.local/opt/elmer-26.2.1/share/elmersolver/lib/ScalarPotentialSolver.dylib: OK
/Users/bennet/.local/opt/elmer-26.2.1/share/elmersolver/lib/ScannedFieldSolver.dylib: OK
/Users/bennet/.local/opt/elmer-26.2.1/share/elmersolver/lib/ShallowWaterNS.dylib: OK
/Users/bennet/.local/opt/elmer-26.2.1/share/elmersolver/lib/ShearrateSolver.dylib: OK
/Users/bennet/.local/opt/elmer-26.2.1/share/elmersolver/lib/ShellSolver.dylib: OK
/Users/bennet/.local/opt/elmer-26.2.1/share/elmersolver/lib/SimpleCircuits.dylib: OK
/Users/bennet/.local/opt/elmer-26.2.1/share/elmersolver/lib/Smitc.dylib: OK
/Users/bennet/.local/opt/elmer-26.2.1/share/elmersolver/lib/Spalart-Allmaras.dylib: OK
/Users/bennet/.local/opt/elmer-26.2.1/share/elmersolver/lib/SpringAssembly.dylib: OK
/Users/bennet/.local/opt/elmer-26.2.1/share/elmersolver/lib/StatCurrentSolve.dylib: OK
/Users/bennet/.local/opt/elmer-26.2.1/share/elmersolver/lib/StatCurrentSolveVec.dylib: OK
/Users/bennet/.local/opt/elmer-26.2.1/share/elmersolver/lib/StatElecBoundary.dylib: OK
/Users/bennet/.local/opt/elmer-26.2.1/share/elmersolver/lib/StatElecSolve.dylib: OK
/Users/bennet/.local/opt/elmer-26.2.1/share/elmersolver/lib/StatElecSolveVec.dylib: OK
/Users/bennet/.local/opt/elmer-26.2.1/share/elmersolver/lib/StatMagSolve.dylib: OK
/Users/bennet/.local/opt/elmer-26.2.1/share/elmersolver/lib/SteadyPhaseChange.dylib: OK
/Users/bennet/.local/opt/elmer-26.2.1/share/elmersolver/lib/Stokes.dylib: OK
/Users/bennet/.local/opt/elmer-26.2.1/share/elmersolver/lib/StreamSolver.dylib: OK
/Users/bennet/.local/opt/elmer-26.2.1/share/elmersolver/lib/StressSolve.dylib: OK
/Users/bennet/.local/opt/elmer-26.2.1/share/elmersolver/lib/StructuredFlowLine.dylib: OK
/Users/bennet/.local/opt/elmer-26.2.1/share/elmersolver/lib/StructuredMeshMapper.dylib: OK
/Users/bennet/.local/opt/elmer-26.2.1/share/elmersolver/lib/StructuredProjectToPlane.dylib: OK
/Users/bennet/.local/opt/elmer-26.2.1/share/elmersolver/lib/SunAngle.dylib: OK
/Users/bennet/.local/opt/elmer-26.2.1/share/elmersolver/lib/ThermoElectricSolver.dylib: OK
/Users/bennet/.local/opt/elmer-26.2.1/share/elmersolver/lib/TopoOpt.dylib: OK
/Users/bennet/.local/opt/elmer-26.2.1/share/elmersolver/lib/TransientCost.dylib: OK
/Users/bennet/.local/opt/elmer-26.2.1/share/elmersolver/lib/TransientPhaseChange.dylib: OK
/Users/bennet/.local/opt/elmer-26.2.1/share/elmersolver/lib/TransportEquation.dylib: OK
/Users/bennet/.local/opt/elmer-26.2.1/share/elmersolver/lib/UMATLib.dylib: OK
/Users/bennet/.local/opt/elmer-26.2.1/share/elmersolver/lib/V2FSolver.dylib: OK
/Users/bennet/.local/opt/elmer-26.2.1/share/elmersolver/lib/VectorHelmholtz.dylib: OK
/Users/bennet/.local/opt/elmer-26.2.1/share/elmersolver/lib/VectorHelmholtzLumping.dylib: OK
/Users/bennet/.local/opt/elmer-26.2.1/share/elmersolver/lib/VectorHelmholtzNodal.dylib: OK
/Users/bennet/.local/opt/elmer-26.2.1/share/elmersolver/lib/VelocityPrecond.dylib: OK
/Users/bennet/.local/opt/elmer-26.2.1/share/elmersolver/lib/VorticitySolver.dylib: OK
/Users/bennet/.local/opt/elmer-26.2.1/share/elmersolver/lib/WPotentialSolver.dylib: OK
/Users/bennet/.local/opt/elmer-26.2.1/share/elmersolver/lib/WVectorFix.dylib: OK
/Users/bennet/.local/opt/elmer-26.2.1/share/elmersolver/lib/WaveSolver.dylib: OK
/Users/bennet/.local/opt/elmer-26.2.1/share/elmersolver/lib/elements.def: OK
