stdout ******
stdout ** ngspice-45.2 shared library
stdout ******
stdout Note: No compatibility mode selected!
stdout Circuit: * temper passive-reva cold-start / settled-normal switching witness.
stdout Reducing trtol to 1 for xspice 'A' devices
stdout Doing analysis at TEMP = 27.000000 and TNOM = 27.000000
stdout Using KLU as Direct Linear Solver
stdout Operating point simulation skipped by 'uic',
stdout now using transient initial conditions.
 Reference value :  9.44963e-04
 Reference value :  2.04482e-03
 Reference value :  3.06733e-03
 Reference value :  4.12838e-03
 Reference value :  5.14620e-03
 Reference value :  6.18869e-03
 Reference value :  7.24205e-03
 Reference value :  7.84173e-03
 Reference value :  7.90423e-03
 Reference value :  7.96317e-03
 Reference value :  8.02075e-03
 Reference value :  8.07651e-03
 Reference value :  8.13138e-03
 Reference value :  8.18646e-03
 Reference value :  8.24069e-03
 Reference value :  8.29470e-03
 Reference value :  8.34889e-03
 Reference value :  8.40333e-03
 Reference value :  8.45810e-03
 Reference value :  8.51253e-03
 Reference value :  8.56699e-03
 Reference value :  8.62303e-03
 Reference value :  8.68104e-03
 Reference value :  8.74348e-03
 Reference value :  8.81393e-03
 Reference value :  9.44955e-03
 Reference value :  1.04998e-02
 Reference value :  1.15486e-02
 Reference value :  1.26004e-02
 Reference value :  1.36476e-02
 Reference value :  1.46932e-02
 Reference value :  1.57467e-02
 Reference value :  1.58298e-02
 Reference value :  1.58915e-02
 Reference value :  1.59496e-02
 Reference value :  1.60060e-02
 Reference value :  1.60618e-02
 Reference value :  1.61169e-02
 Reference value :  1.61703e-02
 Reference value :  1.62229e-02
 Reference value :  1.62759e-02
 Reference value :  1.63278e-02
 Reference value :  1.63797e-02
 Reference value :  1.64309e-02
 Reference value :  1.64818e-02
 Reference value :  1.65331e-02
 Reference value :  1.65836e-02
 Reference value :  1.66347e-02
 Reference value :  1.66856e-02
 Reference value :  1.67371e-02
 Reference value :  1.67892e-02
 Reference value :  1.68411e-02
 Reference value :  1.68935e-02
 Reference value :  1.69472e-02
 Reference value :  1.70014e-02
 Reference value :  1.70573e-02
 Reference value :  1.71149e-02
 Reference value :  1.71753e-02
 Reference value :  1.72374e-02
 Reference value :  1.73043e-02
 Reference value :  1.73780e-02
 Reference value :  1.75126e-02
 Reference value :  1.84375e-02
 Reference value :  1.95374e-02
 Reference value :  2.06341e-02
 Reference value :  2.17417e-02
 Reference value :  2.28415e-02
 Reference value :  2.38073e-02
 Reference value :  2.38754e-02
 Reference value :  2.39369e-02
 Reference value :  2.39965e-02
 Reference value :  2.40550e-02
 Reference value :  2.41132e-02
 Reference value :  2.41736e-02
 Reference value :  2.42330e-02
 Reference value :  2.42922e-02
 Reference value :  2.43519e-02
 Reference value :  2.44116e-02
 Reference value :  2.44716e-02
 Reference value :  2.45297e-02
 Reference value :  2.45884e-02
 Reference value :  2.46467e-02
 Reference value :  2.47045e-02
 Reference value :  2.47624e-02
 Reference value :  2.48194e-02
 Reference value :  2.48770e-02
 Reference value :  2.49342e-02
 Reference value :  2.49918e-02
 Reference value :  2.50487e-02
 Reference value :  2.51055e-02
 Reference value :  2.51627e-02
 Reference value :  2.52197e-02
 Reference value :  2.52776e-02
 Reference value :  2.53364e-02
 Reference value :  2.53951e-02
 Reference value :  2.54536e-02
 Reference value :  2.55116e-02
 Reference value :  2.55719e-02
 Reference value :  2.56383e-02
 Reference value :  2.57237e-02
 Reference value :  2.58320e-02
 Reference value :  2.59790e-02
 Reference value :  2.64742e-02
 Reference value :  2.75663e-02
 Reference value :  2.86584e-02
 Reference value :  2.97552e-02
 Reference value :  3.08507e-02
 Reference value :  3.18883e-02
 Reference value :  3.19591e-02
 Reference value :  3.20239e-02
 Reference value :  3.20880e-02
 Reference value :  3.21523e-02
 Reference value :  3.22175e-02
 Reference value :  3.22814e-02
 Reference value :  3.23443e-02
 Reference value :  3.24102e-02
 Reference value :  3.24852e-02
 Reference value :  3.25636e-02
 Reference value :  3.26411e-02
 Reference value :  3.27166e-02
 Reference value :  3.27902e-02
 Reference value :  3.28626e-02
 Reference value :  3.29309e-02
 Reference value :  3.29949e-02
 Reference value :  3.30501e-02
 Reference value :  3.31030e-02
 Reference value :  3.31550e-02
 Reference value :  3.32056e-02
 Reference value :  3.32565e-02
 Reference value :  3.33071e-02
 Reference value :  3.33574e-02
 Reference value :  3.34077e-02
 Reference value :  3.34587e-02
 Reference value :  3.35094e-02
 Reference value :  3.35616e-02
 Reference value :  3.36165e-02
 Reference value :  3.36825e-02
 Reference value :  3.37569e-02
 Reference value :  3.38393e-02
 Reference value :  3.39295e-02
 Reference value :  3.40304e-02
 Reference value :  3.41466e-02
 Reference value :  3.42894e-02
 Reference value :  3.44924e-02
 Reference value :  3.52807e-02
 Reference value :  3.63181e-02
 Reference value :  3.73566e-02
 Reference value :  3.83945e-02
 Reference value :  3.94248e-02
 Reference value :  4.00501e-02
 Reference value :  4.01224e-02
 Reference value :  4.01947e-02
 Reference value :  4.02667e-02
 Reference value :  4.03577e-02
 Reference value :  4.04626e-02
 Reference value :  4.05755e-02
 Reference value :  4.06872e-02
 Reference value :  4.08040e-02
 Reference value :  4.09134e-02
 Reference value :  4.10268e-02
 Reference value :  4.11397e-02
 Reference value :  4.12466e-02
 Reference value :  4.13480e-02
 Reference value :  4.14430e-02
 Reference value :  4.15284e-02
 Reference value :  4.16003e-02
 Reference value :  4.16520e-02
 Reference value :  4.17012e-02
 Reference value :  4.17553e-02
 Reference value :  4.18316e-02
 Reference value :  4.19212e-02
 Reference value :  4.20219e-02
 Reference value :  4.21358e-02
 Reference value :  4.22657e-02
 Reference value :  4.24124e-02
 Reference value :  4.25868e-02
 Reference value :  4.28606e-02
 Reference value :  4.37157e-02
 Reference value :  4.47536e-02
 Reference value :  4.57915e-02
 Reference value :  4.68294e-02
 Reference value :  4.78675e-02
 Reference value :  4.82410e-02
 Reference value :  4.83408e-02
 Reference value :  4.84696e-02
 Reference value :  4.86147e-02
 Reference value :  4.87694e-02
 Reference value :  4.89398e-02
 Reference value :  4.91078e-02
 Reference value :  4.92942e-02
 Reference value :  4.94635e-02
 Reference value :  4.96212e-02
 Reference value :  4.97692e-02
 Reference value :  4.98968e-02
 Reference value :  4.99901e-02
 Reference value :  5.00512e-02
 Reference value :  5.01591e-02
 Reference value :  5.02978e-02
 Reference value :  5.04617e-02
 Reference value :  5.06711e-02
 Reference value :  5.09732e-02
 Reference value :  5.16936e-02
 Reference value :  5.27239e-02
 Reference value :  5.37106e-02
 Reference value :  5.45491e-02
 Reference value :  5.53649e-02
 Reference value :  5.61175e-02
 Reference value :  5.61955e-02
 Reference value :  5.62705e-02
 Reference value :  5.63409e-02
 Reference value :  5.64111e-02
 Reference value :  5.64866e-02
 Reference value :  5.65566e-02
 Reference value :  5.66258e-02
 Reference value :  5.66956e-02
 Reference value :  5.67649e-02
 Reference value :  5.68342e-02
 Reference value :  5.68996e-02
 Reference value :  5.69684e-02
 Reference value :  5.70380e-02
 Reference value :  5.71047e-02
 Reference value :  5.71716e-02
 Reference value :  5.72357e-02
 Reference value :  5.73013e-02
 Reference value :  5.73669e-02
 Reference value :  5.74269e-02
 Reference value :  5.74832e-02
 Reference value :  5.75440e-02
 Reference value :  5.75962e-02
 Reference value :  5.76526e-02
 Reference value :  5.77069e-02
 Reference value :  5.77583e-02
 Reference value :  5.78074e-02
 Reference value :  5.78592e-02
 Reference value :  5.79080e-02
 Reference value :  5.79619e-02
 Reference value :  5.80153e-02
 Reference value :  5.80683e-02
 Reference value :  5.81223e-02
 Reference value :  5.81705e-02
 Reference value :  5.82245e-02
 Reference value :  5.82862e-02
 Reference value :  5.83450e-02
 Reference value :  5.84244e-02
 Reference value :  5.84946e-02
 Reference value :  5.85638e-02
 Reference value :  5.86273e-02
 Reference value :  5.86969e-02
 Reference value :  5.87652e-02
 Reference value :  5.88291e-02
 Reference value :  5.88915e-02
 Reference value :  5.89536e-02
 Reference value :  5.90157e-02
 Reference value :  5.90828e-02
 Reference value :  5.91479e-02
 Reference value :  5.92177e-02
 Reference value :  5.92842e-02
 Reference value :  5.93500e-02
 Reference value :  5.94174e-02
 Reference value :  5.94857e-02
 Reference value :  5.95554e-02
 Reference value :  5.96219e-02
 Reference value :  5.96869e-02
 Reference value :  5.97499e-02
 Reference value :  5.98186e-02
 Reference value :  5.98860e-02
 Reference value :  5.99580e-02
 Reference value :  6.00260e-02
 Reference value :  6.00974e-02
 Reference value :  6.01673e-02
 Reference value :  6.02435e-02
 Reference value :  6.03143e-02
 Reference value :  6.03862e-02
 Reference value :  6.04608e-02
 Reference value :  6.05314e-02
 Reference value :  6.06085e-02
 Reference value :  6.06858e-02
 Reference value :  6.07945e-02
 Reference value :  6.12903e-02
 Reference value :  6.20958e-02
 Reference value :  6.29091e-02
 Reference value :  6.37301e-02
 Reference value :  6.41949e-02
 Reference value :  6.42720e-02
 Reference value :  6.43422e-02
 Reference value :  6.44191e-02
 Reference value :  6.44893e-02
 Reference value :  6.45654e-02
 Reference value :  6.46363e-02
 Reference value :  6.47063e-02
 Reference value :  6.47819e-02
 Reference value :  6.48514e-02
 Reference value :  6.49209e-02
 Reference value :  6.49906e-02
 Reference value :  6.50193e-02
 Reference value :  6.50416e-02
 Reference value :  6.50641e-02
 Reference value :  6.50864e-02
 Reference value :  6.51089e-02
 Reference value :  6.51320e-02
 Reference value :  6.51548e-02
 Reference value :  6.51776e-02
 Reference value :  6.52006e-02
 Reference value :  6.52232e-02
 Reference value :  6.52459e-02
 Reference value :  6.52685e-02
 Reference value :  6.52917e-02
 Reference value :  6.53147e-02
 Reference value :  6.53376e-02
 Reference value :  6.53603e-02
 Reference value :  6.53827e-02
 Reference value :  6.54053e-02
 Reference value :  6.54279e-02
 Reference value :  6.54508e-02
 Reference value :  6.54731e-02
 Reference value :  6.54962e-02
 Reference value :  6.55193e-02
 Reference value :  6.55418e-02
 Reference value :  6.55640e-02
 Reference value :  6.55865e-02
 Reference value :  6.56087e-02
 Reference value :  6.56315e-02
 Reference value :  6.56545e-02
 Reference value :  6.56777e-02
 Reference value :  6.57000e-02
 Reference value :  6.57225e-02
 Reference value :  6.57450e-02
 Reference value :  6.57675e-02
 Reference value :  6.57906e-02
 Reference value :  6.58135e-02
 Reference value :  6.58354e-02
 Reference value :  6.58570e-02
 Reference value :  6.58786e-02
 Reference value :  6.59013e-02
 Reference value :  6.59230e-02
 Reference value :  6.59454e-02
 Reference value :  6.59681e-02
 Reference value :  6.59897e-02
 Reference value :  6.60103e-02
 Reference value :  6.60329e-02
 Reference value :  6.60540e-02
 Reference value :  6.60759e-02
 Reference value :  6.60962e-02
 Reference value :  6.61181e-02
 Reference value :  6.61399e-02
 Reference value :  6.61619e-02
 Reference value :  6.61826e-02
 Reference value :  6.62032e-02
 Reference value :  6.62254e-02
 Reference value :  6.62464e-02
 Reference value :  6.62659e-02
 Reference value :  6.62875e-02
 Reference value :  6.63084e-02
 Reference value :  6.63276e-02
 Reference value :  6.63493e-02
 Reference value :  6.63703e-02
 Reference value :  6.63901e-02
 Reference value :  6.64113e-02
 Reference value :  6.64327e-02
 Reference value :  6.64517e-02
 Reference value :  6.64731e-02
 Reference value :  6.64938e-02
 Reference value :  6.65132e-02
 Reference value :  6.65348e-02
 Reference value :  6.65560e-02
 Reference value :  6.65779e-02
 Reference value :  6.65998e-02
 Reference value :  6.66219e-02
 Reference value :  6.66455e-02
 Reference value :  6.66679e-02
 Reference value :  6.66906e-02
 Reference value :  6.67140e-02
 Reference value :  6.67374e-02
 Reference value :  6.67605e-02
 Reference value :  6.67830e-02
 Reference value :  6.68061e-02
 Reference value :  6.68289e-02
 Reference value :  6.68515e-02
 Reference value :  6.68738e-02
 Reference value :  6.68957e-02
 Reference value :  6.69176e-02
 Reference value :  6.69396e-02
 Reference value :  6.69618e-02
 Reference value :  6.69847e-02
 Reference value :  6.70078e-02
 Reference value :  6.70303e-02
 Reference value :  6.70529e-02
 Reference value :  6.70753e-02
 Reference value :  6.70969e-02
 Reference value :  6.71183e-02
 Reference value :  6.71400e-02
 Reference value :  6.71627e-02
 Reference value :  6.71847e-02
 Reference value :  6.72077e-02
 Reference value :  6.72294e-02
 Reference value :  6.72523e-02
 Reference value :  6.72751e-02
 Reference value :  6.72976e-02
 Reference value :  6.73203e-02
 Reference value :  6.73428e-02
 Reference value :  6.73655e-02
 Reference value :  6.73886e-02
 Reference value :  6.74118e-02
 Reference value :  6.74348e-02
 Reference value :  6.74576e-02
 Reference value :  6.74801e-02
 Reference value :  6.75025e-02
 Reference value :  6.75256e-02
 Reference value :  6.75486e-02
 Reference value :  6.75718e-02
 Reference value :  6.75943e-02
 Reference value :  6.76171e-02
 Reference value :  6.76393e-02
 Reference value :  6.76618e-02
 Reference value :  6.76843e-02
 Reference value :  6.77071e-02
 Reference value :  6.77304e-02
 Reference value :  6.77536e-02
 Reference value :  6.77765e-02
 Reference value :  6.77994e-02
 Reference value :  6.78217e-02
 Reference value :  6.78440e-02
 Reference value :  6.78666e-02
 Reference value :  6.78895e-02
 Reference value :  6.79127e-02
 Reference value :  6.79358e-02
 Reference value :  6.79585e-02
 Reference value :  6.79809e-02
 Reference value :  6.80040e-02
 Reference value :  6.80266e-02
 Reference value :  6.80493e-02
 Reference value :  6.80723e-02
 Reference value :  6.80955e-02
 Reference value :  6.81186e-02
 Reference value :  6.81410e-02
 Reference value :  6.81638e-02
 Reference value :  6.81864e-02
 Reference value :  6.82090e-02
 Reference value :  6.82316e-02
 Reference value :  6.82546e-02
 Reference value :  6.82777e-02
 Reference value :  6.83004e-02
 Reference value :  6.83234e-02
 Reference value :  6.83466e-02
 Reference value :  6.83696e-02
 Reference value :  6.83927e-02
 Reference value :  6.84156e-02
 Reference value :  6.84384e-02
 Reference value :  6.84614e-02
 Reference value :  6.84843e-02
 Reference value :  6.85076e-02
 Reference value :  6.85305e-02
 Reference value :  6.85537e-02
 Reference value :  6.85770e-02
 Reference value :  6.86003e-02
 Reference value :  6.86230e-02
 Reference value :  6.86462e-02
 Reference value :  6.86694e-02
 Reference value :  6.86924e-02
 Reference value :  6.87150e-02
 Reference value :  6.87378e-02
 Reference value :  6.87607e-02
 Reference value :  6.87835e-02
 Reference value :  6.88064e-02
 Reference value :  6.88289e-02
 Reference value :  6.88515e-02
 Reference value :  6.88742e-02
 Reference value :  6.88971e-02
 Reference value :  6.89203e-02
 Reference value :  6.89432e-02
 Reference value :  6.89662e-02
 Reference value :  6.89893e-02
 Reference value :  6.90125e-02
 Reference value :  6.90355e-02
 Reference value :  6.90588e-02
 Reference value :  6.90817e-02
 Reference value :  6.91049e-02
 Reference value :  6.91281e-02
 Reference value :  6.91512e-02
 Reference value :  6.91743e-02
 Reference value :  6.91976e-02
 Reference value :  6.92206e-02
 Reference value :  6.92435e-02
 Reference value :  6.92665e-02
 Reference value :  6.92892e-02
 Reference value :  6.93124e-02
 Reference value :  6.93357e-02
 Reference value :  6.93590e-02
 Reference value :  6.93824e-02
 Reference value :  6.94059e-02
 Reference value :  6.94298e-02
 Reference value :  6.94535e-02
 Reference value :  6.94776e-02
 Reference value :  6.95037e-02
 Reference value :  6.95304e-02
 Reference value :  6.95594e-02
 Reference value :  6.95891e-02
 Reference value :  6.96188e-02
 Reference value :  6.96490e-02
 Reference value :  6.96787e-02
 Reference value :  6.97086e-02
 Reference value :  6.97384e-02
 Reference value :  6.97682e-02
 Reference value :  6.97981e-02
 Reference value :  6.98279e-02
 Reference value :  6.98579e-02
 Reference value :  6.98880e-02
 Reference value :  6.99180e-02
 Reference value :  6.99478e-02
 Reference value :  6.99775e-02
 Reference value :  7.00072e-02
 Reference value :  7.00370e-02
 Reference value :  7.00670e-02
 Reference value :  7.00969e-02
 Reference value :  7.01268e-02
 Reference value :  7.01568e-02
 Reference value :  7.01866e-02
 Reference value :  7.02162e-02
 Reference value :  7.02456e-02
 Reference value :  7.02752e-02
 Reference value :  7.03049e-02
 Reference value :  7.03344e-02
 Reference value :  7.03639e-02
 Reference value :  7.03936e-02
 Reference value :  7.04236e-02
 Reference value :  7.04536e-02
 Reference value :  7.04835e-02
 Reference value :  7.05132e-02
 Reference value :  7.05430e-02
 Reference value :  7.05728e-02
 Reference value :  7.06029e-02
 Reference value :  7.06329e-02
 Reference value :  7.06626e-02
 Reference value :  7.06927e-02
 Reference value :  7.07222e-02
 Reference value :  7.07522e-02
 Reference value :  7.07821e-02
 Reference value :  7.08118e-02
 Reference value :  7.08416e-02
 Reference value :  7.08714e-02
 Reference value :  7.09011e-02
 Reference value :  7.09309e-02
 Reference value :  7.09607e-02
 Reference value :  7.09901e-02
 Reference value :  7.10197e-02
 Reference value :  7.10496e-02
 Reference value :  7.10797e-02
 Reference value :  7.11097e-02
 Reference value :  7.11395e-02
 Reference value :  7.11691e-02
 Reference value :  7.11994e-02
 Reference value :  7.12296e-02
 Reference value :  7.12595e-02
 Reference value :  7.12894e-02
 Reference value :  7.13191e-02
 Reference value :  7.13488e-02
 Reference value :  7.13788e-02
 Reference value :  7.14085e-02
 Reference value :  7.14384e-02
 Reference value :  7.14682e-02
 Reference value :  7.14981e-02
 Reference value :  7.15281e-02
 Reference value :  7.15580e-02
 Reference value :  7.15878e-02
 Reference value :  7.16175e-02
 Reference value :  7.16475e-02
 Reference value :  7.16772e-02
 Reference value :  7.17074e-02
 Reference value :  7.17372e-02
 Reference value :  7.17671e-02
 Reference value :  7.17970e-02
 Reference value :  7.18269e-02
 Reference value :  7.18568e-02
 Reference value :  7.18867e-02
 Reference value :  7.19167e-02
 Reference value :  7.19467e-02
 Reference value :  7.19766e-02
 Reference value :  7.20063e-02
 Reference value :  7.20364e-02
 Reference value :  7.20663e-02
 Reference value :  7.20962e-02
 Reference value :  7.21262e-02
 Reference value :  7.21502e-02
 Reference value :  7.21734e-02
 Reference value :  7.21968e-02
 Reference value :  7.22204e-02
 Reference value :  7.22438e-02
 Reference value :  7.22675e-02
 Reference value :  7.22907e-02
 Reference value :  7.23137e-02
 Reference value :  7.23367e-02
 Reference value :  7.23595e-02
 Reference value :  7.23829e-02
 Reference value :  7.24059e-02
 Reference value :  7.24286e-02
 Reference value :  7.24517e-02
 Reference value :  7.24748e-02
 Reference value :  7.24980e-02
 Reference value :  7.25207e-02
 Reference value :  7.25438e-02
 Reference value :  7.25670e-02
 Reference value :  7.25901e-02
 Reference value :  7.26133e-02
 Reference value :  7.26363e-02
 Reference value :  7.26595e-02
 Reference value :  7.26824e-02
 Reference value :  7.27052e-02
 Reference value :  7.27281e-02
 Reference value :  7.27508e-02
 Reference value :  7.27737e-02
 Reference value :  7.27962e-02
 Reference value :  7.28195e-02
 Reference value :  7.28422e-02
 Reference value :  7.28652e-02
 Reference value :  7.28880e-02
 Reference value :  7.29109e-02
 Reference value :  7.29340e-02
 Reference value :  7.29568e-02
 Reference value :  7.29799e-02
 Reference value :  7.30026e-02
 Reference value :  7.30255e-02
 Reference value :  7.30483e-02
 Reference value :  7.30714e-02
 Reference value :  7.30946e-02
 Reference value :  7.31179e-02
 Reference value :  7.31411e-02
 Reference value :  7.31642e-02
 Reference value :  7.31874e-02
 Reference value :  7.32106e-02
 Reference value :  7.32338e-02
 Reference value :  7.32565e-02
 Reference value :  7.32790e-02
 Reference value :  7.33021e-02
 Reference value :  7.33244e-02
 Reference value :  7.33475e-02
 Reference value :  7.33706e-02
 Reference value :  7.33938e-02
 Reference value :  7.34167e-02
 Reference value :  7.34397e-02
 Reference value :  7.34625e-02
 Reference value :  7.34854e-02
 Reference value :  7.35083e-02
 Reference value :  7.35289e-02
 Reference value :  7.35516e-02
 Reference value :  7.35747e-02
 Reference value :  7.35979e-02
 Reference value :  7.36206e-02
 Reference value :  7.36432e-02
 Reference value :  7.36661e-02
 Reference value :  7.36892e-02
 Reference value :  7.37122e-02
 Reference value :  7.37352e-02
 Reference value :  7.37577e-02
 Reference value :  7.37800e-02
 Reference value :  7.38024e-02
 Reference value :  7.38255e-02
 Reference value :  7.38484e-02
 Reference value :  7.38710e-02
 Reference value :  7.38936e-02
 Reference value :  7.39167e-02
 Reference value :  7.39393e-02
 Reference value :  7.39621e-02
 Reference value :  7.39851e-02
 Reference value :  7.40080e-02
 Reference value :  7.40309e-02
 Reference value :  7.40539e-02
 Reference value :  7.40757e-02
 Reference value :  7.40983e-02
 Reference value :  7.41206e-02
 Reference value :  7.41431e-02
 Reference value :  7.41662e-02
 Reference value :  7.41893e-02
 Reference value :  7.42124e-02
 Reference value :  7.42349e-02
 Reference value :  7.42568e-02
 Reference value :  7.42795e-02
 Reference value :  7.43015e-02
 Reference value :  7.43229e-02
 Reference value :  7.43446e-02
 Reference value :  7.43671e-02
 Reference value :  7.43900e-02
 Reference value :  7.44123e-02
 Reference value :  7.44345e-02
 Reference value :  7.44559e-02
 Reference value :  7.44765e-02
 Reference value :  7.44984e-02
 Reference value :  7.45196e-02
 Reference value :  7.45403e-02
 Reference value :  7.45603e-02
 Reference value :  7.45820e-02
 Reference value :  7.46042e-02
 Reference value :  7.46252e-02
 Reference value :  7.46459e-02
 Reference value :  7.46683e-02
 Reference value :  7.46902e-02
 Reference value :  7.47123e-02
 Reference value :  7.47330e-02
 Reference value :  7.47536e-02
 Reference value :  7.47761e-02
 Reference value :  7.47982e-02
 Reference value :  7.48184e-02
 Reference value :  7.48390e-02
 Reference value :  7.48615e-02
 Reference value :  7.48836e-02
 Reference value :  7.49052e-02
 Reference value :  7.49271e-02
 Reference value :  7.49495e-02
 Reference value :  7.49728e-02
 Reference value :  7.49956e-02
 Reference value :  7.50175e-02
 Reference value :  7.50409e-02
 Reference value :  7.50640e-02
 Reference value :  7.50870e-02
 Reference value :  7.51098e-02
 Reference value :  7.51324e-02
 Reference value :  7.51556e-02
 Reference value :  7.51782e-02
 Reference value :  7.52012e-02
 Reference value :  7.52236e-02
 Reference value :  7.52457e-02
 Reference value :  7.52675e-02
 Reference value :  7.52894e-02
 Reference value :  7.53112e-02
 Reference value :  7.53342e-02
 Reference value :  7.53563e-02
 Reference value :  7.53789e-02
 Reference value :  7.54004e-02
 Reference value :  7.54224e-02
 Reference value :  7.54443e-02
 Reference value :  7.54661e-02
 Reference value :  7.54887e-02
 Reference value :  7.55113e-02
 Reference value :  7.55345e-02
 Reference value :  7.55575e-02
 Reference value :  7.55807e-02
 Reference value :  7.56034e-02
 Reference value :  7.56260e-02
 Reference value :  7.56486e-02
 Reference value :  7.56712e-02
 Reference value :  7.56937e-02
 Reference value :  7.57165e-02
 Reference value :  7.57394e-02
 Reference value :  7.57625e-02
 Reference value :  7.57855e-02
 Reference value :  7.58081e-02
 Reference value :  7.58312e-02
 Reference value :  7.58542e-02
 Reference value :  7.58764e-02
 Reference value :  7.58994e-02
 Reference value :  7.59196e-02
 Reference value :  7.59362e-02
 Reference value :  7.59549e-02
 Reference value :  7.59743e-02
 Reference value :  7.59952e-02
 Reference value :  7.60171e-02
 Reference value :  7.60399e-02
 Reference value :  7.60629e-02
 Reference value :  7.60860e-02
 Reference value :  7.61093e-02
 Reference value :  7.61328e-02
 Reference value :  7.61567e-02
 Reference value :  7.61807e-02
 Reference value :  7.62050e-02
 Reference value :  7.62296e-02
 Reference value :  7.62544e-02
 Reference value :  7.62794e-02
 Reference value :  7.63048e-02
 Reference value :  7.63309e-02
 Reference value :  7.63569e-02
 Reference value :  7.63832e-02
 Reference value :  7.64098e-02
 Reference value :  7.64369e-02
 Reference value :  7.64637e-02
 Reference value :  7.64907e-02
 Reference value :  7.65180e-02
 Reference value :  7.65460e-02
 Reference value :  7.65736e-02
 Reference value :  7.66017e-02
 Reference value :  7.66306e-02
 Reference value :  7.66596e-02
 Reference value :  7.66884e-02
 Reference value :  7.67172e-02
 Reference value :  7.67459e-02
 Reference value :  7.67748e-02
 Reference value :  7.68033e-02
 Reference value :  7.68309e-02
 Reference value :  7.68595e-02
 Reference value :  7.68941e-02
 Reference value :  7.69322e-02
 Reference value :  7.69704e-02
 Reference value :  7.70090e-02
 Reference value :  7.70463e-02
 Reference value :  7.70846e-02
 Reference value :  7.71228e-02
 Reference value :  7.71610e-02
 Reference value :  7.71995e-02
 Reference value :  7.72380e-02
 Reference value :  7.72761e-02
 Reference value :  7.73146e-02
 Reference value :  7.73529e-02
 Reference value :  7.73914e-02
 Reference value :  7.74299e-02
 Reference value :  7.74684e-02
 Reference value :  7.75074e-02
 Reference value :  7.75458e-02
 Reference value :  7.75841e-02
 Reference value :  7.76226e-02
 Reference value :  7.76612e-02
 Reference value :  7.76995e-02
 Reference value :  7.77382e-02
 Reference value :  7.77768e-02
 Reference value :  7.78152e-02
 Reference value :  7.78536e-02
 Reference value :  7.78920e-02
 Reference value :  7.79305e-02
 Reference value :  7.79691e-02
 Reference value :  7.80079e-02
 Reference value :  7.80463e-02
 Reference value :  7.80846e-02
 Reference value :  7.81233e-02
 Reference value :  7.81616e-02
 Reference value :  7.82000e-02
 Reference value :  7.82384e-02
 Reference value :  7.82767e-02
 Reference value :  7.83151e-02
 Reference value :  7.83536e-02
 Reference value :  7.83921e-02
 Reference value :  7.84306e-02
 Reference value :  7.84692e-02
 Reference value :  7.85076e-02
 Reference value :  7.85461e-02
 Reference value :  7.85845e-02
 Reference value :  7.86232e-02
 Reference value :  7.86617e-02
 Reference value :  7.87001e-02
 Reference value :  7.87386e-02
 Reference value :  7.87770e-02
 Reference value :  7.88155e-02
 Reference value :  7.88541e-02
 Reference value :  7.88926e-02
 Reference value :  7.89310e-02
 Reference value :  7.89690e-02
 Reference value :  7.90072e-02
 Reference value :  7.90456e-02
 Reference value :  7.90841e-02
 Reference value :  7.91227e-02
 Reference value :  7.91610e-02
 Reference value :  7.91996e-02
 Reference value :  7.92382e-02
 Reference value :  7.92767e-02
 Reference value :  7.93152e-02
 Reference value :  7.93536e-02
 Reference value :  7.93921e-02
 Reference value :  7.94307e-02
 Reference value :  7.94691e-02
 Reference value :  7.95074e-02
 Reference value :  7.95454e-02
 Reference value :  7.95840e-02
 Reference value :  7.96224e-02
 Reference value :  7.96607e-02
 Reference value :  7.96990e-02
 Reference value :  7.97372e-02
 Reference value :  7.97755e-02
 Reference value :  7.98137e-02
 Reference value :  7.98520e-02
 Reference value :  7.98903e-02
 Reference value :  7.99286e-02
 Reference value :  7.99669e-02
 Reference value :  8.00050e-02
 Reference value :  8.00431e-02
 Reference value :  8.00815e-02
 Reference value :  8.01198e-02
 Reference value :  8.01583e-02
 Reference value :  8.01967e-02
 Reference value :  8.02348e-02
 Reference value :  8.02732e-02
 Reference value :  8.03114e-02
 Reference value :  8.03498e-02
 Reference value :  8.03874e-02
 Reference value :  8.04255e-02
 Reference value :  8.04637e-02
 Reference value :  8.05023e-02
 Reference value :  8.05407e-02
 Reference value :  8.05790e-02
 Reference value :  8.06172e-02
 Reference value :  8.06555e-02
 Reference value :  8.06938e-02
 Reference value :  8.07322e-02
 Reference value :  8.07706e-02
 Reference value :  8.08089e-02
 Reference value :  8.08472e-02
 Reference value :  8.08856e-02
 Reference value :  8.09239e-02
 Reference value :  8.09624e-02
 Reference value :  8.10007e-02
 Reference value :  8.10390e-02
 Reference value :  8.10761e-02
 Reference value :  8.11145e-02
 Reference value :  8.11532e-02
 Reference value :  8.11918e-02
 Reference value :  8.12302e-02
 Reference value :  8.12688e-02
 Reference value :  8.13075e-02
 Reference value :  8.13458e-02
 Reference value :  8.13844e-02
 Reference value :  8.14229e-02
 Reference value :  8.14616e-02
 Reference value :  8.14999e-02
 Reference value :  8.15384e-02
 Reference value :  8.15770e-02
 Reference value :  8.16159e-02
 Reference value :  8.16544e-02
 Reference value :  8.16929e-02
 Reference value :  8.17312e-02
 Reference value :  8.17700e-02
 Reference value :  8.18083e-02
 Reference value :  8.18469e-02
 Reference value :  8.18856e-02
 Reference value :  8.19245e-02
 Reference value :  8.19631e-02
 Reference value :  8.20018e-02
 Reference value :  8.20403e-02
 Reference value :  8.20791e-02
 Reference value :  8.21177e-02
 Reference value :  8.21555e-02
 Reference value :  8.21937e-02
 Reference value :  8.22325e-02
 Reference value :  8.22712e-02
 Reference value :  8.23099e-02
 Reference value :  8.23486e-02
 Reference value :  8.23876e-02
 Reference value :  8.24263e-02
 Reference value :  8.24642e-02
 Reference value :  8.25026e-02
 Reference value :  8.25413e-02
 Reference value :  8.25793e-02
 Reference value :  8.26174e-02
 Reference value :  8.26559e-02
 Reference value :  8.26948e-02
 Reference value :  8.27330e-02
 Reference value :  8.27716e-02
 Reference value :  8.28101e-02
 Reference value :  8.28486e-02
 Reference value :  8.28875e-02
 Reference value :  8.29263e-02
 Reference value :  8.29647e-02
 Reference value :  8.30031e-02
 Reference value :  8.30419e-02
 Reference value :  8.30791e-02
 Reference value :  8.31163e-02
 Reference value :  8.31548e-02
 Reference value :  8.31935e-02
 Reference value :  8.32321e-02
 Reference value :  8.32707e-02
 Reference value :  8.33092e-02
 Reference value :  8.33470e-02
 Reference value :  8.33833e-02
 Reference value :  8.34216e-02
 Reference value :  8.34603e-02
 Reference value :  8.34989e-02
 Reference value :  8.35371e-02
 Reference value :  8.35757e-02
 Reference value :  8.36141e-02
 Reference value :  8.36527e-02
 Reference value :  8.36912e-02
 Reference value :  8.37297e-02
 Reference value :  8.37681e-02
 Reference value :  8.38071e-02
 Reference value :  8.38455e-02
 Reference value :  8.38841e-02
 Reference value :  8.39227e-02
 Reference value :  8.39614e-02
 Reference value :  8.40001e-02
 Reference value :  8.40382e-02
 Reference value :  8.40767e-02
 Reference value :  8.41151e-02
 Reference value :  8.41537e-02
 Reference value :  8.41923e-02
 Reference value :  8.42307e-02
 Reference value :  8.42693e-02
 Reference value :  8.43080e-02
 Reference value :  8.43462e-02
 Reference value :  8.43848e-02
 Reference value :  8.44232e-02
 Reference value :  8.44614e-02
 Reference value :  8.44997e-02
 Reference value :  8.45375e-02
 Reference value :  8.45756e-02
 Reference value :  8.46136e-02
 Reference value :  8.46520e-02
 Reference value :  8.46903e-02
 Reference value :  8.47291e-02
 Reference value :  8.47677e-02
 Reference value :  8.48063e-02
 Reference value :  8.48449e-02
 Reference value :  8.48832e-02
 Reference value :  8.49220e-02
 Reference value :  8.49603e-02
 Reference value :  8.49988e-02
 Reference value :  8.50370e-02
 Reference value :  8.50751e-02
 Reference value :  8.51137e-02
 Reference value :  8.51524e-02
 Reference value :  8.51894e-02
 Reference value :  8.52275e-02
 Reference value :  8.52661e-02
 Reference value :  8.53046e-02
 Reference value :  8.53431e-02
 Reference value :  8.53816e-02
 Reference value :  8.54200e-02
 Reference value :  8.54586e-02
 Reference value :  8.54973e-02
 Reference value :  8.55359e-02
 Reference value :  8.55740e-02
 Reference value :  8.56124e-02
 Reference value :  8.56509e-02
 Reference value :  8.56892e-02
 Reference value :  8.57279e-02
 Reference value :  8.57665e-02
 Reference value :  8.58050e-02
 Reference value :  8.58439e-02
 Reference value :  8.58826e-02
 Reference value :  8.59212e-02
 Reference value :  8.59597e-02
 Reference value :  8.59984e-02
 Reference value :  8.60369e-02
 Reference value :  8.60754e-02
 Reference value :  8.61138e-02
 Reference value :  8.61520e-02
 Reference value :  8.61902e-02
 Reference value :  8.62287e-02
 Reference value :  8.62674e-02
 Reference value :  8.63058e-02
 Reference value :  8.63442e-02
 Reference value :  8.63828e-02
 Reference value :  8.64208e-02
 Reference value :  8.64590e-02
 Reference value :  8.64976e-02
 Reference value :  8.65360e-02
 Reference value :  8.65744e-02
 Reference value :  8.66127e-02
 Reference value :  8.66513e-02
 Reference value :  8.66899e-02
 Reference value :  8.67285e-02
 Reference value :  8.67671e-02
 Reference value :  8.68057e-02
 Reference value :  8.68442e-02
 Reference value :  8.68827e-02
 Reference value :  8.69210e-02
 Reference value :  8.69595e-02
 Reference value :  8.69982e-02
 Reference value :  8.70368e-02
 Reference value :  8.70752e-02
 Reference value :  8.71138e-02
 Reference value :  8.71524e-02
 Reference value :  8.71907e-02
 Reference value :  8.72295e-02
 Reference value :  8.72683e-02
 Reference value :  8.73068e-02
 Reference value :  8.73442e-02
 Reference value :  8.73830e-02
 Reference value :  8.74216e-02
 Reference value :  8.74601e-02
 Reference value :  8.74990e-02
 Reference value :  8.75379e-02
 Reference value :  8.75767e-02
 Reference value :  8.76155e-02
 Reference value :  8.76542e-02
 Reference value :  8.76928e-02
 Reference value :  8.77312e-02
 Reference value :  8.77701e-02
 Reference value :  8.78086e-02
 Reference value :  8.78472e-02
 Reference value :  8.78860e-02
 Reference value :  8.79248e-02
 Reference value :  8.79636e-02
 Reference value :  8.80022e-02
 Reference value :  8.80405e-02
 Reference value :  8.80790e-02
 Reference value :  8.81176e-02
 Reference value :  8.81558e-02
 Reference value :  8.81941e-02
 Reference value :  8.82325e-02
 Reference value :  8.82708e-02
 Reference value :  8.83093e-02
 Reference value :  8.83479e-02
 Reference value :  8.83865e-02
 Reference value :  8.84251e-02
 Reference value :  8.84634e-02
 Reference value :  8.85019e-02
 Reference value :  8.85402e-02
 Reference value :  8.85788e-02
 Reference value :  8.86170e-02
 Reference value :  8.86553e-02
 Reference value :  8.86939e-02
 Reference value :  8.87326e-02
 Reference value :  8.87711e-02
 Reference value :  8.88095e-02
 Reference value :  8.88479e-02
 Reference value :  8.88865e-02
 Reference value :  8.89253e-02
 Reference value :  8.89636e-02
stdout No. of Data Rows : 6025180
stdout Background thread stopped with timeout = 0
stdout Transient timepoints = 6560326
stdout Transient iterations = 13921233
stdout Rejected timepoints = 535145
stdout Transient iterations for the last time point = 0
stdout Transient analysis time = 276.251
stdout binary raw file "/private/tmp/temper-pkgs-1-4/zapote/power-entry/passive-reva/protection/operating-matrix-07/faults/startup-compact-candidate-20/host.raw.fifo"
