ELMER SOLVER (v 26.2) STARTED AT: 2026/09/16 15:25:15
ParCommInit: Initialize #PEs: 1
MAIN: 
MAIN: =============================================================
MAIN: ElmerSolver finite element software, Welcome!
MAIN: This program is free software licensed under (L)GPL
MAIN: Copyright 1st April 1995 - , CSC - IT Center for Science Ltd.
MAIN: Webpage http://www.csc.fi/elmer, Email elmeradm@csc.fi
MAIN: Version: 26.2-unknown (Rev: a19504a, Compiled: 2026-09-12)
MAIN:  Running one task without MPI parallelization.
MAIN:  Running with just one thread per task.
MAIN: =============================================================
MAIN: 
MAIN: 
MAIN: -------------------------------------
MAIN: Reading Model: case.sif
LoadInputFile: Scanning input file: case.sif
LoadInputFile: Scanning only size info
LoadInputFile: First time visiting
LoadInputFile: Reading base load of sif file
CheckKeyword: Found keyword type assuming suffix 1 for: variable 2
CheckKeyword: Found keyword type assuming suffix 1 for: variable 2
CheckKeyword: Found keyword type assuming suffix 1 for: operator 2
CheckKeyword: Found keyword type assuming suffix 1 for: operator 2
LoadInputFile: Loading input file: case.sif
LoadInputFile: Reading base load of sif file
CheckKeyword: Found keyword type assuming suffix 1 for: variable 2
CheckKeyword: Found keyword type assuming suffix 1 for: variable 2
CheckKeyword: Found keyword type assuming suffix 1 for: operator 2
CheckKeyword: Found keyword type assuming suffix 1 for: operator 2
LoadInputFile: Number of BCs: 3
LoadInputFile: Number of Body Forces: 0
LoadInputFile: Number of Initial Conditions: 0
LoadInputFile: Number of Materials: 5
LoadInputFile: Number of Equations: 1
LoadInputFile: Number of Solvers: 2
LoadInputFile: Number of Bodies: 5
Loading user function library: [HeatSolve]...[HeatSolver_Init0]
Loading user function library: [HeatSolve]...[HeatSolver_Init0]
Loading user function library: [SaveData]...[SaveScalars_Init0]
Loading user function library: [SaveData]...[SaveScalars_Init0]
LoadMesh: Loading serial mesh!
ElmerMeshReader: Performing step: 1
ElmerMeshReader: Base mesh name: ./mesh
ReadHeaderFile: Reading header info from file: ./mesh/mesh.header
InitializeMesh: Number of nodes in mesh: 228922
InitializeMesh: Number of bulk elements in mesh: 1246266
InitializeMesh: Number of boundary elements in mesh: 32203
InitializeMesh: Initial number of max element nodes: 4
ElmerMeshReader: Performing step: 2
ReadNodesFile: Reading nodes from file: ./mesh/mesh.nodes
SetMeshDimension: Dimension of mesh is: 3
SetMeshDimension: Max dimension of mesh is: 3
ElmerMeshReader: Performing step: 3
ReadElementsFile: Reading bulk elements from file: ./mesh/mesh.elements
ElmerMeshReader: Performing step: 4
ReadBoundaryFile: Reading boundary elements from file: ./mesh/mesh.boundary
PermuteNodeNumbering: Performing node mapping
MapBodiesAndBCs: Remapping bodies
MapBodiesAndBCs: Minimum initial body index: 1
MapBodiesAndBCs: Maximum initial body index: 5
MapBodiesAndBCs: Remapping boundaries
MapBodiesAndBCs: Minimum initial boundary index: 13
MapBodiesAndBCs: Maximum initial boundary index: 15
ElmerMeshReader: Performing step: 5
ElmerMeshReader: Performing step: 6
LoadMesh: Loading mesh done
LoadMesh: Preparing mesh done
LoadMesh: Elapsed REAL time:     0.7019 (s)
MeshStabParams: Computing stabilization parameters
MeshStabParams: Elapsed REAL time:     0.1202 (s)
LoadModel: Defined radition solver by Equation name "heat equation"
MAIN: -------------------------------------
AddMeshCoordinates: Setting mesh coordinates and time
AddSolvers: Setting up 2 solvers
AddSolvers: Setting up solver 1: heat equation
AddEquationBasics: Setting up keywords internally for legacy solver: heat equation
AddEquationBasics: Using procedure: HeatSolve HeatSolver
AddEquationBasics: Setting up solver: heat equation
Loading user function library: [HeatSolve]...[HeatSolver_Init]
Loading user function library: [HeatSolve]...[HeatSolver_bulk]
Loading user function library: [HeatSolve]...[HeatSolver_bulk]
Loading user function library: [HeatSolve]...[HeatSolver]
AddEquationBasics: Creating standard variable: temperature
OptimizeBandwidth: ---------------------------------------------------------
OptimizeBandwidth: Computing matrix structure for: heat equation
OptimizeBandwidth: Initial bandwidth for heat equation: 227946
OptimizeBandwidth: Optimized bandwidth for heat equation: 9324
OptimizeBandwidth: ---------------------------------------------------------
AddSolvers: Setting up solver 2: savescalars
AddEquationBasics: Using procedure: SaveData SaveScalars
AddEquationBasics: Setting up solver: savescalars
Loading user function library: [SaveData]...[SaveScalars_Init]
Loading user function library: [SaveData]...[SaveScalars_bulk]
Loading user function library: [SaveData]...[SaveScalars_bulk]
Loading user function library: [SaveData]...[SaveScalars]
AddTimeEtc: Setting time and other global variables
MAIN: Random seed initialized to: 314159265
SetInitialConditions: Setting up initial conditions (if any)
MAIN: Number of timesteps to be saved: 8
MAIN: 
MAIN: -------------------------------------
MAIN:  Steady state iteration:            1
MAIN: -------------------------------------
MAIN: 
SingleSolver: Attempting to call solver: 1
SingleSolver: Solver Equation string is: heat equation
HeatSolver: -------------------------------------------
HeatSolver: Solving the energy equation for temperature
DefaultStart: Starting solver: heat equation
HeatSolve: 
HeatSolve: 
HeatSolve: -------------------------------------
HeatSolve:  TEMPERATURE ITERATION           1
HeatSolve: -------------------------------------
HeatSolve: 
HeatSolve: Starting Assembly...
HeatSolve: Assembly:
: ......Saving bulk values for: heat equation
HeatSolve: Assembly done
DefUtils::DefaultDirichletBCs: Setting Dirichlet boundary conditions
EnforceDirichletConditions: Enforcing total of 3055 Dirichlet conditions.
EnforceDirichletConditions: Applying Dirichlet conditions using scaled diagonal
ScaleLinearSystem: Creating > DiagScaling < vector of size 228922
EnforceDirichletConditions: Dirichlet conditions enforced for dofs: 3055
DefaultSolve: Solving linear system with default routines
SolveSystem: Solving linear system
SolveLinearSystem: Assuming real valued linear system
SolveLinearSystem: Assuming serial linear system
ScaleLinearSystem: Creating > DiagScaling < vector of size 228922
SolveLinearSystem: Linear System Preconditioning: ilu1
Prec0-ilu1: Elapsed REAL time:     0.0000 (s)
SolveLinearSystem: Serial linear System Solver: iterative
IterSolver: Using iterative method: bicgstab
CRS_IncompleteLU: ILU(1) (Real), Performing Factorization:
CRS_IncompleteLU: Allocated LU matrix of size: 6520102
CRS_IncompleteLU: ILU(1) (Real), NOF nonzeros:   6520103
CRS_IncompleteLU: ILU(1) (Real), filling (%) :       197
CRS_IncompleteLU: ILU(1) (Real), Factorization time (s):     1.97
Prec-ilu1: Elapsed REAL time:     2.0081 (s)
       1 0.7963E-02
       2 0.4029E-02
       3 0.2609E-02
       4 0.1880E-02
       5 0.1453E-02
       6 0.1189E-02
       7 0.1002E-02
       8 0.8460E-03
       9 0.7312E-03
      10 0.6399E-03
      11 0.5863E-03
      12 0.5550E-03
      13 0.5300E-03
      14 0.5088E-03
      15 0.4962E-03
      16 0.1036E-02
      17 0.3907E-03
      18 0.3722E-03
      19 0.3597E-03
      20 0.3662E-03
      21 0.3245E-03
      22 0.3157E-03
      23 0.3134E-03
      24 0.3135E-03
      25 0.3069E-03
      26 0.3005E-03
      27 0.3020E-03
      28 0.2710E-03
      29 0.2655E-03
      30 0.2633E-03
      31 0.2600E-03
      32 0.2565E-03
      33 0.2538E-03
      34 0.2499E-03
      35 0.2456E-03
      36 0.2346E-03
      37 0.2255E-03
      38 0.2181E-03
      39 0.2116E-03
      40 0.2049E-03
      41 0.1979E-03
      42 0.1907E-03
      43 0.1825E-03
      44 0.1723E-03
      45 0.1617E-03
      46 0.1494E-03
      47 0.1336E-03
      48 0.1330E-03
      49 0.1162E-03
      50 0.1278E-03
      51 0.1005E-03
      52 0.9094E-04
      53 0.7363E-04
      54 0.6272E-04
      55 0.5638E-04
      56 0.5096E-04
      57 0.5020E-04
      58 0.4704E-04
      59 0.4459E-04
      60 0.4278E-04
      61 0.4136E-04
      62 0.3996E-04
      63 0.3872E-04
      64 0.3700E-04
      65 0.2862E-04
      66 0.2732E-04
      67 0.2612E-04
      68 0.2546E-04
      69 0.2472E-04
      70 0.2443E-04
      71 0.2417E-04
      72 0.2408E-04
      73 0.2399E-04
      74 0.2373E-04
      75 0.2348E-04
      76 0.2323E-04
      77 0.2277E-04
      78 0.2269E-04
      79 0.2227E-04
      80 0.2208E-04
      81 0.2215E-04
      82 0.2008E-04
      83 0.1825E-04
      84 0.1816E-04
      85 0.1792E-04
      86 0.1787E-04
      87 0.1792E-04
      88 0.1758E-04
      89 0.1746E-04
      90 0.1721E-04
      91 0.1718E-04
      92 0.1695E-04
      93 0.1679E-04
      94 0.1680E-04
      95 0.1576E-04
      96 0.1488E-04
      97 0.1454E-04
      98 0.1428E-04
      99 0.1403E-04
     100 0.1365E-04
     101 0.1246E-04
     102 0.1309E-04
     103 0.1268E-04
     104 0.1234E-04
     105 0.1198E-04
     106 0.1153E-04
     107 0.1096E-04
     108 0.1024E-04
     109 0.9102E-05
     110 0.6493E-05
     111 0.6882E-05
     112 0.5659E-05
     113 0.4480E-05
     114 0.3770E-05
     115 0.3092E-05
     116 0.2664E-05
     117 0.2137E-05
     118 0.5533E-05
     119 0.5386E-05
     120 0.1294E-05
     121 0.1156E-05
     122 0.7516E-06
     123 0.7516E-06
     124 0.4736E-06
     125 0.3340E-06
     126 0.1178E-06
     127 0.1947E-06
     128 0.1133E-06
     129 0.7556E-07
     130 0.5278E-07
     131 0.3636E-07
     132 0.2009E-07
     133 0.1917E-07
     134 0.1152E-07
     135 0.7383E-08
     136 0.7365E-08
     137 0.5151E-08
     138 0.3635E-08
     139 0.3625E-08
     140 0.2634E-08
     141 0.2165E-08
     142 0.1125E-08
     143 0.1436E-08
     144 0.1052E-08
     145 0.7616E-09
     146 0.4584E-09
     147 0.3379E-09
     148 0.2238E-09
     149 0.1900E-09
     150 0.7498E-10
     151 0.1055E-09
     152 0.2599E-09
     153 0.7808E-10
     154 0.5698E-10
     155 0.4226E-10
     156 0.4355E-10
     157 0.3800E-10
     158 0.4113E-10
     159 0.3366E-10
     160 0.3005E-10
     161 0.2801E-10
     162 0.2275E-10
     163 0.2299E-10
     164 0.1926E-10
     165 0.1670E-10
     166 0.1222E-10
     167 0.1231E-10
     168 0.9056E-11
     169 0.3951E-11
     170 0.5727E-11
     171 0.4276E-11
     172 0.3633E-11
     173 0.3064E-11
     174 0.2548E-11
     175 0.2043E-11
     176 0.1626E-11
     177 0.1271E-11
     178 0.1031E-11
     179 0.3080E-11
     180 0.3227E-12
     180 0.3227E-12
SolveLinearSystem: Calculating nodal loads for: temperature
CalculateLoads: Computing boundary fluxes from nodal loads
CalculateLoads: temperature Flux over BC 1: -2.28528E+00
CalculateLoads: temperature Flux over BC 2:  1.14264E+00
CalculateLoads: temperature Flux over BC 3:  1.14264E+00
CalculateLoads: temperature Flux over all BCs: -1.12607E-09
ComputeNorm: Computing norm of solution
ComputeChange: NS (ITER=1) (NRM,RELC): (  361.52704      2.0000000     ) :: heat equation
HeatSolve: iter:    1 Assembly: (s)    6.11    6.11
HeatSolve: iter:    1 Solve:    (s)    6.19    6.19
HeatSolve:  Result Norm   :    361.52703534774923
HeatSolve:  Relative Change :    2.0000000000000000
DefaultFinish: Finished solver: heat equation
ComputeNorm: Computing norm of solution
ComputeChange: SS (ITER=1) (NRM,RELC): (  361.52704      2.0000000     ) :: heat equation
MAIN: 
MAIN: -------------------------------------
MAIN:  Steady state iteration:            2
MAIN: -------------------------------------
MAIN: 
SingleSolver: Attempting to call solver: 1
SingleSolver: Solver Equation string is: heat equation
HeatSolver: -------------------------------------------
HeatSolver: Solving the energy equation for temperature
DefaultStart: Starting solver: heat equation
HeatSolve: 
HeatSolve: 
HeatSolve: -------------------------------------
HeatSolve:  TEMPERATURE ITERATION           1
HeatSolve: -------------------------------------
HeatSolve: 
HeatSolve: Starting Assembly...
HeatSolve: Assembly:
: ....Saving bulk values for: heat equation
HeatSolve: Assembly done
DefUtils::DefaultDirichletBCs: Setting Dirichlet boundary conditions
EnforceDirichletConditions: Enforcing total of 3055 Dirichlet conditions.
EnforceDirichletConditions: Applying Dirichlet conditions using scaled diagonal
ScaleLinearSystem: Creating > DiagScaling < vector of size 228922
EnforceDirichletConditions: Dirichlet conditions enforced for dofs: 3055
DefaultSolve: Solving linear system with default routines
SolveSystem: Solving linear system
SolveLinearSystem: Assuming real valued linear system
SolveLinearSystem: Assuming serial linear system
ScaleLinearSystem: Creating > DiagScaling < vector of size 228922
SolveLinearSystem: Linear System Preconditioning: ilu1
Prec0-ilu1: Elapsed REAL time:     0.0000 (s)
SolveLinearSystem: Serial linear System Solver: iterative
IterSolver: Using iterative method: bicgstab
CRS_IncompleteLU: ILU(1) (Real), Performing Factorization:
CRS_IncompleteLU: ILU(1) (Real), NOF nonzeros:   6520103
CRS_IncompleteLU: ILU(1) (Real), filling (%) :       197
CRS_IncompleteLU: ILU(1) (Real), Factorization time (s):     0.18
Prec-ilu1: Elapsed REAL time:     0.1844 (s)
       1 0.3642E-12
       1 0.3642E-12
SolveLinearSystem: Calculating nodal loads for: temperature
CalculateLoads: Computing boundary fluxes from nodal loads
CalculateLoads: temperature Flux over BC 1: -2.28528E+00
CalculateLoads: temperature Flux over BC 2:  1.14264E+00
CalculateLoads: temperature Flux over BC 3:  1.14264E+00
CalculateLoads: temperature Flux over all BCs: -1.07974E-09
ComputeNorm: Computing norm of solution
ComputeChange: NS (ITER=1) (NRM,RELC): (  361.52704     0.29921144E-12 ) :: heat equation
HeatSolve: iter:    1 Assembly: (s)    4.63    4.63
HeatSolve: iter:    1 Solve:    (s)    0.22    0.22
HeatSolve:  Result Norm   :    361.52703534764106
HeatSolve:  Relative Change :    2.9921144344871276E-013
DefaultFinish: Finished solver: heat equation
ComputeNorm: Computing norm of solution
ComputeChange: SS (ITER=2) (NRM,RELC): (  361.52704     0.29921144E-12 ) :: heat equation
SingleSolver: Attempting to call solver: 2
SingleSolver: Solver Equation string is: savescalars
SaveScalars: -----------------------------------------
SaveScalars: Saving scalar values of various kinds
SaveScalars: Performed 2 reduction operations
SaveScalars: Found 3 result scalars in simulation section
SaveScalars: Found 5 values to save in total
SaveScalars: Saving names of values to file: ./scalars.dat.names
SaveScalars: Saving values to file: ./scalars.dat
SaveScalars: -----------------------------------------
ReloadInputFile: Reloading input file
LoadInputFile: Loading input file:
MAIN: Reporting unused list entries for sif improvement!
MAIN: If you do not want these lines undefine > DEVEL_LISTUSAGE < !
   Unused keywords:
       Solver 1              linear system abort not converged
MAIN: *** Elmer Solver: ALL DONE ***
Loading user function library: [HeatSolve]...[HeatSolver_Finalize]
Loading user function library: [HeatSolve]...[HeatSolver_Finalize]
Loading user function library: [SaveData]...[SaveScalars_Finalize]
Loading user function library: [SaveData]...[SaveScalars_Finalize]
MAIN: The end
SOLVER TOTAL TIME(CPU,REAL):        20.30       20.63
ELMER SOLVER FINISHED AT: 2026/09/16 15:25:36

--- stderr ---
