Info    : Running '/opt/homebrew/bin/gmsh joint.geo -3 -format msh2 -o joint.msh -nt 1' [Gmsh 4.15.2-git, 1 node, max. 1 thread]
Info    : Started on Mon Sep 14 17:21:50 2026
Info    : Reading 'joint.geo'...
Info    : Done reading 'joint.geo'
Info    : Meshing 1D...
Info    : [  0%] Meshing curve 1 (Circle)
Info    : [ 10%] Meshing curve 2 (Line)
Info    : [ 10%] Meshing curve 3 (Circle)
Info    : [ 10%] Meshing curve 4 (Line)
Info    : [ 10%] Meshing curve 5 (Line)
Info    : [ 10%] Meshing curve 6 (Line)
Info    : [ 10%] Meshing curve 7 (Line)
Info    : [ 10%] Meshing curve 8 (Line)
Info    : [ 10%] Meshing curve 9 (Line)
Info    : [ 20%] Meshing curve 10 (Line)
Info    : [ 20%] Meshing curve 11 (Line)
Info    : [ 20%] Meshing curve 12 (Line)
Info    : [ 20%] Meshing curve 13 (Line)
Info    : [ 20%] Meshing curve 14 (Line)
Info    : [ 20%] Meshing curve 15 (Line)
Info    : [ 20%] Meshing curve 16 (Line)
Info    : [ 20%] Meshing curve 17 (Line)
Info    : [ 30%] Meshing curve 18 (Line)
Info    : [ 30%] Meshing curve 19 (Line)
Info    : [ 30%] Meshing curve 20 (Line)
Info    : [ 30%] Meshing curve 21 (Line)
Info    : [ 30%] Meshing curve 22 (Line)
Info    : [ 30%] Meshing curve 23 (Line)
Info    : [ 30%] Meshing curve 24 (Line)
Info    : [ 30%] Meshing curve 25 (Line)
Info    : [ 30%] Meshing curve 26 (Line)
Info    : [ 40%] Meshing curve 27 (Line)
Info    : [ 40%] Meshing curve 28 (Line)
Info    : [ 40%] Meshing curve 29 (Line)
Info    : [ 40%] Meshing curve 30 (Line)
Info    : [ 40%] Meshing curve 31 (Line)
Info    : [ 40%] Meshing curve 32 (Line)
Info    : [ 40%] Meshing curve 33 (Line)
Info    : [ 40%] Meshing curve 34 (Line)
Info    : [ 50%] Meshing curve 35 (Line)
Info    : [ 50%] Meshing curve 36 (Line)
Info    : [ 50%] Meshing curve 37 (Line)
Info    : [ 50%] Meshing curve 38 (Line)
Info    : [ 50%] Meshing curve 39 (Line)
Info    : [ 50%] Meshing curve 40 (Line)
Info    : [ 50%] Meshing curve 41 (Circle)
Info    : [ 50%] Meshing curve 42 (Circle)
Info    : [ 60%] Meshing curve 43 (Line)
Info    : [ 60%] Meshing curve 44 (Line)
Info    : [ 60%] Meshing curve 45 (Line)
Info    : [ 60%] Meshing curve 46 (Line)
Info    : [ 60%] Meshing curve 47 (Line)
Info    : [ 60%] Meshing curve 48 (Line)
Info    : [ 60%] Meshing curve 49 (Line)
Info    : [ 60%] Meshing curve 50 (Line)
Info    : [ 60%] Meshing curve 51 (Line)
Info    : [ 70%] Meshing curve 52 (Line)
Info    : [ 70%] Meshing curve 53 (Line)
Info    : [ 70%] Meshing curve 54 (Line)
Info    : [ 70%] Meshing curve 55 (Line)
Info    : [ 70%] Meshing curve 56 (Line)
Info    : [ 70%] Meshing curve 57 (Line)
Info    : [ 70%] Meshing curve 58 (Line)
Info    : [ 70%] Meshing curve 59 (Line)
Info    : [ 80%] Meshing curve 60 (Line)
Info    : [ 80%] Meshing curve 61 (Line)
Info    : [ 80%] Meshing curve 62 (Line)
Info    : [ 80%] Meshing curve 63 (Line)
Info    : [ 80%] Meshing curve 64 (Line)
Info    : [ 80%] Meshing curve 65 (Line)
Info    : [ 80%] Meshing curve 66 (Line)
Info    : [ 80%] Meshing curve 67 (Line)
Info    : [ 80%] Meshing curve 68 (Line)
Info    : [ 90%] Meshing curve 69 (Line)
Info    : [ 90%] Meshing curve 70 (Line)
Info    : [ 90%] Meshing curve 71 (Line)
Info    : [ 90%] Meshing curve 72 (Line)
Info    : [ 90%] Meshing curve 73 (Line)
Info    : [ 90%] Meshing curve 74 (Line)
Info    : [ 90%] Meshing curve 75 (Line)
Info    : [ 90%] Meshing curve 76 (Line)
Info    : [100%] Meshing curve 77 (Line)
Info    : [100%] Meshing curve 78 (Line)
Info    : [100%] Meshing curve 79 (Line)
Info    : [100%] Meshing curve 80 (Line)
Info    : [100%] Meshing curve 81 (Line)
Info    : [100%] Meshing curve 82 (Line)
Info    : [100%] Meshing curve 83 (Line)
Info    : [100%] Meshing curve 84 (Line)
Info    : Done meshing 1D (Wall 0.00894992s, CPU 0.00869s)
Info    : Meshing 2D...
Info    : [  0%] Meshing surface 1 (Cylinder, Frontal-Delaunay)
Info    : [ 10%] Meshing surface 2 (Plane, Frontal-Delaunay)
Info    : [ 10%] Meshing surface 3 (Plane, Frontal-Delaunay)
Info    : [ 10%] Meshing surface 4 (Plane, Frontal-Delaunay)
Info    : [ 10%] Meshing surface 5 (Plane, Frontal-Delaunay)
Info    : [ 20%] Meshing surface 6 (Plane, Frontal-Delaunay)
Info    : [ 20%] Meshing surface 7 (Plane, Frontal-Delaunay)
Info    : [ 20%] Meshing surface 8 (Plane, Frontal-Delaunay)
Info    : [ 20%] Meshing surface 9 (Plane, Frontal-Delaunay)
Info    : [ 30%] Meshing surface 10 (Plane, Frontal-Delaunay)
Info    : [ 30%] Meshing surface 11 (Plane, Frontal-Delaunay)
Info    : [ 30%] Meshing surface 12 (Plane, Frontal-Delaunay)
Info    : [ 30%] Meshing surface 13 (Plane, Frontal-Delaunay)
Info    : [ 40%] Meshing surface 14 (Plane, Frontal-Delaunay)
Info    : [ 40%] Meshing surface 15 (Plane, Frontal-Delaunay)
Info    : [ 40%] Meshing surface 16 (Plane, Frontal-Delaunay)
Info    : [ 40%] Meshing surface 17 (Plane, Frontal-Delaunay)
Info    : [ 50%] Meshing surface 18 (Plane, Frontal-Delaunay)
Info    : [ 50%] Meshing surface 19 (Cylinder, Frontal-Delaunay)
Info    : [ 50%] Meshing surface 20 (Plane, Frontal-Delaunay)
Info    : [ 50%] Meshing surface 21 (Plane, Frontal-Delaunay)
Info    : [ 60%] Meshing surface 22 (Plane, Frontal-Delaunay)
Info    : [ 60%] Meshing surface 23 (Plane, Frontal-Delaunay)
Info    : [ 60%] Meshing surface 24 (Plane, Frontal-Delaunay)
Info    : [ 60%] Meshing surface 25 (Plane, Frontal-Delaunay)
Info    : [ 70%] Meshing surface 26 (Plane, Frontal-Delaunay)
Info    : [ 70%] Meshing surface 27 (Plane, Frontal-Delaunay)
Info    : [ 70%] Meshing surface 28 (Plane, Frontal-Delaunay)
Info    : [ 70%] Meshing surface 29 (Plane, Frontal-Delaunay)
Info    : [ 80%] Meshing surface 30 (Plane, Frontal-Delaunay)
Info    : [ 80%] Meshing surface 31 (Plane, Frontal-Delaunay)
Info    : [ 80%] Meshing surface 32 (Plane, Frontal-Delaunay)
Info    : [ 80%] Meshing surface 33 (Plane, Frontal-Delaunay)
Info    : [ 90%] Meshing surface 34 (Plane, Frontal-Delaunay)
Info    : [ 90%] Meshing surface 35 (Plane, Frontal-Delaunay)
Info    : [ 90%] Meshing surface 36 (Plane, Frontal-Delaunay)
Info    : [ 90%] Meshing surface 37 (Plane, Frontal-Delaunay)
Info    : [100%] Meshing surface 38 (Plane, Frontal-Delaunay)
Info    : [100%] Meshing surface 39 (Plane, Frontal-Delaunay)
Info    : [100%] Meshing surface 40 (Plane, Frontal-Delaunay)
Info    : [100%] Meshing surface 41 (Plane, Frontal-Delaunay)
Info    : Done meshing 2D (Wall 0.183794s, CPU 0.182848s)
Info    : Meshing 3D...
Info    : 3D Meshing 4 volumes with 1 connected component
Info    : Tetrahedrizing 7351 nodes...
Info    : Done tetrahedrizing 7359 nodes (Wall 0.0477216s, CPU 0.046986s)
Info    : Reconstructing mesh...
Info    :  - Creating surface mesh
Info    :  - Identifying boundary edges
Info    :  - Recovering boundary
Info    : Done reconstructing mesh (Wall 0.103735s, CPU 0.100544s)
Info    : Found volume 10
Info    : Found volume 21
Info    : Found volume 1
Info    : Found volume 20
Info    : It. 0 - 0 nodes created - worst tet radius 6.51421 (nodes removed 0 0)
Info    : It. 500 - 497 nodes created - worst tet radius 1.6973 (nodes removed 0 3)
Info    : It. 1000 - 996 nodes created - worst tet radius 1.39653 (nodes removed 0 4)
Info    : It. 1500 - 1487 nodes created - worst tet radius 1.23575 (nodes removed 6 7)
Info    : It. 2000 - 1975 nodes created - worst tet radius 1.1395 (nodes removed 18 7)
Info    : It. 2500 - 2453 nodes created - worst tet radius 1.07181 (nodes removed 30 17)
Info    : It. 3000 - 2938 nodes created - worst tet radius 1.01707 (nodes removed 37 25)
Info    : 3D refinement terminated (10466 nodes total):
Info    :  - 0 Delaunay cavities modified for star shapeness
Info    :  - 65 nodes could not be inserted
Info    :  - 54268 tetrahedra created in 0.137699 sec. (394105 tets/s)
Info    : 14 node relocations
Info    : Done meshing 3D (Wall 0.404861s, CPU 0.399052s)
Info    : Optimizing mesh...
Info    : Optimizing volume 1
Info    : Optimization starts (volume = 2.45407e-09) with worst = 0.00830424 / average = 0.608885:
Info    : 0.00 < quality < 0.10 :       127 elements
Info    : 0.10 < quality < 0.20 :       102 elements
Info    : 0.20 < quality < 0.30 :       137 elements
Info    : 0.30 < quality < 0.40 :       276 elements
Info    : 0.40 < quality < 0.50 :      2027 elements
Info    : 0.50 < quality < 0.60 :      4898 elements
Info    : 0.60 < quality < 0.70 :      3536 elements
Info    : 0.70 < quality < 0.80 :      1394 elements
Info    : 0.80 < quality < 0.90 :      1161 elements
Info    : 0.90 < quality < 1.00 :       602 elements
Info    : 362 edge swaps, 0 node relocations (volume = 2.45407e-09): worst = 0.0143489 / average = 0.620693 (Wall 0.00388229s, CPU 0.003773s)
Info    : 368 edge swaps, 0 node relocations (volume = 2.45407e-09): worst = 0.0143489 / average = 0.620762 (Wall 0.00461146s, CPU 0.00449s)
Info    : No ill-shaped tets in the mesh :-)
Info    : 0.00 < quality < 0.10 :         2 elements
Info    : 0.10 < quality < 0.20 :         1 elements
Info    : 0.20 < quality < 0.30 :         7 elements
Info    : 0.30 < quality < 0.40 :       276 elements
Info    : 0.40 < quality < 0.50 :      2023 elements
Info    : 0.50 < quality < 0.60 :      4933 elements
Info    : 0.60 < quality < 0.70 :      3545 elements
Info    : 0.70 < quality < 0.80 :      1309 elements
Info    : 0.80 < quality < 0.90 :      1179 elements
Info    : 0.90 < quality < 1.00 :       640 elements
Info    : Optimizing volume 10
Info    : Optimization starts (volume = 9.62848e-08) with worst = 0.010486 / average = 0.746328:
Info    : 0.00 < quality < 0.10 :        94 elements
Info    : 0.10 < quality < 0.20 :       218 elements
Info    : 0.20 < quality < 0.30 :       380 elements
Info    : 0.30 < quality < 0.40 :       585 elements
Info    : 0.40 < quality < 0.50 :      1057 elements
Info    : 0.50 < quality < 0.60 :      2160 elements
Info    : 0.60 < quality < 0.70 :      4471 elements
Info    : 0.70 < quality < 0.80 :      8365 elements
Info    : 0.80 < quality < 0.90 :      9058 elements
Info    : 0.90 < quality < 1.00 :      3982 elements
Info    : 677 edge swaps, 22 node relocations (volume = 9.62848e-08): worst = 0.183874 / average = 0.759992 (Wall 0.008073s, CPU 0.007993s)
Info    : 682 edge swaps, 22 node relocations (volume = 9.62848e-08): worst = 0.252631 / average = 0.760097 (Wall 0.00936308s, CPU 0.009267s)
Info    : No ill-shaped tets in the mesh :-)
Info    : 0.00 < quality < 0.10 :         0 elements
Info    : 0.10 < quality < 0.20 :         0 elements
Info    : 0.20 < quality < 0.30 :         1 elements
Info    : 0.30 < quality < 0.40 :       570 elements
Info    : 0.40 < quality < 0.50 :      1023 elements
Info    : 0.50 < quality < 0.60 :      2137 elements
Info    : 0.60 < quality < 0.70 :      4466 elements
Info    : 0.70 < quality < 0.80 :      8427 elements
Info    : 0.80 < quality < 0.90 :      9164 elements
Info    : 0.90 < quality < 1.00 :      3965 elements
Info    : Optimizing volume 20
Info    : Optimization starts (volume = 2.63361e-09) with worst = 0.0155875 / average = 0.713833:
Info    : 0.00 < quality < 0.10 :         7 elements
Info    : 0.10 < quality < 0.20 :        11 elements
Info    : 0.20 < quality < 0.30 :         7 elements
Info    : 0.30 < quality < 0.40 :        11 elements
Info    : 0.40 < quality < 0.50 :        25 elements
Info    : 0.50 < quality < 0.60 :        97 elements
Info    : 0.60 < quality < 0.70 :       198 elements
Info    : 0.70 < quality < 0.80 :       168 elements
Info    : 0.80 < quality < 0.90 :       137 elements
Info    : 0.90 < quality < 1.00 :       126 elements
Info    : 21 edge swaps, 1 node relocations (volume = 2.63361e-09): worst = 0.270497 / average = 0.730923 (Wall 0.000246083s, CPU 0.00022s)
Info    : 22 edge swaps, 1 node relocations (volume = 2.63361e-09): worst = 0.301086 / average = 0.731748 (Wall 0.000287958s, CPU 0.000258s)
Info    : No ill-shaped tets in the mesh :-)
Info    : 0.00 < quality < 0.10 :         0 elements
Info    : 0.10 < quality < 0.20 :         0 elements
Info    : 0.20 < quality < 0.30 :         0 elements
Info    : 0.30 < quality < 0.40 :        15 elements
Info    : 0.40 < quality < 0.50 :        24 elements
Info    : 0.50 < quality < 0.60 :        97 elements
Info    : 0.60 < quality < 0.70 :       195 elements
Info    : 0.70 < quality < 0.80 :       172 elements
Info    : 0.80 < quality < 0.90 :       137 elements
Info    : 0.90 < quality < 1.00 :       126 elements
Info    : Optimizing volume 21
Info    : Optimization starts (volume = 3.60235e-09) with worst = 8.07607e-05 / average = 0.666892:
Info    : 0.00 < quality < 0.10 :        60 elements
Info    : 0.10 < quality < 0.20 :        78 elements
Info    : 0.20 < quality < 0.30 :       150 elements
Info    : 0.30 < quality < 0.40 :       307 elements
Info    : 0.40 < quality < 0.50 :       675 elements
Info    : 0.50 < quality < 0.60 :      1474 elements
Info    : 0.60 < quality < 0.70 :      2122 elements
Info    : 0.70 < quality < 0.80 :      1987 elements
Info    : 0.80 < quality < 0.90 :      1350 elements
Info    : 0.90 < quality < 1.00 :       648 elements
Info    : 267 edge swaps, 17 node relocations (volume = 3.60235e-09): worst = 0.106748 / average = 0.684503 (Wall 0.00286487s, CPU 0.002827s)
Info    : 270 edge swaps, 18 node relocations (volume = 3.60235e-09): worst = 0.223322 / average = 0.6846 (Wall 0.00333237s, CPU 0.003281s)
Info    : No ill-shaped tets in the mesh :-)
Info    : 0.00 < quality < 0.10 :         0 elements
Info    : 0.10 < quality < 0.20 :         0 elements
Info    : 0.20 < quality < 0.30 :         6 elements
Info    : 0.30 < quality < 0.40 :       317 elements
Info    : 0.40 < quality < 0.50 :       662 elements
Info    : 0.50 < quality < 0.60 :      1458 elements
Info    : 0.60 < quality < 0.70 :      2076 elements
Info    : 0.70 < quality < 0.80 :      2065 elements
Info    : 0.80 < quality < 0.90 :      1369 elements
Info    : 0.90 < quality < 1.00 :       654 elements
Info    : Done optimizing mesh (Wall 0.0487446s, CPU 0.047079s)
Info    : 10466 nodes 69019 elements
Info    : Writing 'joint.msh'...
Info    : Done writing 'joint.msh'
Info    : Stopped on Mon Sep 14 17:21:50 2026 (From start: Wall 0.754858s, CPU 0.798699s)

--- stderr ---
