Info    : Running '/opt/homebrew/bin/gmsh -3 local.geo -format msh2 -o local.msh -nt 1' [Gmsh 4.15.2-git, 1 node, max. 1 thread]
Info    : Started on Wed Sep 16 14:37:41 2026
Info    : Reading 'local.geo'...
Info    : Done reading 'local.geo'
Info    : Meshing 1D...
Info    : [  0%] Meshing curve 523 (Line)
Info    : [ 10%] Meshing curve 524 (Line)
Info    : [ 10%] Meshing curve 525 (Line)
Info    : [ 10%] Meshing curve 526 (Line)
Info    : [ 10%] Meshing curve 527 (Line)
Info    : [ 10%] Meshing curve 528 (Line)
Info    : [ 10%] Meshing curve 529 (Line)
Info    : [ 10%] Meshing curve 530 (Line)
Info    : [ 10%] Meshing curve 531 (Line)
Info    : [ 10%] Meshing curve 532 (Line)
Info    : [ 10%] Meshing curve 533 (Line)
Info    : [ 10%] Meshing curve 534 (Line)
Info    : [ 10%] Meshing curve 535 (Line)
Info    : [ 10%] Meshing curve 536 (Line)
Info    : [ 10%] Meshing curve 537 (Line)
Info    : [ 10%] Meshing curve 538 (Line)
Info    : [ 10%] Meshing curve 539 (Line)
Info    : [ 10%] Meshing curve 540 (Line)
Info    : [ 10%] Meshing curve 541 (Line)
Info    : [ 10%] Meshing curve 542 (Line)
Info    : [ 10%] Meshing curve 543 (Line)
Info    : [ 10%] Meshing curve 544 (Line)
Info    : [ 10%] Meshing curve 545 (Line)
Info    : [ 10%] Meshing curve 546 (Line)
Info    : [ 10%] Meshing curve 547 (Line)
Info    : [ 10%] Meshing curve 548 (Line)
Info    : [ 10%] Meshing curve 549 (Line)
Info    : [ 10%] Meshing curve 550 (Line)
Info    : [ 10%] Meshing curve 551 (Line)
Info    : [ 10%] Meshing curve 552 (Line)
Info    : [ 10%] Meshing curve 553 (Line)
Info    : [ 20%] Meshing curve 554 (Line)
Info    : [ 20%] Meshing curve 555 (Line)
Info    : [ 20%] Meshing curve 556 (Line)
Info    : [ 20%] Meshing curve 557 (Line)
Info    : [ 20%] Meshing curve 558 (Line)
Info    : [ 20%] Meshing curve 559 (Circle)
Info    : [ 20%] Meshing curve 560 (Line)
Info    : [ 20%] Meshing curve 561 (Line)
Info    : [ 20%] Meshing curve 562 (Circle)
Info    : [ 20%] Meshing curve 563 (Circle)
Info    : [ 20%] Meshing curve 564 (Line)
Info    : [ 20%] Meshing curve 565 (TrimmedCurve)
Info    : [ 20%] Meshing curve 566 (Line)
Info    : [ 20%] Meshing curve 567 (Circle)
Info    : [ 20%] Meshing curve 568 (Line)
Info    : [ 20%] Meshing curve 569 (Line)
Info    : [ 20%] Meshing curve 570 (Circle)
Info    : [ 20%] Meshing curve 571 (Line)
Info    : [ 20%] Meshing curve 572 (Line)
Info    : [ 20%] Meshing curve 573 (Circle)
Info    : [ 20%] Meshing curve 574 (Line)
Info    : [ 20%] Meshing curve 575 (Line)
Info    : [ 20%] Meshing curve 576 (Line)
Info    : [ 20%] Meshing curve 577 (Circle)
Info    : [ 20%] Meshing curve 578 (Circle)
Info    : [ 20%] Meshing curve 579 (Circle)
Info    : [ 20%] Meshing curve 580 (Circle)
Info    : [ 20%] Meshing curve 581 (Circle)
Info    : [ 20%] Meshing curve 582 (Circle)
Info    : [ 20%] Meshing curve 583 (Line)
Info    : [ 30%] Meshing curve 584 (Line)
Info    : [ 30%] Meshing curve 585 (Line)
Info    : [ 30%] Meshing curve 586 (Line)
Info    : [ 30%] Meshing curve 587 (Line)
Info    : [ 30%] Meshing curve 588 (Line)
Info    : [ 30%] Meshing curve 589 (Circle)
Info    : [ 30%] Meshing curve 590 (Line)
Info    : [ 30%] Meshing curve 591 (Line)
Info    : [ 30%] Meshing curve 592 (Circle)
Info    : [ 30%] Meshing curve 593 (Circle)
Info    : [ 30%] Meshing curve 594 (Line)
Info    : [ 30%] Meshing curve 595 (TrimmedCurve)
Info    : [ 30%] Meshing curve 596 (Line)
Info    : [ 30%] Meshing curve 597 (Circle)
Info    : [ 30%] Meshing curve 598 (Line)
Info    : [ 30%] Meshing curve 599 (Line)
Info    : [ 30%] Meshing curve 600 (Circle)
Info    : [ 30%] Meshing curve 601 (Line)
Info    : [ 30%] Meshing curve 602 (Line)
Info    : [ 30%] Meshing curve 603 (Circle)
Info    : [ 30%] Meshing curve 604 (Line)
Info    : [ 30%] Meshing curve 605 (Line)
Info    : [ 30%] Meshing curve 606 (Line)
Info    : [ 30%] Meshing curve 607 (Circle)
Info    : [ 30%] Meshing curve 608 (Circle)
Info    : [ 30%] Meshing curve 609 (Circle)
Info    : [ 30%] Meshing curve 610 (Circle)
Info    : [ 30%] Meshing curve 611 (Circle)
Info    : [ 30%] Meshing curve 612 (Circle)
Info    : [ 30%] Meshing curve 613 (Circle)
Info    : [ 40%] Meshing curve 614 (Circle)
Info    : [ 40%] Meshing curve 615 (Circle)
Info    : [ 40%] Meshing curve 616 (Circle)
Info    : [ 40%] Meshing curve 617 (Circle)
Info    : [ 40%] Meshing curve 618 (Circle)
Info    : [ 40%] Meshing curve 619 (Line)
Info    : [ 40%] Meshing curve 620 (Line)
Info    : [ 40%] Meshing curve 621 (Line)
Info    : [ 40%] Meshing curve 622 (Line)
Info    : [ 40%] Meshing curve 623 (Line)
Info    : [ 40%] Meshing curve 624 (Line)
Info    : [ 40%] Meshing curve 625 (Line)
Info    : [ 40%] Meshing curve 626 (Line)
Info    : [ 40%] Meshing curve 627 (Line)
Info    : [ 40%] Meshing curve 628 (Line)
Info    : [ 40%] Meshing curve 629 (Line)
Info    : [ 40%] Meshing curve 630 (Line)
Info    : [ 40%] Meshing curve 631 (Line)
Info    : [ 40%] Meshing curve 632 (Line)
Info    : [ 40%] Meshing curve 633 (Line)
Info    : [ 40%] Meshing curve 634 (Line)
Info    : [ 40%] Meshing curve 635 (Line)
Info    : [ 40%] Meshing curve 636 (Line)
Info    : [ 40%] Meshing curve 637 (Line)
Info    : [ 40%] Meshing curve 638 (Line)
Info    : [ 40%] Meshing curve 639 (Line)
Info    : [ 40%] Meshing curve 640 (Line)
Info    : [ 40%] Meshing curve 641 (Line)
Info    : [ 40%] Meshing curve 642 (Line)
Info    : [ 40%] Meshing curve 643 (Line)
Info    : [ 50%] Meshing curve 644 (Line)
Info    : [ 50%] Meshing curve 645 (Line)
Info    : [ 50%] Meshing curve 646 (TrimmedCurve)
Info    : [ 50%] Meshing curve 647 (Circle)
Info    : [ 50%] Meshing curve 648 (Line)
Info    : [ 50%] Meshing curve 649 (TrimmedCurve)
Info    : [ 50%] Meshing curve 650 (TrimmedCurve)
Info    : [ 50%] Meshing curve 651 (Line)
Info    : [ 50%] Meshing curve 652 (Line)
Info    : [ 50%] Meshing curve 653 (Line)
Info    : [ 50%] Meshing curve 654 (Line)
Info    : [ 50%] Meshing curve 655 (Line)
Info    : [ 50%] Meshing curve 656 (Circle)
Info    : [ 50%] Meshing curve 657 (Circle)
Info    : [ 50%] Meshing curve 658 (Circle)
Info    : [ 50%] Meshing curve 659 (Circle)
Info    : [ 50%] Meshing curve 660 (Circle)
Info    : [ 50%] Meshing curve 661 (Circle)
Info    : [ 50%] Meshing curve 662 (TrimmedCurve)
Info    : [ 50%] Meshing curve 663 (Line)
Info    : [ 50%] Meshing curve 664 (Line)
Info    : [ 50%] Meshing curve 665 (Circle)
Info    : [ 50%] Meshing curve 666 (Line)
Info    : [ 50%] Meshing curve 667 (Line)
Info    : [ 50%] Meshing curve 668 (Line)
Info    : [ 50%] Meshing curve 669 (TrimmedCurve)
Info    : [ 50%] Meshing curve 670 (Line)
Info    : [ 50%] Meshing curve 671 (TrimmedCurve)
Info    : [ 50%] Meshing curve 672 (Line)
Info    : [ 50%] Meshing curve 673 (Line)
Info    : [ 60%] Meshing curve 674 (Line)
Info    : [ 60%] Meshing curve 675 (Line)
Info    : [ 60%] Meshing curve 676 (Line)
Info    : [ 60%] Meshing curve 677 (Line)
Info    : [ 60%] Meshing curve 678 (Line)
Info    : [ 60%] Meshing curve 679 (Line)
Info    : [ 60%] Meshing curve 680 (Line)
Info    : [ 60%] Meshing curve 681 (Line)
Info    : [ 60%] Meshing curve 682 (Line)
Info    : [ 60%] Meshing curve 683 (Circle)
Info    : [ 60%] Meshing curve 684 (Line)
Info    : [ 60%] Meshing curve 685 (Circle)
Info    : [ 60%] Meshing curve 686 (Line)
Info    : [ 60%] Meshing curve 687 (Circle)
Info    : [ 60%] Meshing curve 688 (Line)
Info    : [ 60%] Meshing curve 689 (Circle)
Info    : [ 60%] Meshing curve 690 (Line)
Info    : [ 60%] Meshing curve 691 (Circle)
Info    : [ 60%] Meshing curve 692 (Line)
Info    : [ 60%] Meshing curve 693 (Circle)
Info    : [ 60%] Meshing curve 694 (Circle)
Info    : [ 60%] Meshing curve 695 (Circle)
Info    : [ 60%] Meshing curve 696 (Circle)
Info    : [ 60%] Meshing curve 697 (Circle)
Info    : [ 60%] Meshing curve 698 (Circle)
Info    : [ 60%] Meshing curve 699 (Circle)
Info    : [ 60%] Meshing curve 700 (Line)
Info    : [ 60%] Meshing curve 701 (Line)
Info    : [ 60%] Meshing curve 702 (Line)
Info    : [ 60%] Meshing curve 703 (Line)
Info    : [ 70%] Meshing curve 704 (Circle)
Info    : [ 70%] Meshing curve 705 (Line)
Info    : [ 70%] Meshing curve 706 (Line)
Info    : [ 70%] Meshing curve 707 (Line)
Info    : [ 70%] Meshing curve 708 (Circle)
Info    : [ 70%] Meshing curve 709 (Circle)
Info    : [ 70%] Meshing curve 710 (Circle)
Info    : [ 70%] Meshing curve 711 (Circle)
Info    : [ 70%] Meshing curve 712 (Circle)
Info    : [ 70%] Meshing curve 713 (Circle)
Info    : [ 70%] Meshing curve 714 (Circle)
Info    : [ 70%] Meshing curve 715 (Circle)
Info    : [ 70%] Meshing curve 716 (Circle)
Info    : [ 70%] Meshing curve 717 (Circle)
Info    : [ 70%] Meshing curve 718 (Circle)
Info    : [ 70%] Meshing curve 719 (Circle)
Info    : [ 70%] Meshing curve 720 (Line)
Info    : [ 70%] Meshing curve 721 (Line)
Info    : [ 70%] Meshing curve 722 (Line)
Info    : [ 70%] Meshing curve 723 (Line)
Info    : [ 70%] Meshing curve 724 (Line)
Info    : [ 70%] Meshing curve 725 (Line)
Info    : [ 70%] Meshing curve 726 (Line)
Info    : [ 70%] Meshing curve 727 (Line)
Info    : [ 70%] Meshing curve 728 (Line)
Info    : [ 70%] Meshing curve 729 (Circle)
Info    : [ 70%] Meshing curve 730 (Line)
Info    : [ 70%] Meshing curve 731 (Line)
Info    : [ 70%] Meshing curve 732 (Line)
Info    : [ 70%] Meshing curve 733 (Line)
Info    : [ 80%] Meshing curve 734 (Line)
Info    : [ 80%] Meshing curve 735 (Line)
Info    : [ 80%] Meshing curve 736 (Line)
Info    : [ 80%] Meshing curve 737 (Circle)
Info    : [ 80%] Meshing curve 738 (Line)
Info    : [ 80%] Meshing curve 739 (Circle)
Info    : [ 80%] Meshing curve 740 (Line)
Info    : [ 80%] Meshing curve 741 (Circle)
Info    : [ 80%] Meshing curve 742 (Line)
Info    : [ 80%] Meshing curve 743 (Circle)
Info    : [ 80%] Meshing curve 744 (Line)
Info    : [ 80%] Meshing curve 745 (Circle)
Info    : [ 80%] Meshing curve 746 (Line)
Info    : [ 80%] Meshing curve 747 (Circle)
Info    : [ 80%] Meshing curve 748 (Line)
Info    : [ 80%] Meshing curve 749 (Line)
Info    : [ 80%] Meshing curve 750 (Circle)
Info    : [ 80%] Meshing curve 751 (Line)
Info    : [ 80%] Meshing curve 752 (Circle)
Info    : [ 80%] Meshing curve 753 (Circle)
Info    : [ 80%] Meshing curve 754 (Circle)
Info    : [ 80%] Meshing curve 755 (Circle)
Info    : [ 80%] Meshing curve 756 (Circle)
Info    : [ 80%] Meshing curve 757 (Circle)
Info    : [ 80%] Meshing curve 758 (Circle)
Info    : [ 80%] Meshing curve 759 (Circle)
Info    : [ 80%] Meshing curve 760 (Circle)
Info    : [ 80%] Meshing curve 761 (Circle)
Info    : [ 80%] Meshing curve 762 (Circle)
Info    : [ 80%] Meshing curve 763 (Circle)
Info    : [ 90%] Meshing curve 764 (Line)
Info    : [ 90%] Meshing curve 765 (Line)
Info    : [ 90%] Meshing curve 766 (Line)
Info    : [ 90%] Meshing curve 767 (Line)
Info    : [ 90%] Meshing curve 768 (Line)
Info    : [ 90%] Meshing curve 769 (Circle)
Info    : [ 90%] Meshing curve 770 (Line)
Info    : [ 90%] Meshing curve 771 (Line)
Info    : [ 90%] Meshing curve 772 (Line)
Info    : [ 90%] Meshing curve 773 (Circle)
Info    : [ 90%] Meshing curve 774 (Line)
Info    : [ 90%] Meshing curve 775 (Circle)
Info    : [ 90%] Meshing curve 776 (Line)
Info    : [ 90%] Meshing curve 777 (Circle)
Info    : [ 90%] Meshing curve 778 (Line)
Info    : [ 90%] Meshing curve 779 (Circle)
Info    : [ 90%] Meshing curve 780 (Line)
Info    : [ 90%] Meshing curve 781 (Circle)
Info    : [ 90%] Meshing curve 782 (Line)
Info    : [ 90%] Meshing curve 783 (Circle)
Info    : [ 90%] Meshing curve 784 (Line)
Info    : [ 90%] Meshing curve 785 (Line)
Info    : [ 90%] Meshing curve 786 (Line)
Info    : [ 90%] Meshing curve 787 (Line)
Info    : [ 90%] Meshing curve 788 (Line)
Info    : [ 90%] Meshing curve 789 (Line)
Info    : [ 90%] Meshing curve 790 (Line)
Info    : [ 90%] Meshing curve 791 (Line)
Info    : [ 90%] Meshing curve 792 (Line)
Info    : [ 90%] Meshing curve 793 (Line)
Info    : [100%] Meshing curve 794 (Line)
Info    : [100%] Meshing curve 795 (Line)
Info    : [100%] Meshing curve 796 (Line)
Info    : [100%] Meshing curve 797 (Line)
Info    : [100%] Meshing curve 798 (Line)
Info    : [100%] Meshing curve 799 (Line)
Info    : [100%] Meshing curve 800 (Line)
Info    : [100%] Meshing curve 801 (Line)
Info    : [100%] Meshing curve 802 (Line)
Info    : [100%] Meshing curve 803 (Line)
Info    : [100%] Meshing curve 804 (Line)
Info    : [100%] Meshing curve 805 (Line)
Info    : [100%] Meshing curve 806 (Line)
Info    : [100%] Meshing curve 807 (Line)
Info    : [100%] Meshing curve 808 (Line)
Info    : [100%] Meshing curve 809 (Line)
Info    : [100%] Meshing curve 810 (Line)
Info    : [100%] Meshing curve 811 (Line)
Info    : [100%] Meshing curve 812 (Line)
Info    : [100%] Meshing curve 813 (Line)
Info    : [100%] Meshing curve 814 (Line)
Info    : [100%] Meshing curve 815 (Line)
Info    : [100%] Meshing curve 816 (Line)
Info    : [100%] Meshing curve 817 (Line)
Info    : [100%] Meshing curve 818 (Line)
Info    : [100%] Meshing curve 819 (Line)
Info    : [100%] Meshing curve 820 (Line)
Info    : [100%] Meshing curve 821 (Line)
Info    : [100%] Meshing curve 822 (Line)
Info    : [100%] Meshing curve 823 (Line)
Info    : Done meshing 1D (Wall 0.0302635s, CPU 0.029386s)
Info    : Meshing 2D...
Info    : [  0%] Meshing surface 309 (Plane, Frontal-Delaunay)
Info    : [ 10%] Meshing surface 310 (Plane, Frontal-Delaunay)
Info    : [ 10%] Meshing surface 311 (Plane, Frontal-Delaunay)
Info    : [ 10%] Meshing surface 312 (Plane, Frontal-Delaunay)
Info    : [ 10%] Meshing surface 313 (Plane, Frontal-Delaunay)
Info    : [ 10%] Meshing surface 314 (Plane, Frontal-Delaunay)
Info    : [ 10%] Meshing surface 315 (Plane, Frontal-Delaunay)
Info    : [ 10%] Meshing surface 316 (Plane, Frontal-Delaunay)
Info    : [ 10%] Meshing surface 317 (Plane, Frontal-Delaunay)
Info    : [ 10%] Meshing surface 318 (Plane, Frontal-Delaunay)
Info    : [ 10%] Meshing surface 319 (Plane, Frontal-Delaunay)
Info    : [ 10%] Meshing surface 320 (Plane, Frontal-Delaunay)
Info    : [ 10%] Meshing surface 321 (Plane, Frontal-Delaunay)
Info    : [ 10%] Meshing surface 322 (Plane, Frontal-Delaunay)
Info    : [ 10%] Meshing surface 323 (Plane, Frontal-Delaunay)
Info    : [ 20%] Meshing surface 324 (Plane, Frontal-Delaunay)
Info    : [ 20%] Meshing surface 325 (Plane, Frontal-Delaunay)
Info    : [ 20%] Meshing surface 326 (Plane, Frontal-Delaunay)
Info    : [ 20%] Meshing surface 327 (Plane, Frontal-Delaunay)
Info    : [ 20%] Meshing surface 328 (Plane, Frontal-Delaunay)
Info    : [ 20%] Meshing surface 329 (Plane, Frontal-Delaunay)
Info    : [ 20%] Meshing surface 330 (Plane, Frontal-Delaunay)
Info    : [ 20%] Meshing surface 331 (Plane, Frontal-Delaunay)
Info    : [ 20%] Meshing surface 332 (Plane, Frontal-Delaunay)
Info    : [ 20%] Meshing surface 333 (Plane, Frontal-Delaunay)
Info    : [ 20%] Meshing surface 334 (Plane, Frontal-Delaunay)
Info    : [ 20%] Meshing surface 335 (Plane, Frontal-Delaunay)
Info    : [ 20%] Meshing surface 336 (Cylinder, Frontal-Delaunay)
Info    : [ 20%] Meshing surface 337 (Plane, Frontal-Delaunay)
Info    : [ 20%] Meshing surface 338 (Plane, Frontal-Delaunay)
Info    : [ 30%] Meshing surface 339 (Cylinder, Frontal-Delaunay)
Info    : [ 30%] Meshing surface 340 (Cylinder, Frontal-Delaunay)
Info    : [ 30%] Meshing surface 341 (Plane, Frontal-Delaunay)
Info    : [ 30%] Meshing surface 342 (Unknown, Frontal-Delaunay)
Info    : [ 30%] Meshing surface 343 (Plane, Frontal-Delaunay)
Info    : [ 30%] Meshing surface 344 (Cylinder, Frontal-Delaunay)
Info    : [ 30%] Meshing surface 345 (Plane, Frontal-Delaunay)
Info    : [ 30%] Meshing surface 346 (Plane, Frontal-Delaunay)
Info    : [ 30%] Meshing surface 347 (Cylinder, Frontal-Delaunay)
Info    : [ 30%] Meshing surface 348 (Plane, Frontal-Delaunay)
Info    : [ 30%] Meshing surface 349 (Plane, Frontal-Delaunay)
Info    : [ 30%] Meshing surface 350 (Cylinder, Frontal-Delaunay)
Info    : [ 30%] Meshing surface 351 (Plane, Frontal-Delaunay)
Info    : [ 30%] Meshing surface 352 (Plane, Frontal-Delaunay)
Info    : [ 40%] Meshing surface 353 (Plane, Frontal-Delaunay)
Info    : [ 40%] Meshing surface 354 (Cylinder, Frontal-Delaunay)
Info    : [ 40%] Meshing surface 355 (Cylinder, Frontal-Delaunay)
Info    : [ 40%] Meshing surface 356 (Cylinder, Frontal-Delaunay)
Info    : [ 40%] Meshing surface 357 (Cylinder, Frontal-Delaunay)
Info    : [ 40%] Meshing surface 358 (Cylinder, Frontal-Delaunay)
Info    : [ 40%] Meshing surface 359 (Cylinder, Frontal-Delaunay)
Info    : [ 40%] Meshing surface 360 (Plane, Frontal-Delaunay)
Info    : [ 40%] Meshing surface 361 (Plane, Frontal-Delaunay)
Info    : [ 40%] Meshing surface 362 (Cylinder, Frontal-Delaunay)
Info    : [ 40%] Meshing surface 363 (Plane, Frontal-Delaunay)
Info    : [ 40%] Meshing surface 364 (Plane, Frontal-Delaunay)
Info    : [ 40%] Meshing surface 365 (Unknown, Frontal-Delaunay)
Info    : [ 40%] Meshing surface 366 (Plane, Frontal-Delaunay)
Info    : [ 40%] Meshing surface 367 (Plane, Frontal-Delaunay)
Info    : [ 50%] Meshing surface 368 (Plane, Frontal-Delaunay)
Info    : [ 50%] Meshing surface 369 (Plane, Frontal-Delaunay)
Info    : [ 50%] Meshing surface 370 (Plane, Frontal-Delaunay)
Info    : [ 50%] Meshing surface 371 (Cylinder, Frontal-Delaunay)
Info    : [ 50%] Meshing surface 372 (Cylinder, Frontal-Delaunay)
Info    : [ 50%] Meshing surface 373 (Cylinder, Frontal-Delaunay)
Info    : [ 50%] Meshing surface 374 (Cylinder, Frontal-Delaunay)
Info    : [ 50%] Meshing surface 375 (Cylinder, Frontal-Delaunay)
Info    : [ 50%] Meshing surface 376 (Cylinder, Frontal-Delaunay)
Info    : [ 50%] Meshing surface 377 (Plane, Frontal-Delaunay)
Info    : [ 50%] Meshing surface 378 (Plane, Frontal-Delaunay)
Info    : [ 50%] Meshing surface 379 (Plane, Frontal-Delaunay)
Info    : [ 50%] Meshing surface 380 (Plane, Frontal-Delaunay)
Info    : [ 50%] Meshing surface 381 (Plane, Frontal-Delaunay)
Info    : [ 60%] Meshing surface 382 (Plane, Frontal-Delaunay)
Info    : [ 60%] Meshing surface 383 (Plane, Frontal-Delaunay)
Info    : [ 60%] Meshing surface 384 (Plane, Frontal-Delaunay)
Info    : [ 60%] Meshing surface 385 (Plane, Frontal-Delaunay)
Info    : [ 60%] Meshing surface 386 (Plane, Frontal-Delaunay)
Info    : [ 60%] Meshing surface 387 (Plane, Frontal-Delaunay)
Info    : [ 60%] Meshing surface 388 (Plane, Frontal-Delaunay)
Info    : [ 60%] Meshing surface 389 (Plane, Frontal-Delaunay)
Info    : [ 60%] Meshing surface 390 (Plane, Frontal-Delaunay)
Info    : [ 60%] Meshing surface 391 (Plane, Frontal-Delaunay)
Info    : [ 60%] Meshing surface 392 (Plane, Frontal-Delaunay)
Info    : [ 60%] Meshing surface 393 (Plane, Frontal-Delaunay)
Info    : [ 60%] Meshing surface 394 (Plane, Frontal-Delaunay)
Info    : [ 60%] Meshing surface 395 (Cylinder, Frontal-Delaunay)
Info    : [ 60%] Meshing surface 396 (Plane, Frontal-Delaunay)
Info    : [ 70%] Meshing surface 397 (Plane, Frontal-Delaunay)
Info    : [ 70%] Meshing surface 398 (Plane, Frontal-Delaunay)
Info    : [ 70%] Meshing surface 399 (Cylinder, Frontal-Delaunay)
Info    : [ 70%] Meshing surface 400 (Cylinder, Frontal-Delaunay)
Info    : [ 70%] Meshing surface 401 (Cylinder, Frontal-Delaunay)
Info    : [ 70%] Meshing surface 402 (Cylinder, Frontal-Delaunay)
Info    : [ 70%] Meshing surface 403 (Cylinder, Frontal-Delaunay)
Info    : [ 70%] Meshing surface 404 (Cylinder, Frontal-Delaunay)
Info    : [ 70%] Meshing surface 405 (Plane, Frontal-Delaunay)
Info    : [ 70%] Meshing surface 406 (Plane, Frontal-Delaunay)
Info    : [ 70%] Meshing surface 407 (Plane, Frontal-Delaunay)
Info    : [ 70%] Meshing surface 408 (Plane, Frontal-Delaunay)
Info    : [ 70%] Meshing surface 409 (Plane, Frontal-Delaunay)
Info    : [ 70%] Meshing surface 410 (Plane, Frontal-Delaunay)
Info    : [ 70%] Meshing surface 411 (Plane, Frontal-Delaunay)
Info    : [ 80%] Meshing surface 412 (Plane, Frontal-Delaunay)
Info    : [ 80%] Meshing surface 413 (Plane, Frontal-Delaunay)
Info    : [ 80%] Meshing surface 414 (Plane, Frontal-Delaunay)
Info    : [ 80%] Meshing surface 415 (Cylinder, Frontal-Delaunay)
Info    : [ 80%] Meshing surface 416 (Plane, Frontal-Delaunay)
Info    : [ 80%] Meshing surface 417 (Cylinder, Frontal-Delaunay)
Info    : [ 80%] Meshing surface 418 (Cylinder, Frontal-Delaunay)
Info    : [ 80%] Meshing surface 419 (Cylinder, Frontal-Delaunay)
Info    : [ 80%] Meshing surface 420 (Cylinder, Frontal-Delaunay)
Info    : [ 80%] Meshing surface 421 (Cylinder, Frontal-Delaunay)
Info    : [ 80%] Meshing surface 422 (Cylinder, Frontal-Delaunay)
Info    : [ 80%] Meshing surface 423 (Plane, Frontal-Delaunay)
Info    : [ 80%] Meshing surface 424 (Plane, Frontal-Delaunay)
Info    : [ 80%] Meshing surface 425 (Plane, Frontal-Delaunay)
Info    : [ 90%] Meshing surface 426 (Plane, Frontal-Delaunay)
Info    : [ 90%] Meshing surface 427 (Plane, Frontal-Delaunay)
Info    : [ 90%] Meshing surface 428 (Plane, Frontal-Delaunay)
Info    : [ 90%] Meshing surface 429 (Plane, Frontal-Delaunay)
Info    : [ 90%] Meshing surface 430 (Plane, Frontal-Delaunay)
Info    : [ 90%] Meshing surface 431 (Cylinder, Frontal-Delaunay)
Info    : [ 90%] Meshing surface 432 (Cylinder, Frontal-Delaunay)
Info    : [ 90%] Meshing surface 433 (Cylinder, Frontal-Delaunay)
Info    : [ 90%] Meshing surface 434 (Cylinder, Frontal-Delaunay)
Info    : [ 90%] Meshing surface 435 (Cylinder, Frontal-Delaunay)
Info    : [ 90%] Meshing surface 436 (Cylinder, Frontal-Delaunay)
Info    : [ 90%] Meshing surface 437 (Cylinder, Frontal-Delaunay)
Info    : [ 90%] Meshing surface 438 (Cylinder, Frontal-Delaunay)
Info    : [ 90%] Meshing surface 439 (Cylinder, Frontal-Delaunay)
Info    : [ 90%] Meshing surface 440 (Cylinder, Frontal-Delaunay)
Info    : [100%] Meshing surface 441 (Cylinder, Frontal-Delaunay)
Info    : [100%] Meshing surface 442 (Cylinder, Frontal-Delaunay)
Info    : [100%] Meshing surface 443 (Cylinder, Frontal-Delaunay)
Info    : [100%] Meshing surface 444 (Cylinder, Frontal-Delaunay)
Info    : [100%] Meshing surface 445 (Cylinder, Frontal-Delaunay)
Info    : [100%] Meshing surface 446 (Cylinder, Frontal-Delaunay)
Info    : [100%] Meshing surface 447 (Cylinder, Frontal-Delaunay)
Info    : [100%] Meshing surface 448 (Cylinder, Frontal-Delaunay)
Info    : [100%] Meshing surface 449 (Cylinder, Frontal-Delaunay)
Info    : [100%] Meshing surface 450 (Cylinder, Frontal-Delaunay)
Info    : [100%] Meshing surface 451 (Cylinder, Frontal-Delaunay)
Info    : [100%] Meshing surface 452 (Cylinder, Frontal-Delaunay)
Info    : [100%] Meshing surface 453 (Cylinder, Frontal-Delaunay)
Info    : [100%] Meshing surface 454 (Cylinder, Frontal-Delaunay)
Info    : Done meshing 2D (Wall 0.992505s, CPU 0.93768s)
Info    : Meshing 3D...
Info    : 3D Meshing 19 volumes with 1 connected component
Info    : Tetrahedrizing 32088 nodes...
Info    : Done tetrahedrizing 32096 nodes (Wall 0.289624s, CPU 0.284371s)
Info    : Reconstructing mesh...
Info    :  - Creating surface mesh
Info    :  - Identifying boundary edges
Info    :  - Recovering boundary
Info    :  - Added 4 Steiner points
Info    : Done reconstructing mesh (Wall 0.682091s, CPU 0.660875s)
Info    : Found volume 10182
Info    : Found volume 1
Info    : Found volume 2
Info    : Found volume 3
Info    : Found volume 10219
Info    : Found volume 4
Info    : Found volume 10195
Info    : Found volume 10211
Info    : Found volume 10213
Info    : Found volume 10205
Info    : Found volume 10201
Info    : Found volume 10220
Info    : Found volume 10217
Info    : Found volume 10199
Info    : Found volume 10215
Info    : Found volume 10197
Info    : Found volume 10209
Info    : Found volume 10207
Info    : Found volume 10203
Info    : It. 0 - 0 nodes created - worst tet radius 8.55426 (nodes removed 0 0)
Info    : It. 500 - 500 nodes created - worst tet radius 3.14281 (nodes removed 0 0)
Info    : It. 1000 - 993 nodes created - worst tet radius 2.46294 (nodes removed 0 7)
Info    : It. 1500 - 1487 nodes created - worst tet radius 2.22122 (nodes removed 0 13)
Info    : It. 2000 - 1960 nodes created - worst tet radius 2.04584 (nodes removed 0 40)
Info    : It. 2500 - 2430 nodes created - worst tet radius 1.90405 (nodes removed 0 70)
Info    : It. 3000 - 2897 nodes created - worst tet radius 1.79599 (nodes removed 0 103)
Info    : It. 3500 - 3366 nodes created - worst tet radius 1.71319 (nodes removed 0 134)
Info    : It. 4000 - 3843 nodes created - worst tet radius 1.64121 (nodes removed 0 157)
Info    : It. 4500 - 4305 nodes created - worst tet radius 1.58157 (nodes removed 0 195)
Info    : It. 5000 - 4775 nodes created - worst tet radius 1.53286 (nodes removed 0 225)
Info    : It. 5500 - 5238 nodes created - worst tet radius 1.48721 (nodes removed 0 262)
Info    : It. 6000 - 5700 nodes created - worst tet radius 1.44536 (nodes removed 0 300)
Info    : It. 6500 - 6185 nodes created - worst tet radius 1.40755 (nodes removed 0 315)
Info    : It. 7000 - 6667 nodes created - worst tet radius 1.37381 (nodes removed 0 333)
Info    : It. 7500 - 7144 nodes created - worst tet radius 1.3458 (nodes removed 0 356)
Info    : It. 8000 - 7618 nodes created - worst tet radius 1.32044 (nodes removed 0 382)
Info    : It. 8500 - 8093 nodes created - worst tet radius 1.29384 (nodes removed 0 407)
Info    : It. 9000 - 8580 nodes created - worst tet radius 1.27131 (nodes removed 0 420)
Info    : It. 9500 - 9066 nodes created - worst tet radius 1.24991 (nodes removed 0 434)
Info    : It. 10000 - 9552 nodes created - worst tet radius 1.23073 (nodes removed 0 448)
Info    : It. 10500 - 10044 nodes created - worst tet radius 1.2126 (nodes removed 0 456)
Info    : It. 11000 - 10530 nodes created - worst tet radius 1.19478 (nodes removed 0 470)
Info    : It. 11500 - 11011 nodes created - worst tet radius 1.17833 (nodes removed 0 489)
Info    : It. 12000 - 11502 nodes created - worst tet radius 1.16146 (nodes removed 0 498)
Info    : It. 12500 - 11993 nodes created - worst tet radius 1.14629 (nodes removed 0 507)
Info    : It. 13000 - 12476 nodes created - worst tet radius 1.13199 (nodes removed 0 524)
Info    : It. 13500 - 12963 nodes created - worst tet radius 1.11883 (nodes removed 0 537)
Info    : It. 14000 - 13454 nodes created - worst tet radius 1.10556 (nodes removed 0 546)
Info    : It. 14500 - 13941 nodes created - worst tet radius 1.09357 (nodes removed 0 559)
Info    : It. 15000 - 14430 nodes created - worst tet radius 1.08162 (nodes removed 0 570)
Info    : It. 15500 - 14912 nodes created - worst tet radius 1.07105 (nodes removed 0 588)
Info    : It. 16000 - 15402 nodes created - worst tet radius 1.05969 (nodes removed 0 598)
Info    : It. 16500 - 15890 nodes created - worst tet radius 1.05007 (nodes removed 0 610)
Info    : It. 17000 - 16383 nodes created - worst tet radius 1.04016 (nodes removed 0 617)
Info    : It. 17500 - 16871 nodes created - worst tet radius 1.03033 (nodes removed 0 629)
Info    : It. 18000 - 17360 nodes created - worst tet radius 1.02054 (nodes removed 0 640)
Info    : It. 18500 - 17854 nodes created - worst tet radius 1.01181 (nodes removed 0 646)
Info    : It. 19000 - 18347 nodes created - worst tet radius 1.00355 (nodes removed 0 653)
Info    : 3D refinement terminated (50633 nodes total):
Info    :  - 5 Delaunay cavities modified for star shapeness
Info    :  - 658 nodes could not be inserted
Info    :  - 263096 tetrahedra created in 0.92391 sec. (284763 tets/s)
Info    : 10 node relocations
Info    : Done meshing 3D (Wall 2.83572s, CPU 2.65247s)
Info    : Optimizing mesh...
Info    : Optimizing volume 1
Info    : Optimization starts (volume = 2.34746e-09) with worst = 0.00380931 / average = 0.731194:
Info    : 0.00 < quality < 0.10 :       254 elements
Info    : 0.10 < quality < 0.20 :       293 elements
Info    : 0.20 < quality < 0.30 :       259 elements
Info    : 0.30 < quality < 0.40 :       396 elements
Info    : 0.40 < quality < 0.50 :       466 elements
Info    : 0.50 < quality < 0.60 :       897 elements
Info    : 0.60 < quality < 0.70 :      1537 elements
Info    : 0.70 < quality < 0.80 :      1388 elements
Info    : 0.80 < quality < 0.90 :      3053 elements
Info    : 0.90 < quality < 1.00 :      3059 elements
Info    : 192 edge swaps, 0 node relocations (volume = 2.34746e-09): worst = 0.0053157 / average = 0.739385 (Wall 0.00530075s, CPU 0.005204s)
Info    : 206 edge swaps, 0 node relocations (volume = 2.34746e-09): worst = 0.0053157 / average = 0.73958 (Wall 0.00922942s, CPU 0.009125s)
Info    : No ill-shaped tets in the mesh :-)
Info    : 0.00 < quality < 0.10 :       195 elements
Info    : 0.10 < quality < 0.20 :       264 elements
Info    : 0.20 < quality < 0.30 :       162 elements
Info    : 0.30 < quality < 0.40 :       404 elements
Info    : 0.40 < quality < 0.50 :       458 elements
Info    : 0.50 < quality < 0.60 :       873 elements
Info    : 0.60 < quality < 0.70 :      1523 elements
Info    : 0.70 < quality < 0.80 :      1403 elements
Info    : 0.80 < quality < 0.90 :      3083 elements
Info    : 0.90 < quality < 1.00 :      3052 elements
Info    : Optimizing volume 2
Info    : Optimization starts (volume = 3.078e-09) with worst = 0.0213194 / average = 0.730248:
Info    : 0.00 < quality < 0.10 :       141 elements
Info    : 0.10 < quality < 0.20 :       394 elements
Info    : 0.20 < quality < 0.30 :       341 elements
Info    : 0.30 < quality < 0.40 :       446 elements
Info    : 0.40 < quality < 0.50 :       355 elements
Info    : 0.50 < quality < 0.60 :       831 elements
Info    : 0.60 < quality < 0.70 :      1172 elements
Info    : 0.70 < quality < 0.80 :      1610 elements
Info    : 0.80 < quality < 0.90 :      3304 elements
Info    : 0.90 < quality < 1.00 :      2677 elements
Info    : 248 edge swaps, 0 node relocations (volume = 3.078e-09): worst = 0.0589008 / average = 0.741661 (Wall 0.00549912s, CPU 0.005462s)
Info    : 259 edge swaps, 0 node relocations (volume = 3.078e-09): worst = 0.0589008 / average = 0.741614 (Wall 0.009375s, CPU 0.009319s)
Info    : No ill-shaped tets in the mesh :-)
Info    : 0.00 < quality < 0.10 :        85 elements
Info    : 0.10 < quality < 0.20 :       304 elements
Info    : 0.20 < quality < 0.30 :       263 elements
Info    : 0.30 < quality < 0.40 :       441 elements
Info    : 0.40 < quality < 0.50 :       349 elements
Info    : 0.50 < quality < 0.60 :       822 elements
Info    : 0.60 < quality < 0.70 :      1161 elements
Info    : 0.70 < quality < 0.80 :      1586 elements
Info    : 0.80 < quality < 0.90 :      3351 elements
Info    : 0.90 < quality < 1.00 :      2674 elements
Info    : Optimizing volume 3
Info    : Optimization starts (volume = 3.08935e-09) with worst = 0.00344993 / average = 0.744872:
Info    : 0.00 < quality < 0.10 :        62 elements
Info    : 0.10 < quality < 0.20 :       142 elements
Info    : 0.20 < quality < 0.30 :       420 elements
Info    : 0.30 < quality < 0.40 :       416 elements
Info    : 0.40 < quality < 0.50 :       485 elements
Info    : 0.50 < quality < 0.60 :       927 elements
Info    : 0.60 < quality < 0.70 :      1276 elements
Info    : 0.70 < quality < 0.80 :      1565 elements
Info    : 0.80 < quality < 0.90 :      3628 elements
Info    : 0.90 < quality < 1.00 :      2790 elements
Info    : 250 edge swaps, 0 node relocations (volume = 3.08935e-09): worst = 0.0531821 / average = 0.755919 (Wall 0.00375258s, CPU 0.003721s)
Info    : 259 edge swaps, 0 node relocations (volume = 3.08935e-09): worst = 0.0610842 / average = 0.756096 (Wall 0.00591162s, CPU 0.005874s)
Info    : No ill-shaped tets in the mesh :-)
Info    : 0.00 < quality < 0.10 :         2 elements
Info    : 0.10 < quality < 0.20 :        55 elements
Info    : 0.20 < quality < 0.30 :       336 elements
Info    : 0.30 < quality < 0.40 :       446 elements
Info    : 0.40 < quality < 0.50 :       476 elements
Info    : 0.50 < quality < 0.60 :       924 elements
Info    : 0.60 < quality < 0.70 :      1267 elements
Info    : 0.70 < quality < 0.80 :      1551 elements
Info    : 0.80 < quality < 0.90 :      3665 elements
Info    : 0.90 < quality < 1.00 :      2779 elements
Info    : Optimizing volume 4
Info    : Optimization starts (volume = 2.45282e-09) with worst = 0.00289089 / average = 0.758572:
Info    : 0.00 < quality < 0.10 :        43 elements
Info    : 0.10 < quality < 0.20 :       122 elements
Info    : 0.20 < quality < 0.30 :       353 elements
Info    : 0.30 < quality < 0.40 :       313 elements
Info    : 0.40 < quality < 0.50 :       366 elements
Info    : 0.50 < quality < 0.60 :       846 elements
Info    : 0.60 < quality < 0.70 :      1183 elements
Info    : 0.70 < quality < 0.80 :      1415 elements
Info    : 0.80 < quality < 0.90 :      3607 elements
Info    : 0.90 < quality < 1.00 :      2777 elements
Info    : 185 edge swaps, 0 node relocations (volume = 2.45282e-09): worst = 0.112098 / average = 0.768133 (Wall 0.00306442s, CPU 0.003041s)
Info    : 188 edge swaps, 0 node relocations (volume = 2.45282e-09): worst = 0.112098 / average = 0.768195 (Wall 0.00493317s, CPU 0.004888s)
Info    : No ill-shaped tets in the mesh :-)
Info    : 0.00 < quality < 0.10 :         0 elements
Info    : 0.10 < quality < 0.20 :        55 elements
Info    : 0.20 < quality < 0.30 :       292 elements
Info    : 0.30 < quality < 0.40 :       325 elements
Info    : 0.40 < quality < 0.50 :       355 elements
Info    : 0.50 < quality < 0.60 :       845 elements
Info    : 0.60 < quality < 0.70 :      1162 elements
Info    : 0.70 < quality < 0.80 :      1399 elements
Info    : 0.80 < quality < 0.90 :      3651 elements
Info    : 0.90 < quality < 1.00 :      2775 elements
Info    : Optimizing volume 10182
Info    : Optimization starts (volume = 2.12025e-07) with worst = 0.00215195 / average = 0.760428:
Info    : 0.00 < quality < 0.10 :       406 elements
Info    : 0.10 < quality < 0.20 :      1118 elements
Info    : 0.20 < quality < 0.30 :      1968 elements
Info    : 0.30 < quality < 0.40 :      3265 elements
Info    : 0.40 < quality < 0.50 :      5366 elements
Info    : 0.50 < quality < 0.60 :     10057 elements
Info    : 0.60 < quality < 0.70 :     20822 elements
Info    : 0.70 < quality < 0.80 :     41001 elements
Info    : 0.80 < quality < 0.90 :     53594 elements
Info    : 0.90 < quality < 1.00 :     26710 elements
Info    : 3409 edge swaps, 111 node relocations (volume = 2.12025e-07): worst = 0.133525 / average = 0.773229 (Wall 0.043676s, CPU 0.043506s)
Info    : 3444 edge swaps, 115 node relocations (volume = 2.12025e-07): worst = 0.133525 / average = 0.773361 (Wall 0.0532671s, CPU 0.053076s)
Info    : No ill-shaped tets in the mesh :-)
Info    : 0.00 < quality < 0.10 :         0 elements
Info    : 0.10 < quality < 0.20 :         8 elements
Info    : 0.20 < quality < 0.30 :        15 elements
Info    : 0.30 < quality < 0.40 :      3223 elements
Info    : 0.40 < quality < 0.50 :      5249 elements
Info    : 0.50 < quality < 0.60 :      9830 elements
Info    : 0.60 < quality < 0.70 :     20699 elements
Info    : 0.70 < quality < 0.80 :     41449 elements
Info    : 0.80 < quality < 0.90 :     54092 elements
Info    : 0.90 < quality < 1.00 :     26627 elements
Info    : Optimizing volume 10195
Info    : Optimization starts (volume = 9.41172e-11) with worst = 0.0079697 / average = 0.57359:
Info    : 0.00 < quality < 0.10 :        20 elements
Info    : 0.10 < quality < 0.20 :        19 elements
Info    : 0.20 < quality < 0.30 :        26 elements
Info    : 0.30 < quality < 0.40 :       104 elements
Info    : 0.40 < quality < 0.50 :       434 elements
Info    : 0.50 < quality < 0.60 :      2118 elements
Info    : 0.60 < quality < 0.70 :      1339 elements
Info    : 0.70 < quality < 0.80 :       339 elements
Info    : 0.80 < quality < 0.90 :         6 elements
Info    : 0.90 < quality < 1.00 :         0 elements
Info    : 64 edge swaps, 0 node relocations (volume = 9.41172e-11): worst = 0.0732211 / average = 0.57928 (Wall 0.000711458s, CPU 0.000685s)
Info    : 65 edge swaps, 0 node relocations (volume = 9.41172e-11): worst = 0.0732211 / average = 0.579374 (Wall 0.000879042s, CPU 0.000848s)
Info    : No ill-shaped tets in the mesh :-)
Info    : 0.00 < quality < 0.10 :         1 elements
Info    : 0.10 < quality < 0.20 :         0 elements
Info    : 0.20 < quality < 0.30 :         1 elements
Info    : 0.30 < quality < 0.40 :       106 elements
Info    : 0.40 < quality < 0.50 :       437 elements
Info    : 0.50 < quality < 0.60 :      2118 elements
Info    : 0.60 < quality < 0.70 :      1339 elements
Info    : 0.70 < quality < 0.80 :       339 elements
Info    : 0.80 < quality < 0.90 :         6 elements
Info    : 0.90 < quality < 1.00 :         0 elements
Info    : Optimizing volume 10197
Info    : Optimization starts (volume = 9.41405e-11) with worst = 0.0143338 / average = 0.574233:
Info    : 0.00 < quality < 0.10 :        14 elements
Info    : 0.10 < quality < 0.20 :        24 elements
Info    : 0.20 < quality < 0.30 :        24 elements
Info    : 0.30 < quality < 0.40 :        88 elements
Info    : 0.40 < quality < 0.50 :       438 elements
Info    : 0.50 < quality < 0.60 :      2126 elements
Info    : 0.60 < quality < 0.70 :      1305 elements
Info    : 0.70 < quality < 0.80 :       351 elements
Info    : 0.80 < quality < 0.90 :         3 elements
Info    : 0.90 < quality < 1.00 :         0 elements
Info    : 60 edge swaps, 0 node relocations (volume = 9.41405e-11): worst = 0.150805 / average = 0.57968 (Wall 0.000689292s, CPU 0.000654s)
Info    : 61 edge swaps, 0 node relocations (volume = 9.41405e-11): worst = 0.150805 / average = 0.579781 (Wall 0.000855042s, CPU 0.000817s)
Info    : No ill-shaped tets in the mesh :-)
Info    : 0.00 < quality < 0.10 :         0 elements
Info    : 0.10 < quality < 0.20 :         1 elements
Info    : 0.20 < quality < 0.30 :         1 elements
Info    : 0.30 < quality < 0.40 :        89 elements
Info    : 0.40 < quality < 0.50 :       438 elements
Info    : 0.50 < quality < 0.60 :      2124 elements
Info    : 0.60 < quality < 0.70 :      1309 elements
Info    : 0.70 < quality < 0.80 :       351 elements
Info    : 0.80 < quality < 0.90 :         3 elements
Info    : 0.90 < quality < 1.00 :         0 elements
Info    : Optimizing volume 10199
Info    : Optimization starts (volume = 9.40857e-11) with worst = 0.0103436 / average = 0.571736:
Info    : 0.00 < quality < 0.10 :        24 elements
Info    : 0.10 < quality < 0.20 :        16 elements
Info    : 0.20 < quality < 0.30 :        28 elements
Info    : 0.30 < quality < 0.40 :       103 elements
Info    : 0.40 < quality < 0.50 :       453 elements
Info    : 0.50 < quality < 0.60 :      2139 elements
Info    : 0.60 < quality < 0.70 :      1296 elements
Info    : 0.70 < quality < 0.80 :       351 elements
Info    : 0.80 < quality < 0.90 :         3 elements
Info    : 0.90 < quality < 1.00 :         0 elements
Info    : 68 edge swaps, 0 node relocations (volume = 9.40857e-11): worst = 0.173433 / average = 0.577887 (Wall 0.000748s, CPU 0.000727s)
Info    : 72 edge swaps, 0 node relocations (volume = 9.40857e-11): worst = 0.292445 / average = 0.577938 (Wall 0.000944208s, CPU 0.00092s)
Info    : No ill-shaped tets in the mesh :-)
Info    : 0.00 < quality < 0.10 :         0 elements
Info    : 0.10 < quality < 0.20 :         0 elements
Info    : 0.20 < quality < 0.30 :         1 elements
Info    : 0.30 < quality < 0.40 :       107 elements
Info    : 0.40 < quality < 0.50 :       448 elements
Info    : 0.50 < quality < 0.60 :      2143 elements
Info    : 0.60 < quality < 0.70 :      1298 elements
Info    : 0.70 < quality < 0.80 :       350 elements
Info    : 0.80 < quality < 0.90 :         3 elements
Info    : 0.90 < quality < 1.00 :         0 elements
Info    : Optimizing volume 10201
Info    : Optimization starts (volume = 9.40975e-11) with worst = 0.0260843 / average = 0.574571:
Info    : 0.00 < quality < 0.10 :        15 elements
Info    : 0.10 < quality < 0.20 :        17 elements
Info    : 0.20 < quality < 0.30 :        22 elements
Info    : 0.30 < quality < 0.40 :       102 elements
Info    : 0.40 < quality < 0.50 :       447 elements
Info    : 0.50 < quality < 0.60 :      2114 elements
Info    : 0.60 < quality < 0.70 :      1334 elements
Info    : 0.70 < quality < 0.80 :       345 elements
Info    : 0.80 < quality < 0.90 :         6 elements
Info    : 0.90 < quality < 1.00 :         0 elements
Info    : 54 edge swaps, 0 node relocations (volume = 9.40975e-11): worst = 0.0496948 / average = 0.578945 (Wall 0.000647708s, CPU 0.00063s)
Info    : 57 edge swaps, 0 node relocations (volume = 9.40975e-11): worst = 0.0496948 / average = 0.579004 (Wall 0.000833166s, CPU 0.000814s)
Info    : No ill-shaped tets in the mesh :-)
Info    : 0.00 < quality < 0.10 :         1 elements
Info    : 0.10 < quality < 0.20 :         0 elements
Info    : 0.20 < quality < 0.30 :         1 elements
Info    : 0.30 < quality < 0.40 :       107 elements
Info    : 0.40 < quality < 0.50 :       443 elements
Info    : 0.50 < quality < 0.60 :      2124 elements
Info    : 0.60 < quality < 0.70 :      1329 elements
Info    : 0.70 < quality < 0.80 :       343 elements
Info    : 0.80 < quality < 0.90 :         6 elements
Info    : 0.90 < quality < 1.00 :         0 elements
Info    : Optimizing volume 10203
Info    : Optimization starts (volume = 9.41303e-11) with worst = 0.00740914 / average = 0.573545:
Info    : 0.00 < quality < 0.10 :        15 elements
Info    : 0.10 < quality < 0.20 :        22 elements
Info    : 0.20 < quality < 0.30 :        25 elements
Info    : 0.30 < quality < 0.40 :        88 elements
Info    : 0.40 < quality < 0.50 :       437 elements
Info    : 0.50 < quality < 0.60 :      2150 elements
Info    : 0.60 < quality < 0.70 :      1298 elements
Info    : 0.70 < quality < 0.80 :       345 elements
Info    : 0.80 < quality < 0.90 :         2 elements
Info    : 0.90 < quality < 1.00 :         0 elements
Info    : 60 edge swaps, 0 node relocations (volume = 9.41303e-11): worst = 0.150805 / average = 0.579096 (Wall 0.000688458s, CPU 0.000667s)
Info    : 61 edge swaps, 0 node relocations (volume = 9.41303e-11): worst = 0.150805 / average = 0.579195 (Wall 0.000852s, CPU 0.000829s)
Info    : No ill-shaped tets in the mesh :-)
Info    : 0.00 < quality < 0.10 :         0 elements
Info    : 0.10 < quality < 0.20 :         1 elements
Info    : 0.20 < quality < 0.30 :         1 elements
Info    : 0.30 < quality < 0.40 :        90 elements
Info    : 0.40 < quality < 0.50 :       432 elements
Info    : 0.50 < quality < 0.60 :      2153 elements
Info    : 0.60 < quality < 0.70 :      1300 elements
Info    : 0.70 < quality < 0.80 :       346 elements
Info    : 0.80 < quality < 0.90 :         2 elements
Info    : 0.90 < quality < 1.00 :         0 elements
Info    : Optimizing volume 10205
Info    : Optimization starts (volume = 9.41326e-11) with worst = 0.010178 / average = 0.57263:
Info    : 0.00 < quality < 0.10 :        12 elements
Info    : 0.10 < quality < 0.20 :        26 elements
Info    : 0.20 < quality < 0.30 :        26 elements
Info    : 0.30 < quality < 0.40 :        95 elements
Info    : 0.40 < quality < 0.50 :       467 elements
Info    : 0.50 < quality < 0.60 :      2136 elements
Info    : 0.60 < quality < 0.70 :      1272 elements
Info    : 0.70 < quality < 0.80 :       352 elements
Info    : 0.80 < quality < 0.90 :         2 elements
Info    : 0.90 < quality < 1.00 :         0 elements
Info    : 64 edge swaps, 0 node relocations (volume = 9.41326e-11): worst = 0.275805 / average = 0.578102 (Wall 0.00070475s, CPU 0.000688s)
Info    : No ill-shaped tets in the mesh :-)
Info    : 0.00 < quality < 0.10 :         0 elements
Info    : 0.10 < quality < 0.20 :         0 elements
Info    : 0.20 < quality < 0.30 :         2 elements
Info    : 0.30 < quality < 0.40 :        98 elements
Info    : 0.40 < quality < 0.50 :       467 elements
Info    : 0.50 < quality < 0.60 :      2139 elements
Info    : 0.60 < quality < 0.70 :      1270 elements
Info    : 0.70 < quality < 0.80 :       351 elements
Info    : 0.80 < quality < 0.90 :         2 elements
Info    : 0.90 < quality < 1.00 :         0 elements
Info    : Optimizing volume 10207
Info    : Optimization starts (volume = 9.41423e-11) with worst = 0.00670604 / average = 0.574988:
Info    : 0.00 < quality < 0.10 :         8 elements
Info    : 0.10 < quality < 0.20 :        25 elements
Info    : 0.20 < quality < 0.30 :        20 elements
Info    : 0.30 < quality < 0.40 :        91 elements
Info    : 0.40 < quality < 0.50 :       451 elements
Info    : 0.50 < quality < 0.60 :      2114 elements
Info    : 0.60 < quality < 0.70 :      1314 elements
Info    : 0.70 < quality < 0.80 :       349 elements
Info    : 0.80 < quality < 0.90 :         3 elements
Info    : 0.90 < quality < 1.00 :         0 elements
Info    : 52 edge swaps, 0 node relocations (volume = 9.41423e-11): worst = 0.165893 / average = 0.579601 (Wall 0.000617542s, CPU 0.000599s)
Info    : 54 edge swaps, 0 node relocations (volume = 9.41423e-11): worst = 0.305734 / average = 0.579762 (Wall 0.000779375s, CPU 0.000758s)
Info    : No ill-shaped tets in the mesh :-)
Info    : 0.00 < quality < 0.10 :         0 elements
Info    : 0.10 < quality < 0.20 :         0 elements
Info    : 0.20 < quality < 0.30 :         0 elements
Info    : 0.30 < quality < 0.40 :        95 elements
Info    : 0.40 < quality < 0.50 :       442 elements
Info    : 0.50 < quality < 0.60 :      2125 elements
Info    : 0.60 < quality < 0.70 :      1313 elements
Info    : 0.70 < quality < 0.80 :       347 elements
Info    : 0.80 < quality < 0.90 :         3 elements
Info    : 0.90 < quality < 1.00 :         0 elements
Info    : Optimizing volume 10209
Info    : Optimization starts (volume = 9.41396e-11) with worst = 0.0140971 / average = 0.575074:
Info    : 0.00 < quality < 0.10 :        10 elements
Info    : 0.10 < quality < 0.20 :        21 elements
Info    : 0.20 < quality < 0.30 :        23 elements
Info    : 0.30 < quality < 0.40 :        90 elements
Info    : 0.40 < quality < 0.50 :       447 elements
Info    : 0.50 < quality < 0.60 :      2108 elements
Info    : 0.60 < quality < 0.70 :      1313 elements
Info    : 0.70 < quality < 0.80 :       355 elements
Info    : 0.80 < quality < 0.90 :         3 elements
Info    : 0.90 < quality < 1.00 :         0 elements
Info    : 53 edge swaps, 0 node relocations (volume = 9.41396e-11): worst = 0.150644 / average = 0.580079 (Wall 0.000623834s, CPU 0.000609s)
Info    : 54 edge swaps, 0 node relocations (volume = 9.41396e-11): worst = 0.150644 / average = 0.58018 (Wall 0.000785125s, CPU 0.000768s)
Info    : No ill-shaped tets in the mesh :-)
Info    : 0.00 < quality < 0.10 :         0 elements
Info    : 0.10 < quality < 0.20 :         1 elements
Info    : 0.20 < quality < 0.30 :         0 elements
Info    : 0.30 < quality < 0.40 :        89 elements
Info    : 0.40 < quality < 0.50 :       439 elements
Info    : 0.50 < quality < 0.60 :      2116 elements
Info    : 0.60 < quality < 0.70 :      1314 elements
Info    : 0.70 < quality < 0.80 :       356 elements
Info    : 0.80 < quality < 0.90 :         3 elements
Info    : 0.90 < quality < 1.00 :         0 elements
Info    : Optimizing volume 10211
Info    : Optimization starts (volume = 9.41172e-11) with worst = 0.0079697 / average = 0.573594:
Info    : 0.00 < quality < 0.10 :        20 elements
Info    : 0.10 < quality < 0.20 :        19 elements
Info    : 0.20 < quality < 0.30 :        26 elements
Info    : 0.30 < quality < 0.40 :       104 elements
Info    : 0.40 < quality < 0.50 :       434 elements
Info    : 0.50 < quality < 0.60 :      2118 elements
Info    : 0.60 < quality < 0.70 :      1339 elements
Info    : 0.70 < quality < 0.80 :       339 elements
Info    : 0.80 < quality < 0.90 :         6 elements
Info    : 0.90 < quality < 1.00 :         0 elements
Info    : 64 edge swaps, 0 node relocations (volume = 9.41172e-11): worst = 0.0732211 / average = 0.579648 (Wall 0.0006875s, CPU 0.000672s)
Info    : 65 edge swaps, 0 node relocations (volume = 9.41172e-11): worst = 0.0732211 / average = 0.579618 (Wall 0.000849667s, CPU 0.000832s)
Info    : No ill-shaped tets in the mesh :-)
Info    : 0.00 < quality < 0.10 :         1 elements
Info    : 0.10 < quality < 0.20 :         0 elements
Info    : 0.20 < quality < 0.30 :         0 elements
Info    : 0.30 < quality < 0.40 :       105 elements
Info    : 0.40 < quality < 0.50 :       431 elements
Info    : 0.50 < quality < 0.60 :      2120 elements
Info    : 0.60 < quality < 0.70 :      1342 elements
Info    : 0.70 < quality < 0.80 :       338 elements
Info    : 0.80 < quality < 0.90 :         6 elements
Info    : 0.90 < quality < 1.00 :         0 elements
Info    : Optimizing volume 10213
Info    : Optimization starts (volume = 9.41154e-11) with worst = 0.0140095 / average = 0.572792:
Info    : 0.00 < quality < 0.10 :        22 elements
Info    : 0.10 < quality < 0.20 :        25 elements
Info    : 0.20 < quality < 0.30 :        26 elements
Info    : 0.30 < quality < 0.40 :       101 elements
Info    : 0.40 < quality < 0.50 :       445 elements
Info    : 0.50 < quality < 0.60 :      2123 elements
Info    : 0.60 < quality < 0.70 :      1319 elements
Info    : 0.70 < quality < 0.80 :       337 elements
Info    : 0.80 < quality < 0.90 :         9 elements
Info    : 0.90 < quality < 1.00 :         0 elements
Info    : 73 edge swaps, 0 node relocations (volume = 9.41154e-11): worst = 0.0913673 / average = 0.57924 (Wall 0.000787167s, CPU 0.000759s)
Info    : 78 edge swaps, 0 node relocations (volume = 9.41154e-11): worst = 0.194619 / average = 0.579726 (Wall 0.000991875s, CPU 0.00096s)
Info    : No ill-shaped tets in the mesh :-)
Info    : 0.00 < quality < 0.10 :         0 elements
Info    : 0.10 < quality < 0.20 :         1 elements
Info    : 0.20 < quality < 0.30 :         1 elements
Info    : 0.30 < quality < 0.40 :       102 elements
Info    : 0.40 < quality < 0.50 :       432 elements
Info    : 0.50 < quality < 0.60 :      2137 elements
Info    : 0.60 < quality < 0.70 :      1320 elements
Info    : 0.70 < quality < 0.80 :       336 elements
Info    : 0.80 < quality < 0.90 :         9 elements
Info    : 0.90 < quality < 1.00 :         0 elements
Info    : Optimizing volume 10215
Info    : Optimization starts (volume = 9.4141e-11) with worst = 0.0255873 / average = 0.57396:
Info    : 0.00 < quality < 0.10 :        16 elements
Info    : 0.10 < quality < 0.20 :        21 elements
Info    : 0.20 < quality < 0.30 :        24 elements
Info    : 0.30 < quality < 0.40 :        90 elements
Info    : 0.40 < quality < 0.50 :       443 elements
Info    : 0.50 < quality < 0.60 :      2124 elements
Info    : 0.60 < quality < 0.70 :      1305 elements
Info    : 0.70 < quality < 0.80 :       349 elements
Info    : 0.80 < quality < 0.90 :         3 elements
Info    : 0.90 < quality < 1.00 :         0 elements
Info    : 60 edge swaps, 0 node relocations (volume = 9.4141e-11): worst = 0.266326 / average = 0.5796 (Wall 0.000691583s, CPU 0.000666s)
Info    : 61 edge swaps, 0 node relocations (volume = 9.4141e-11): worst = 0.266326 / average = 0.579483 (Wall 0.000862125s, CPU 0.000833s)
Info    : No ill-shaped tets in the mesh :-)
Info    : 0.00 < quality < 0.10 :         0 elements
Info    : 0.10 < quality < 0.20 :         0 elements
Info    : 0.20 < quality < 0.30 :         3 elements
Info    : 0.30 < quality < 0.40 :        87 elements
Info    : 0.40 < quality < 0.50 :       441 elements
Info    : 0.50 < quality < 0.60 :      2128 elements
Info    : 0.60 < quality < 0.70 :      1307 elements
Info    : 0.70 < quality < 0.80 :       349 elements
Info    : 0.80 < quality < 0.90 :         3 elements
Info    : 0.90 < quality < 1.00 :         0 elements
Info    : Optimizing volume 10217
Info    : Optimization starts (volume = 9.41142e-11) with worst = 0.0124766 / average = 0.572665:
Info    : 0.00 < quality < 0.10 :        12 elements
Info    : 0.10 < quality < 0.20 :        26 elements
Info    : 0.20 < quality < 0.30 :        30 elements
Info    : 0.30 < quality < 0.40 :       100 elements
Info    : 0.40 < quality < 0.50 :       440 elements
Info    : 0.50 < quality < 0.60 :      2144 elements
Info    : 0.60 < quality < 0.70 :      1286 elements
Info    : 0.70 < quality < 0.80 :       355 elements
Info    : 0.80 < quality < 0.90 :         1 elements
Info    : 0.90 < quality < 1.00 :         0 elements
Info    : 66 edge swaps, 0 node relocations (volume = 9.41142e-11): worst = 0.0499507 / average = 0.578215 (Wall 0.0007155s, CPU 0.000699s)
Info    : No ill-shaped tets in the mesh :-)
Info    : 0.00 < quality < 0.10 :         2 elements
Info    : 0.10 < quality < 0.20 :         2 elements
Info    : 0.20 < quality < 0.30 :         1 elements
Info    : 0.30 < quality < 0.40 :       103 elements
Info    : 0.40 < quality < 0.50 :       435 elements
Info    : 0.50 < quality < 0.60 :      2152 elements
Info    : 0.60 < quality < 0.70 :      1283 elements
Info    : 0.70 < quality < 0.80 :       355 elements
Info    : 0.80 < quality < 0.90 :         1 elements
Info    : 0.90 < quality < 1.00 :         0 elements
Info    : Optimizing volume 10219
Info    : Optimization starts (volume = 2.15325e-09) with worst = 0.0929001 / average = 0.420002:
Info    : 0.00 < quality < 0.10 :         4 elements
Info    : 0.10 < quality < 0.20 :         2 elements
Info    : 0.20 < quality < 0.30 :         6 elements
Info    : 0.30 < quality < 0.40 :        14 elements
Info    : 0.40 < quality < 0.50 :       211 elements
Info    : 0.50 < quality < 0.60 :         0 elements
Info    : 0.60 < quality < 0.70 :         0 elements
Info    : 0.70 < quality < 0.80 :         0 elements
Info    : 0.80 < quality < 0.90 :         0 elements
Info    : 0.90 < quality < 1.00 :         0 elements
Info    : No ill-shaped tets in the mesh :-)
Info    : 0.00 < quality < 0.10 :         4 elements
Info    : 0.10 < quality < 0.20 :         2 elements
Info    : 0.20 < quality < 0.30 :         6 elements
Info    : 0.30 < quality < 0.40 :        14 elements
Info    : 0.40 < quality < 0.50 :       211 elements
Info    : 0.50 < quality < 0.60 :         0 elements
Info    : 0.60 < quality < 0.70 :         0 elements
Info    : 0.70 < quality < 0.80 :         0 elements
Info    : 0.80 < quality < 0.90 :         0 elements
Info    : 0.90 < quality < 1.00 :         0 elements
Info    : Optimizing volume 10220
Info    : Optimization starts (volume = 2.15325e-09) with worst = 0.00614081 / average = 0.403949:
Info    : 0.00 < quality < 0.10 :        14 elements
Info    : 0.10 < quality < 0.20 :         5 elements
Info    : 0.20 < quality < 0.30 :         5 elements
Info    : 0.30 < quality < 0.40 :        27 elements
Info    : 0.40 < quality < 0.50 :       196 elements
Info    : 0.50 < quality < 0.60 :         7 elements
Info    : 0.60 < quality < 0.70 :         0 elements
Info    : 0.70 < quality < 0.80 :         0 elements
Info    : 0.80 < quality < 0.90 :         0 elements
Info    : 0.90 < quality < 1.00 :         0 elements
Info    : 24 edge swaps, 0 node relocations (volume = 2.15325e-09): worst = 0.108235 / average = 0.431054 (Wall 0.000174166s, CPU 0.00016s)
Info    : 27 edge swaps, 0 node relocations (volume = 2.15325e-09): worst = 0.303181 / average = 0.434757 (Wall 0.000212333s, CPU 0.000196s)
Info    : No ill-shaped tets in the mesh :-)
Info    : 0.00 < quality < 0.10 :         0 elements
Info    : 0.10 < quality < 0.20 :         0 elements
Info    : 0.20 < quality < 0.30 :         0 elements
Info    : 0.30 < quality < 0.40 :        27 elements
Info    : 0.40 < quality < 0.50 :       197 elements
Info    : 0.50 < quality < 0.60 :         7 elements
Info    : 0.60 < quality < 0.70 :         0 elements
Info    : 0.70 < quality < 0.80 :         0 elements
Info    : 0.80 < quality < 0.90 :         0 elements
Info    : 0.90 < quality < 1.00 :         0 elements
Info    : Done optimizing mesh (Wall 0.24461s, CPU 0.238833s)
Info    : 50633 nodes 328290 elements
Info    : Writing 'local.msh'...
Info    : Done writing 'local.msh'
Info    : Stopped on Wed Sep 16 14:37:46 2026 (From start: Wall 5.26375s, CPU 4.9226s)
