Info    : Running '/opt/homebrew/bin/gmsh -3 local.geo -format msh2 -o local.msh -nt 1' [Gmsh 4.15.2-git, 1 node, max. 1 thread]
Info    : Started on Wed Sep 16 15:37:24 2026
Info    : Reading 'local.geo'...
Info    : Done reading 'local.geo'
Info    : Meshing 1D...
Info    : [  0%] Meshing curve 523 (Line)
Info    : [ 10%] Meshing curve 524 (Line)
Info    : [ 10%] Meshing curve 525 (Line)
Info    : [ 10%] Meshing curve 526 (Line)
Info    : [ 10%] Meshing curve 527 (Line)
Info    : [ 10%] Meshing curve 528 (Line)
Info    : [ 10%] Meshing curve 529 (Line)
Info    : [ 10%] Meshing curve 530 (Line)
Info    : [ 10%] Meshing curve 531 (Line)
Info    : [ 10%] Meshing curve 532 (Line)
Info    : [ 10%] Meshing curve 533 (Line)
Info    : [ 10%] Meshing curve 534 (Line)
Info    : [ 10%] Meshing curve 535 (Line)
Info    : [ 10%] Meshing curve 536 (Line)
Info    : [ 10%] Meshing curve 537 (Line)
Info    : [ 10%] Meshing curve 538 (Line)
Info    : [ 10%] Meshing curve 539 (Line)
Info    : [ 10%] Meshing curve 540 (Line)
Info    : [ 10%] Meshing curve 541 (Line)
Info    : [ 10%] Meshing curve 542 (Line)
Info    : [ 10%] Meshing curve 543 (Line)
Info    : [ 10%] Meshing curve 544 (Line)
Info    : [ 10%] Meshing curve 545 (Line)
Info    : [ 10%] Meshing curve 546 (Line)
Info    : [ 10%] Meshing curve 547 (Line)
Info    : [ 10%] Meshing curve 548 (Line)
Info    : [ 10%] Meshing curve 549 (Line)
Info    : [ 10%] Meshing curve 550 (Line)
Info    : [ 10%] Meshing curve 551 (Line)
Info    : [ 10%] Meshing curve 552 (Line)
Info    : [ 10%] Meshing curve 553 (Line)
Info    : [ 20%] Meshing curve 554 (Line)
Info    : [ 20%] Meshing curve 555 (Line)
Info    : [ 20%] Meshing curve 556 (Line)
Info    : [ 20%] Meshing curve 557 (Line)
Info    : [ 20%] Meshing curve 558 (Line)
Info    : [ 20%] Meshing curve 559 (Circle)
Info    : [ 20%] Meshing curve 560 (Line)
Info    : [ 20%] Meshing curve 561 (Line)
Info    : [ 20%] Meshing curve 562 (Circle)
Info    : [ 20%] Meshing curve 563 (Circle)
Info    : [ 20%] Meshing curve 564 (Line)
Info    : [ 20%] Meshing curve 565 (TrimmedCurve)
Info    : [ 20%] Meshing curve 566 (Line)
Info    : [ 20%] Meshing curve 567 (Circle)
Info    : [ 20%] Meshing curve 568 (Line)
Info    : [ 20%] Meshing curve 569 (Line)
Info    : [ 20%] Meshing curve 570 (Circle)
Info    : [ 20%] Meshing curve 571 (Line)
Info    : [ 20%] Meshing curve 572 (Line)
Info    : [ 20%] Meshing curve 573 (Circle)
Info    : [ 20%] Meshing curve 574 (Line)
Info    : [ 20%] Meshing curve 575 (Line)
Info    : [ 20%] Meshing curve 576 (Line)
Info    : [ 20%] Meshing curve 577 (Circle)
Info    : [ 20%] Meshing curve 578 (Circle)
Info    : [ 20%] Meshing curve 579 (Circle)
Info    : [ 20%] Meshing curve 580 (Circle)
Info    : [ 20%] Meshing curve 581 (Circle)
Info    : [ 20%] Meshing curve 582 (Circle)
Info    : [ 20%] Meshing curve 583 (Line)
Info    : [ 30%] Meshing curve 584 (Line)
Info    : [ 30%] Meshing curve 585 (Line)
Info    : [ 30%] Meshing curve 586 (Line)
Info    : [ 30%] Meshing curve 587 (Line)
Info    : [ 30%] Meshing curve 588 (Line)
Info    : [ 30%] Meshing curve 589 (Circle)
Info    : [ 30%] Meshing curve 590 (Line)
Info    : [ 30%] Meshing curve 591 (Line)
Info    : [ 30%] Meshing curve 592 (Circle)
Info    : [ 30%] Meshing curve 593 (Circle)
Info    : [ 30%] Meshing curve 594 (Line)
Info    : [ 30%] Meshing curve 595 (TrimmedCurve)
Info    : [ 30%] Meshing curve 596 (Line)
Info    : [ 30%] Meshing curve 597 (Circle)
Info    : [ 30%] Meshing curve 598 (Line)
Info    : [ 30%] Meshing curve 599 (Line)
Info    : [ 30%] Meshing curve 600 (Circle)
Info    : [ 30%] Meshing curve 601 (Line)
Info    : [ 30%] Meshing curve 602 (Line)
Info    : [ 30%] Meshing curve 603 (Circle)
Info    : [ 30%] Meshing curve 604 (Line)
Info    : [ 30%] Meshing curve 605 (Line)
Info    : [ 30%] Meshing curve 606 (Line)
Info    : [ 30%] Meshing curve 607 (Circle)
Info    : [ 30%] Meshing curve 608 (Circle)
Info    : [ 30%] Meshing curve 609 (Circle)
Info    : [ 30%] Meshing curve 610 (Circle)
Info    : [ 30%] Meshing curve 611 (Circle)
Info    : [ 30%] Meshing curve 612 (Circle)
Info    : [ 30%] Meshing curve 613 (Circle)
Info    : [ 40%] Meshing curve 614 (Circle)
Info    : [ 40%] Meshing curve 615 (Circle)
Info    : [ 40%] Meshing curve 616 (Circle)
Info    : [ 40%] Meshing curve 617 (Circle)
Info    : [ 40%] Meshing curve 618 (Circle)
Info    : [ 40%] Meshing curve 619 (Line)
Info    : [ 40%] Meshing curve 620 (Line)
Info    : [ 40%] Meshing curve 621 (Line)
Info    : [ 40%] Meshing curve 622 (Line)
Info    : [ 40%] Meshing curve 623 (Line)
Info    : [ 40%] Meshing curve 624 (Line)
Info    : [ 40%] Meshing curve 625 (Line)
Info    : [ 40%] Meshing curve 626 (Line)
Info    : [ 40%] Meshing curve 627 (Line)
Info    : [ 40%] Meshing curve 628 (Line)
Info    : [ 40%] Meshing curve 629 (Line)
Info    : [ 40%] Meshing curve 630 (Line)
Info    : [ 40%] Meshing curve 631 (Line)
Info    : [ 40%] Meshing curve 632 (Line)
Info    : [ 40%] Meshing curve 633 (Line)
Info    : [ 40%] Meshing curve 634 (Line)
Info    : [ 40%] Meshing curve 635 (Line)
Info    : [ 40%] Meshing curve 636 (Line)
Info    : [ 40%] Meshing curve 637 (Line)
Info    : [ 40%] Meshing curve 638 (Line)
Info    : [ 40%] Meshing curve 639 (Line)
Info    : [ 40%] Meshing curve 640 (Line)
Info    : [ 40%] Meshing curve 641 (Line)
Info    : [ 40%] Meshing curve 642 (Line)
Info    : [ 40%] Meshing curve 643 (Line)
Info    : [ 50%] Meshing curve 644 (Line)
Info    : [ 50%] Meshing curve 645 (Line)
Info    : [ 50%] Meshing curve 646 (TrimmedCurve)
Info    : [ 50%] Meshing curve 647 (Circle)
Info    : [ 50%] Meshing curve 648 (Line)
Info    : [ 50%] Meshing curve 649 (TrimmedCurve)
Info    : [ 50%] Meshing curve 650 (TrimmedCurve)
Info    : [ 50%] Meshing curve 651 (Line)
Info    : [ 50%] Meshing curve 652 (Line)
Info    : [ 50%] Meshing curve 653 (Line)
Info    : [ 50%] Meshing curve 654 (Line)
Info    : [ 50%] Meshing curve 655 (Line)
Info    : [ 50%] Meshing curve 656 (Circle)
Info    : [ 50%] Meshing curve 657 (Circle)
Info    : [ 50%] Meshing curve 658 (Circle)
Info    : [ 50%] Meshing curve 659 (Circle)
Info    : [ 50%] Meshing curve 660 (Circle)
Info    : [ 50%] Meshing curve 661 (Circle)
Info    : [ 50%] Meshing curve 662 (TrimmedCurve)
Info    : [ 50%] Meshing curve 663 (Line)
Info    : [ 50%] Meshing curve 664 (Line)
Info    : [ 50%] Meshing curve 665 (Circle)
Info    : [ 50%] Meshing curve 666 (Line)
Info    : [ 50%] Meshing curve 667 (Line)
Info    : [ 50%] Meshing curve 668 (Line)
Info    : [ 50%] Meshing curve 669 (TrimmedCurve)
Info    : [ 50%] Meshing curve 670 (Line)
Info    : [ 50%] Meshing curve 671 (TrimmedCurve)
Info    : [ 50%] Meshing curve 672 (Line)
Info    : [ 50%] Meshing curve 673 (Line)
Info    : [ 60%] Meshing curve 674 (Line)
Info    : [ 60%] Meshing curve 675 (Line)
Info    : [ 60%] Meshing curve 676 (Line)
Info    : [ 60%] Meshing curve 677 (Line)
Info    : [ 60%] Meshing curve 678 (Line)
Info    : [ 60%] Meshing curve 679 (Line)
Info    : [ 60%] Meshing curve 680 (Line)
Info    : [ 60%] Meshing curve 681 (Line)
Info    : [ 60%] Meshing curve 682 (Line)
Info    : [ 60%] Meshing curve 683 (Circle)
Info    : [ 60%] Meshing curve 684 (Line)
Info    : [ 60%] Meshing curve 685 (Circle)
Info    : [ 60%] Meshing curve 686 (Line)
Info    : [ 60%] Meshing curve 687 (Circle)
Info    : [ 60%] Meshing curve 688 (Line)
Info    : [ 60%] Meshing curve 689 (Circle)
Info    : [ 60%] Meshing curve 690 (Line)
Info    : [ 60%] Meshing curve 691 (Circle)
Info    : [ 60%] Meshing curve 692 (Line)
Info    : [ 60%] Meshing curve 693 (Circle)
Info    : [ 60%] Meshing curve 694 (Circle)
Info    : [ 60%] Meshing curve 695 (Circle)
Info    : [ 60%] Meshing curve 696 (Circle)
Info    : [ 60%] Meshing curve 697 (Circle)
Info    : [ 60%] Meshing curve 698 (Circle)
Info    : [ 60%] Meshing curve 699 (Circle)
Info    : [ 60%] Meshing curve 700 (Line)
Info    : [ 60%] Meshing curve 701 (Line)
Info    : [ 60%] Meshing curve 702 (Line)
Info    : [ 60%] Meshing curve 703 (Line)
Info    : [ 70%] Meshing curve 704 (Circle)
Info    : [ 70%] Meshing curve 705 (Line)
Info    : [ 70%] Meshing curve 706 (Line)
Info    : [ 70%] Meshing curve 707 (Line)
Info    : [ 70%] Meshing curve 708 (Circle)
Info    : [ 70%] Meshing curve 709 (Circle)
Info    : [ 70%] Meshing curve 710 (Circle)
Info    : [ 70%] Meshing curve 711 (Circle)
Info    : [ 70%] Meshing curve 712 (Circle)
Info    : [ 70%] Meshing curve 713 (Circle)
Info    : [ 70%] Meshing curve 714 (Circle)
Info    : [ 70%] Meshing curve 715 (Circle)
Info    : [ 70%] Meshing curve 716 (Circle)
Info    : [ 70%] Meshing curve 717 (Circle)
Info    : [ 70%] Meshing curve 718 (Circle)
Info    : [ 70%] Meshing curve 719 (Circle)
Info    : [ 70%] Meshing curve 720 (Line)
Info    : [ 70%] Meshing curve 721 (Line)
Info    : [ 70%] Meshing curve 722 (Line)
Info    : [ 70%] Meshing curve 723 (Line)
Info    : [ 70%] Meshing curve 724 (Line)
Info    : [ 70%] Meshing curve 725 (Line)
Info    : [ 70%] Meshing curve 726 (Line)
Info    : [ 70%] Meshing curve 727 (Line)
Info    : [ 70%] Meshing curve 728 (Line)
Info    : [ 70%] Meshing curve 729 (Circle)
Info    : [ 70%] Meshing curve 730 (Line)
Info    : [ 70%] Meshing curve 731 (Line)
Info    : [ 70%] Meshing curve 732 (Line)
Info    : [ 70%] Meshing curve 733 (Line)
Info    : [ 80%] Meshing curve 734 (Line)
Info    : [ 80%] Meshing curve 735 (Line)
Info    : [ 80%] Meshing curve 736 (Line)
Info    : [ 80%] Meshing curve 737 (Circle)
Info    : [ 80%] Meshing curve 738 (Line)
Info    : [ 80%] Meshing curve 739 (Circle)
Info    : [ 80%] Meshing curve 740 (Line)
Info    : [ 80%] Meshing curve 741 (Circle)
Info    : [ 80%] Meshing curve 742 (Line)
Info    : [ 80%] Meshing curve 743 (Circle)
Info    : [ 80%] Meshing curve 744 (Line)
Info    : [ 80%] Meshing curve 745 (Circle)
Info    : [ 80%] Meshing curve 746 (Line)
Info    : [ 80%] Meshing curve 747 (Circle)
Info    : [ 80%] Meshing curve 748 (Line)
Info    : [ 80%] Meshing curve 749 (Line)
Info    : [ 80%] Meshing curve 750 (Circle)
Info    : [ 80%] Meshing curve 751 (Line)
Info    : [ 80%] Meshing curve 752 (Circle)
Info    : [ 80%] Meshing curve 753 (Circle)
Info    : [ 80%] Meshing curve 754 (Circle)
Info    : [ 80%] Meshing curve 755 (Circle)
Info    : [ 80%] Meshing curve 756 (Circle)
Info    : [ 80%] Meshing curve 757 (Circle)
Info    : [ 80%] Meshing curve 758 (Circle)
Info    : [ 80%] Meshing curve 759 (Circle)
Info    : [ 80%] Meshing curve 760 (Circle)
Info    : [ 80%] Meshing curve 761 (Circle)
Info    : [ 80%] Meshing curve 762 (Circle)
Info    : [ 80%] Meshing curve 763 (Circle)
Info    : [ 90%] Meshing curve 764 (Line)
Info    : [ 90%] Meshing curve 765 (Line)
Info    : [ 90%] Meshing curve 766 (Line)
Info    : [ 90%] Meshing curve 767 (Line)
Info    : [ 90%] Meshing curve 768 (Line)
Info    : [ 90%] Meshing curve 769 (Circle)
Info    : [ 90%] Meshing curve 770 (Line)
Info    : [ 90%] Meshing curve 771 (Line)
Info    : [ 90%] Meshing curve 772 (Line)
Info    : [ 90%] Meshing curve 773 (Circle)
Info    : [ 90%] Meshing curve 774 (Line)
Info    : [ 90%] Meshing curve 775 (Circle)
Info    : [ 90%] Meshing curve 776 (Line)
Info    : [ 90%] Meshing curve 777 (Circle)
Info    : [ 90%] Meshing curve 778 (Line)
Info    : [ 90%] Meshing curve 779 (Circle)
Info    : [ 90%] Meshing curve 780 (Line)
Info    : [ 90%] Meshing curve 781 (Circle)
Info    : [ 90%] Meshing curve 782 (Line)
Info    : [ 90%] Meshing curve 783 (Circle)
Info    : [ 90%] Meshing curve 784 (Line)
Info    : [ 90%] Meshing curve 785 (Line)
Info    : [ 90%] Meshing curve 786 (Line)
Info    : [ 90%] Meshing curve 787 (Line)
Info    : [ 90%] Meshing curve 788 (Line)
Info    : [ 90%] Meshing curve 789 (Line)
Info    : [ 90%] Meshing curve 790 (Line)
Info    : [ 90%] Meshing curve 791 (Line)
Info    : [ 90%] Meshing curve 792 (Line)
Info    : [ 90%] Meshing curve 793 (Line)
Info    : [100%] Meshing curve 794 (Line)
Info    : [100%] Meshing curve 795 (Line)
Info    : [100%] Meshing curve 796 (Line)
Info    : [100%] Meshing curve 797 (Line)
Info    : [100%] Meshing curve 798 (Line)
Info    : [100%] Meshing curve 799 (Line)
Info    : [100%] Meshing curve 800 (Line)
Info    : [100%] Meshing curve 801 (Line)
Info    : [100%] Meshing curve 802 (Line)
Info    : [100%] Meshing curve 803 (Line)
Info    : [100%] Meshing curve 804 (Line)
Info    : [100%] Meshing curve 805 (Line)
Info    : [100%] Meshing curve 806 (Line)
Info    : [100%] Meshing curve 807 (Line)
Info    : [100%] Meshing curve 808 (Line)
Info    : [100%] Meshing curve 809 (Line)
Info    : [100%] Meshing curve 810 (Line)
Info    : [100%] Meshing curve 811 (Line)
Info    : [100%] Meshing curve 812 (Line)
Info    : [100%] Meshing curve 813 (Line)
Info    : [100%] Meshing curve 814 (Line)
Info    : [100%] Meshing curve 815 (Line)
Info    : [100%] Meshing curve 816 (Line)
Info    : [100%] Meshing curve 817 (Line)
Info    : [100%] Meshing curve 818 (Line)
Info    : [100%] Meshing curve 819 (Line)
Info    : [100%] Meshing curve 820 (Line)
Info    : [100%] Meshing curve 821 (Line)
Info    : [100%] Meshing curve 822 (Line)
Info    : [100%] Meshing curve 823 (Line)
Info    : Done meshing 1D (Wall 0.0700601s, CPU 0.067918s)
Info    : Meshing 2D...
Info    : [  0%] Meshing surface 309 (Plane, Frontal-Delaunay)
Info    : [ 10%] Meshing surface 310 (Plane, Frontal-Delaunay)
Info    : [ 10%] Meshing surface 311 (Plane, Frontal-Delaunay)
Info    : [ 10%] Meshing surface 312 (Plane, Frontal-Delaunay)
Info    : [ 10%] Meshing surface 313 (Plane, Frontal-Delaunay)
Info    : [ 10%] Meshing surface 314 (Plane, Frontal-Delaunay)
Info    : [ 10%] Meshing surface 315 (Plane, Frontal-Delaunay)
Info    : [ 10%] Meshing surface 316 (Plane, Frontal-Delaunay)
Info    : [ 10%] Meshing surface 317 (Plane, Frontal-Delaunay)
Info    : [ 10%] Meshing surface 318 (Plane, Frontal-Delaunay)
Info    : [ 10%] Meshing surface 319 (Plane, Frontal-Delaunay)
Info    : [ 10%] Meshing surface 320 (Plane, Frontal-Delaunay)
Info    : [ 10%] Meshing surface 321 (Plane, Frontal-Delaunay)
Info    : [ 10%] Meshing surface 322 (Plane, Frontal-Delaunay)
Info    : [ 10%] Meshing surface 323 (Plane, Frontal-Delaunay)
Info    : [ 20%] Meshing surface 324 (Plane, Frontal-Delaunay)
Info    : [ 20%] Meshing surface 325 (Plane, Frontal-Delaunay)
Info    : [ 20%] Meshing surface 326 (Plane, Frontal-Delaunay)
Info    : [ 20%] Meshing surface 327 (Plane, Frontal-Delaunay)
Info    : [ 20%] Meshing surface 328 (Plane, Frontal-Delaunay)
Info    : [ 20%] Meshing surface 329 (Plane, Frontal-Delaunay)
Info    : [ 20%] Meshing surface 330 (Plane, Frontal-Delaunay)
Info    : [ 20%] Meshing surface 331 (Plane, Frontal-Delaunay)
Info    : [ 20%] Meshing surface 332 (Plane, Frontal-Delaunay)
Info    : [ 20%] Meshing surface 333 (Plane, Frontal-Delaunay)
Info    : [ 20%] Meshing surface 334 (Plane, Frontal-Delaunay)
Info    : [ 20%] Meshing surface 335 (Plane, Frontal-Delaunay)
Info    : [ 20%] Meshing surface 336 (Cylinder, Frontal-Delaunay)
Info    : [ 20%] Meshing surface 337 (Plane, Frontal-Delaunay)
Info    : [ 20%] Meshing surface 338 (Plane, Frontal-Delaunay)
Info    : [ 30%] Meshing surface 339 (Cylinder, Frontal-Delaunay)
Info    : [ 30%] Meshing surface 340 (Cylinder, Frontal-Delaunay)
Info    : [ 30%] Meshing surface 341 (Plane, Frontal-Delaunay)
Info    : [ 30%] Meshing surface 342 (Unknown, Frontal-Delaunay)
Info    : [ 30%] Meshing surface 343 (Plane, Frontal-Delaunay)
Info    : [ 30%] Meshing surface 344 (Cylinder, Frontal-Delaunay)
Info    : [ 30%] Meshing surface 345 (Plane, Frontal-Delaunay)
Info    : [ 30%] Meshing surface 346 (Plane, Frontal-Delaunay)
Info    : [ 30%] Meshing surface 347 (Cylinder, Frontal-Delaunay)
Info    : [ 30%] Meshing surface 348 (Plane, Frontal-Delaunay)
Info    : [ 30%] Meshing surface 349 (Plane, Frontal-Delaunay)
Info    : [ 30%] Meshing surface 350 (Cylinder, Frontal-Delaunay)
Info    : [ 30%] Meshing surface 351 (Plane, Frontal-Delaunay)
Info    : [ 30%] Meshing surface 352 (Plane, Frontal-Delaunay)
Info    : [ 40%] Meshing surface 353 (Plane, Frontal-Delaunay)
Info    : [ 40%] Meshing surface 354 (Cylinder, Frontal-Delaunay)
Info    : [ 40%] Meshing surface 355 (Cylinder, Frontal-Delaunay)
Info    : [ 40%] Meshing surface 356 (Cylinder, Frontal-Delaunay)
Info    : [ 40%] Meshing surface 357 (Cylinder, Frontal-Delaunay)
Info    : [ 40%] Meshing surface 358 (Cylinder, Frontal-Delaunay)
Info    : [ 40%] Meshing surface 359 (Cylinder, Frontal-Delaunay)
Info    : [ 40%] Meshing surface 360 (Plane, Frontal-Delaunay)
Info    : [ 40%] Meshing surface 361 (Plane, Frontal-Delaunay)
Info    : [ 40%] Meshing surface 362 (Cylinder, Frontal-Delaunay)
Info    : [ 40%] Meshing surface 363 (Plane, Frontal-Delaunay)
Info    : [ 40%] Meshing surface 364 (Plane, Frontal-Delaunay)
Info    : [ 40%] Meshing surface 365 (Unknown, Frontal-Delaunay)
Info    : [ 40%] Meshing surface 366 (Plane, Frontal-Delaunay)
Info    : [ 40%] Meshing surface 367 (Plane, Frontal-Delaunay)
Info    : [ 50%] Meshing surface 368 (Plane, Frontal-Delaunay)
Info    : [ 50%] Meshing surface 369 (Plane, Frontal-Delaunay)
Info    : [ 50%] Meshing surface 370 (Plane, Frontal-Delaunay)
Info    : [ 50%] Meshing surface 371 (Cylinder, Frontal-Delaunay)
Info    : [ 50%] Meshing surface 372 (Cylinder, Frontal-Delaunay)
Info    : [ 50%] Meshing surface 373 (Cylinder, Frontal-Delaunay)
Info    : [ 50%] Meshing surface 374 (Cylinder, Frontal-Delaunay)
Info    : [ 50%] Meshing surface 375 (Cylinder, Frontal-Delaunay)
Info    : [ 50%] Meshing surface 376 (Cylinder, Frontal-Delaunay)
Info    : [ 50%] Meshing surface 377 (Plane, Frontal-Delaunay)
Info    : [ 50%] Meshing surface 378 (Plane, Frontal-Delaunay)
Info    : [ 50%] Meshing surface 379 (Plane, Frontal-Delaunay)
Info    : [ 50%] Meshing surface 380 (Plane, Frontal-Delaunay)
Info    : [ 50%] Meshing surface 381 (Plane, Frontal-Delaunay)
Info    : [ 60%] Meshing surface 382 (Plane, Frontal-Delaunay)
Info    : [ 60%] Meshing surface 383 (Plane, Frontal-Delaunay)
Info    : [ 60%] Meshing surface 384 (Plane, Frontal-Delaunay)
Info    : [ 60%] Meshing surface 385 (Plane, Frontal-Delaunay)
Info    : [ 60%] Meshing surface 386 (Plane, Frontal-Delaunay)
Info    : [ 60%] Meshing surface 387 (Plane, Frontal-Delaunay)
Info    : [ 60%] Meshing surface 388 (Plane, Frontal-Delaunay)
Info    : [ 60%] Meshing surface 389 (Plane, Frontal-Delaunay)
Info    : [ 60%] Meshing surface 390 (Plane, Frontal-Delaunay)
Info    : [ 60%] Meshing surface 391 (Plane, Frontal-Delaunay)
Info    : [ 60%] Meshing surface 392 (Plane, Frontal-Delaunay)
Info    : [ 60%] Meshing surface 393 (Plane, Frontal-Delaunay)
Info    : [ 60%] Meshing surface 394 (Plane, Frontal-Delaunay)
Info    : [ 60%] Meshing surface 395 (Cylinder, Frontal-Delaunay)
Info    : [ 60%] Meshing surface 396 (Plane, Frontal-Delaunay)
Info    : [ 70%] Meshing surface 397 (Plane, Frontal-Delaunay)
Info    : [ 70%] Meshing surface 398 (Plane, Frontal-Delaunay)
Info    : [ 70%] Meshing surface 399 (Cylinder, Frontal-Delaunay)
Info    : [ 70%] Meshing surface 400 (Cylinder, Frontal-Delaunay)
Info    : [ 70%] Meshing surface 401 (Cylinder, Frontal-Delaunay)
Info    : [ 70%] Meshing surface 402 (Cylinder, Frontal-Delaunay)
Info    : [ 70%] Meshing surface 403 (Cylinder, Frontal-Delaunay)
Info    : [ 70%] Meshing surface 404 (Cylinder, Frontal-Delaunay)
Info    : [ 70%] Meshing surface 405 (Plane, Frontal-Delaunay)
Info    : [ 70%] Meshing surface 406 (Plane, Frontal-Delaunay)
Info    : [ 70%] Meshing surface 407 (Plane, Frontal-Delaunay)
Info    : [ 70%] Meshing surface 408 (Plane, Frontal-Delaunay)
Info    : [ 70%] Meshing surface 409 (Plane, Frontal-Delaunay)
Info    : [ 70%] Meshing surface 410 (Plane, Frontal-Delaunay)
Info    : [ 70%] Meshing surface 411 (Plane, Frontal-Delaunay)
Info    : [ 80%] Meshing surface 412 (Plane, Frontal-Delaunay)
Info    : [ 80%] Meshing surface 413 (Plane, Frontal-Delaunay)
Info    : [ 80%] Meshing surface 414 (Plane, Frontal-Delaunay)
Info    : [ 80%] Meshing surface 415 (Cylinder, Frontal-Delaunay)
Info    : [ 80%] Meshing surface 416 (Plane, Frontal-Delaunay)
Info    : [ 80%] Meshing surface 417 (Cylinder, Frontal-Delaunay)
Info    : [ 80%] Meshing surface 418 (Cylinder, Frontal-Delaunay)
Info    : [ 80%] Meshing surface 419 (Cylinder, Frontal-Delaunay)
Info    : [ 80%] Meshing surface 420 (Cylinder, Frontal-Delaunay)
Info    : [ 80%] Meshing surface 421 (Cylinder, Frontal-Delaunay)
Info    : [ 80%] Meshing surface 422 (Cylinder, Frontal-Delaunay)
Info    : [ 80%] Meshing surface 423 (Plane, Frontal-Delaunay)
Info    : [ 80%] Meshing surface 424 (Plane, Frontal-Delaunay)
Info    : [ 80%] Meshing surface 425 (Plane, Frontal-Delaunay)
Info    : [ 90%] Meshing surface 426 (Plane, Frontal-Delaunay)
Info    : [ 90%] Meshing surface 427 (Plane, Frontal-Delaunay)
Info    : [ 90%] Meshing surface 428 (Plane, Frontal-Delaunay)
Info    : [ 90%] Meshing surface 429 (Plane, Frontal-Delaunay)
Info    : [ 90%] Meshing surface 430 (Plane, Frontal-Delaunay)
Info    : [ 90%] Meshing surface 431 (Cylinder, Frontal-Delaunay)
Info    : [ 90%] Meshing surface 432 (Cylinder, Frontal-Delaunay)
Info    : [ 90%] Meshing surface 433 (Cylinder, Frontal-Delaunay)
Info    : [ 90%] Meshing surface 434 (Cylinder, Frontal-Delaunay)
Info    : [ 90%] Meshing surface 435 (Cylinder, Frontal-Delaunay)
Info    : [ 90%] Meshing surface 436 (Cylinder, Frontal-Delaunay)
Info    : [ 90%] Meshing surface 437 (Cylinder, Frontal-Delaunay)
Info    : [ 90%] Meshing surface 438 (Cylinder, Frontal-Delaunay)
Info    : [ 90%] Meshing surface 439 (Cylinder, Frontal-Delaunay)
Info    : [ 90%] Meshing surface 440 (Cylinder, Frontal-Delaunay)
Info    : [100%] Meshing surface 441 (Cylinder, Frontal-Delaunay)
Info    : [100%] Meshing surface 442 (Cylinder, Frontal-Delaunay)
Info    : [100%] Meshing surface 443 (Cylinder, Frontal-Delaunay)
Info    : [100%] Meshing surface 444 (Cylinder, Frontal-Delaunay)
Info    : [100%] Meshing surface 445 (Cylinder, Frontal-Delaunay)
Info    : [100%] Meshing surface 446 (Cylinder, Frontal-Delaunay)
Info    : [100%] Meshing surface 447 (Cylinder, Frontal-Delaunay)
Info    : [100%] Meshing surface 448 (Cylinder, Frontal-Delaunay)
Info    : [100%] Meshing surface 449 (Cylinder, Frontal-Delaunay)
Info    : [100%] Meshing surface 450 (Cylinder, Frontal-Delaunay)
Info    : [100%] Meshing surface 451 (Cylinder, Frontal-Delaunay)
Info    : [100%] Meshing surface 452 (Cylinder, Frontal-Delaunay)
Info    : [100%] Meshing surface 453 (Cylinder, Frontal-Delaunay)
Info    : [100%] Meshing surface 454 (Cylinder, Frontal-Delaunay)
Info    : Done meshing 2D (Wall 2.65583s, CPU 2.61152s)
Info    : Meshing 3D...
Info    : 3D Meshing 19 volumes with 1 connected component
Info    : Tetrahedrizing 106539 nodes...
Info    : Done tetrahedrizing 106547 nodes (Wall 1.42986s, CPU 1.39956s)
Info    : Reconstructing mesh...
Info    :  - Creating surface mesh
Info    :  - Identifying boundary edges
Info    :  - Recovering boundary
Info    :  - Added 18 Steiner points
Info    : Done reconstructing mesh (Wall 4.31805s, CPU 3.49852s)
Info    : Found volume 10182
Info    : Found volume 10219
Info    : Found volume 10220
Info    : Found volume 1
Info    : Found volume 2
Info    : Found volume 10195
Info    : Found volume 10205
Info    : Found volume 10203
Info    : Found volume 3
Info    : Found volume 10217
Info    : Found volume 10207
Info    : Found volume 10209
Info    : Found volume 10201
Info    : Found volume 10197
Info    : Found volume 10213
Info    : Found volume 10199
Info    : Found volume 10215
Info    : Found volume 10211
Info    : Found volume 4
Info    : It. 0 - 0 nodes created - worst tet radius 13.2492 (nodes removed 0 0)
Info    : It. 500 - 500 nodes created - worst tet radius 5.55361 (nodes removed 0 0)
Info    : It. 1000 - 1000 nodes created - worst tet radius 4.36036 (nodes removed 0 0)
Info    : It. 1500 - 1458 nodes created - worst tet radius 3.86954 (nodes removed 0 42)
Info    : It. 2000 - 1892 nodes created - worst tet radius 3.51415 (nodes removed 0 108)
Info    : It. 2500 - 2392 nodes created - worst tet radius 3.2628 (nodes removed 0 108)
Info    : It. 3000 - 2892 nodes created - worst tet radius 3.06198 (nodes removed 0 108)
Info    : It. 3500 - 3392 nodes created - worst tet radius 2.90159 (nodes removed 0 108)
Info    : It. 4000 - 3892 nodes created - worst tet radius 2.78226 (nodes removed 0 108)
Info    : It. 4500 - 4392 nodes created - worst tet radius 2.66544 (nodes removed 0 108)
Info    : It. 5000 - 4892 nodes created - worst tet radius 2.57066 (nodes removed 0 108)
Info    : It. 5500 - 5392 nodes created - worst tet radius 2.49096 (nodes removed 0 108)
Info    : It. 6000 - 5892 nodes created - worst tet radius 2.42854 (nodes removed 0 108)
Info    : It. 6500 - 6392 nodes created - worst tet radius 2.36253 (nodes removed 0 108)
Info    : It. 7000 - 6892 nodes created - worst tet radius 2.3031 (nodes removed 0 108)
Info    : It. 7500 - 7392 nodes created - worst tet radius 2.25106 (nodes removed 0 108)
Info    : It. 8000 - 7892 nodes created - worst tet radius 2.20672 (nodes removed 0 108)
Info    : It. 8500 - 8392 nodes created - worst tet radius 2.16002 (nodes removed 0 108)
Info    : It. 9000 - 8892 nodes created - worst tet radius 2.11792 (nodes removed 0 108)
Info    : It. 9500 - 9392 nodes created - worst tet radius 2.08406 (nodes removed 0 108)
Info    : It. 10000 - 9892 nodes created - worst tet radius 2.05065 (nodes removed 0 108)
Info    : It. 10500 - 10392 nodes created - worst tet radius 2.02332 (nodes removed 0 108)
Info    : It. 11000 - 10892 nodes created - worst tet radius 1.99933 (nodes removed 0 108)
Info    : It. 11500 - 11392 nodes created - worst tet radius 1.97209 (nodes removed 0 108)
Info    : It. 12000 - 11892 nodes created - worst tet radius 1.94754 (nodes removed 0 108)
Info    : It. 12500 - 12392 nodes created - worst tet radius 1.92072 (nodes removed 0 108)
Info    : It. 13000 - 12892 nodes created - worst tet radius 1.8951 (nodes removed 0 108)
Info    : It. 13500 - 13392 nodes created - worst tet radius 1.87143 (nodes removed 0 108)
Info    : It. 14000 - 13892 nodes created - worst tet radius 1.84861 (nodes removed 0 108)
Info    : It. 14500 - 14392 nodes created - worst tet radius 1.82863 (nodes removed 0 108)
Info    : It. 15000 - 14892 nodes created - worst tet radius 1.83815 (nodes removed 0 108)
Info    : It. 15500 - 15392 nodes created - worst tet radius 1.79338 (nodes removed 0 108)
Info    : It. 16000 - 15892 nodes created - worst tet radius 1.77555 (nodes removed 0 108)
Info    : It. 16500 - 16392 nodes created - worst tet radius 1.76168 (nodes removed 0 108)
Info    : It. 17000 - 16892 nodes created - worst tet radius 1.7509 (nodes removed 0 108)
Info    : It. 17500 - 17392 nodes created - worst tet radius 1.73571 (nodes removed 0 108)
Info    : It. 18000 - 17892 nodes created - worst tet radius 1.72084 (nodes removed 0 108)
Info    : It. 18500 - 18392 nodes created - worst tet radius 1.70452 (nodes removed 0 108)
Info    : It. 19000 - 18892 nodes created - worst tet radius 1.6891 (nodes removed 0 108)
Info    : It. 19500 - 19392 nodes created - worst tet radius 1.67621 (nodes removed 0 108)
Info    : It. 20000 - 19892 nodes created - worst tet radius 1.6631 (nodes removed 0 108)
Info    : It. 20500 - 20392 nodes created - worst tet radius 1.65039 (nodes removed 0 108)
Info    : It. 21000 - 20892 nodes created - worst tet radius 1.63824 (nodes removed 0 108)
Info    : It. 21500 - 21392 nodes created - worst tet radius 1.68051 (nodes removed 0 108)
Info    : It. 22000 - 21892 nodes created - worst tet radius 1.61604 (nodes removed 0 108)
Info    : It. 22500 - 22380 nodes created - worst tet radius 2.71258 (nodes removed 0 120)
Info    : It. 23000 - 22846 nodes created - worst tet radius 1.60728 (nodes removed 0 154)
Info    : It. 23500 - 23316 nodes created - worst tet radius 1.60728 (nodes removed 0 184)
Info    : It. 24000 - 23806 nodes created - worst tet radius 1.60728 (nodes removed 0 194)
Info    : It. 24500 - 24297 nodes created - worst tet radius 1.60728 (nodes removed 0 203)
Info    : It. 25000 - 24792 nodes created - worst tet radius 1.60611 (nodes removed 0 208)
Info    : It. 25500 - 25292 nodes created - worst tet radius 1.59684 (nodes removed 0 208)
Info    : It. 26000 - 25792 nodes created - worst tet radius 1.59262 (nodes removed 0 208)
Info    : It. 26500 - 26292 nodes created - worst tet radius 1.58278 (nodes removed 0 208)
Info    : It. 27000 - 26792 nodes created - worst tet radius 1.57394 (nodes removed 0 208)
Info    : It. 27500 - 27292 nodes created - worst tet radius 1.56483 (nodes removed 0 208)
Info    : It. 28000 - 27792 nodes created - worst tet radius 1.5564 (nodes removed 0 208)
Info    : It. 28500 - 28292 nodes created - worst tet radius 1.54748 (nodes removed 0 208)
Info    : It. 29000 - 28792 nodes created - worst tet radius 1.5384 (nodes removed 0 208)
Info    : It. 29500 - 29291 nodes created - worst tet radius 1.52984 (nodes removed 0 209)
Info    : It. 30000 - 29791 nodes created - worst tet radius 1.52231 (nodes removed 0 209)
Info    : It. 30500 - 30291 nodes created - worst tet radius 1.51314 (nodes removed 0 209)
Info    : It. 31000 - 30788 nodes created - worst tet radius 1.50392 (nodes removed 0 212)
Info    : It. 31500 - 31288 nodes created - worst tet radius 1.4966 (nodes removed 0 212)
Info    : It. 32000 - 31788 nodes created - worst tet radius 1.48788 (nodes removed 0 212)
Info    : It. 32500 - 32288 nodes created - worst tet radius 1.47988 (nodes removed 0 212)
Info    : It. 33000 - 32788 nodes created - worst tet radius 1.47226 (nodes removed 0 212)
Info    : It. 33500 - 33288 nodes created - worst tet radius 1.4653 (nodes removed 0 212)
Info    : It. 34000 - 33788 nodes created - worst tet radius 1.45842 (nodes removed 0 212)
Info    : It. 34500 - 34288 nodes created - worst tet radius 1.45221 (nodes removed 0 212)
Info    : It. 35000 - 34788 nodes created - worst tet radius 1.4455 (nodes removed 0 212)
Info    : It. 35500 - 35288 nodes created - worst tet radius 1.43934 (nodes removed 0 212)
Info    : It. 36000 - 35788 nodes created - worst tet radius 1.43295 (nodes removed 0 212)
Info    : It. 36500 - 36288 nodes created - worst tet radius 1.46442 (nodes removed 0 212)
Info    : It. 37000 - 36788 nodes created - worst tet radius 1.41919 (nodes removed 0 212)
Info    : It. 37500 - 37288 nodes created - worst tet radius 1.41381 (nodes removed 0 212)
Info    : It. 38000 - 37787 nodes created - worst tet radius 1.40741 (nodes removed 0 213)
Info    : It. 38500 - 38287 nodes created - worst tet radius 1.40299 (nodes removed 0 213)
Info    : It. 39000 - 38787 nodes created - worst tet radius 1.39656 (nodes removed 0 213)
Info    : It. 39500 - 39287 nodes created - worst tet radius 1.39056 (nodes removed 0 213)
Info    : It. 40000 - 39787 nodes created - worst tet radius 1.38488 (nodes removed 0 213)
Info    : It. 40500 - 40287 nodes created - worst tet radius 1.38019 (nodes removed 0 213)
Info    : It. 41000 - 40787 nodes created - worst tet radius 1.37423 (nodes removed 0 213)
Info    : It. 41500 - 41287 nodes created - worst tet radius 1.36867 (nodes removed 0 213)
Info    : It. 42000 - 41787 nodes created - worst tet radius 1.36386 (nodes removed 0 213)
Info    : It. 42500 - 42287 nodes created - worst tet radius 1.35886 (nodes removed 0 213)
Info    : It. 43000 - 42787 nodes created - worst tet radius 1.35393 (nodes removed 0 213)
Info    : It. 43500 - 43287 nodes created - worst tet radius 1.34871 (nodes removed 0 213)
Info    : It. 44000 - 43787 nodes created - worst tet radius 1.34311 (nodes removed 0 213)
Info    : It. 44500 - 44287 nodes created - worst tet radius 1.3378 (nodes removed 0 213)
Info    : It. 45000 - 44787 nodes created - worst tet radius 1.33463 (nodes removed 0 213)
Info    : It. 45500 - 45287 nodes created - worst tet radius 1.33013 (nodes removed 0 213)
Info    : It. 46000 - 45787 nodes created - worst tet radius 1.32551 (nodes removed 0 213)
Info    : It. 46500 - 46287 nodes created - worst tet radius 1.3206 (nodes removed 0 213)
Info    : It. 47000 - 46787 nodes created - worst tet radius 1.31591 (nodes removed 0 213)
Info    : It. 47500 - 47287 nodes created - worst tet radius 1.31208 (nodes removed 0 213)
Info    : It. 48000 - 47787 nodes created - worst tet radius 1.30797 (nodes removed 0 213)
Info    : It. 48500 - 48287 nodes created - worst tet radius 1.30355 (nodes removed 0 213)
Info    : It. 49000 - 48787 nodes created - worst tet radius 1.29884 (nodes removed 0 213)
Info    : It. 49500 - 49287 nodes created - worst tet radius 1.29445 (nodes removed 0 213)
Info    : It. 50000 - 49787 nodes created - worst tet radius 1.29008 (nodes removed 0 213)
Info    : It. 50500 - 50287 nodes created - worst tet radius 1.28565 (nodes removed 0 213)
Info    : It. 51000 - 50787 nodes created - worst tet radius 1.28132 (nodes removed 0 213)
Info    : It. 51500 - 51287 nodes created - worst tet radius 1.27706 (nodes removed 0 213)
Info    : It. 52000 - 51787 nodes created - worst tet radius 1.27268 (nodes removed 0 213)
Info    : It. 52500 - 52287 nodes created - worst tet radius 1.26878 (nodes removed 0 213)
Info    : It. 53000 - 52787 nodes created - worst tet radius 1.26478 (nodes removed 0 213)
Info    : It. 53500 - 53287 nodes created - worst tet radius 1.26079 (nodes removed 0 213)
Info    : It. 54000 - 53787 nodes created - worst tet radius 1.25696 (nodes removed 0 213)
Info    : It. 54500 - 54287 nodes created - worst tet radius 1.25285 (nodes removed 0 213)
Info    : It. 55000 - 54787 nodes created - worst tet radius 1.24912 (nodes removed 0 213)
Info    : It. 55500 - 55287 nodes created - worst tet radius 1.24533 (nodes removed 0 213)
Info    : It. 56000 - 55787 nodes created - worst tet radius 1.24179 (nodes removed 0 213)
Info    : It. 56500 - 56287 nodes created - worst tet radius 1.24008 (nodes removed 0 213)
Info    : It. 57000 - 56787 nodes created - worst tet radius 1.23644 (nodes removed 0 213)
Info    : It. 57500 - 57287 nodes created - worst tet radius 1.23311 (nodes removed 0 213)
Info    : It. 58000 - 57787 nodes created - worst tet radius 1.2296 (nodes removed 0 213)
Info    : It. 58500 - 58287 nodes created - worst tet radius 1.22716 (nodes removed 0 213)
Info    : It. 59000 - 58787 nodes created - worst tet radius 1.22375 (nodes removed 0 213)
Info    : It. 59500 - 59287 nodes created - worst tet radius 1.22074 (nodes removed 0 213)
Info    : It. 60000 - 59787 nodes created - worst tet radius 1.21741 (nodes removed 0 213)
Info    : It. 60500 - 60287 nodes created - worst tet radius 1.21407 (nodes removed 0 213)
Info    : It. 61000 - 60787 nodes created - worst tet radius 1.21096 (nodes removed 0 213)
Info    : It. 61500 - 61287 nodes created - worst tet radius 1.20776 (nodes removed 0 213)
Info    : It. 62000 - 61787 nodes created - worst tet radius 1.20456 (nodes removed 0 213)
Info    : It. 62500 - 62287 nodes created - worst tet radius 1.20145 (nodes removed 0 213)
Info    : It. 63000 - 62787 nodes created - worst tet radius 1.19867 (nodes removed 0 213)
Info    : It. 63500 - 63287 nodes created - worst tet radius 1.19563 (nodes removed 0 213)
Info    : It. 64000 - 63787 nodes created - worst tet radius 1.19347 (nodes removed 0 213)
Info    : It. 64500 - 64287 nodes created - worst tet radius 1.19036 (nodes removed 0 213)
Info    : It. 65000 - 64787 nodes created - worst tet radius 1.18762 (nodes removed 0 213)
Info    : It. 65500 - 65287 nodes created - worst tet radius 1.18466 (nodes removed 0 213)
Info    : It. 66000 - 65787 nodes created - worst tet radius 1.18144 (nodes removed 0 213)
Info    : It. 66500 - 66287 nodes created - worst tet radius 1.17863 (nodes removed 0 213)
Info    : It. 67000 - 66787 nodes created - worst tet radius 1.17567 (nodes removed 0 213)
Info    : It. 67500 - 67287 nodes created - worst tet radius 1.17272 (nodes removed 0 213)
Info    : It. 68000 - 67787 nodes created - worst tet radius 1.17044 (nodes removed 0 213)
Info    : It. 68500 - 68287 nodes created - worst tet radius 1.16751 (nodes removed 0 213)
Info    : It. 69000 - 68787 nodes created - worst tet radius 1.16489 (nodes removed 0 213)
Info    : It. 69500 - 69287 nodes created - worst tet radius 1.16201 (nodes removed 0 213)
Info    : It. 70000 - 69787 nodes created - worst tet radius 1.15937 (nodes removed 0 213)
Info    : It. 70500 - 70287 nodes created - worst tet radius 1.15675 (nodes removed 0 213)
Info    : It. 71000 - 70787 nodes created - worst tet radius 1.1543 (nodes removed 0 213)
Info    : It. 71500 - 71287 nodes created - worst tet radius 1.15181 (nodes removed 0 213)
Info    : It. 72000 - 71787 nodes created - worst tet radius 1.14925 (nodes removed 0 213)
Info    : It. 72500 - 72287 nodes created - worst tet radius 1.14678 (nodes removed 0 213)
Info    : It. 73000 - 72787 nodes created - worst tet radius 1.14429 (nodes removed 0 213)
Info    : It. 73500 - 73287 nodes created - worst tet radius 1.1423 (nodes removed 0 213)
Info    : It. 74000 - 73787 nodes created - worst tet radius 1.13991 (nodes removed 0 213)
Info    : It. 74500 - 74287 nodes created - worst tet radius 1.13758 (nodes removed 0 213)
Info    : It. 75000 - 74787 nodes created - worst tet radius 1.13528 (nodes removed 0 213)
Info    : It. 75500 - 75287 nodes created - worst tet radius 1.13306 (nodes removed 0 213)
Info    : It. 76000 - 75787 nodes created - worst tet radius 1.13106 (nodes removed 0 213)
Info    : It. 76500 - 76283 nodes created - worst tet radius 1.13073 (nodes removed 0 217)
Info    : It. 77000 - 76783 nodes created - worst tet radius 1.12995 (nodes removed 0 217)
Info    : It. 77500 - 77283 nodes created - worst tet radius 1.12787 (nodes removed 0 217)
Info    : It. 78000 - 77783 nodes created - worst tet radius 1.1257 (nodes removed 0 217)
Info    : It. 78500 - 78283 nodes created - worst tet radius 1.12329 (nodes removed 0 217)
Info    : It. 79000 - 78783 nodes created - worst tet radius 1.12132 (nodes removed 0 217)
Info    : It. 79500 - 79283 nodes created - worst tet radius 1.11944 (nodes removed 0 217)
Info    : It. 80000 - 79783 nodes created - worst tet radius 1.12969 (nodes removed 0 217)
Info    : It. 80500 - 80283 nodes created - worst tet radius 1.11541 (nodes removed 0 217)
Info    : It. 81000 - 80783 nodes created - worst tet radius 1.11328 (nodes removed 0 217)
Info    : It. 81500 - 81283 nodes created - worst tet radius 1.11139 (nodes removed 0 217)
Info    : It. 82000 - 81783 nodes created - worst tet radius 1.10953 (nodes removed 0 217)
Info    : It. 82500 - 82283 nodes created - worst tet radius 1.10785 (nodes removed 0 217)
Info    : It. 83000 - 82783 nodes created - worst tet radius 1.10572 (nodes removed 0 217)
Info    : It. 83500 - 83283 nodes created - worst tet radius 1.10376 (nodes removed 0 217)
Info    : It. 84000 - 83783 nodes created - worst tet radius 1.10184 (nodes removed 0 217)
Info    : It. 84500 - 84283 nodes created - worst tet radius 1.0998 (nodes removed 0 217)
Info    : It. 85000 - 84783 nodes created - worst tet radius 1.09783 (nodes removed 0 217)
Info    : It. 85500 - 85283 nodes created - worst tet radius 1.09608 (nodes removed 0 217)
Info    : It. 86000 - 85783 nodes created - worst tet radius 1.09449 (nodes removed 0 217)
Info    : It. 86500 - 86283 nodes created - worst tet radius 1.09273 (nodes removed 0 217)
Info    : It. 87000 - 86783 nodes created - worst tet radius 1.0909 (nodes removed 0 217)
Info    : It. 87500 - 87283 nodes created - worst tet radius 1.08908 (nodes removed 0 217)
Info    : It. 88000 - 87783 nodes created - worst tet radius 1.08754 (nodes removed 0 217)
Info    : It. 88500 - 88283 nodes created - worst tet radius 1.08588 (nodes removed 0 217)
Info    : It. 89000 - 88783 nodes created - worst tet radius 1.08417 (nodes removed 0 217)
Info    : It. 89500 - 89283 nodes created - worst tet radius 1.08233 (nodes removed 0 217)
Info    : It. 90000 - 89783 nodes created - worst tet radius 1.08059 (nodes removed 0 217)
Info    : It. 90500 - 90283 nodes created - worst tet radius 1.07957 (nodes removed 0 217)
Info    : It. 91000 - 90783 nodes created - worst tet radius 1.07792 (nodes removed 0 217)
Info    : It. 91500 - 91283 nodes created - worst tet radius 1.07644 (nodes removed 0 217)
Info    : It. 92000 - 91783 nodes created - worst tet radius 1.07476 (nodes removed 0 217)
Info    : It. 92500 - 92283 nodes created - worst tet radius 1.07292 (nodes removed 0 217)
Info    : It. 93000 - 92783 nodes created - worst tet radius 1.07151 (nodes removed 0 217)
Info    : It. 93500 - 93283 nodes created - worst tet radius 1.06978 (nodes removed 0 217)
Info    : It. 94000 - 93783 nodes created - worst tet radius 1.06811 (nodes removed 0 217)
Info    : It. 94500 - 94283 nodes created - worst tet radius 1.06646 (nodes removed 0 217)
Info    : It. 95000 - 94783 nodes created - worst tet radius 1.06489 (nodes removed 0 217)
Info    : It. 95500 - 95283 nodes created - worst tet radius 1.06308 (nodes removed 0 217)
Info    : It. 96000 - 95783 nodes created - worst tet radius 1.07482 (nodes removed 0 217)
Info    : It. 96500 - 96283 nodes created - worst tet radius 1.05974 (nodes removed 0 217)
Info    : It. 97000 - 96783 nodes created - worst tet radius 1.05823 (nodes removed 0 217)
Info    : It. 97500 - 97283 nodes created - worst tet radius 1.05678 (nodes removed 0 217)
Info    : It. 98000 - 97783 nodes created - worst tet radius 1.05518 (nodes removed 0 217)
Info    : It. 98500 - 98283 nodes created - worst tet radius 1.05363 (nodes removed 0 217)
Info    : It. 99000 - 98783 nodes created - worst tet radius 1.05198 (nodes removed 0 217)
Info    : It. 99500 - 99283 nodes created - worst tet radius 1.0505 (nodes removed 0 217)
Info    : It. 100000 - 99783 nodes created - worst tet radius 1.04907 (nodes removed 0 217)
Info    : It. 100500 - 100283 nodes created - worst tet radius 1.04748 (nodes removed 0 217)
Info    : It. 101000 - 100783 nodes created - worst tet radius 1.04595 (nodes removed 0 217)
Info    : It. 101500 - 101283 nodes created - worst tet radius 1.04435 (nodes removed 0 217)
Info    : It. 102000 - 101783 nodes created - worst tet radius 1.04309 (nodes removed 0 217)
Info    : It. 102500 - 102283 nodes created - worst tet radius 1.04154 (nodes removed 0 217)
Info    : It. 103000 - 102783 nodes created - worst tet radius 1.04001 (nodes removed 0 217)
Info    : It. 103500 - 103283 nodes created - worst tet radius 1.03864 (nodes removed 0 217)
Info    : It. 104000 - 103783 nodes created - worst tet radius 1.0373 (nodes removed 0 217)
Info    : It. 104500 - 104283 nodes created - worst tet radius 1.03606 (nodes removed 0 217)
Info    : It. 105000 - 104783 nodes created - worst tet radius 1.03439 (nodes removed 0 217)
Info    : It. 105500 - 105283 nodes created - worst tet radius 1.03291 (nodes removed 0 217)
Info    : It. 106000 - 105783 nodes created - worst tet radius 1.03135 (nodes removed 0 217)
Info    : It. 106500 - 106283 nodes created - worst tet radius 1.02984 (nodes removed 0 217)
Info    : It. 107000 - 106783 nodes created - worst tet radius 1.02839 (nodes removed 0 217)
Info    : It. 107500 - 107283 nodes created - worst tet radius 1.02687 (nodes removed 0 217)
Info    : It. 108000 - 107783 nodes created - worst tet radius 1.02555 (nodes removed 0 217)
Info    : It. 108500 - 108283 nodes created - worst tet radius 1.02419 (nodes removed 0 217)
Info    : It. 109000 - 108783 nodes created - worst tet radius 1.02271 (nodes removed 0 217)
Info    : It. 109500 - 109283 nodes created - worst tet radius 1.02138 (nodes removed 0 217)
Info    : It. 110000 - 109783 nodes created - worst tet radius 1.02001 (nodes removed 0 217)
Info    : It. 110500 - 110283 nodes created - worst tet radius 1.0186 (nodes removed 0 217)
Info    : It. 111000 - 110783 nodes created - worst tet radius 1.01716 (nodes removed 0 217)
Info    : It. 111500 - 111283 nodes created - worst tet radius 1.01586 (nodes removed 0 217)
Info    : It. 112000 - 111783 nodes created - worst tet radius 1.01454 (nodes removed 0 217)
Info    : It. 112500 - 112283 nodes created - worst tet radius 1.01317 (nodes removed 0 217)
Info    : It. 113000 - 112783 nodes created - worst tet radius 1.0119 (nodes removed 0 217)
Info    : It. 113500 - 113283 nodes created - worst tet radius 1.01071 (nodes removed 0 217)
Info    : It. 114000 - 113783 nodes created - worst tet radius 1.00964 (nodes removed 0 217)
Info    : It. 114500 - 114283 nodes created - worst tet radius 1.00842 (nodes removed 0 217)
Info    : It. 115000 - 114783 nodes created - worst tet radius 1.00713 (nodes removed 0 217)
Info    : It. 115500 - 115283 nodes created - worst tet radius 1.00571 (nodes removed 0 217)
Info    : It. 116000 - 115783 nodes created - worst tet radius 1.00459 (nodes removed 0 217)
Info    : It. 116500 - 116283 nodes created - worst tet radius 1.00324 (nodes removed 0 217)
Info    : It. 117000 - 116783 nodes created - worst tet radius 1.00195 (nodes removed 0 217)
Info    : It. 117500 - 117283 nodes created - worst tet radius 1.00062 (nodes removed 0 217)
Info    : 3D refinement terminated (224086 nodes total):
Info    :  - 77 Delaunay cavities modified for star shapeness
Info    :  - 217 nodes could not be inserted
Info    :  - 1239623 tetrahedra created in 10.5645 sec. (117338 tets/s)
Info    : 2 node relocations
Info    : Done meshing 3D (Wall 21.6161s, CPU 18.5347s)
Info    : Optimizing mesh...
Info    : Optimizing volume 1
Info    : Optimization starts (volume = 2.34862e-09) with worst = 0.0133403 / average = 0.743846:
Info    : 0.00 < quality < 0.10 :       146 elements
Info    : 0.10 < quality < 0.20 :       213 elements
Info    : 0.20 < quality < 0.30 :       317 elements
Info    : 0.30 < quality < 0.40 :      1493 elements
Info    : 0.40 < quality < 0.50 :      7385 elements
Info    : 0.50 < quality < 0.60 :      1438 elements
Info    : 0.60 < quality < 0.70 :      4686 elements
Info    : 0.70 < quality < 0.80 :     22807 elements
Info    : 0.80 < quality < 0.90 :     29494 elements
Info    : 0.90 < quality < 1.00 :      3959 elements
Info    : 660 edge swaps, 0 node relocations (volume = 2.34862e-09): worst = 0.040008 / average = 0.749212 (Wall 0.0130729s, CPU 0.01279s)
Info    : 691 edge swaps, 0 node relocations (volume = 2.34862e-09): worst = 0.040008 / average = 0.74922 (Wall 0.0178063s, CPU 0.017444s)
Info    : No ill-shaped tets in the mesh :-)
Info    : 0.00 < quality < 0.10 :         1 elements
Info    : 0.10 < quality < 0.20 :         4 elements
Info    : 0.20 < quality < 0.30 :        14 elements
Info    : 0.30 < quality < 0.40 :      1521 elements
Info    : 0.40 < quality < 0.50 :      7331 elements
Info    : 0.50 < quality < 0.60 :      1286 elements
Info    : 0.60 < quality < 0.70 :      4747 elements
Info    : 0.70 < quality < 0.80 :     22967 elements
Info    : 0.80 < quality < 0.90 :     29508 elements
Info    : 0.90 < quality < 1.00 :      3955 elements
Info    : Optimizing volume 2
Info    : Optimization starts (volume = 3.08332e-09) with worst = 0.0128532 / average = 0.754105:
Info    : 0.00 < quality < 0.10 :       103 elements
Info    : 0.10 < quality < 0.20 :       337 elements
Info    : 0.20 < quality < 0.30 :       298 elements
Info    : 0.30 < quality < 0.40 :      1261 elements
Info    : 0.40 < quality < 0.50 :      8002 elements
Info    : 0.50 < quality < 0.60 :      1984 elements
Info    : 0.60 < quality < 0.70 :      4258 elements
Info    : 0.70 < quality < 0.80 :     22530 elements
Info    : 0.80 < quality < 0.90 :     34778 elements
Info    : 0.90 < quality < 1.00 :      6499 elements
Info    : 722 edge swaps, 0 node relocations (volume = 3.08332e-09): worst = 0.102478 / average = 0.75952 (Wall 0.0172163s, CPU 0.016745s)
Info    : 748 edge swaps, 0 node relocations (volume = 3.08332e-09): worst = 0.102478 / average = 0.75957 (Wall 0.0246617s, CPU 0.023941s)
Info    : No ill-shaped tets in the mesh :-)
Info    : 0.00 < quality < 0.10 :         0 elements
Info    : 0.10 < quality < 0.20 :        12 elements
Info    : 0.20 < quality < 0.30 :        12 elements
Info    : 0.30 < quality < 0.40 :      1283 elements
Info    : 0.40 < quality < 0.50 :      7960 elements
Info    : 0.50 < quality < 0.60 :      1741 elements
Info    : 0.60 < quality < 0.70 :      4303 elements
Info    : 0.70 < quality < 0.80 :     22821 elements
Info    : 0.80 < quality < 0.90 :     34767 elements
Info    : 0.90 < quality < 1.00 :      6487 elements
Info    : Optimizing volume 3
Info    : Optimization starts (volume = 3.09499e-09) with worst = 0.0104835 / average = 0.790236:
Info    : 0.00 < quality < 0.10 :       144 elements
Info    : 0.10 < quality < 0.20 :       159 elements
Info    : 0.20 < quality < 0.30 :       122 elements
Info    : 0.30 < quality < 0.40 :       124 elements
Info    : 0.40 < quality < 0.50 :       170 elements
Info    : 0.50 < quality < 0.60 :       912 elements
Info    : 0.60 < quality < 0.70 :      3215 elements
Info    : 0.70 < quality < 0.80 :      4955 elements
Info    : 0.80 < quality < 0.90 :      8194 elements
Info    : 0.90 < quality < 1.00 :      4840 elements
Info    : 421 edge swaps, 0 node relocations (volume = 3.09499e-09): worst = 0.0104835 / average = 0.80199 (Wall 0.00466987s, CPU 0.004581s)
Info    : 436 edge swaps, 0 node relocations (volume = 3.09499e-09): worst = 0.0104835 / average = 0.802093 (Wall 0.00622354s, CPU 0.00596s)
Info    : No ill-shaped tets in the mesh :-)
Info    : 0.00 < quality < 0.10 :         7 elements
Info    : 0.10 < quality < 0.20 :         3 elements
Info    : 0.20 < quality < 0.30 :         5 elements
Info    : 0.30 < quality < 0.40 :       127 elements
Info    : 0.40 < quality < 0.50 :       170 elements
Info    : 0.50 < quality < 0.60 :       884 elements
Info    : 0.60 < quality < 0.70 :      3204 elements
Info    : 0.70 < quality < 0.80 :      4943 elements
Info    : 0.80 < quality < 0.90 :      8253 elements
Info    : 0.90 < quality < 1.00 :      4839 elements
Info    : Optimizing volume 4
Info    : Optimization starts (volume = 2.45846e-09) with worst = 0.0152918 / average = 0.790535:
Info    : 0.00 < quality < 0.10 :        90 elements
Info    : 0.10 < quality < 0.20 :       144 elements
Info    : 0.20 < quality < 0.30 :       123 elements
Info    : 0.30 < quality < 0.40 :       133 elements
Info    : 0.40 < quality < 0.50 :       163 elements
Info    : 0.50 < quality < 0.60 :       920 elements
Info    : 0.60 < quality < 0.70 :      2467 elements
Info    : 0.70 < quality < 0.80 :      3977 elements
Info    : 0.80 < quality < 0.90 :      7127 elements
Info    : 0.90 < quality < 1.00 :      4149 elements
Info    : 349 edge swaps, 0 node relocations (volume = 2.45846e-09): worst = 0.0592501 / average = 0.802113 (Wall 0.005214s, CPU 0.004986s)
Info    : 362 edge swaps, 0 node relocations (volume = 2.45846e-09): worst = 0.0592501 / average = 0.802093 (Wall 0.00634258s, CPU 0.006089s)
Info    : No ill-shaped tets in the mesh :-)
Info    : 0.00 < quality < 0.10 :         1 elements
Info    : 0.10 < quality < 0.20 :         4 elements
Info    : 0.20 < quality < 0.30 :         9 elements
Info    : 0.30 < quality < 0.40 :       136 elements
Info    : 0.40 < quality < 0.50 :       155 elements
Info    : 0.50 < quality < 0.60 :       888 elements
Info    : 0.60 < quality < 0.70 :      2466 elements
Info    : 0.70 < quality < 0.80 :      3968 elements
Info    : 0.80 < quality < 0.90 :      7189 elements
Info    : 0.90 < quality < 1.00 :      4142 elements
Info    : Optimizing volume 10182
Info    : Optimization starts (volume = 2.09119e-07) with worst = 0.00155309 / average = 0.775533:
Info    : 0.00 < quality < 0.10 :      1708 elements
Info    : 0.10 < quality < 0.20 :      5148 elements
Info    : 0.20 < quality < 0.30 :      8954 elements
Info    : 0.30 < quality < 0.40 :     14079 elements
Info    : 0.40 < quality < 0.50 :     22305 elements
Info    : 0.50 < quality < 0.60 :     38395 elements
Info    : 0.60 < quality < 0.70 :     84510 elements
Info    : 0.70 < quality < 0.80 :    192860 elements
Info    : 0.80 < quality < 0.90 :    291191 elements
Info    : 0.90 < quality < 1.00 :    142953 elements
Info    : 15644 edge swaps, 461 node relocations (volume = 2.09119e-07): worst = 0.101814 / average = 0.787735 (Wall 0.323402s, CPU 0.320854s)
Info    : 15756 edge swaps, 475 node relocations (volume = 2.09119e-07): worst = 0.184771 / average = 0.787809 (Wall 0.407907s, CPU 0.404838s)
Info    : 15761 edge swaps, 478 node relocations (volume = 2.09119e-07): worst = 0.187508 / average = 0.787812 (Wall 0.49092s, CPU 0.487297s)
Info    : No ill-shaped tets in the mesh :-)
Info    : 0.00 < quality < 0.10 :         0 elements
Info    : 0.10 < quality < 0.20 :         1 elements
Info    : 0.20 < quality < 0.30 :         9 elements
Info    : 0.30 < quality < 0.40 :     13963 elements
Info    : 0.40 < quality < 0.50 :     21492 elements
Info    : 0.50 < quality < 0.60 :     37230 elements
Info    : 0.60 < quality < 0.70 :     84409 elements
Info    : 0.70 < quality < 0.80 :    194794 elements
Info    : 0.80 < quality < 0.90 :    293715 elements
Info    : 0.90 < quality < 1.00 :    142379 elements
Info    : Optimizing volume 10195
Info    : Optimization starts (volume = 9.30358e-11) with worst = 0.00798412 / average = 0.624392:
Info    : 0.00 < quality < 0.10 :        32 elements
Info    : 0.10 < quality < 0.20 :        64 elements
Info    : 0.20 < quality < 0.30 :        35 elements
Info    : 0.30 < quality < 0.40 :        42 elements
Info    : 0.40 < quality < 0.50 :       129 elements
Info    : 0.50 < quality < 0.60 :      1473 elements
Info    : 0.60 < quality < 0.70 :      2212 elements
Info    : 0.70 < quality < 0.80 :       860 elements
Info    : 0.80 < quality < 0.90 :       169 elements
Info    : 0.90 < quality < 1.00 :         6 elements
Info    : 128 edge swaps, 0 node relocations (volume = 9.30358e-11): worst = 0.111528 / average = 0.636195 (Wall 0.00124467s, CPU 0.001157s)
Info    : 132 edge swaps, 0 node relocations (volume = 9.30358e-11): worst = 0.129186 / average = 0.636498 (Wall 0.00148242s, CPU 0.00139s)
Info    : 133 edge swaps, 0 node relocations (volume = 9.30358e-11): worst = 0.176992 / average = 0.636496 (Wall 0.00169146s, CPU 0.001595s)
Info    : 134 edge swaps, 0 node relocations (volume = 9.30358e-11): worst = 0.176992 / average = 0.636515 (Wall 0.00190688s, CPU 0.001804s)
Info    : No ill-shaped tets in the mesh :-)
Info    : 0.00 < quality < 0.10 :         0 elements
Info    : 0.10 < quality < 0.20 :         2 elements
Info    : 0.20 < quality < 0.30 :         3 elements
Info    : 0.30 < quality < 0.40 :        43 elements
Info    : 0.40 < quality < 0.50 :       120 elements
Info    : 0.50 < quality < 0.60 :      1481 elements
Info    : 0.60 < quality < 0.70 :      2210 elements
Info    : 0.70 < quality < 0.80 :       865 elements
Info    : 0.80 < quality < 0.90 :       170 elements
Info    : 0.90 < quality < 1.00 :         6 elements
Info    : Optimizing volume 10197
Info    : Optimization starts (volume = 9.28445e-11) with worst = 0.00791128 / average = 0.57724:
Info    : 0.00 < quality < 0.10 :        59 elements
Info    : 0.10 < quality < 0.20 :        23 elements
Info    : 0.20 < quality < 0.30 :        13 elements
Info    : 0.30 < quality < 0.40 :        32 elements
Info    : 0.40 < quality < 0.50 :       330 elements
Info    : 0.50 < quality < 0.60 :      1940 elements
Info    : 0.60 < quality < 0.70 :      1587 elements
Info    : 0.70 < quality < 0.80 :       226 elements
Info    : 0.80 < quality < 0.90 :         2 elements
Info    : 0.90 < quality < 1.00 :         0 elements
Info    : 95 edge swaps, 0 node relocations (volume = 9.28445e-11): worst = 0.116765 / average = 0.588752 (Wall 0.0012215s, CPU 0.001166s)
Info    : 96 edge swaps, 0 node relocations (volume = 9.28445e-11): worst = 0.305838 / average = 0.588864 (Wall 0.00142396s, CPU 0.001333s)
Info    : No ill-shaped tets in the mesh :-)
Info    : 0.00 < quality < 0.10 :         0 elements
Info    : 0.10 < quality < 0.20 :         0 elements
Info    : 0.20 < quality < 0.30 :         0 elements
Info    : 0.30 < quality < 0.40 :        32 elements
Info    : 0.40 < quality < 0.50 :       322 elements
Info    : 0.50 < quality < 0.60 :      1936 elements
Info    : 0.60 < quality < 0.70 :      1597 elements
Info    : 0.70 < quality < 0.80 :       228 elements
Info    : 0.80 < quality < 0.90 :         2 elements
Info    : 0.90 < quality < 1.00 :         0 elements
Info    : Optimizing volume 10199
Info    : Optimization starts (volume = 9.28584e-11) with worst = 0.0103159 / average = 0.58038:
Info    : 0.00 < quality < 0.10 :        44 elements
Info    : 0.10 < quality < 0.20 :        29 elements
Info    : 0.20 < quality < 0.30 :        22 elements
Info    : 0.30 < quality < 0.40 :        21 elements
Info    : 0.40 < quality < 0.50 :       256 elements
Info    : 0.50 < quality < 0.60 :      1977 elements
Info    : 0.60 < quality < 0.70 :      1697 elements
Info    : 0.70 < quality < 0.80 :       169 elements
Info    : 0.80 < quality < 0.90 :         1 elements
Info    : 0.90 < quality < 1.00 :         0 elements
Info    : 92 edge swaps, 0 node relocations (volume = 9.28584e-11): worst = 0.0249613 / average = 0.590366 (Wall 0.00101229s, CPU 0.000963s)
Info    : 97 edge swaps, 0 node relocations (volume = 9.28584e-11): worst = 0.094609 / average = 0.590855 (Wall 0.00122658s, CPU 0.001165s)
Info    : No ill-shaped tets in the mesh :-)
Info    : 0.00 < quality < 0.10 :         1 elements
Info    : 0.10 < quality < 0.20 :         1 elements
Info    : 0.20 < quality < 0.30 :         1 elements
Info    : 0.30 < quality < 0.40 :        20 elements
Info    : 0.40 < quality < 0.50 :       252 elements
Info    : 0.50 < quality < 0.60 :      1976 elements
Info    : 0.60 < quality < 0.70 :      1704 elements
Info    : 0.70 < quality < 0.80 :       169 elements
Info    : 0.80 < quality < 0.90 :         1 elements
Info    : 0.90 < quality < 1.00 :         0 elements
Info    : Optimizing volume 10201
Info    : Optimization starts (volume = 9.28459e-11) with worst = 0.00787913 / average = 0.580134:
Info    : 0.00 < quality < 0.10 :        41 elements
Info    : 0.10 < quality < 0.20 :        27 elements
Info    : 0.20 < quality < 0.30 :        17 elements
Info    : 0.30 < quality < 0.40 :        29 elements
Info    : 0.40 < quality < 0.50 :       305 elements
Info    : 0.50 < quality < 0.60 :      2001 elements
Info    : 0.60 < quality < 0.70 :      1588 elements
Info    : 0.70 < quality < 0.80 :       218 elements
Info    : 0.80 < quality < 0.90 :         1 elements
Info    : 0.90 < quality < 1.00 :         0 elements
Info    : 84 edge swaps, 0 node relocations (volume = 9.28459e-11): worst = 0.229113 / average = 0.589836 (Wall 0.000843083s, CPU 0.000811s)
Info    : No ill-shaped tets in the mesh :-)
Info    : 0.00 < quality < 0.10 :         0 elements
Info    : 0.10 < quality < 0.20 :         0 elements
Info    : 0.20 < quality < 0.30 :         1 elements
Info    : 0.30 < quality < 0.40 :        30 elements
Info    : 0.40 < quality < 0.50 :       302 elements
Info    : 0.50 < quality < 0.60 :      1994 elements
Info    : 0.60 < quality < 0.70 :      1597 elements
Info    : 0.70 < quality < 0.80 :       219 elements
Info    : 0.80 < quality < 0.90 :         1 elements
Info    : 0.90 < quality < 1.00 :         0 elements
Info    : Optimizing volume 10203
Info    : Optimization starts (volume = 9.30358e-11) with worst = 0.00798412 / average = 0.624389:
Info    : 0.00 < quality < 0.10 :        32 elements
Info    : 0.10 < quality < 0.20 :        64 elements
Info    : 0.20 < quality < 0.30 :        35 elements
Info    : 0.30 < quality < 0.40 :        42 elements
Info    : 0.40 < quality < 0.50 :       129 elements
Info    : 0.50 < quality < 0.60 :      1473 elements
Info    : 0.60 < quality < 0.70 :      2212 elements
Info    : 0.70 < quality < 0.80 :       860 elements
Info    : 0.80 < quality < 0.90 :       169 elements
Info    : 0.90 < quality < 1.00 :         6 elements
Info    : 127 edge swaps, 0 node relocations (volume = 9.30358e-11): worst = 0.102348 / average = 0.636395 (Wall 0.00126463s, CPU 0.001202s)
Info    : 135 edge swaps, 0 node relocations (volume = 9.30358e-11): worst = 0.129186 / average = 0.636893 (Wall 0.00154808s, CPU 0.001472s)
Info    : 136 edge swaps, 0 node relocations (volume = 9.30358e-11): worst = 0.176546 / average = 0.63698 (Wall 0.00175133s, CPU 0.001671s)
Info    : No ill-shaped tets in the mesh :-)
Info    : 0.00 < quality < 0.10 :         0 elements
Info    : 0.10 < quality < 0.20 :         2 elements
Info    : 0.20 < quality < 0.30 :         2 elements
Info    : 0.30 < quality < 0.40 :        43 elements
Info    : 0.40 < quality < 0.50 :       119 elements
Info    : 0.50 < quality < 0.60 :      1480 elements
Info    : 0.60 < quality < 0.70 :      2212 elements
Info    : 0.70 < quality < 0.80 :       864 elements
Info    : 0.80 < quality < 0.90 :       170 elements
Info    : 0.90 < quality < 1.00 :         6 elements
Info    : Optimizing volume 10205
Info    : Optimization starts (volume = 9.30358e-11) with worst = 0.00798412 / average = 0.624391:
Info    : 0.00 < quality < 0.10 :        32 elements
Info    : 0.10 < quality < 0.20 :        64 elements
Info    : 0.20 < quality < 0.30 :        35 elements
Info    : 0.30 < quality < 0.40 :        42 elements
Info    : 0.40 < quality < 0.50 :       129 elements
Info    : 0.50 < quality < 0.60 :      1473 elements
Info    : 0.60 < quality < 0.70 :      2212 elements
Info    : 0.70 < quality < 0.80 :       860 elements
Info    : 0.80 < quality < 0.90 :       169 elements
Info    : 0.90 < quality < 1.00 :         6 elements
Info    : 126 edge swaps, 0 node relocations (volume = 9.30358e-11): worst = 0.102348 / average = 0.636184 (Wall 0.00138417s, CPU 0.001324s)
Info    : 132 edge swaps, 0 node relocations (volume = 9.30358e-11): worst = 0.129186 / average = 0.636588 (Wall 0.0016615s, CPU 0.001591s)
Info    : 133 edge swaps, 0 node relocations (volume = 9.30358e-11): worst = 0.176546 / average = 0.636675 (Wall 0.00187133s, CPU 0.001797s)
Info    : No ill-shaped tets in the mesh :-)
Info    : 0.00 < quality < 0.10 :         0 elements
Info    : 0.10 < quality < 0.20 :         2 elements
Info    : 0.20 < quality < 0.30 :         3 elements
Info    : 0.30 < quality < 0.40 :        44 elements
Info    : 0.40 < quality < 0.50 :       118 elements
Info    : 0.50 < quality < 0.60 :      1483 elements
Info    : 0.60 < quality < 0.70 :      2206 elements
Info    : 0.70 < quality < 0.80 :       868 elements
Info    : 0.80 < quality < 0.90 :       170 elements
Info    : 0.90 < quality < 1.00 :         6 elements
Info    : Optimizing volume 10207
Info    : Optimization starts (volume = 9.28459e-11) with worst = 0.00779097 / average = 0.579894:
Info    : 0.00 < quality < 0.10 :        44 elements
Info    : 0.10 < quality < 0.20 :        26 elements
Info    : 0.20 < quality < 0.30 :        17 elements
Info    : 0.30 < quality < 0.40 :        29 elements
Info    : 0.40 < quality < 0.50 :       306 elements
Info    : 0.50 < quality < 0.60 :      1999 elements
Info    : 0.60 < quality < 0.70 :      1589 elements
Info    : 0.70 < quality < 0.80 :       218 elements
Info    : 0.80 < quality < 0.90 :         1 elements
Info    : 0.90 < quality < 1.00 :         0 elements
Info    : 86 edge swaps, 0 node relocations (volume = 9.28459e-11): worst = 0.0389633 / average = 0.589633 (Wall 0.000827292s, CPU 0.000804s)
Info    : 88 edge swaps, 0 node relocations (volume = 9.28459e-11): worst = 0.30009 / average = 0.589858 (Wall 0.000974417s, CPU 0.000948s)
Info    : No ill-shaped tets in the mesh :-)
Info    : 0.00 < quality < 0.10 :         0 elements
Info    : 0.10 < quality < 0.20 :         0 elements
Info    : 0.20 < quality < 0.30 :         0 elements
Info    : 0.30 < quality < 0.40 :        29 elements
Info    : 0.40 < quality < 0.50 :       308 elements
Info    : 0.50 < quality < 0.60 :      1987 elements
Info    : 0.60 < quality < 0.70 :      1598 elements
Info    : 0.70 < quality < 0.80 :       220 elements
Info    : 0.80 < quality < 0.90 :         1 elements
Info    : 0.90 < quality < 1.00 :         0 elements
Info    : Optimizing volume 10209
Info    : Optimization starts (volume = 9.28459e-11) with worst = 0.00787913 / average = 0.580137:
Info    : 0.00 < quality < 0.10 :        41 elements
Info    : 0.10 < quality < 0.20 :        27 elements
Info    : 0.20 < quality < 0.30 :        17 elements
Info    : 0.30 < quality < 0.40 :        29 elements
Info    : 0.40 < quality < 0.50 :       305 elements
Info    : 0.50 < quality < 0.60 :      2001 elements
Info    : 0.60 < quality < 0.70 :      1588 elements
Info    : 0.70 < quality < 0.80 :       218 elements
Info    : 0.80 < quality < 0.90 :         1 elements
Info    : 0.90 < quality < 1.00 :         0 elements
Info    : 85 edge swaps, 0 node relocations (volume = 9.28459e-11): worst = 0.161523 / average = 0.589763 (Wall 0.00081875s, CPU 0.000787s)
Info    : 86 edge swaps, 0 node relocations (volume = 9.28459e-11): worst = 0.161523 / average = 0.589855 (Wall 0.000966125s, CPU 0.000932s)
Info    : No ill-shaped tets in the mesh :-)
Info    : 0.00 < quality < 0.10 :         0 elements
Info    : 0.10 < quality < 0.20 :         1 elements
Info    : 0.20 < quality < 0.30 :         0 elements
Info    : 0.30 < quality < 0.40 :        30 elements
Info    : 0.40 < quality < 0.50 :       300 elements
Info    : 0.50 < quality < 0.60 :      1997 elements
Info    : 0.60 < quality < 0.70 :      1595 elements
Info    : 0.70 < quality < 0.80 :       220 elements
Info    : 0.80 < quality < 0.90 :         1 elements
Info    : 0.90 < quality < 1.00 :         0 elements
Info    : Optimizing volume 10211
Info    : Optimization starts (volume = 9.28384e-11) with worst = 0.00781008 / average = 0.577824:
Info    : 0.00 < quality < 0.10 :        56 elements
Info    : 0.10 < quality < 0.20 :        22 elements
Info    : 0.20 < quality < 0.30 :        16 elements
Info    : 0.30 < quality < 0.40 :        21 elements
Info    : 0.40 < quality < 0.50 :       346 elements
Info    : 0.50 < quality < 0.60 :      1926 elements
Info    : 0.60 < quality < 0.70 :      1611 elements
Info    : 0.70 < quality < 0.80 :       214 elements
Info    : 0.80 < quality < 0.90 :         5 elements
Info    : 0.90 < quality < 1.00 :         0 elements
Info    : 93 edge swaps, 0 node relocations (volume = 9.28384e-11): worst = 0.0758356 / average = 0.588644 (Wall 0.000966167s, CPU 0.000924s)
Info    : 94 edge swaps, 0 node relocations (volume = 9.28384e-11): worst = 0.131678 / average = 0.588762 (Wall 0.00112396s, CPU 0.001078s)
Info    : No ill-shaped tets in the mesh :-)
Info    : 0.00 < quality < 0.10 :         0 elements
Info    : 0.10 < quality < 0.20 :         1 elements
Info    : 0.20 < quality < 0.30 :         0 elements
Info    : 0.30 < quality < 0.40 :        23 elements
Info    : 0.40 < quality < 0.50 :       333 elements
Info    : 0.50 < quality < 0.60 :      1933 elements
Info    : 0.60 < quality < 0.70 :      1617 elements
Info    : 0.70 < quality < 0.80 :       214 elements
Info    : 0.80 < quality < 0.90 :         5 elements
Info    : 0.90 < quality < 1.00 :         0 elements
Info    : Optimizing volume 10213
Info    : Optimization starts (volume = 9.28529e-11) with worst = 0.0078819 / average = 0.578794:
Info    : 0.00 < quality < 0.10 :        56 elements
Info    : 0.10 < quality < 0.20 :        23 elements
Info    : 0.20 < quality < 0.30 :        20 elements
Info    : 0.30 < quality < 0.40 :        24 elements
Info    : 0.40 < quality < 0.50 :       261 elements
Info    : 0.50 < quality < 0.60 :      1974 elements
Info    : 0.60 < quality < 0.70 :      1697 elements
Info    : 0.70 < quality < 0.80 :       163 elements
Info    : 0.80 < quality < 0.90 :         1 elements
Info    : 0.90 < quality < 1.00 :         0 elements
Info    : 96 edge swaps, 0 node relocations (volume = 9.28529e-11): worst = 0.0589582 / average = 0.589748 (Wall 0.000909541s, CPU 0.000885s)
Info    : 98 edge swaps, 0 node relocations (volume = 9.28529e-11): worst = 0.161729 / average = 0.589988 (Wall 0.00108812s, CPU 0.00106s)
Info    : No ill-shaped tets in the mesh :-)
Info    : 0.00 < quality < 0.10 :         0 elements
Info    : 0.10 < quality < 0.20 :         2 elements
Info    : 0.20 < quality < 0.30 :         2 elements
Info    : 0.30 < quality < 0.40 :        25 elements
Info    : 0.40 < quality < 0.50 :       252 elements
Info    : 0.50 < quality < 0.60 :      1966 elements
Info    : 0.60 < quality < 0.70 :      1713 elements
Info    : 0.70 < quality < 0.80 :       164 elements
Info    : 0.80 < quality < 0.90 :         1 elements
Info    : 0.90 < quality < 1.00 :         0 elements
Info    : Optimizing volume 10215
Info    : Optimization starts (volume = 9.28615e-11) with worst = 0.0072719 / average = 0.584809:
Info    : 0.00 < quality < 0.10 :        26 elements
Info    : 0.10 < quality < 0.20 :        21 elements
Info    : 0.20 < quality < 0.30 :        22 elements
Info    : 0.30 < quality < 0.40 :        18 elements
Info    : 0.40 < quality < 0.50 :       289 elements
Info    : 0.50 < quality < 0.60 :      1893 elements
Info    : 0.60 < quality < 0.70 :      1694 elements
Info    : 0.70 < quality < 0.80 :       226 elements
Info    : 0.80 < quality < 0.90 :         2 elements
Info    : 0.90 < quality < 1.00 :         0 elements
Info    : 66 edge swaps, 0 node relocations (volume = 9.28615e-11): worst = 0.0434673 / average = 0.591849 (Wall 0.000919958s, CPU 0.000852s)
Info    : 70 edge swaps, 0 node relocations (volume = 9.28615e-11): worst = 0.0455793 / average = 0.592043 (Wall 0.00113688s, CPU 0.001057s)
Info    : No ill-shaped tets in the mesh :-)
Info    : 0.00 < quality < 0.10 :         2 elements
Info    : 0.10 < quality < 0.20 :         2 elements
Info    : 0.20 < quality < 0.30 :         0 elements
Info    : 0.30 < quality < 0.40 :        20 elements
Info    : 0.40 < quality < 0.50 :       278 elements
Info    : 0.50 < quality < 0.60 :      1895 elements
Info    : 0.60 < quality < 0.70 :      1701 elements
Info    : 0.70 < quality < 0.80 :       227 elements
Info    : 0.80 < quality < 0.90 :         2 elements
Info    : 0.90 < quality < 1.00 :         0 elements
Info    : Optimizing volume 10217
Info    : Optimization starts (volume = 9.28531e-11) with worst = 0.010091 / average = 0.584623:
Info    : 0.00 < quality < 0.10 :        39 elements
Info    : 0.10 < quality < 0.20 :        19 elements
Info    : 0.20 < quality < 0.30 :        13 elements
Info    : 0.30 < quality < 0.40 :        17 elements
Info    : 0.40 < quality < 0.50 :       320 elements
Info    : 0.50 < quality < 0.60 :      1851 elements
Info    : 0.60 < quality < 0.70 :      1676 elements
Info    : 0.70 < quality < 0.80 :       251 elements
Info    : 0.80 < quality < 0.90 :         4 elements
Info    : 0.90 < quality < 1.00 :         0 elements
Info    : 71 edge swaps, 0 node relocations (volume = 9.28531e-11): worst = 0.28252 / average = 0.592957 (Wall 0.000731959s, CPU 0.000704s)
Info    : 73 edge swaps, 0 node relocations (volume = 9.28531e-11): worst = 0.316354 / average = 0.59303 (Wall 0.000883542s, CPU 0.000852s)
Info    : No ill-shaped tets in the mesh :-)
Info    : 0.00 < quality < 0.10 :         0 elements
Info    : 0.10 < quality < 0.20 :         0 elements
Info    : 0.20 < quality < 0.30 :         0 elements
Info    : 0.30 < quality < 0.40 :        17 elements
Info    : 0.40 < quality < 0.50 :       314 elements
Info    : 0.50 < quality < 0.60 :      1842 elements
Info    : 0.60 < quality < 0.70 :      1691 elements
Info    : 0.70 < quality < 0.80 :       251 elements
Info    : 0.80 < quality < 0.90 :         4 elements
Info    : 0.90 < quality < 1.00 :         0 elements
Info    : Optimizing volume 10219
Info    : Optimization starts (volume = 2.15325e-09) with worst = 0.0032367 / average = 0.773298:
Info    : 0.00 < quality < 0.10 :       366 elements
Info    : 0.10 < quality < 0.20 :       526 elements
Info    : 0.20 < quality < 0.30 :       927 elements
Info    : 0.30 < quality < 0.40 :      1207 elements
Info    : 0.40 < quality < 0.50 :      2234 elements
Info    : 0.50 < quality < 0.60 :      3920 elements
Info    : 0.60 < quality < 0.70 :     10260 elements
Info    : 0.70 < quality < 0.80 :     27025 elements
Info    : 0.80 < quality < 0.90 :     34503 elements
Info    : 0.90 < quality < 1.00 :     14174 elements
Info    : 1785 edge swaps, 38 node relocations (volume = 2.15325e-09): worst = 0.181088 / average = 0.785347 (Wall 0.0321628s, CPU 0.031836s)
Info    : 1799 edge swaps, 39 node relocations (volume = 2.15325e-09): worst = 0.181088 / average = 0.785439 (Wall 0.0405037s, CPU 0.040047s)
Info    : No ill-shaped tets in the mesh :-)
Info    : 0.00 < quality < 0.10 :         0 elements
Info    : 0.10 < quality < 0.20 :         1 elements
Info    : 0.20 < quality < 0.30 :         2 elements
Info    : 0.30 < quality < 0.40 :      1143 elements
Info    : 0.40 < quality < 0.50 :      2157 elements
Info    : 0.50 < quality < 0.60 :      4028 elements
Info    : 0.60 < quality < 0.70 :     10452 elements
Info    : 0.70 < quality < 0.80 :     26607 elements
Info    : 0.80 < quality < 0.90 :     34890 elements
Info    : 0.90 < quality < 1.00 :     14235 elements
Info    : Optimizing volume 10220
Info    : Optimization starts (volume = 2.15325e-09) with worst = 0.0051025 / average = 0.771772:
Info    : 0.00 < quality < 0.10 :       334 elements
Info    : 0.10 < quality < 0.20 :       529 elements
Info    : 0.20 < quality < 0.30 :      1004 elements
Info    : 0.30 < quality < 0.40 :      1263 elements
Info    : 0.40 < quality < 0.50 :      2346 elements
Info    : 0.50 < quality < 0.60 :      4094 elements
Info    : 0.60 < quality < 0.70 :     10412 elements
Info    : 0.70 < quality < 0.80 :     27192 elements
Info    : 0.80 < quality < 0.90 :     33653 elements
Info    : 0.90 < quality < 1.00 :     14438 elements
Info    : 1813 edge swaps, 55 node relocations (volume = 2.15325e-09): worst = 0.192022 / average = 0.783759 (Wall 0.0328087s, CPU 0.032399s)
Info    : 1832 edge swaps, 55 node relocations (volume = 2.15325e-09): worst = 0.218842 / average = 0.783872 (Wall 0.0402145s, CPU 0.039754s)
Info    : 1833 edge swaps, 55 node relocations (volume = 2.15325e-09): worst = 0.260232 / average = 0.783882 (Wall 0.0487172s, CPU 0.048201s)
Info    : No ill-shaped tets in the mesh :-)
Info    : 0.00 < quality < 0.10 :         0 elements
Info    : 0.10 < quality < 0.20 :         0 elements
Info    : 0.20 < quality < 0.30 :         2 elements
Info    : 0.30 < quality < 0.40 :      1221 elements
Info    : 0.40 < quality < 0.50 :      2215 elements
Info    : 0.50 < quality < 0.60 :      4208 elements
Info    : 0.60 < quality < 0.70 :     10694 elements
Info    : 0.70 < quality < 0.80 :     26832 elements
Info    : 0.80 < quality < 0.90 :     33979 elements
Info    : 0.90 < quality < 1.00 :     14475 elements
Info    : Done optimizing mesh (Wall 1.94719s, CPU 1.89663s)
Info    : 224071 nodes 1442431 elements
Info    : Writing 'local.msh'...
Info    : Done writing 'local.msh'
Info    : Stopped on Wed Sep 16 15:37:53 2026 (From start: Wall 29.0775s, CPU 25.6327s)

--- stderr ---
