ELMER SOLVER (v 26.2) STARTED AT: 2026/09/16 15:38:05
ParCommInit: Initialize #PEs: 1
MAIN: 
MAIN: =============================================================
MAIN: ElmerSolver finite element software, Welcome!
MAIN: This program is free software licensed under (L)GPL
MAIN: Copyright 1st April 1995 - , CSC - IT Center for Science Ltd.
MAIN: Webpage http://www.csc.fi/elmer, Email elmeradm@csc.fi
MAIN: Version: 26.2-unknown (Rev: a19504a, Compiled: 2026-09-12)
MAIN:  Running one task without MPI parallelization.
MAIN:  Running with just one thread per task.
MAIN: =============================================================
MAIN: 
MAIN: 
MAIN: -------------------------------------
MAIN: Reading Model: case.sif
LoadInputFile: Scanning input file: case.sif
LoadInputFile: Scanning only size info
LoadInputFile: First time visiting
LoadInputFile: Reading base load of sif file
CheckKeyword: Found keyword type assuming suffix 1 for: variable 2
CheckKeyword: Found keyword type assuming suffix 1 for: variable 2
CheckKeyword: Found keyword type assuming suffix 1 for: operator 2
CheckKeyword: Found keyword type assuming suffix 1 for: operator 2
LoadInputFile: Loading input file: case.sif
LoadInputFile: Reading base load of sif file
CheckKeyword: Found keyword type assuming suffix 1 for: variable 2
CheckKeyword: Found keyword type assuming suffix 1 for: variable 2
CheckKeyword: Found keyword type assuming suffix 1 for: operator 2
CheckKeyword: Found keyword type assuming suffix 1 for: operator 2
LoadInputFile: Number of BCs: 3
LoadInputFile: Number of Body Forces: 0
LoadInputFile: Number of Initial Conditions: 0
LoadInputFile: Number of Materials: 5
LoadInputFile: Number of Equations: 1
LoadInputFile: Number of Solvers: 2
LoadInputFile: Number of Bodies: 5
Loading user function library: [HeatSolve]...[HeatSolver_Init0]
Loading user function library: [HeatSolve]...[HeatSolver_Init0]
Loading user function library: [SaveData]...[SaveScalars_Init0]
Loading user function library: [SaveData]...[SaveScalars_Init0]
LoadMesh: Loading serial mesh!
ElmerMeshReader: Performing step: 1
ElmerMeshReader: Base mesh name: ./mesh
ReadHeaderFile: Reading header info from file: ./mesh/mesh.header
InitializeMesh: Number of nodes in mesh: 224071
InitializeMesh: Number of bulk elements in mesh: 1219185
InitializeMesh: Number of boundary elements in mesh: 31737
InitializeMesh: Initial number of max element nodes: 4
ElmerMeshReader: Performing step: 2
ReadNodesFile: Reading nodes from file: ./mesh/mesh.nodes
SetMeshDimension: Dimension of mesh is: 3
SetMeshDimension: Max dimension of mesh is: 3
ElmerMeshReader: Performing step: 3
ReadElementsFile: Reading bulk elements from file: ./mesh/mesh.elements
ElmerMeshReader: Performing step: 4
ReadBoundaryFile: Reading boundary elements from file: ./mesh/mesh.boundary
PermuteNodeNumbering: Performing node mapping
MapBodiesAndBCs: Remapping bodies
MapBodiesAndBCs: Minimum initial body index: 1
MapBodiesAndBCs: Maximum initial body index: 5
MapBodiesAndBCs: Remapping boundaries
MapBodiesAndBCs: Minimum initial boundary index: 13
MapBodiesAndBCs: Maximum initial boundary index: 15
ElmerMeshReader: Performing step: 5
ElmerMeshReader: Performing step: 6
LoadMesh: Loading mesh done
LoadMesh: Preparing mesh done
LoadMesh: Elapsed REAL time:     0.6791 (s)
MeshStabParams: Computing stabilization parameters
MeshStabParams: Elapsed REAL time:     0.1286 (s)
LoadModel: Defined radition solver by Equation name "heat equation"
MAIN: -------------------------------------
AddMeshCoordinates: Setting mesh coordinates and time
AddSolvers: Setting up 2 solvers
AddSolvers: Setting up solver 1: heat equation
AddEquationBasics: Setting up keywords internally for legacy solver: heat equation
AddEquationBasics: Using procedure: HeatSolve HeatSolver
AddEquationBasics: Setting up solver: heat equation
Loading user function library: [HeatSolve]...[HeatSolver_Init]
Loading user function library: [HeatSolve]...[HeatSolver_bulk]
Loading user function library: [HeatSolve]...[HeatSolver_bulk]
Loading user function library: [HeatSolve]...[HeatSolver]
AddEquationBasics: Creating standard variable: temperature
OptimizeBandwidth: ---------------------------------------------------------
OptimizeBandwidth: Computing matrix structure for: heat equation
OptimizeBandwidth: Initial bandwidth for heat equation: 223098
OptimizeBandwidth: Optimized bandwidth for heat equation: 6718
OptimizeBandwidth: ---------------------------------------------------------
AddSolvers: Setting up solver 2: savescalars
AddEquationBasics: Using procedure: SaveData SaveScalars
AddEquationBasics: Setting up solver: savescalars
Loading user function library: [SaveData]...[SaveScalars_Init]
Loading user function library: [SaveData]...[SaveScalars_bulk]
Loading user function library: [SaveData]...[SaveScalars_bulk]
Loading user function library: [SaveData]...[SaveScalars]
AddTimeEtc: Setting time and other global variables
MAIN: Random seed initialized to: 314159265
SetInitialConditions: Setting up initial conditions (if any)
MAIN: Number of timesteps to be saved: 8
MAIN: 
MAIN: -------------------------------------
MAIN:  Steady state iteration:            1
MAIN: -------------------------------------
MAIN: 
SingleSolver: Attempting to call solver: 1
SingleSolver: Solver Equation string is: heat equation
HeatSolver: -------------------------------------------
HeatSolver: Solving the energy equation for temperature
DefaultStart: Starting solver: heat equation
HeatSolve: 
HeatSolve: 
HeatSolve: -------------------------------------
HeatSolve:  TEMPERATURE ITERATION           1
HeatSolve: -------------------------------------
HeatSolve: 
HeatSolve: Starting Assembly...
HeatSolve: Assembly:
: .......Saving bulk values for: heat equation
HeatSolve: Assembly done
DefUtils::DefaultDirichletBCs: Setting Dirichlet boundary conditions
EnforceDirichletConditions: Enforcing total of 2801 Dirichlet conditions.
EnforceDirichletConditions: Applying Dirichlet conditions using scaled diagonal
ScaleLinearSystem: Creating > DiagScaling < vector of size 224071
EnforceDirichletConditions: Dirichlet conditions enforced for dofs: 2801
DefaultSolve: Solving linear system with default routines
SolveSystem: Solving linear system
SolveLinearSystem: Assuming real valued linear system
SolveLinearSystem: Assuming serial linear system
ScaleLinearSystem: Creating > DiagScaling < vector of size 224071
SolveLinearSystem: Linear System Preconditioning: ilu1
Prec0-ilu1: Elapsed REAL time:     0.0000 (s)
SolveLinearSystem: Serial linear System Solver: iterative
IterSolver: Using iterative method: bicgstab
CRS_IncompleteLU: ILU(1) (Real), Performing Factorization:
CRS_IncompleteLU: Allocated LU matrix of size: 6383301
CRS_IncompleteLU: ILU(1) (Real), NOF nonzeros:   6383302
CRS_IncompleteLU: ILU(1) (Real), filling (%) :       198
CRS_IncompleteLU: ILU(1) (Real), Factorization time (s):     1.48
Prec-ilu1: Elapsed REAL time:     1.4992 (s)
       1 0.7509E-02
       2 0.3864E-02
       3 0.2552E-02
       4 0.1853E-02
       5 0.1392E-02
       6 0.1091E-02
       7 0.9172E-03
       8 0.8008E-03
       9 0.7101E-03
      10 0.6513E-03
      11 0.6113E-03
      12 0.5804E-03
      13 0.5559E-03
      14 0.5410E-03
      15 0.7929E-03
      16 0.4223E-03
      17 0.3859E-03
      18 0.3637E-03
      19 0.3509E-03
      20 0.3421E-03
      21 0.3299E-03
      22 0.3209E-03
      23 0.3154E-03
      24 0.3134E-03
      25 0.3073E-03
      26 0.3042E-03
      27 0.3027E-03
      28 0.3017E-03
      29 0.2996E-03
      30 0.2971E-03
      31 0.2957E-03
      32 0.2942E-03
      33 0.2923E-03
      34 0.2890E-03
      35 0.2510E-03
      36 0.2322E-03
      37 0.2237E-03
      38 0.2083E-03
      39 0.2106E-03
      40 0.2006E-03
      41 0.1917E-03
      42 0.1827E-03
      43 0.1739E-03
      44 0.1668E-03
      45 0.1557E-03
      46 0.1294E-03
      47 0.1358E-03
      48 0.1223E-03
      49 0.1113E-03
      50 0.1015E-03
      51 0.8362E-04
      52 0.8849E-04
      53 0.8030E-04
      54 0.7469E-04
      55 0.6978E-04
      56 0.6955E-04
      57 0.6500E-04
      58 0.6168E-04
      59 0.5878E-04
      60 0.1070E-03
      61 0.3618E-04
      62 0.3445E-04
      63 0.3313E-04
      64 0.3193E-04
      65 0.3070E-04
      66 0.3056E-04
      67 0.2961E-04
      68 0.2917E-04
      69 0.2884E-04
      70 0.2856E-04
      71 0.2823E-04
      72 0.2824E-04
      73 0.2743E-04
      74 0.2687E-04
      75 0.2623E-04
      76 0.2619E-04
      77 0.2524E-04
      78 0.2523E-04
      79 0.2493E-04
      80 0.2499E-04
      81 0.2443E-04
      82 0.2428E-04
      83 0.2400E-04
      84 0.2366E-04
      85 0.2302E-04
      86 0.2222E-04
      87 0.2170E-04
      88 0.2129E-04
      89 0.2105E-04
      90 0.2084E-04
      91 0.2083E-04
      92 0.1857E-04
      93 0.1999E-04
      94 0.1951E-04
      95 0.1889E-04
      96 0.1881E-04
      97 0.1778E-04
      98 0.1785E-04
      99 0.1776E-04
     100 0.1706E-04
     101 0.1679E-04
     102 0.1522E-04
     103 0.1466E-04
     104 0.1707E-04
     105 0.1178E-04
     106 0.1041E-04
     107 0.8142E-05
     108 0.8751E-05
     109 0.6856E-05
     110 0.4978E-05
     111 0.5391E-05
     112 0.3412E-05
     113 0.2882E-05
     114 0.2313E-05
     115 0.2050E-05
     116 0.1676E-05
     117 0.1407E-05
     118 0.8515E-06
     119 0.8511E-06
     120 0.2987E-04
     121 0.7400E-06
     122 0.3190E-06
     123 0.2044E-06
     124 0.2116E-06
     125 0.1040E-06
     126 0.1068E-06
     127 0.6107E-07
     128 0.4763E-07
     129 0.3336E-07
     130 0.2758E-07
     131 0.1946E-07
     132 0.1972E-07
     133 0.1481E-07
     134 0.1390E-07
     135 0.1389E-07
     136 0.1092E-07
     137 0.9894E-08
     138 0.8342E-08
     139 0.8453E-08
     140 0.6809E-08
     141 0.5796E-08
     142 0.5390E-08
     143 0.4252E-08
     144 0.4251E-08
     145 0.3495E-08
     146 0.2832E-08
     147 0.3849E-08
     148 0.1880E-08
     149 0.3037E-08
     150 0.2546E-08
     151 0.2585E-08
     152 0.7595E-09
     153 0.4617E-09
     154 0.3979E-09
     155 0.3170E-09
     156 0.2387E-09
     157 0.2012E-09
     158 0.1566E-09
     159 0.1301E-09
     160 0.8408E-10
     161 0.8711E-10
     162 0.5124E-10
     163 0.3552E-10
     164 0.2575E-10
     165 0.1488E-10
     166 0.2178E-10
     167 0.7308E-11
     168 0.4293E-11
     169 0.4787E-11
     170 0.3120E-11
     171 0.2610E-11
     172 0.2262E-11
     173 0.2073E-11
     174 0.1873E-11
     175 0.1823E-11
     176 0.1720E-11
     177 0.1664E-11
     178 0.1624E-11
     179 0.1659E-11
     180 0.1352E-11
     181 0.1309E-11
     182 0.1186E-11
     183 0.1137E-11
     184 0.1040E-11
     185 0.9702E-12
     185 0.9702E-12
SolveLinearSystem: Calculating nodal loads for: temperature
CalculateLoads: Computing boundary fluxes from nodal loads
CalculateLoads: temperature Flux over BC 1: -2.28528E+00
CalculateLoads: temperature Flux over BC 2:  1.14264E+00
CalculateLoads: temperature Flux over BC 3:  1.14264E+00
CalculateLoads: temperature Flux over all BCs:  5.65573E-10
ComputeNorm: Computing norm of solution
ComputeChange: NS (ITER=1) (NRM,RELC): (  381.28871      2.0000000     ) :: heat equation
HeatSolve: iter:    1 Assembly: (s)    6.84    6.84
HeatSolve: iter:    1 Solve:    (s)    5.85    5.85
HeatSolve:  Result Norm   :    381.28870849243901
HeatSolve:  Relative Change :    2.0000000000000000
DefaultFinish: Finished solver: heat equation
ComputeNorm: Computing norm of solution
ComputeChange: SS (ITER=1) (NRM,RELC): (  381.28871      2.0000000     ) :: heat equation
MAIN: 
MAIN: -------------------------------------
MAIN:  Steady state iteration:            2
MAIN: -------------------------------------
MAIN: 
SingleSolver: Attempting to call solver: 1
SingleSolver: Solver Equation string is: heat equation
HeatSolver: -------------------------------------------
HeatSolver: Solving the energy equation for temperature
DefaultStart: Starting solver: heat equation
HeatSolve: 
HeatSolve: 
HeatSolve: -------------------------------------
HeatSolve:  TEMPERATURE ITERATION           1
HeatSolve: -------------------------------------
HeatSolve: 
HeatSolve: Starting Assembly...
HeatSolve: Assembly:
: .....Saving bulk values for: heat equation
HeatSolve: Assembly done
DefUtils::DefaultDirichletBCs: Setting Dirichlet boundary conditions
EnforceDirichletConditions: Enforcing total of 2801 Dirichlet conditions.
EnforceDirichletConditions: Applying Dirichlet conditions using scaled diagonal
ScaleLinearSystem: Creating > DiagScaling < vector of size 224071
EnforceDirichletConditions: Dirichlet conditions enforced for dofs: 2801
DefaultSolve: Solving linear system with default routines
SolveSystem: Solving linear system
SolveLinearSystem: Assuming real valued linear system
SolveLinearSystem: Assuming serial linear system
ScaleLinearSystem: Creating > DiagScaling < vector of size 224071
SolveLinearSystem: Linear System Preconditioning: ilu1
Prec0-ilu1: Elapsed REAL time:     0.0000 (s)
SolveLinearSystem: Serial linear System Solver: iterative
IterSolver: Using iterative method: bicgstab
CRS_IncompleteLU: ILU(1) (Real), Performing Factorization:
CRS_IncompleteLU: ILU(1) (Real), NOF nonzeros:   6383302
CRS_IncompleteLU: ILU(1) (Real), filling (%) :       198
CRS_IncompleteLU: ILU(1) (Real), Factorization time (s):     0.18
Prec-ilu1: Elapsed REAL time:     0.1847 (s)
       1 0.1624E-11
       2 0.7362E-12
       2 0.7362E-12
SolveLinearSystem: Calculating nodal loads for: temperature
CalculateLoads: Computing boundary fluxes from nodal loads
CalculateLoads: temperature Flux over BC 1: -2.28528E+00
CalculateLoads: temperature Flux over BC 2:  1.14264E+00
CalculateLoads: temperature Flux over BC 3:  1.14264E+00
CalculateLoads: temperature Flux over all BCs:  5.31178E-10
ComputeNorm: Computing norm of solution
ComputeChange: NS (ITER=1) (NRM,RELC): (  381.28871     0.25697326E-11 ) :: heat equation
HeatSolve: iter:    1 Assembly: (s)    5.29    5.29
HeatSolve: iter:    1 Solve:    (s)    0.25    0.25
HeatSolve:  Result Norm   :    381.28870849341882
HeatSolve:  Relative Change :    2.5697325650594730E-012
DefaultFinish: Finished solver: heat equation
ComputeNorm: Computing norm of solution
ComputeChange: SS (ITER=2) (NRM,RELC): (  381.28871     0.25697326E-11 ) :: heat equation
SingleSolver: Attempting to call solver: 2
SingleSolver: Solver Equation string is: savescalars
SaveScalars: -----------------------------------------
SaveScalars: Saving scalar values of various kinds
SaveScalars: Performed 2 reduction operations
SaveScalars: Found 3 result scalars in simulation section
SaveScalars: Found 5 values to save in total
SaveScalars: Saving names of values to file: ./scalars.dat.names
SaveScalars: Saving values to file: ./scalars.dat
SaveScalars: -----------------------------------------
ReloadInputFile: Reloading input file
LoadInputFile: Loading input file:
MAIN: Reporting unused list entries for sif improvement!
MAIN: If you do not want these lines undefine > DEVEL_LISTUSAGE < !
   Unused keywords:
       Solver 1              linear system abort not converged
MAIN: *** Elmer Solver: ALL DONE ***
Loading user function library: [HeatSolve]...[HeatSolver_Finalize]
Loading user function library: [HeatSolve]...[HeatSolver_Finalize]
Loading user function library: [SaveData]...[SaveScalars_Finalize]
Loading user function library: [SaveData]...[SaveScalars_Finalize]
MAIN: The end
SOLVER TOTAL TIME(CPU,REAL):        21.97       22.70
ELMER SOLVER FINISHED AT: 2026/09/16 15:38:28
