Info    : Running '/opt/homebrew/bin/gmsh joint.geo -3 -format msh2 -o joint.msh -nt 1' [Gmsh 4.15.2-git, 1 node, max. 1 thread]
Info    : Started on Mon Sep 14 17:20:19 2026
Info    : Reading 'joint.geo'...
Info    : Done reading 'joint.geo'
Info    : Meshing 1D...
Info    : [  0%] Meshing curve 1 (Circle)
Info    : [ 10%] Meshing curve 2 (Line)
Info    : [ 10%] Meshing curve 3 (Circle)
Info    : [ 10%] Meshing curve 4 (Line)
Info    : [ 10%] Meshing curve 5 (Line)
Info    : [ 10%] Meshing curve 6 (Line)
Info    : [ 10%] Meshing curve 7 (Line)
Info    : [ 10%] Meshing curve 8 (Line)
Info    : [ 10%] Meshing curve 9 (Line)
Info    : [ 20%] Meshing curve 10 (Line)
Info    : [ 20%] Meshing curve 11 (Line)
Info    : [ 20%] Meshing curve 12 (Line)
Info    : [ 20%] Meshing curve 13 (Line)
Info    : [ 20%] Meshing curve 14 (Line)
Info    : [ 20%] Meshing curve 15 (Line)
Info    : [ 20%] Meshing curve 16 (Line)
Info    : [ 20%] Meshing curve 17 (Line)
Info    : [ 30%] Meshing curve 18 (Line)
Info    : [ 30%] Meshing curve 19 (Line)
Info    : [ 30%] Meshing curve 20 (Line)
Info    : [ 30%] Meshing curve 21 (Line)
Info    : [ 30%] Meshing curve 22 (Line)
Info    : [ 30%] Meshing curve 23 (Line)
Info    : [ 30%] Meshing curve 24 (Line)
Info    : [ 30%] Meshing curve 25 (Line)
Info    : [ 30%] Meshing curve 26 (Line)
Info    : [ 40%] Meshing curve 27 (Line)
Info    : [ 40%] Meshing curve 28 (Line)
Info    : [ 40%] Meshing curve 29 (Line)
Info    : [ 40%] Meshing curve 30 (Line)
Info    : [ 40%] Meshing curve 31 (Line)
Info    : [ 40%] Meshing curve 32 (Line)
Info    : [ 40%] Meshing curve 33 (Line)
Info    : [ 40%] Meshing curve 34 (Line)
Info    : [ 50%] Meshing curve 35 (Line)
Info    : [ 50%] Meshing curve 36 (Line)
Info    : [ 50%] Meshing curve 37 (Line)
Info    : [ 50%] Meshing curve 38 (Line)
Info    : [ 50%] Meshing curve 39 (Line)
Info    : [ 50%] Meshing curve 40 (Line)
Info    : [ 50%] Meshing curve 41 (Circle)
Info    : [ 50%] Meshing curve 42 (Circle)
Info    : [ 60%] Meshing curve 43 (Line)
Info    : [ 60%] Meshing curve 44 (Line)
Info    : [ 60%] Meshing curve 45 (Line)
Info    : [ 60%] Meshing curve 46 (Line)
Info    : [ 60%] Meshing curve 47 (Line)
Info    : [ 60%] Meshing curve 48 (Line)
Info    : [ 60%] Meshing curve 49 (Line)
Info    : [ 60%] Meshing curve 50 (Line)
Info    : [ 60%] Meshing curve 51 (Line)
Info    : [ 70%] Meshing curve 52 (Line)
Info    : [ 70%] Meshing curve 53 (Line)
Info    : [ 70%] Meshing curve 54 (Line)
Info    : [ 70%] Meshing curve 55 (Line)
Info    : [ 70%] Meshing curve 56 (Line)
Info    : [ 70%] Meshing curve 57 (Line)
Info    : [ 70%] Meshing curve 58 (Line)
Info    : [ 70%] Meshing curve 59 (Line)
Info    : [ 80%] Meshing curve 60 (Line)
Info    : [ 80%] Meshing curve 61 (Line)
Info    : [ 80%] Meshing curve 62 (Line)
Info    : [ 80%] Meshing curve 63 (Line)
Info    : [ 80%] Meshing curve 64 (Line)
Info    : [ 80%] Meshing curve 65 (Line)
Info    : [ 80%] Meshing curve 66 (Line)
Info    : [ 80%] Meshing curve 67 (Line)
Info    : [ 80%] Meshing curve 68 (Line)
Info    : [ 90%] Meshing curve 69 (Line)
Info    : [ 90%] Meshing curve 70 (Line)
Info    : [ 90%] Meshing curve 71 (Line)
Info    : [ 90%] Meshing curve 72 (Line)
Info    : [ 90%] Meshing curve 73 (Line)
Info    : [ 90%] Meshing curve 74 (Line)
Info    : [ 90%] Meshing curve 75 (Line)
Info    : [ 90%] Meshing curve 76 (Line)
Info    : [100%] Meshing curve 77 (Line)
Info    : [100%] Meshing curve 78 (Line)
Info    : [100%] Meshing curve 79 (Line)
Info    : [100%] Meshing curve 80 (Line)
Info    : [100%] Meshing curve 81 (Line)
Info    : [100%] Meshing curve 82 (Line)
Info    : [100%] Meshing curve 83 (Line)
Info    : [100%] Meshing curve 84 (Line)
Info    : Done meshing 1D (Wall 0.00878171s, CPU 0.008489s)
Info    : Meshing 2D...
Info    : [  0%] Meshing surface 1 (Cylinder, Frontal-Delaunay)
Info    : [ 10%] Meshing surface 2 (Plane, Frontal-Delaunay)
Info    : [ 10%] Meshing surface 3 (Plane, Frontal-Delaunay)
Info    : [ 10%] Meshing surface 4 (Plane, Frontal-Delaunay)
Info    : [ 10%] Meshing surface 5 (Plane, Frontal-Delaunay)
Info    : [ 20%] Meshing surface 6 (Plane, Frontal-Delaunay)
Info    : [ 20%] Meshing surface 7 (Plane, Frontal-Delaunay)
Info    : [ 20%] Meshing surface 8 (Plane, Frontal-Delaunay)
Info    : [ 20%] Meshing surface 9 (Plane, Frontal-Delaunay)
Info    : [ 30%] Meshing surface 10 (Plane, Frontal-Delaunay)
Info    : [ 30%] Meshing surface 11 (Plane, Frontal-Delaunay)
Info    : [ 30%] Meshing surface 12 (Plane, Frontal-Delaunay)
Info    : [ 30%] Meshing surface 13 (Plane, Frontal-Delaunay)
Info    : [ 40%] Meshing surface 14 (Plane, Frontal-Delaunay)
Info    : [ 40%] Meshing surface 15 (Plane, Frontal-Delaunay)
Info    : [ 40%] Meshing surface 16 (Plane, Frontal-Delaunay)
Info    : [ 40%] Meshing surface 17 (Plane, Frontal-Delaunay)
Info    : [ 50%] Meshing surface 18 (Plane, Frontal-Delaunay)
Info    : [ 50%] Meshing surface 19 (Cylinder, Frontal-Delaunay)
Info    : [ 50%] Meshing surface 20 (Plane, Frontal-Delaunay)
Info    : [ 50%] Meshing surface 21 (Plane, Frontal-Delaunay)
Info    : [ 60%] Meshing surface 22 (Plane, Frontal-Delaunay)
Info    : [ 60%] Meshing surface 23 (Plane, Frontal-Delaunay)
Info    : [ 60%] Meshing surface 24 (Plane, Frontal-Delaunay)
Info    : [ 60%] Meshing surface 25 (Plane, Frontal-Delaunay)
Info    : [ 70%] Meshing surface 26 (Plane, Frontal-Delaunay)
Info    : [ 70%] Meshing surface 27 (Plane, Frontal-Delaunay)
Info    : [ 70%] Meshing surface 28 (Plane, Frontal-Delaunay)
Info    : [ 70%] Meshing surface 29 (Plane, Frontal-Delaunay)
Info    : [ 80%] Meshing surface 30 (Plane, Frontal-Delaunay)
Info    : [ 80%] Meshing surface 31 (Plane, Frontal-Delaunay)
Info    : [ 80%] Meshing surface 32 (Plane, Frontal-Delaunay)
Info    : [ 80%] Meshing surface 33 (Plane, Frontal-Delaunay)
Info    : [ 90%] Meshing surface 34 (Plane, Frontal-Delaunay)
Info    : [ 90%] Meshing surface 35 (Plane, Frontal-Delaunay)
Info    : [ 90%] Meshing surface 36 (Plane, Frontal-Delaunay)
Info    : [ 90%] Meshing surface 37 (Plane, Frontal-Delaunay)
Info    : [100%] Meshing surface 38 (Plane, Frontal-Delaunay)
Info    : [100%] Meshing surface 39 (Plane, Frontal-Delaunay)
Info    : [100%] Meshing surface 40 (Plane, Frontal-Delaunay)
Info    : [100%] Meshing surface 41 (Plane, Frontal-Delaunay)
Info    : Done meshing 2D (Wall 0.133318s, CPU 0.132276s)
Info    : Meshing 3D...
Info    : 3D Meshing 4 volumes with 1 connected component
Info    : Tetrahedrizing 4440 nodes...
Info    : Done tetrahedrizing 4448 nodes (Wall 0.0292623s, CPU 0.02888s)
Info    : Reconstructing mesh...
Info    :  - Creating surface mesh
Info    :  - Identifying boundary edges
Info    :  - Recovering boundary
Info    : Done reconstructing mesh (Wall 0.0607944s, CPU 0.058968s)
Info    : Found volume 10
Info    : Found volume 21
Info    : Found volume 1
Info    : Found volume 20
Info    : It. 0 - 0 nodes created - worst tet radius 5.0456 (nodes removed 0 0)
Info    : It. 500 - 226 nodes created - worst tet radius 1.56431 (nodes removed 257 17)
Info    : It. 1000 - 393 nodes created - worst tet radius 1.31476 (nodes removed 529 78)
Info    : It. 1500 - 526 nodes created - worst tet radius 1.69041 (nodes removed 852 122)
Info    : It. 2000 - 681 nodes created - worst tet radius 1.08065 (nodes removed 1142 177)
Info    : It. 2500 - 859 nodes created - worst tet radius 1.00661 (nodes removed 1404 237)
Info    : 3D refinement terminated (5325 nodes total):
Info    :  - 0 Delaunay cavities modified for star shapeness
Info    :  - 1662 nodes could not be inserted
Info    :  - 28583 tetrahedra created in 0.0708932 sec. (403183 tets/s)
Info    : 137 node relocations
Info    : Done meshing 3D (Wall 0.228322s, CPU 0.224751s)
Info    : Optimizing mesh...
Info    : Optimizing volume 1
Info    : Optimization starts (volume = 2.45407e-09) with worst = 0.00539968 / average = 0.584692:
Info    : 0.00 < quality < 0.10 :        80 elements
Info    : 0.10 < quality < 0.20 :       170 elements
Info    : 0.20 < quality < 0.30 :       443 elements
Info    : 0.30 < quality < 0.40 :       495 elements
Info    : 0.40 < quality < 0.50 :       892 elements
Info    : 0.50 < quality < 0.60 :      4223 elements
Info    : 0.60 < quality < 0.70 :      3115 elements
Info    : 0.70 < quality < 0.80 :       966 elements
Info    : 0.80 < quality < 0.90 :       550 elements
Info    : 0.90 < quality < 1.00 :       361 elements
Info    : 276 edge swaps, 0 node relocations (volume = 2.45407e-09): worst = 0.0753478 / average = 0.594275 (Wall 0.00419704s, CPU 0.004111s)
Info    : 285 edge swaps, 0 node relocations (volume = 2.45407e-09): worst = 0.0753478 / average = 0.594424 (Wall 0.00671167s, CPU 0.006616s)
Info    : No ill-shaped tets in the mesh :-)
Info    : 0.00 < quality < 0.10 :         1 elements
Info    : 0.10 < quality < 0.20 :        90 elements
Info    : 0.20 < quality < 0.30 :       354 elements
Info    : 0.30 < quality < 0.40 :       490 elements
Info    : 0.40 < quality < 0.50 :       868 elements
Info    : 0.50 < quality < 0.60 :      4248 elements
Info    : 0.60 < quality < 0.70 :      3118 elements
Info    : 0.70 < quality < 0.80 :       923 elements
Info    : 0.80 < quality < 0.90 :       564 elements
Info    : 0.90 < quality < 1.00 :       380 elements
Info    : Optimizing volume 10
Info    : Optimization starts (volume = 9.62848e-08) with worst = 0.0137531 / average = 0.690072:
Info    : 0.00 < quality < 0.10 :        47 elements
Info    : 0.10 < quality < 0.20 :       116 elements
Info    : 0.20 < quality < 0.30 :       205 elements
Info    : 0.30 < quality < 0.40 :       288 elements
Info    : 0.40 < quality < 0.50 :       688 elements
Info    : 0.50 < quality < 0.60 :      1577 elements
Info    : 0.60 < quality < 0.70 :      2275 elements
Info    : 0.70 < quality < 0.80 :      3085 elements
Info    : 0.80 < quality < 0.90 :      1980 elements
Info    : 0.90 < quality < 1.00 :       959 elements
Info    : 356 edge swaps, 6 node relocations (volume = 9.62848e-08): worst = 0.253489 / average = 0.707768 (Wall 0.00332608s, CPU 0.003282s)
Info    : 359 edge swaps, 7 node relocations (volume = 9.62848e-08): worst = 0.256777 / average = 0.707922 (Wall 0.00382637s, CPU 0.003768s)
Info    : 360 edge swaps, 8 node relocations (volume = 9.62848e-08): worst = 0.256777 / average = 0.70796 (Wall 0.00428233s, CPU 0.004219s)
Info    : No ill-shaped tets in the mesh :-)
Info    : 0.00 < quality < 0.10 :         0 elements
Info    : 0.10 < quality < 0.20 :         0 elements
Info    : 0.20 < quality < 0.30 :         2 elements
Info    : 0.30 < quality < 0.40 :       272 elements
Info    : 0.40 < quality < 0.50 :       696 elements
Info    : 0.50 < quality < 0.60 :      1572 elements
Info    : 0.60 < quality < 0.70 :      2234 elements
Info    : 0.70 < quality < 0.80 :      3158 elements
Info    : 0.80 < quality < 0.90 :      2004 elements
Info    : 0.90 < quality < 1.00 :       958 elements
Info    : Optimizing volume 20
Info    : Optimization starts (volume = 2.63361e-09) with worst = 0.429661 / average = 0.685232:
Info    : 0.00 < quality < 0.10 :         0 elements
Info    : 0.10 < quality < 0.20 :         0 elements
Info    : 0.20 < quality < 0.30 :         0 elements
Info    : 0.30 < quality < 0.40 :         0 elements
Info    : 0.40 < quality < 0.50 :        20 elements
Info    : 0.50 < quality < 0.60 :        45 elements
Info    : 0.60 < quality < 0.70 :        39 elements
Info    : 0.70 < quality < 0.80 :        61 elements
Info    : 0.80 < quality < 0.90 :        36 elements
Info    : 0.90 < quality < 1.00 :         8 elements
Info    : No ill-shaped tets in the mesh :-)
Info    : 0.00 < quality < 0.10 :         0 elements
Info    : 0.10 < quality < 0.20 :         0 elements
Info    : 0.20 < quality < 0.30 :         0 elements
Info    : 0.30 < quality < 0.40 :         0 elements
Info    : 0.40 < quality < 0.50 :        20 elements
Info    : 0.50 < quality < 0.60 :        45 elements
Info    : 0.60 < quality < 0.70 :        39 elements
Info    : 0.70 < quality < 0.80 :        61 elements
Info    : 0.80 < quality < 0.90 :        36 elements
Info    : 0.90 < quality < 1.00 :         8 elements
Info    : Optimizing volume 21
Info    : Optimization starts (volume = 3.60235e-09) with worst = 6.16855e-07 / average = 0.514745:
Info    : 0.00 < quality < 0.10 :        78 elements
Info    : 0.10 < quality < 0.20 :       336 elements
Info    : 0.20 < quality < 0.30 :       627 elements
Info    : 0.30 < quality < 0.40 :       709 elements
Info    : 0.40 < quality < 0.50 :       884 elements
Info    : 0.50 < quality < 0.60 :      1127 elements
Info    : 0.60 < quality < 0.70 :       989 elements
Info    : 0.70 < quality < 0.80 :       612 elements
Info    : 0.80 < quality < 0.90 :       355 elements
Info    : 0.90 < quality < 1.00 :       142 elements
Info    : 295 edge swaps, 66 node relocations (volume = 3.60235e-09): worst = 4.4777e-05 / average = 0.530657 (Wall 0.00988088s, CPU 0.00982s)
Info    : 352 edge swaps, 100 node relocations (volume = 3.60235e-09): worst = 4.4777e-05 / average = 0.531929 (Wall 0.0184173s, CPU 0.018334s)
Info    : 0.00 < quality < 0.10 :         5 elements
Info    : 0.10 < quality < 0.20 :       187 elements
Info    : 0.20 < quality < 0.30 :       497 elements
Info    : 0.30 < quality < 0.40 :       748 elements
Info    : 0.40 < quality < 0.50 :       869 elements
Info    : 0.50 < quality < 0.60 :      1115 elements
Info    : 0.60 < quality < 0.70 :       975 elements
Info    : 0.70 < quality < 0.80 :       636 elements
Info    : 0.80 < quality < 0.90 :       349 elements
Info    : 0.90 < quality < 1.00 :       152 elements
Info    : Done optimizing mesh (Wall 0.0433592s, CPU 0.042773s)
Info    : 5325 nodes 37577 elements
Info    : Writing 'joint.msh'...
Info    : Done writing 'joint.msh'
Info    : Stopped on Mon Sep 14 17:20:20 2026 (From start: Wall 0.515323s, CPU 0.54422s)

--- stderr ---
Warning : 1 ill-shaped tets are still in the mesh
Warning : ------------------------------
Warning : Mesh generation error summary
Warning :     1 warning
Warning :     0 errors
Warning : Check the full log for details
Warning : ------------------------------
