{
  "schema": "rtd_observed_faults.v2",
  "generated_date": "2026-09-10",
  "scope": "standalone RTD unit observed model outputs; separate from expected fault contract",
  "producer": "rtd_observed_faults.py",
  "source_model_hashes": {
    "rtdin_transient_model.py": "1cab91630f8d1b4229b5f15a34ffd1b88a4a0d04e07299c4811b76e18db7429f",
    "rtdin_transient_model_results.txt": "43907ccb35f72d2d07ae506881198a052aaf6327cf2f760355e111d03d458d74",
    "rtdin_comparator_model.py": "46df61023950e23949d73d0dec78417b5b4decc0f934879091f4fabbc41d992a",
    "rtdin_comparator_model_results.txt": "8f028402bc5bbc3c58c175ba7b415ac2e05ff74f589dc75c3a91445b60a8666d",
    "rtdin_comparator_window.cir": "9ca9386d1a0565f6708cdbfce89a2bbe5a4e0de7faffd0d0b9326181759c123e",
    "rtd_short10_spice_receipt.txt": "040e6fa0d1f150feb5f1a646ea5adec08f1294c4d6912c20fbbf8f85df5d9d26",
    "rail_monitor_bounds.txt": "f956500f981e683dc67688d62a95bc30177ed5091333ec5eb535c4c13230f824",
    "fault_nand_upstream_power_and_bypass.patch": "09f0c4c455227b383f9b01aeaa1eec298cb8008beb2b03f73dd691a58e2d2c6b",
    "rtd_observed_faults.py": "e754081f93921c53f333492bdc8fc29071d89f17d198baafc28e1e8f4929d0b9"
  },
  "timing": {
    "actual_model_max_detect_ms": 0.32906499999999994,
    "analytic_max_rc_bound_ms": 1.323576,
    "rounded_hardware_detector_budget_ms": 2.0,
    "fault_overdrive_v": 0.02,
    "tlv3201_propagation_ns": 55,
    "logic_delay_assumption_ns": 10,
    "output_load_assumption_pf": 15,
    "max_rc_assumption": "Rdiag=1.057 Mohm, Rwindow=102 kohm, Cbound=1.30 nF, monotonic passive RC"
  },
  "local_supply_budget": {
    "limit_ma": 10.0,
    "max_active_ma": 3.5,
    "max_bias_load_ma": 3.874686,
    "diagnostic_load_ua": 4.364,
    "two_tlv3201_active_ua": 130.0,
    "two_logic_active_ua": 20.0,
    "total_bound_ma": 7.52905,
    "remaining_margin_ma": 2.47095,
    "short_0ohm_max_bias_load_ma": 4.794533,
    "short_0ohm_total_bound_ma": 8.448898,
    "short_0ohm_remaining_margin_ma": 1.551102,
    "status": "PASS"
  },
  "shared_reference_budget": {
    "part": "REF2025AIDDCR",
    "net": "SHARED_REF_2V5",
    "internal_vbias_divider_load_ua": 96.242,
    "external_load_max_ua": 100.0,
    "external_capacitance_max_nf": 10.0,
    "downstream_input_bias_assumption_na_each": 5.0,
    "output_limit_ma": 20.0,
    "status": "PASS_BOUNDED_LOAD"
  },
  "fault_sink_interface": {
    "net": "RTD_HW_FAULT",
    "pullup_ohm": 10000.0,
    "external_capacitance_max_pf": 100.0,
    "rise_to_70_percent_us": 1.205,
    "downstream_sink_handoff_budget_ms": 15.0,
    "status": "BOUNDARY_CONTRACT"
  },
  "observed_faults": [
    {
      "name": "force_plus_open",
      "observed_class": "LOW_COMPARATOR_FAULT",
      "observed_detected": true,
      "observation_status": "MODELED_TRANSIENT",
      "observed_detect_ms": 0.001065,
      "observed_latency_ms": 0.001065,
      "worst_final_target_margin_v": -0.179477,
      "bound_ms": 1.323576,
      "source_model": "rtdin_transient_model.py",
      "source_model_sha256": "1cab91630f8d1b4229b5f15a34ffd1b88a4a0d04e07299c4811b76e18db7429f"
    },
    {
      "name": "force_minus_open",
      "observed_class": "HIGH_COMPARATOR_FAULT",
      "observed_detected": true,
      "observation_status": "MODELED_TRANSIENT",
      "observed_detect_ms": 0.001065,
      "observed_latency_ms": 0.001065,
      "worst_final_target_margin_v": -1.271422,
      "bound_ms": 1.323576,
      "source_model": "rtdin_transient_model.py",
      "source_model_sha256": "1cab91630f8d1b4229b5f15a34ffd1b88a4a0d04e07299c4811b76e18db7429f"
    },
    {
      "name": "sense_plus_open",
      "observed_class": "HIGH_COMPARATOR_FAULT",
      "observed_detected": true,
      "observation_status": "MODELED_TRANSIENT",
      "observed_detect_ms": 0.32906499999999994,
      "observed_latency_ms": 0.32906499999999994,
      "worst_final_target_margin_v": -1.244169,
      "bound_ms": 1.323576,
      "source_model": "rtdin_transient_model.py",
      "source_model_sha256": "1cab91630f8d1b4229b5f15a34ffd1b88a4a0d04e07299c4811b76e18db7429f"
    },
    {
      "name": "sense_minus_open",
      "observed_class": "LOW_COMPARATOR_FAULT",
      "observed_detected": true,
      "observation_status": "MODELED_TRANSIENT",
      "observed_detect_ms": 0.046065,
      "observed_latency_ms": 0.046065,
      "worst_final_target_margin_v": -0.911779,
      "bound_ms": 1.323576,
      "source_model": "rtdin_transient_model.py",
      "source_model_sha256": "1cab91630f8d1b4229b5f15a34ffd1b88a4a0d04e07299c4811b76e18db7429f"
    },
    {
      "name": "healthy_pt100_window",
      "observed_class": "WINDOW_CLEAR_NO_FAULT",
      "observed_detected": false,
      "observation_status": "MODELED_STATIC_CORNERS",
      "observed_latency_ms": null,
      "healthy_margin_v": {
        "100.0": {
          "low_min_margin_v": 0.186101645,
          "high_min_margin_v": 0.386403955
        },
        "194.1": {
          "low_min_margin_v": 0.423960244,
          "high_min_margin_v": 0.135419237
        }
      },
      "source_model": "rtdin_comparator_model_results.txt",
      "source_model_sha256": "8f028402bc5bbc3c58c175ba7b415ac2e05ff74f589dc75c3a91445b60a8666d"
    },
    {
      "name": "rtd_short_le_10ohm",
      "observed_class": "LOW_COMPARATOR_FAULT",
      "observed_detected": true,
      "observation_status": "NOMINAL_NGSPICE_DC_PLUS_PASSIVE_BOUND",
      "observed_window": 0.0,
      "observed_lowok": 0.0,
      "observed_highok": 3.3,
      "observed_detect_ms": 0.001065,
      "observed_latency_ms": 0.001065,
      "bound_ms": 1.323576,
      "timing_bound_status": "MODELED_TRANSIENT_RC_ENVELOPE",
      "transient_cases": [
        {
          "initial_rtd_ohm": 100.0,
          "target_rtd_ohm": 10.0,
          "observed_detect_ms": 0.001065,
          "observed_latency_ms": 0.001065,
          "final_low_margin_v": -0.13238
        },
        {
          "initial_rtd_ohm": 100.0,
          "target_rtd_ohm": 0.0,
          "observed_detect_ms": 0.001065,
          "observed_latency_ms": 0.001065,
          "final_low_margin_v": -0.179027
        },
        {
          "initial_rtd_ohm": 194.1,
          "target_rtd_ohm": 10.0,
          "observed_detect_ms": 0.001065,
          "observed_latency_ms": 0.001065,
          "final_low_margin_v": -0.13238
        },
        {
          "initial_rtd_ohm": 194.1,
          "target_rtd_ohm": 0.0,
          "observed_detect_ms": 0.001065,
          "observed_latency_ms": 0.001065,
          "final_low_margin_v": -0.179027
        }
      ],
      "source_model": "rtdin_transient_model_results.txt",
      "source_model_sha256": "43907ccb35f72d2d07ae506881198a052aaf6327cf2f760355e111d03d458d74",
      "static_observation_source": "rtd_short10_spice_receipt.txt",
      "static_observation_source_sha256": "040e6fa0d1f150feb5f1a646ea5adec08f1294c4d6912c20fbbf8f85df5d9d26"
    },
    {
      "name": "bias_startup_transition",
      "observed_class": "STARTUP_MASKED_UNTIL_VALID_SAMPLE",
      "observed_detected": true,
      "observation_status": "CONTRACT_SEQUENCE_MODEL",
      "startup_open_bound_ms": 90.0,
      "observed_latency_ms": 90.0,
      "ready_before_first_valid_sample": false,
      "source_model": "rtd_contract.json startup sequence",
      "behavior": "BIAS settle, diagnostic/window qualification, and first valid continuous conversion precede readiness; startup fault remains masked until that sample."
    },
    {
      "name": "local_rtd_avdd_loss",
      "observed_class": "RAIL_MONITOR_FAULT_OWNER",
      "observed_detected": true,
      "observation_status": "BOUNDED_THRESHOLD_AND_NAND_TRUTH",
      "falling_trip_v_min": 3.006009934549,
      "falling_trip_v_max": 3.089235504007,
      "rising_clear_v_min": 3.092085094442,
      "rising_clear_v_max": 3.114708050363,
      "local_valid_rail_min_v": 3.1332,
      "detection_condition": "falling_trip_min > MAX31865_min_supply and rising_clear_max < local_valid_rail_min",
      "powered_comparator_result": "UNASSERTED_WHILE_LOCAL_VDD_ABSENT",
      "observed_latency_ms": null,
      "fault_owner": "TPS389001 rail monitor + upstream-powered SN74LVC1G38",
      "source_model": "rail_monitor_bounds.txt",
      "source_model_sha256": "f956500f981e683dc67688d62a95bc30177ed5091333ec5eb535c4c13230f824",
      "source_topology_sha256": "09f0c4c455227b383f9b01aeaa1eec298cb8008beb2b03f73dd691a58e2d2c6b"
    },
    {
      "name": "upstream_3v3_loss",
      "observed_class": "SYSTEM_DISABLE_REQUIRED",
      "observed_detected": null,
      "observation_status": "EXTERNAL_POWER_LOSS_NOT_SIMULATED",
      "observed_latency_ms": null,
      "powered_hardware_detection_guaranteed": false,
      "host_inhibit_required": true,
      "observed_behavior": "Unit supply and pullups disappear; downstream safety disable must own this condition. No RTD comparator timing result is claimed.",
      "bound_ms": null,
      "source_model": "system safety interface",
      "source_model_sha256": null
    },
    {
      "name": "local_rtd_avdd_loss_passive_window",
      "observed_class": "FAULT_OWNER_MONITOR",
      "observed_detected": false,
      "observation_status": "PASSIVE_COLLAPSE_MODEL_ONLY",
      "required_runtime_case": false,
      "supplemental_observation": true,
      "observed_latency_ms": null,
      "observed_window_margin_low_v": -0.179698,
      "observed_window_margin_high_v": 0.783722,
      "source_model": "rtdin_transient_model_results.txt",
      "source_model_sha256": "43907ccb35f72d2d07ae506881198a052aaf6327cf2f760355e111d03d458d74",
      "behavior": "Diagnostic passive collapse is recorded separately; it is not used as the powered fault detector while local VDD is absent."
    }
  ],
  "physical_status": "NOT RUN"
}
