Info    : Running '/opt/homebrew/bin/gmsh neck.geo -3 -format msh2 -o neck.msh -nt 1' [Gmsh 4.15.2-git, 1 node, max. 1 thread]
Info    : Started on Mon Sep 14 10:00:28 2026
Info    : Reading 'neck.geo'...
Info    : Cannot bind existing OpenCASCADE surface 1 to second tag 2
Info    : Could not preserve tag of 2D object 2 (->1)
Info    : Cannot bind existing OpenCASCADE surface 1 to second tag 3
Info    : Could not preserve tag of 2D object 3 (->1)
Info    : Cannot bind existing OpenCASCADE surface 1 to second tag 5
Info    : Could not preserve tag of 2D object 5 (->1)
Info    : Done reading 'neck.geo'
Info    : Meshing 1D...
Info    : [  0%] Meshing curve 1 (Line)
Info    : [ 10%] Meshing curve 2 (Line)
Info    : [ 10%] Meshing curve 3 (Ellipse)
Info    : [ 10%] Meshing curve 4 (Ellipse)
Info    : [ 10%] Meshing curve 5 (Line)
Info    : [ 20%] Meshing curve 6 (Line)
Info    : [ 20%] Meshing curve 7 (Line)
Info    : [ 20%] Meshing curve 8 (Line)
Info    : [ 20%] Meshing curve 9 (Line)
Info    : [ 30%] Meshing curve 10 (Line)
Info    : [ 30%] Meshing curve 11 (Line)
Info    : [ 30%] Meshing curve 12 (Ellipse)
Info    : [ 30%] Meshing curve 13 (Line)
Info    : [ 40%] Meshing curve 14 (Line)
Info    : [ 40%] Meshing curve 15 (Ellipse)
Info    : [ 40%] Meshing curve 16 (Circle)
Info    : [ 40%] Meshing curve 17 (Line)
Info    : [ 50%] Meshing curve 18 (Ellipse)
Info    : [ 50%] Meshing curve 19 (Line)
Info    : [ 50%] Meshing curve 20 (Line)
Info    : [ 50%] Meshing curve 21 (Ellipse)
Info    : [ 60%] Meshing curve 22 (Circle)
Info    : [ 60%] Meshing curve 23 (Line)
Info    : [ 60%] Meshing curve 24 (Line)
Info    : [ 60%] Meshing curve 25 (Line)
Info    : [ 60%] Meshing curve 26 (Line)
Info    : [ 70%] Meshing curve 27 (Line)
Info    : [ 70%] Meshing curve 28 (Line)
Info    : [ 70%] Meshing curve 29 (Line)
Info    : [ 70%] Meshing curve 30 (Line)
Info    : [ 80%] Meshing curve 31 (Line)
Info    : [ 80%] Meshing curve 32 (Line)
Info    : [ 80%] Meshing curve 33 (Line)
Info    : [ 80%] Meshing curve 34 (Line)
Info    : [ 90%] Meshing curve 35 (Line)
Info    : [ 90%] Meshing curve 36 (Line)
Info    : [ 90%] Meshing curve 37 (Line)
Info    : [ 90%] Meshing curve 38 (Line)
Info    : [100%] Meshing curve 39 (Line)
Info    : [100%] Meshing curve 40 (Line)
Info    : [100%] Meshing curve 41 (Circle)
Info    : [100%] Meshing curve 42 (Line)
Info    : Done meshing 1D (Wall 0.00189925s, CPU 0.001741s)
Info    : Meshing 2D...
Info    : [  0%] Meshing surface 1 (Unknown, Frontal-Delaunay)
Info    : [ 10%] Meshing surface 2 (Plane, Frontal-Delaunay)
Info    : [ 20%] Meshing surface 3 (Plane, Frontal-Delaunay)
Info    : [ 20%] Meshing surface 4 (Plane, Frontal-Delaunay)
Info    : [ 30%] Meshing surface 5 (Plane, Frontal-Delaunay)
Info    : [ 30%] Meshing surface 6 (Plane, Frontal-Delaunay)
Info    : [ 40%] Meshing surface 7 (Unknown, Frontal-Delaunay)
Info    : [ 40%] Meshing surface 8 (Plane, Frontal-Delaunay)
Info    : [ 50%] Meshing surface 9 (Plane, Frontal-Delaunay)
Info    : [ 60%] Meshing surface 10 (Unknown, Frontal-Delaunay)
Info    : [ 60%] Meshing surface 11 (Cylinder, Frontal-Delaunay)
Info    : [ 70%] Meshing surface 12 (Plane, Frontal-Delaunay)
Info    : [ 70%] Meshing surface 13 (Plane, Frontal-Delaunay)
Info    : [ 80%] Meshing surface 14 (Plane, Frontal-Delaunay)
Info    : [ 80%] Meshing surface 15 (Plane, Frontal-Delaunay)
Info    : [ 90%] Meshing surface 16 (Plane, Frontal-Delaunay)
Info    : [ 90%] Meshing surface 17 (Plane, Frontal-Delaunay)
Info    : [100%] Meshing surface 18 (Cylinder, Frontal-Delaunay)
Info    : Done meshing 2D (Wall 0.0812565s, CPU 0.079039s)
Info    : Meshing 3D...
Info    : 3D Meshing 2 volumes with 1 connected component
Info    : Tetrahedrizing 4401 nodes...
Info    : Done tetrahedrizing 4409 nodes (Wall 0.0292545s, CPU 0.028198s)
Info    : Reconstructing mesh...
Info    :  - Creating surface mesh
Info    :  - Identifying boundary edges
Info    :  - Recovering boundary
Info    :  - Added 8 Steiner points
Info    : Done reconstructing mesh (Wall 0.0738896s, CPU 0.070489s)
Info    : Found volume 31
Info    : Found volume 1
Info    : It. 0 - 0 nodes created - worst tet radius 3.9817 (nodes removed 0 0)
Info    : It. 500 - 500 nodes created - worst tet radius 1.73691 (nodes removed 0 0)
Info    : It. 1000 - 1000 nodes created - worst tet radius 1.43677 (nodes removed 0 0)
Info    : It. 1500 - 1500 nodes created - worst tet radius 1.29388 (nodes removed 0 0)
Info    : It. 2000 - 2000 nodes created - worst tet radius 1.19388 (nodes removed 0 0)
Info    : It. 2500 - 2500 nodes created - worst tet radius 1.11229 (nodes removed 0 0)
Info    : It. 3000 - 3000 nodes created - worst tet radius 1.05509 (nodes removed 0 0)
Info    : It. 3500 - 3498 nodes created - worst tet radius 1.00634 (nodes removed 0 2)
Info    : 3D refinement terminated (7996 nodes total):
Info    :  - 0 Delaunay cavities modified for star shapeness
Info    :  - 2 nodes could not be inserted
Info    :  - 37634 tetrahedra created in 0.120582 sec. (312102 tets/s)
Info    : 1 node relocations
Info    : Done meshing 3D (Wall 0.266701s, CPU 0.255855s)
Info    : Optimizing mesh...
Info    : Optimizing volume 1
Info    : Optimization starts (volume = 1.32143e-09) with worst = 3.63398e-05 / average = 0.621426:
Info    : 0.00 < quality < 0.10 :        53 elements
Info    : 0.10 < quality < 0.20 :        11 elements
Info    : 0.20 < quality < 0.30 :        19 elements
Info    : 0.30 < quality < 0.40 :        85 elements
Info    : 0.40 < quality < 0.50 :        40 elements
Info    : 0.50 < quality < 0.60 :       180 elements
Info    : 0.60 < quality < 0.70 :      3056 elements
Info    : 0.70 < quality < 0.80 :       112 elements
Info    : 0.80 < quality < 0.90 :         3 elements
Info    : 0.90 < quality < 1.00 :         0 elements
Info    : 67 edge swaps, 4 node relocations (volume = 1.32143e-09): worst = 4.52539e-05 / average = 0.630833 (Wall 0.000962375s, CPU 0.000919s)
Info    : 71 edge swaps, 5 node relocations (volume = 1.32143e-09): worst = 4.52539e-05 / average = 0.630488 (Wall 0.00120458s, CPU 0.001155s)
Info    : 0.00 < quality < 0.10 :         7 elements
Info    : 0.10 < quality < 0.20 :         0 elements
Info    : 0.20 < quality < 0.30 :        11 elements
Info    : 0.30 < quality < 0.40 :        89 elements
Info    : 0.40 < quality < 0.50 :        38 elements
Info    : 0.50 < quality < 0.60 :       174 elements
Info    : 0.60 < quality < 0.70 :      3062 elements
Info    : 0.70 < quality < 0.80 :       110 elements
Info    : 0.80 < quality < 0.90 :         2 elements
Info    : 0.90 < quality < 1.00 :         0 elements
Info    : Optimizing volume 31
Info    : Optimization starts (volume = 5.47255e-08) with worst = 0.0138202 / average = 0.774777:
Info    : 0.00 < quality < 0.10 :        75 elements
Info    : 0.10 < quality < 0.20 :       240 elements
Info    : 0.20 < quality < 0.30 :       367 elements
Info    : 0.30 < quality < 0.40 :       559 elements
Info    : 0.40 < quality < 0.50 :       896 elements
Info    : 0.50 < quality < 0.60 :      1580 elements
Info    : 0.60 < quality < 0.70 :      3907 elements
Info    : 0.70 < quality < 0.80 :      8215 elements
Info    : 0.80 < quality < 0.90 :     12184 elements
Info    : 0.90 < quality < 1.00 :      6052 elements
Info    : 674 edge swaps, 28 node relocations (volume = 5.47255e-08): worst = 0.125954 / average = 0.787671 (Wall 0.00788479s, CPU 0.00764s)
Info    : 682 edge swaps, 28 node relocations (volume = 5.47255e-08): worst = 0.300186 / average = 0.787776 (Wall 0.009107s, CPU 0.008855s)
Info    : No ill-shaped tets in the mesh :-)
Info    : 0.00 < quality < 0.10 :         0 elements
Info    : 0.10 < quality < 0.20 :         0 elements
Info    : 0.20 < quality < 0.30 :         0 elements
Info    : 0.30 < quality < 0.40 :       549 elements
Info    : 0.40 < quality < 0.50 :       849 elements
Info    : 0.50 < quality < 0.60 :      1527 elements
Info    : 0.60 < quality < 0.70 :      3892 elements
Info    : 0.70 < quality < 0.80 :      8264 elements
Info    : 0.80 < quality < 0.90 :     12328 elements
Info    : 0.90 < quality < 1.00 :      6040 elements
Info    : Done optimizing mesh (Wall 0.031076s, CPU 0.029748s)
Info    : 7996 nodes 46483 elements
Info    : Writing 'neck.msh'...
Info    : Done writing 'neck.msh'
Info    : Stopped on Mon Sep 14 10:00:28 2026 (From start: Wall 0.464038s, CPU 0.510039s)
