ELMER SOLVER (v 26.2) STARTED AT: 2026/09/14 17:22:44
ParCommInit: Initialize #PEs: 1
MAIN: 
MAIN: =============================================================
MAIN: ElmerSolver finite element software, Welcome!
MAIN: This program is free software licensed under (L)GPL
MAIN: Copyright 1st April 1995 - , CSC - IT Center for Science Ltd.
MAIN: Webpage http://www.csc.fi/elmer, Email elmeradm@csc.fi
MAIN: Version: 26.2-unknown (Rev: a19504a, Compiled: 2026-09-12)
MAIN:  Running one task without MPI parallelization.
MAIN:  Running with just one thread per task.
MAIN: =============================================================
MAIN: 
MAIN: 
MAIN: -------------------------------------
MAIN: Reading Model: case.sif
LoadInputFile: Scanning input file: case.sif
LoadInputFile: Scanning only size info
LoadInputFile: First time visiting
LoadInputFile: Reading base load of sif file
CheckKeyword: Found keyword type assuming suffix 1 for: variable 2
CheckKeyword: Found keyword type assuming suffix 1 for: variable 2
CheckKeyword: Found keyword type assuming suffix 1 for: operator 2
CheckKeyword: Found keyword type assuming suffix 1 for: operator 2
CheckKeyword: Found keyword type assuming suffix 1 for: variable 3
CheckKeyword: Found keyword type assuming suffix 1 for: variable 3
CheckKeyword: Found keyword type assuming suffix 1 for: operator 3
CheckKeyword: Found keyword type assuming suffix 1 for: operator 3
CheckKeyword: Found keyword type assuming suffix 1 for: variable 4
CheckKeyword: Found keyword type assuming suffix 1 for: variable 4
CheckKeyword: Found keyword type assuming suffix 1 for: operator 4
CheckKeyword: Found keyword type assuming suffix 1 for: operator 4
LoadInputFile: Loading input file: case.sif
LoadInputFile: Reading base load of sif file
CheckKeyword: Found keyword type assuming suffix 1 for: variable 2
CheckKeyword: Found keyword type assuming suffix 1 for: variable 2
CheckKeyword: Found keyword type assuming suffix 1 for: operator 2
CheckKeyword: Found keyword type assuming suffix 1 for: operator 2
CheckKeyword: Found keyword type assuming suffix 1 for: variable 3
CheckKeyword: Found keyword type assuming suffix 1 for: variable 3
CheckKeyword: Found keyword type assuming suffix 1 for: operator 3
CheckKeyword: Found keyword type assuming suffix 1 for: operator 3
CheckKeyword: Found keyword type assuming suffix 1 for: variable 4
CheckKeyword: Found keyword type assuming suffix 1 for: variable 4
CheckKeyword: Found keyword type assuming suffix 1 for: operator 4
CheckKeyword: Found keyword type assuming suffix 1 for: operator 4
LoadInputFile: Number of BCs: 3
LoadInputFile: Number of Body Forces: 1
LoadInputFile: Number of Initial Conditions: 1
LoadInputFile: Number of Materials: 4
LoadInputFile: Number of Equations: 2
LoadInputFile: Number of Solvers: 3
LoadInputFile: Number of Bodies: 4
Loading user function library: [StatCurrentSolve]...[StatCurrentSolver_Init0]
Loading user function library: [StatCurrentSolve]...[StatCurrentSolver_Init0]
Loading user function library: [HeatSolve]...[HeatSolver_Init0]
Loading user function library: [HeatSolve]...[HeatSolver_Init0]
Loading user function library: [SaveData]...[SaveScalars_Init0]
Loading user function library: [SaveData]...[SaveScalars_Init0]
LoadMesh: Loading serial mesh!
ElmerMeshReader: Performing step: 1
ElmerMeshReader: Base mesh name: ./mesh
ReadHeaderFile: Reading header info from file: ./mesh/mesh.header
InitializeMesh: Number of nodes in mesh: 14270
InitializeMesh: Number of bulk elements in mesh: 73871
InitializeMesh: Number of boundary elements in mesh: 285
InitializeMesh: Initial number of max element nodes: 4
ElmerMeshReader: Performing step: 2
ReadNodesFile: Reading nodes from file: ./mesh/mesh.nodes
SetMeshDimension: Dimension of mesh is: 3
SetMeshDimension: Max dimension of mesh is: 3
ElmerMeshReader: Performing step: 3
ReadElementsFile: Reading bulk elements from file: ./mesh/mesh.elements
ElmerMeshReader: Performing step: 4
ReadBoundaryFile: Reading boundary elements from file: ./mesh/mesh.boundary
PermuteNodeNumbering: Performing node mapping
MapBodiesAndBCs: Remapping bodies
MapBodiesAndBCs: Minimum initial body index: 1
MapBodiesAndBCs: Maximum initial body index: 4
MapBodiesAndBCs: Remapping boundaries
MapBodiesAndBCs: Minimum initial boundary index: 11
MapBodiesAndBCs: Maximum initial boundary index: 14
ElmerMeshReader: Performing step: 5
ElmerMeshReader: Performing step: 6
LoadMesh: Loading mesh done
LoadMesh: Preparing mesh done
LoadMesh: Elapsed REAL time:     0.0399 (s)
MeshStabParams: Computing stabilization parameters
MeshStabParams: Elapsed REAL time:     0.0067 (s)
LoadModel: Defined radition solver by Equation name "heat equation"
MAIN: -------------------------------------
AddMeshCoordinates: Setting mesh coordinates and time
AddSolvers: Setting up 3 solvers
AddSolvers: Setting up solver 1: stat current
AddEquationBasics: Using procedure: StatCurrentSolve StatCurrentSolver
AddEquationBasics: Setting up solver: stat current
Loading user function library: [StatCurrentSolve]...[StatCurrentSolver_Init]
Loading user function library: [StatCurrentSolve]...[StatCurrentSolver_bulk]
Loading user function library: [StatCurrentSolve]...[StatCurrentSolver_bulk]
Loading user function library: [StatCurrentSolve]...[StatCurrentSolver]
AddEquationBasics: Creating standard variable: potential
OptimizeBandwidth: ---------------------------------------------------------
OptimizeBandwidth: Computing matrix structure for: stat current
OptimizeBandwidth: Initial bandwidth for stat current: 6669
OptimizeBandwidth: Optimized bandwidth for stat current: 1117
OptimizeBandwidth: ---------------------------------------------------------
AddSolvers: Setting up solver 2: heat equation
AddEquationBasics: Setting up keywords internally for legacy solver: heat equation
AddEquationBasics: Using procedure: HeatSolve HeatSolver
AddEquationBasics: Setting up solver: heat equation
Loading user function library: [HeatSolve]...[HeatSolver_Init]
Loading user function library: [HeatSolve]...[HeatSolver_bulk]
Loading user function library: [HeatSolve]...[HeatSolver_bulk]
Loading user function library: [HeatSolve]...[HeatSolver]
AddEquationBasics: Creating standard variable: temperature
OptimizeBandwidth: ---------------------------------------------------------
OptimizeBandwidth: Computing matrix structure for: heat equation
OptimizeBandwidth: Initial bandwidth for heat equation: 14185
OptimizeBandwidth: Optimized bandwidth for heat equation: 1303
OptimizeBandwidth: ---------------------------------------------------------
AddSolvers: Setting up solver 3: savescalars
AddEquationBasics: Using procedure: SaveData SaveScalars
AddEquationBasics: Setting up solver: savescalars
Loading user function library: [SaveData]...[SaveScalars_Init]
Loading user function library: [SaveData]...[SaveScalars_bulk]
Loading user function library: [SaveData]...[SaveScalars_bulk]
Loading user function library: [SaveData]...[SaveScalars]
AddTimeEtc: Setting time and other global variables
MAIN: Random seed initialized to: 314159265
SetInitialConditions: Setting up initial conditions (if any)
MAIN: Number of timesteps to be saved: 30
MAIN: 
MAIN: -------------------------------------
MAIN:  Steady state iteration:            1
MAIN: -------------------------------------
MAIN: 
SingleSolver: Attempting to call solver: 1
SingleSolver: Solver Equation string is: stat current
StatCurrentSolve: -------------------------------------
StatCurrentSolve: STAT CURRENT SOLVER:
StatCurrentSolve: -------------------------------------
DefaultStart: Starting solver: stat current
StatElecSolve: Starting Assembly...
DefUtils::DefaultDirichletBCs: Setting Dirichlet boundary conditions
EnforceDirichletConditions: Enforcing total of 20 Dirichlet conditions.
EnforceDirichletConditions: Applying Dirichlet conditions using scaled diagonal
ScaleLinearSystem: Creating > DiagScaling < vector of size 6796
EnforceDirichletConditions: Dirichlet conditions enforced for dofs: 20
StatCurrentSolve:  Assembly (s)          :  0.48133899999999996
DefaultSolve: Solving linear system with default routines
SolveSystem: Solving linear system
SolveLinearSystem: Assuming real valued linear system
SolveLinearSystem: Assuming serial linear system
ScaleLinearSystem: Creating > DiagScaling < vector of size 6796
SolveLinearSystem: Serial linear System Solver: direct
DirectSolver: Using direct method: umfpack
ComputeNorm: Computing norm of solution
ComputeChange: NS (ITER=1) (NRM,RELC): ( 0.12004693E-01  2.0000000     ) :: stat current
StatCurrentSolve:  Solve (s)             :   4.5484000000000080E-002
StatCurrentSolve:  Total Heating Power   :  0.30067069008720337
DefaultFinish: Finished solver: stat current
ComputeNorm: Computing norm of solution
ComputeChange: SS (ITER=1) (NRM,RELC): ( 0.12004693E-01  2.0000000     ) :: stat current
SingleSolver: Attempting to call solver: 2
SingleSolver: Solver Equation string is: heat equation
HeatSolver: -------------------------------------------
HeatSolver: Solving the energy equation for temperature
DefaultStart: Starting solver: heat equation
HeatSolve: 
HeatSolve: 
HeatSolve: -------------------------------------
HeatSolve:  TEMPERATURE ITERATION           1
HeatSolve: -------------------------------------
HeatSolve: 
HeatSolve: Starting Assembly...
HeatSolve: Assembly:
: ..Saving bulk values for: heat equation
HeatSolve: Assembly done
DefUtils::DefaultDirichletBCs: Setting Dirichlet boundary conditions
EnforceDirichletConditions: Enforcing total of 177 Dirichlet conditions.
EnforceDirichletConditions: Applying Dirichlet conditions using scaled diagonal
ScaleLinearSystem: Creating > DiagScaling < vector of size 14270
EnforceDirichletConditions: Dirichlet conditions enforced for dofs: 177
DefaultSolve: Solving linear system with default routines
SolveSystem: Solving linear system
SolveLinearSystem: Assuming real valued linear system
SolveLinearSystem: Assuming serial linear system
ScaleLinearSystem: Creating > DiagScaling < vector of size 14270
SolveLinearSystem: Serial linear System Solver: direct
DirectSolver: Using direct method: umfpack
SolveLinearSystem: Calculating nodal loads for: temperature
CalculateLoads: Computing boundary fluxes from nodal loads
CalculateLoads: temperature Flux over BC 1: -2.64657E-02
WARNING:: CalculateLoads: Boundary 2 includes inseparable dofs!
CalculateLoads: temperature Flux over BC 2: -7.79829E-03
WARNING:: CalculateLoads: Boundary 3 includes inseparable dofs!
CalculateLoads: temperature Flux over BC 3: -2.66407E-01
CalculateLoads: temperature Flux over all BCs: -3.00671E-01
ComputeNorm: Computing norm of solution
ComputeChange: NS (ITER=1) (NRM,RELC): (  369.94496      2.0000000     ) :: heat equation
HeatSolve: iter:    1 Assembly: (s)    1.99    1.99
HeatSolve: iter:    1 Solve:    (s)    0.66    0.66
HeatSolve:  Result Norm   :    369.94496245430611
HeatSolve:  Relative Change :    2.0000000000000000
DefaultFinish: Finished solver: heat equation
ComputeNorm: Computing norm of solution
ComputeChange: SS (ITER=1) (NRM,RELC): (  369.94496      2.0000000     ) :: heat equation
SaveResult: -----------------------------------------
SaveResult: Saving results to file: mesh/result.dat
SaveResult: Done writing results file
SaveResult: -----------------------------------------
MAIN: 
MAIN: -------------------------------------
MAIN:  Steady state iteration:            2
MAIN: -------------------------------------
MAIN: 
SingleSolver: Attempting to call solver: 1
SingleSolver: Solver Equation string is: stat current
StatCurrentSolve: -------------------------------------
StatCurrentSolve: STAT CURRENT SOLVER:
StatCurrentSolve: -------------------------------------
DefaultStart: Starting solver: stat current
StatElecSolve: Starting Assembly...
DefUtils::DefaultDirichletBCs: Setting Dirichlet boundary conditions
EnforceDirichletConditions: Enforcing total of 20 Dirichlet conditions.
EnforceDirichletConditions: Applying Dirichlet conditions using scaled diagonal
ScaleLinearSystem: Creating > DiagScaling < vector of size 6796
EnforceDirichletConditions: Dirichlet conditions enforced for dofs: 20
StatCurrentSolve:  Assembly (s)          :  0.45271699999999981
DefaultSolve: Solving linear system with default routines
SolveSystem: Solving linear system
SolveLinearSystem: Assuming real valued linear system
SolveLinearSystem: Assuming serial linear system
ScaleLinearSystem: Creating > DiagScaling < vector of size 6796
SolveLinearSystem: Serial linear System Solver: direct
DirectSolver: Using direct method: umfpack
ComputeNorm: Computing norm of solution
ComputeChange: NS (ITER=1) (NRM,RELC): ( 0.12764378E-01 0.61341432E-01 ) :: stat current
StatCurrentSolve:  Solve (s)             :   4.5440000000000147E-002
StatCurrentSolve:  Total Heating Power   :  0.31245260250553619
DefaultFinish: Finished solver: stat current
ComputeNorm: Computing norm of solution
ComputeChange: SS (ITER=2) (NRM,RELC): ( 0.12764378E-01 0.61341432E-01 ) :: stat current
SingleSolver: Attempting to call solver: 2
SingleSolver: Solver Equation string is: heat equation
HeatSolver: -------------------------------------------
HeatSolver: Solving the energy equation for temperature
DefaultStart: Starting solver: heat equation
HeatSolve: 
HeatSolve: 
HeatSolve: -------------------------------------
HeatSolve:  TEMPERATURE ITERATION           1
HeatSolve: -------------------------------------
HeatSolve: 
HeatSolve: Starting Assembly...
HeatSolve: Assembly:
: ..Saving bulk values for: heat equation
HeatSolve: Assembly done
DefUtils::DefaultDirichletBCs: Setting Dirichlet boundary conditions
EnforceDirichletConditions: Enforcing total of 177 Dirichlet conditions.
EnforceDirichletConditions: Applying Dirichlet conditions using scaled diagonal
ScaleLinearSystem: Creating > DiagScaling < vector of size 14270
EnforceDirichletConditions: Dirichlet conditions enforced for dofs: 177
DefaultSolve: Solving linear system with default routines
SolveSystem: Solving linear system
SolveLinearSystem: Assuming real valued linear system
SolveLinearSystem: Assuming serial linear system
ScaleLinearSystem: Creating > DiagScaling < vector of size 14270
SolveLinearSystem: Serial linear System Solver: direct
DirectSolver: Using direct method: umfpack
SolveLinearSystem: Calculating nodal loads for: temperature
CalculateLoads: Computing boundary fluxes from nodal loads
CalculateLoads: temperature Flux over BC 1: -3.08670E-02
WARNING:: CalculateLoads: Boundary 2 includes inseparable dofs!
CalculateLoads: temperature Flux over BC 2: -7.98490E-03
WARNING:: CalculateLoads: Boundary 3 includes inseparable dofs!
CalculateLoads: temperature Flux over BC 3: -2.73601E-01
CalculateLoads: temperature Flux over all BCs: -3.12453E-01
ComputeNorm: Computing norm of solution
ComputeChange: NS (ITER=1) (NRM,RELC): (  370.16503     0.59468473E-03 ) :: heat equation
HeatSolve: iter:    1 Assembly: (s)    1.95    1.95
HeatSolve: iter:    1 Solve:    (s)    0.65    0.65
HeatSolve:  Result Norm   :    370.16502851093708
HeatSolve:  Relative Change :    5.9468473420811851E-004
DefaultFinish: Finished solver: heat equation
ComputeNorm: Computing norm of solution
ComputeChange: SS (ITER=2) (NRM,RELC): (  370.16503     0.59468473E-03 ) :: heat equation
SaveResult: -----------------------------------------
SaveResult: Saving results to file: mesh/result.dat
SaveResult: Done writing results file
SaveResult: -----------------------------------------
MAIN: 
MAIN: -------------------------------------
MAIN:  Steady state iteration:            3
MAIN: -------------------------------------
MAIN: 
SingleSolver: Attempting to call solver: 1
SingleSolver: Solver Equation string is: stat current
StatCurrentSolve: -------------------------------------
StatCurrentSolve: STAT CURRENT SOLVER:
StatCurrentSolve: -------------------------------------
DefaultStart: Starting solver: stat current
StatElecSolve: Starting Assembly...
DefUtils::DefaultDirichletBCs: Setting Dirichlet boundary conditions
EnforceDirichletConditions: Enforcing total of 20 Dirichlet conditions.
EnforceDirichletConditions: Applying Dirichlet conditions using scaled diagonal
ScaleLinearSystem: Creating > DiagScaling < vector of size 6796
EnforceDirichletConditions: Dirichlet conditions enforced for dofs: 20
StatCurrentSolve:  Assembly (s)          :  0.44770200000000049
DefaultSolve: Solving linear system with default routines
SolveSystem: Solving linear system
SolveLinearSystem: Assuming real valued linear system
SolveLinearSystem: Assuming serial linear system
ScaleLinearSystem: Creating > DiagScaling < vector of size 6796
SolveLinearSystem: Serial linear System Solver: direct
DirectSolver: Using direct method: umfpack
ComputeNorm: Computing norm of solution
ComputeChange: NS (ITER=1) (NRM,RELC): ( 0.12772485E-01 0.63497589E-03 ) :: stat current
StatCurrentSolve:  Solve (s)             :   4.5641999999999072E-002
StatCurrentSolve:  Total Heating Power   :  0.31257833222617970
DefaultFinish: Finished solver: stat current
ComputeNorm: Computing norm of solution
ComputeChange: SS (ITER=3) (NRM,RELC): ( 0.12772485E-01 0.63497589E-03 ) :: stat current
SingleSolver: Attempting to call solver: 2
SingleSolver: Solver Equation string is: heat equation
HeatSolver: -------------------------------------------
HeatSolver: Solving the energy equation for temperature
DefaultStart: Starting solver: heat equation
HeatSolve: 
HeatSolve: 
HeatSolve: -------------------------------------
HeatSolve:  TEMPERATURE ITERATION           1
HeatSolve: -------------------------------------
HeatSolve: 
HeatSolve: Starting Assembly...
HeatSolve: Assembly:
: ..Saving bulk values for: heat equation
HeatSolve: Assembly done
DefUtils::DefaultDirichletBCs: Setting Dirichlet boundary conditions
EnforceDirichletConditions: Enforcing total of 177 Dirichlet conditions.
EnforceDirichletConditions: Applying Dirichlet conditions using scaled diagonal
ScaleLinearSystem: Creating > DiagScaling < vector of size 14270
EnforceDirichletConditions: Dirichlet conditions enforced for dofs: 177
DefaultSolve: Solving linear system with default routines
SolveSystem: Solving linear system
SolveLinearSystem: Assuming real valued linear system
SolveLinearSystem: Assuming serial linear system
ScaleLinearSystem: Creating > DiagScaling < vector of size 14270
SolveLinearSystem: Serial linear System Solver: direct
DirectSolver: Using direct method: umfpack
SolveLinearSystem: Calculating nodal loads for: temperature
CalculateLoads: Computing boundary fluxes from nodal loads
CalculateLoads: temperature Flux over BC 1: -3.09153E-02
WARNING:: CalculateLoads: Boundary 2 includes inseparable dofs!
CalculateLoads: temperature Flux over BC 2: -7.98696E-03
WARNING:: CalculateLoads: Boundary 3 includes inseparable dofs!
CalculateLoads: temperature Flux over BC 3: -2.73676E-01
CalculateLoads: temperature Flux over all BCs: -3.12578E-01
ComputeNorm: Computing norm of solution
ComputeChange: NS (ITER=1) (NRM,RELC): (  370.16745     0.65501307E-05 ) :: heat equation
HeatSolve: iter:    1 Assembly: (s)    1.94    1.94
HeatSolve: iter:    1 Solve:    (s)    0.63    0.63
HeatSolve:  Result Norm   :    370.16745314819559
HeatSolve:  Relative Change :    6.5501307009525556E-006
DefaultFinish: Finished solver: heat equation
ComputeNorm: Computing norm of solution
ComputeChange: SS (ITER=3) (NRM,RELC): (  370.16745     0.65501307E-05 ) :: heat equation
SaveResult: -----------------------------------------
SaveResult: Saving results to file: mesh/result.dat
SaveResult: Done writing results file
SaveResult: -----------------------------------------
MAIN: 
MAIN: -------------------------------------
MAIN:  Steady state iteration:            4
MAIN: -------------------------------------
MAIN: 
SingleSolver: Attempting to call solver: 1
SingleSolver: Solver Equation string is: stat current
StatCurrentSolve: -------------------------------------
StatCurrentSolve: STAT CURRENT SOLVER:
StatCurrentSolve: -------------------------------------
DefaultStart: Starting solver: stat current
StatElecSolve: Starting Assembly...
DefUtils::DefaultDirichletBCs: Setting Dirichlet boundary conditions
EnforceDirichletConditions: Enforcing total of 20 Dirichlet conditions.
EnforceDirichletConditions: Applying Dirichlet conditions using scaled diagonal
ScaleLinearSystem: Creating > DiagScaling < vector of size 6796
EnforceDirichletConditions: Dirichlet conditions enforced for dofs: 20
StatCurrentSolve:  Assembly (s)          :  0.45297300000000007
DefaultSolve: Solving linear system with default routines
SolveSystem: Solving linear system
SolveLinearSystem: Assuming real valued linear system
SolveLinearSystem: Assuming serial linear system
ScaleLinearSystem: Creating > DiagScaling < vector of size 6796
SolveLinearSystem: Serial linear System Solver: direct
DirectSolver: Using direct method: umfpack
ComputeNorm: Computing norm of solution
ComputeChange: NS (ITER=1) (NRM,RELC): ( 0.12772576E-01 0.71011767E-05 ) :: stat current
StatCurrentSolve:  Solve (s)             :   4.5761000000000607E-002
StatCurrentSolve:  Total Heating Power   :  0.31257973867850941
DefaultFinish: Finished solver: stat current
ComputeNorm: Computing norm of solution
ComputeChange: SS (ITER=4) (NRM,RELC): ( 0.12772576E-01 0.71011767E-05 ) :: stat current
SingleSolver: Attempting to call solver: 2
SingleSolver: Solver Equation string is: heat equation
HeatSolver: -------------------------------------------
HeatSolver: Solving the energy equation for temperature
DefaultStart: Starting solver: heat equation
HeatSolve: 
HeatSolve: 
HeatSolve: -------------------------------------
HeatSolve:  TEMPERATURE ITERATION           1
HeatSolve: -------------------------------------
HeatSolve: 
HeatSolve: Starting Assembly...
HeatSolve: Assembly:
: ..Saving bulk values for: heat equation
HeatSolve: Assembly done
DefUtils::DefaultDirichletBCs: Setting Dirichlet boundary conditions
EnforceDirichletConditions: Enforcing total of 177 Dirichlet conditions.
EnforceDirichletConditions: Applying Dirichlet conditions using scaled diagonal
ScaleLinearSystem: Creating > DiagScaling < vector of size 14270
EnforceDirichletConditions: Dirichlet conditions enforced for dofs: 177
DefaultSolve: Solving linear system with default routines
SolveSystem: Solving linear system
SolveLinearSystem: Assuming real valued linear system
SolveLinearSystem: Assuming serial linear system
ScaleLinearSystem: Creating > DiagScaling < vector of size 14270
SolveLinearSystem: Serial linear System Solver: direct
DirectSolver: Using direct method: umfpack
SolveLinearSystem: Calculating nodal loads for: temperature
CalculateLoads: Computing boundary fluxes from nodal loads
CalculateLoads: temperature Flux over BC 1: -3.09158E-02
WARNING:: CalculateLoads: Boundary 2 includes inseparable dofs!
CalculateLoads: temperature Flux over BC 2: -7.98698E-03
WARNING:: CalculateLoads: Boundary 3 includes inseparable dofs!
CalculateLoads: temperature Flux over BC 3: -2.73677E-01
CalculateLoads: temperature Flux over all BCs: -3.12580E-01
ComputeNorm: Computing norm of solution
ComputeChange: NS (ITER=1) (NRM,RELC): (  370.16748     0.73312295E-07 ) :: heat equation
HeatSolve: iter:    1 Assembly: (s)    1.95    1.95
HeatSolve: iter:    1 Solve:    (s)    0.65    0.65
HeatSolve:  Result Norm   :    370.16748028602228
HeatSolve:  Relative Change :    7.3312295465322076E-008
DefaultFinish: Finished solver: heat equation
ComputeNorm: Computing norm of solution
ComputeChange: SS (ITER=4) (NRM,RELC): (  370.16748     0.73312295E-07 ) :: heat equation
SaveResult: -----------------------------------------
SaveResult: Saving results to file: mesh/result.dat
SaveResult: Done writing results file
SaveResult: -----------------------------------------
MAIN: 
MAIN: -------------------------------------
MAIN:  Steady state iteration:            5
MAIN: -------------------------------------
MAIN: 
SingleSolver: Attempting to call solver: 1
SingleSolver: Solver Equation string is: stat current
StatCurrentSolve: -------------------------------------
StatCurrentSolve: STAT CURRENT SOLVER:
StatCurrentSolve: -------------------------------------
DefaultStart: Starting solver: stat current
StatElecSolve: Starting Assembly...
DefUtils::DefaultDirichletBCs: Setting Dirichlet boundary conditions
EnforceDirichletConditions: Enforcing total of 20 Dirichlet conditions.
EnforceDirichletConditions: Applying Dirichlet conditions using scaled diagonal
ScaleLinearSystem: Creating > DiagScaling < vector of size 6796
EnforceDirichletConditions: Dirichlet conditions enforced for dofs: 20
StatCurrentSolve:  Assembly (s)          :  0.45416600000000074
DefaultSolve: Solving linear system with default routines
SolveSystem: Solving linear system
SolveLinearSystem: Assuming real valued linear system
SolveLinearSystem: Assuming serial linear system
ScaleLinearSystem: Creating > DiagScaling < vector of size 6796
SolveLinearSystem: Serial linear System Solver: direct
DirectSolver: Using direct method: umfpack
ComputeNorm: Computing norm of solution
ComputeChange: NS (ITER=1) (NRM,RELC): ( 0.12772577E-01 0.79605322E-07 ) :: stat current
StatCurrentSolve:  Solve (s)             :   4.5556999999998737E-002
StatCurrentSolve:  Total Heating Power   :  0.31257975444493613
DefaultFinish: Finished solver: stat current
ComputeNorm: Computing norm of solution
ComputeChange: SS (ITER=5) (NRM,RELC): ( 0.12772577E-01 0.79605322E-07 ) :: stat current
SingleSolver: Attempting to call solver: 2
SingleSolver: Solver Equation string is: heat equation
HeatSolver: -------------------------------------------
HeatSolver: Solving the energy equation for temperature
DefaultStart: Starting solver: heat equation
HeatSolve: 
HeatSolve: 
HeatSolve: -------------------------------------
HeatSolve:  TEMPERATURE ITERATION           1
HeatSolve: -------------------------------------
HeatSolve: 
HeatSolve: Starting Assembly...
HeatSolve: Assembly:
: ..Saving bulk values for: heat equation
HeatSolve: Assembly done
DefUtils::DefaultDirichletBCs: Setting Dirichlet boundary conditions
EnforceDirichletConditions: Enforcing total of 177 Dirichlet conditions.
EnforceDirichletConditions: Applying Dirichlet conditions using scaled diagonal
ScaleLinearSystem: Creating > DiagScaling < vector of size 14270
EnforceDirichletConditions: Dirichlet conditions enforced for dofs: 177
DefaultSolve: Solving linear system with default routines
SolveSystem: Solving linear system
SolveLinearSystem: Assuming real valued linear system
SolveLinearSystem: Assuming serial linear system
ScaleLinearSystem: Creating > DiagScaling < vector of size 14270
SolveLinearSystem: Serial linear System Solver: direct
DirectSolver: Using direct method: umfpack
SolveLinearSystem: Calculating nodal loads for: temperature
CalculateLoads: Computing boundary fluxes from nodal loads
CalculateLoads: temperature Flux over BC 1: -3.09158E-02
WARNING:: CalculateLoads: Boundary 2 includes inseparable dofs!
CalculateLoads: temperature Flux over BC 2: -7.98698E-03
WARNING:: CalculateLoads: Boundary 3 includes inseparable dofs!
CalculateLoads: temperature Flux over BC 3: -2.73677E-01
CalculateLoads: temperature Flux over all BCs: -3.12580E-01
ComputeNorm: Computing norm of solution
ComputeChange: NS (ITER=1) (NRM,RELC): (  370.16748     0.82173275E-09 ) :: heat equation
HeatSolve: iter:    1 Assembly: (s)    1.94    1.94
HeatSolve: iter:    1 Solve:    (s)    0.65    0.65
HeatSolve:  Result Norm   :    370.16748059020102
HeatSolve:  Relative Change :    8.2173274784149190E-010
DefaultFinish: Finished solver: heat equation
ComputeNorm: Computing norm of solution
ComputeChange: SS (ITER=5) (NRM,RELC): (  370.16748     0.82173275E-09 ) :: heat equation
SaveResult: -----------------------------------------
SaveResult: Saving results to file: mesh/result.dat
SaveResult: Done writing results file
SaveResult: -----------------------------------------
MAIN: 
MAIN: -------------------------------------
MAIN:  Steady state iteration:            6
MAIN: -------------------------------------
MAIN: 
SingleSolver: Attempting to call solver: 1
SingleSolver: Solver Equation string is: stat current
StatCurrentSolve: -------------------------------------
StatCurrentSolve: STAT CURRENT SOLVER:
StatCurrentSolve: -------------------------------------
DefaultStart: Starting solver: stat current
StatElecSolve: Starting Assembly...
DefUtils::DefaultDirichletBCs: Setting Dirichlet boundary conditions
EnforceDirichletConditions: Enforcing total of 20 Dirichlet conditions.
EnforceDirichletConditions: Applying Dirichlet conditions using scaled diagonal
ScaleLinearSystem: Creating > DiagScaling < vector of size 6796
EnforceDirichletConditions: Dirichlet conditions enforced for dofs: 20
StatCurrentSolve:  Assembly (s)          :  0.45455299999999710
DefaultSolve: Solving linear system with default routines
SolveSystem: Solving linear system
SolveLinearSystem: Assuming real valued linear system
SolveLinearSystem: Assuming serial linear system
ScaleLinearSystem: Creating > DiagScaling < vector of size 6796
SolveLinearSystem: Serial linear System Solver: direct
DirectSolver: Using direct method: umfpack
ComputeNorm: Computing norm of solution
ComputeChange: NS (ITER=1) (NRM,RELC): ( 0.12772577E-01 0.89249445E-09 ) :: stat current
StatCurrentSolve:  Solve (s)             :   4.5432999999999168E-002
StatCurrentSolve:  Total Heating Power   :  0.31257975462171206
DefaultFinish: Finished solver: stat current
ComputeNorm: Computing norm of solution
ComputeChange: SS (ITER=6) (NRM,RELC): ( 0.12772577E-01 0.89249445E-09 ) :: stat current
SingleSolver: Attempting to call solver: 2
SingleSolver: Solver Equation string is: heat equation
HeatSolver: -------------------------------------------
HeatSolver: Solving the energy equation for temperature
DefaultStart: Starting solver: heat equation
HeatSolve: 
HeatSolve: 
HeatSolve: -------------------------------------
HeatSolve:  TEMPERATURE ITERATION           1
HeatSolve: -------------------------------------
HeatSolve: 
HeatSolve: Starting Assembly...
HeatSolve: Assembly:
: ..Saving bulk values for: heat equation
HeatSolve: Assembly done
DefUtils::DefaultDirichletBCs: Setting Dirichlet boundary conditions
EnforceDirichletConditions: Enforcing total of 177 Dirichlet conditions.
EnforceDirichletConditions: Applying Dirichlet conditions using scaled diagonal
ScaleLinearSystem: Creating > DiagScaling < vector of size 14270
EnforceDirichletConditions: Dirichlet conditions enforced for dofs: 177
DefaultSolve: Solving linear system with default routines
SolveSystem: Solving linear system
SolveLinearSystem: Assuming real valued linear system
SolveLinearSystem: Assuming serial linear system
ScaleLinearSystem: Creating > DiagScaling < vector of size 14270
SolveLinearSystem: Serial linear System Solver: direct
DirectSolver: Using direct method: umfpack
SolveLinearSystem: Calculating nodal loads for: temperature
CalculateLoads: Computing boundary fluxes from nodal loads
CalculateLoads: temperature Flux over BC 1: -3.09158E-02
WARNING:: CalculateLoads: Boundary 2 includes inseparable dofs!
CalculateLoads: temperature Flux over BC 2: -7.98698E-03
WARNING:: CalculateLoads: Boundary 3 includes inseparable dofs!
CalculateLoads: temperature Flux over BC 3: -2.73677E-01
CalculateLoads: temperature Flux over all BCs: -3.12580E-01
ComputeNorm: Computing norm of solution
ComputeChange: NS (ITER=1) (NRM,RELC): (  370.16748     0.92126062E-11 ) :: heat equation
HeatSolve: iter:    1 Assembly: (s)    1.94    1.94
HeatSolve: iter:    1 Solve:    (s)    0.64    0.64
HeatSolve:  Result Norm   :    370.16748059361123
HeatSolve:  Relative Change :    9.2126062026395641E-012
DefaultFinish: Finished solver: heat equation
ComputeNorm: Computing norm of solution
ComputeChange: SS (ITER=6) (NRM,RELC): (  370.16748     0.92126062E-11 ) :: heat equation
SaveResult: -----------------------------------------
SaveResult: Saving results to file: mesh/result.dat
SaveResult: Done writing results file
SaveResult: -----------------------------------------
SingleSolver: Attempting to call solver: 3
SingleSolver: Solver Equation string is: savescalars
SaveScalars: -----------------------------------------
SaveScalars: Saving scalar values of various kinds
SaveScalars: Performed 4 reduction operations
SaveScalars: Found 4 result scalars in simulation section
SaveScalars: Found 12 values to save in total
SaveScalars: Saving names of values to file: ./scalars.dat.names
SaveScalars: Saving values to file: ./scalars.dat
SaveScalars: -----------------------------------------
ReloadInputFile: Reloading input file
LoadInputFile: Loading input file:
MAIN: Reporting unused list entries for sif improvement!
MAIN: If you do not want these lines undefine > DEVEL_LISTUSAGE < !
   Unused keywords:
MAIN: *** Elmer Solver: ALL DONE ***
Loading user function library: [StatCurrentSolve]...[StatCurrentSolver_Finalize]
Loading user function library: [StatCurrentSolve]...[StatCurrentSolver_Finalize]
Loading user function library: [HeatSolve]...[HeatSolver_Finalize]
Loading user function library: [HeatSolve]...[HeatSolver_Finalize]
Loading user function library: [SaveData]...[SaveScalars_Finalize]
Loading user function library: [SaveData]...[SaveScalars_Finalize]
MAIN: The end
SOLVER TOTAL TIME(CPU,REAL):        21.74       23.71
ELMER SOLVER FINISHED AT: 2026/09/14 17:23:08

--- stderr ---
