ELMER SOLVER (v 26.2) STARTED AT: 2026/09/16 14:54:03
ParCommInit: Initialize #PEs: 1
MAIN: 
MAIN: =============================================================
MAIN: ElmerSolver finite element software, Welcome!
MAIN: This program is free software licensed under (L)GPL
MAIN: Copyright 1st April 1995 - , CSC - IT Center for Science Ltd.
MAIN: Webpage http://www.csc.fi/elmer, Email elmeradm@csc.fi
MAIN: Version: 26.2-unknown (Rev: a19504a, Compiled: 2026-09-12)
MAIN:  Running one task without MPI parallelization.
MAIN:  Running with just one thread per task.
MAIN: =============================================================
MAIN: 
MAIN: 
MAIN: -------------------------------------
MAIN: Reading Model: case.sif
LoadInputFile: Scanning input file: case.sif
LoadInputFile: Scanning only size info
LoadInputFile: First time visiting
LoadInputFile: Reading base load of sif file
CheckKeyword: Found keyword type assuming suffix 1 for: variable 2
CheckKeyword: Found keyword type assuming suffix 1 for: variable 2
CheckKeyword: Found keyword type assuming suffix 1 for: operator 2
CheckKeyword: Found keyword type assuming suffix 1 for: operator 2
LoadInputFile: Loading input file: case.sif
LoadInputFile: Reading base load of sif file
CheckKeyword: Found keyword type assuming suffix 1 for: variable 2
CheckKeyword: Found keyword type assuming suffix 1 for: variable 2
CheckKeyword: Found keyword type assuming suffix 1 for: operator 2
CheckKeyword: Found keyword type assuming suffix 1 for: operator 2
LoadInputFile: Number of BCs: 3
LoadInputFile: Number of Body Forces: 0
LoadInputFile: Number of Initial Conditions: 0
LoadInputFile: Number of Materials: 5
LoadInputFile: Number of Equations: 1
LoadInputFile: Number of Solvers: 2
LoadInputFile: Number of Bodies: 5
Loading user function library: [HeatSolve]...[HeatSolver_Init0]
Loading user function library: [HeatSolve]...[HeatSolver_Init0]
Loading user function library: [SaveData]...[SaveScalars_Init0]
Loading user function library: [SaveData]...[SaveScalars_Init0]
LoadMesh: Loading serial mesh!
ElmerMeshReader: Performing step: 1
ElmerMeshReader: Base mesh name: ./mesh
ReadHeaderFile: Reading header info from file: ./mesh/mesh.header
InitializeMesh: Number of nodes in mesh: 57220
InitializeMesh: Number of bulk elements in mesh: 292381
InitializeMesh: Number of boundary elements in mesh: 2133
InitializeMesh: Initial number of max element nodes: 4
ElmerMeshReader: Performing step: 2
ReadNodesFile: Reading nodes from file: ./mesh/mesh.nodes
SetMeshDimension: Dimension of mesh is: 3
SetMeshDimension: Max dimension of mesh is: 3
ElmerMeshReader: Performing step: 3
ReadElementsFile: Reading bulk elements from file: ./mesh/mesh.elements
ElmerMeshReader: Performing step: 4
ReadBoundaryFile: Reading boundary elements from file: ./mesh/mesh.boundary
PermuteNodeNumbering: Performing node mapping
MapBodiesAndBCs: Remapping bodies
MapBodiesAndBCs: Minimum initial body index: 1
MapBodiesAndBCs: Maximum initial body index: 5
MapBodiesAndBCs: Remapping boundaries
MapBodiesAndBCs: Minimum initial boundary index: 13
MapBodiesAndBCs: Maximum initial boundary index: 15
ElmerMeshReader: Performing step: 5
ElmerMeshReader: Performing step: 6
LoadMesh: Loading mesh done
LoadMesh: Preparing mesh done
LoadMesh: Elapsed REAL time:     0.1477 (s)
MeshStabParams: Computing stabilization parameters
MeshStabParams: Elapsed REAL time:     0.0267 (s)
LoadModel: Defined radition solver by Equation name "heat equation"
MAIN: -------------------------------------
AddMeshCoordinates: Setting mesh coordinates and time
AddSolvers: Setting up 2 solvers
AddSolvers: Setting up solver 1: heat equation
AddEquationBasics: Setting up keywords internally for legacy solver: heat equation
AddEquationBasics: Using procedure: HeatSolve HeatSolver
AddEquationBasics: Setting up solver: heat equation
Loading user function library: [HeatSolve]...[HeatSolver_Init]
Loading user function library: [HeatSolve]...[HeatSolver_bulk]
Loading user function library: [HeatSolve]...[HeatSolver_bulk]
Loading user function library: [HeatSolve]...[HeatSolver]
AddEquationBasics: Creating standard variable: temperature
OptimizeBandwidth: ---------------------------------------------------------
OptimizeBandwidth: Computing matrix structure for: heat equation
OptimizeBandwidth: Initial bandwidth for heat equation: 57016
OptimizeBandwidth: Optimized bandwidth for heat equation: 2919
OptimizeBandwidth: ---------------------------------------------------------
AddSolvers: Setting up solver 2: savescalars
AddEquationBasics: Using procedure: SaveData SaveScalars
AddEquationBasics: Setting up solver: savescalars
Loading user function library: [SaveData]...[SaveScalars_Init]
Loading user function library: [SaveData]...[SaveScalars_bulk]
Loading user function library: [SaveData]...[SaveScalars_bulk]
Loading user function library: [SaveData]...[SaveScalars]
AddTimeEtc: Setting time and other global variables
MAIN: Random seed initialized to: 314159265
SetInitialConditions: Setting up initial conditions (if any)
MAIN: Number of timesteps to be saved: 8
MAIN: 
MAIN: -------------------------------------
MAIN:  Steady state iteration:            1
MAIN: -------------------------------------
MAIN: 
SingleSolver: Attempting to call solver: 1
SingleSolver: Solver Equation string is: heat equation
HeatSolver: -------------------------------------------
HeatSolver: Solving the energy equation for temperature
DefaultStart: Starting solver: heat equation
HeatSolve: 
HeatSolve: 
HeatSolve: -------------------------------------
HeatSolve:  TEMPERATURE ITERATION           1
HeatSolve: -------------------------------------
HeatSolve: 
HeatSolve: Starting Assembly...
HeatSolve: Assembly:
: .Saving bulk values for: heat equation
HeatSolve: Assembly done
DefUtils::DefaultDirichletBCs: Setting Dirichlet boundary conditions
EnforceDirichletConditions: Enforcing total of 264 Dirichlet conditions.
EnforceDirichletConditions: Applying Dirichlet conditions using scaled diagonal
ScaleLinearSystem: Creating > DiagScaling < vector of size 57220
EnforceDirichletConditions: Dirichlet conditions enforced for dofs: 264
DefaultSolve: Solving linear system with default routines
SolveSystem: Solving linear system
SolveLinearSystem: Assuming real valued linear system
SolveLinearSystem: Assuming serial linear system
ScaleLinearSystem: Creating > DiagScaling < vector of size 57220
SolveLinearSystem: Linear System Preconditioning: ilu1
Prec0-ilu1: Elapsed REAL time:     0.0000 (s)
SolveLinearSystem: Serial linear System Solver: iterative
IterSolver: Using iterative method: bicgstab
CRS_IncompleteLU: ILU(1) (Real), Performing Factorization:
CRS_IncompleteLU: Allocated LU matrix of size: 1530036
CRS_IncompleteLU: ILU(1) (Real), NOF nonzeros:   1530037
CRS_IncompleteLU: ILU(1) (Real), filling (%) :       192
CRS_IncompleteLU: ILU(1) (Real), Factorization time (s):     0.20
Prec-ilu1: Elapsed REAL time:     0.2032 (s)
       1 0.1208E-01
       2 0.5791E-02
       3 0.2298E-02
       4 0.1777E-02
       5 0.5835E-02
       6 0.1227E-02
       7 0.7286E-03
       8 0.6700E-03
       9 0.5327E-03
      10 0.5156E-03
      11 0.5152E-03
      12 0.5182E-03
      13 0.4827E-03
      14 0.4596E-03
      15 0.4574E-03
      16 0.4165E-03
      17 0.4068E-03
      18 0.4004E-03
      19 0.4011E-03
      20 0.3744E-03
      21 0.3489E-03
      22 0.3216E-03
      23 0.3016E-03
      24 0.2896E-03
      25 0.3709E-03
      26 0.1936E-03
      27 0.2237E-03
      28 0.2203E-03
      29 0.1635E-03
      30 0.1534E-03
      31 0.1319E-03
      32 0.1739E-03
      33 0.1369E-03
      34 0.1636E-03
      35 0.1559E-03
      36 0.1696E-03
      37 0.1577E-03
      38 0.1494E-03
      39 0.1698E-03
      40 0.1676E-03
      41 0.1668E-03
      42 0.1661E-03
      43 0.1668E-03
      44 0.1559E-03
      45 0.1463E-03
      46 0.1433E-03
      47 0.1426E-03
      48 0.1415E-03
      49 0.1401E-03
      50 0.1383E-03
      51 0.1378E-03
      52 0.1380E-03
      53 0.1341E-03
      54 0.1340E-03
      55 0.1741E-03
      56 0.1661E-03
      57 0.1279E-03
      58 0.7262E-04
      59 0.4354E-04
      60 0.5402E-04
      61 0.5794E-04
      62 0.5774E-04
      63 0.5450E-04
      64 0.6134E-04
      65 0.1228E-03
      66 0.6913E-04
      67 0.2502E-04
      68 0.1988E-04
      69 0.2298E-04
      70 0.1758E-05
      71 0.4664E-05
      72 0.3300E-05
      73 0.6559E-06
      74 0.1230E-05
      75 0.2341E-05
      76 0.5611E-06
      77 0.6873E-06
      78 0.5940E-07
      79 0.1589E-06
      80 0.1423E-06
      81 0.1402E-06
      82 0.9243E-07
      83 0.2210E-06
      84 0.2089E-06
      85 0.1658E-06
      86 0.3222E-07
      87 0.3009E-07
      88 0.3297E-07
      89 0.1602E-06
      90 0.6388E-08
      91 0.6385E-08
      92 0.2034E-08
      93 0.3636E-08
      94 0.4508E-08
      95 0.5393E-09
      96 0.4059E-09
      97 0.3144E-09
      98 0.2950E-09
      99 0.2946E-09
     100 0.3006E-09
     101 0.1654E-09
     102 0.4015E-09
     103 0.2122E-10
     104 0.1942E-10
     105 0.1674E-10
     106 0.2996E-10
     107 0.1513E-10
     108 0.1249E-10
     109 0.1017E-10
     110 0.1930E-11
     111 0.4856E-12
     111 0.4856E-12
SolveLinearSystem: Calculating nodal loads for: temperature
CalculateLoads: Computing boundary fluxes from nodal loads
CalculateLoads: temperature Flux over BC 1: -2.28528E+00
CalculateLoads: temperature Flux over BC 2:  1.14264E+00
CalculateLoads: temperature Flux over BC 3:  1.14264E+00
CalculateLoads: temperature Flux over all BCs: -5.59390E-09
ComputeNorm: Computing norm of solution
ComputeChange: NS (ITER=1) (NRM,RELC): (  372.81001      2.0000000     ) :: heat equation
HeatSolve: iter:    1 Assembly: (s)    1.45    1.45
HeatSolve: iter:    1 Solve:    (s)    0.82    0.82
HeatSolve:  Result Norm   :    372.81001450486656
HeatSolve:  Relative Change :    2.0000000000000000
DefaultFinish: Finished solver: heat equation
ComputeNorm: Computing norm of solution
ComputeChange: SS (ITER=1) (NRM,RELC): (  372.81001      2.0000000     ) :: heat equation
MAIN: 
MAIN: -------------------------------------
MAIN:  Steady state iteration:            2
MAIN: -------------------------------------
MAIN: 
SingleSolver: Attempting to call solver: 1
SingleSolver: Solver Equation string is: heat equation
HeatSolver: -------------------------------------------
HeatSolver: Solving the energy equation for temperature
DefaultStart: Starting solver: heat equation
HeatSolve: 
HeatSolve: 
HeatSolve: -------------------------------------
HeatSolve:  TEMPERATURE ITERATION           1
HeatSolve: -------------------------------------
HeatSolve: 
HeatSolve: Starting Assembly...
HeatSolve: Assembly:
: .Saving bulk values for: heat equation
HeatSolve: Assembly done
DefUtils::DefaultDirichletBCs: Setting Dirichlet boundary conditions
EnforceDirichletConditions: Enforcing total of 264 Dirichlet conditions.
EnforceDirichletConditions: Applying Dirichlet conditions using scaled diagonal
ScaleLinearSystem: Creating > DiagScaling < vector of size 57220
EnforceDirichletConditions: Dirichlet conditions enforced for dofs: 264
DefaultSolve: Solving linear system with default routines
SolveSystem: Solving linear system
SolveLinearSystem: Assuming real valued linear system
SolveLinearSystem: Assuming serial linear system
ScaleLinearSystem: Creating > DiagScaling < vector of size 57220
SolveLinearSystem: Linear System Preconditioning: ilu1
Prec0-ilu1: Elapsed REAL time:     0.0000 (s)
SolveLinearSystem: Serial linear System Solver: iterative
IterSolver: Using iterative method: bicgstab
CRS_IncompleteLU: ILU(1) (Real), Performing Factorization:
CRS_IncompleteLU: ILU(1) (Real), NOF nonzeros:   1530037
CRS_IncompleteLU: ILU(1) (Real), filling (%) :       192
CRS_IncompleteLU: ILU(1) (Real), Factorization time (s):     0.04
Prec-ilu1: Elapsed REAL time:     0.0414 (s)
       1 0.4818E-12
       1 0.4818E-12
SolveLinearSystem: Calculating nodal loads for: temperature
CalculateLoads: Computing boundary fluxes from nodal loads
CalculateLoads: temperature Flux over BC 1: -2.28528E+00
CalculateLoads: temperature Flux over BC 2:  1.14264E+00
CalculateLoads: temperature Flux over BC 3:  1.14264E+00
CalculateLoads: temperature Flux over all BCs: -5.31301E-09
ComputeNorm: Computing norm of solution
ComputeChange: NS (ITER=1) (NRM,RELC): (  372.81001     0.31851586E-12 ) :: heat equation
HeatSolve: iter:    1 Assembly: (s)    1.04    1.04
HeatSolve: iter:    1 Solve:    (s)    0.05    0.05
HeatSolve:  Result Norm   :    372.81001450474781
HeatSolve:  Relative Change :    3.1851585896359222E-013
DefaultFinish: Finished solver: heat equation
ComputeNorm: Computing norm of solution
ComputeChange: SS (ITER=2) (NRM,RELC): (  372.81001     0.31851586E-12 ) :: heat equation
SingleSolver: Attempting to call solver: 2
SingleSolver: Solver Equation string is: savescalars
SaveScalars: -----------------------------------------
SaveScalars: Saving scalar values of various kinds
SaveScalars: Performed 2 reduction operations
SaveScalars: Found 3 result scalars in simulation section
SaveScalars: Found 5 values to save in total
SaveScalars: Saving names of values to file: ./scalars.dat.names
SaveScalars: Saving values to file: ./scalars.dat
SaveScalars: -----------------------------------------
ReloadInputFile: Reloading input file
LoadInputFile: Loading input file:
MAIN: Reporting unused list entries for sif improvement!
MAIN: If you do not want these lines undefine > DEVEL_LISTUSAGE < !
   Unused keywords:
       Solver 1              linear system abort not converged
MAIN: *** Elmer Solver: ALL DONE ***
Loading user function library: [HeatSolve]...[HeatSolver_Finalize]
Loading user function library: [HeatSolve]...[HeatSolver_Finalize]
Loading user function library: [SaveData]...[SaveScalars_Finalize]
Loading user function library: [SaveData]...[SaveScalars_Finalize]
MAIN: The end
SOLVER TOTAL TIME(CPU,REAL):         3.89        3.99
ELMER SOLVER FINISHED AT: 2026/09/16 14:54:07

--- stderr ---
