ELMER SOLVER (v 26.2) STARTED AT: 2026/09/16 15:24:35
ParCommInit: Initialize #PEs: 1
MAIN: 
MAIN: =============================================================
MAIN: ElmerSolver finite element software, Welcome!
MAIN: This program is free software licensed under (L)GPL
MAIN: Copyright 1st April 1995 - , CSC - IT Center for Science Ltd.
MAIN: Webpage http://www.csc.fi/elmer, Email elmeradm@csc.fi
MAIN: Version: 26.2-unknown (Rev: a19504a, Compiled: 2026-09-12)
MAIN:  Running one task without MPI parallelization.
MAIN:  Running with just one thread per task.
MAIN: =============================================================
MAIN: 
MAIN: 
MAIN: -------------------------------------
MAIN: Reading Model: case.sif
LoadInputFile: Scanning input file: case.sif
LoadInputFile: Scanning only size info
LoadInputFile: First time visiting
LoadInputFile: Reading base load of sif file
CheckKeyword: Found keyword type assuming suffix 1 for: variable 2
CheckKeyword: Found keyword type assuming suffix 1 for: variable 2
CheckKeyword: Found keyword type assuming suffix 1 for: operator 2
CheckKeyword: Found keyword type assuming suffix 1 for: operator 2
LoadInputFile: Loading input file: case.sif
LoadInputFile: Reading base load of sif file
CheckKeyword: Found keyword type assuming suffix 1 for: variable 2
CheckKeyword: Found keyword type assuming suffix 1 for: variable 2
CheckKeyword: Found keyword type assuming suffix 1 for: operator 2
CheckKeyword: Found keyword type assuming suffix 1 for: operator 2
LoadInputFile: Number of BCs: 3
LoadInputFile: Number of Body Forces: 0
LoadInputFile: Number of Initial Conditions: 0
LoadInputFile: Number of Materials: 5
LoadInputFile: Number of Equations: 1
LoadInputFile: Number of Solvers: 2
LoadInputFile: Number of Bodies: 5
Loading user function library: [HeatSolve]...[HeatSolver_Init0]
Loading user function library: [HeatSolve]...[HeatSolver_Init0]
Loading user function library: [SaveData]...[SaveScalars_Init0]
Loading user function library: [SaveData]...[SaveScalars_Init0]
LoadMesh: Loading serial mesh!
ElmerMeshReader: Performing step: 1
ElmerMeshReader: Base mesh name: ./mesh
ReadHeaderFile: Reading header info from file: ./mesh/mesh.header
InitializeMesh: Number of nodes in mesh: 82394
InitializeMesh: Number of bulk elements in mesh: 422185
InitializeMesh: Number of boundary elements in mesh: 8269
InitializeMesh: Initial number of max element nodes: 4
ElmerMeshReader: Performing step: 2
ReadNodesFile: Reading nodes from file: ./mesh/mesh.nodes
SetMeshDimension: Dimension of mesh is: 3
SetMeshDimension: Max dimension of mesh is: 3
ElmerMeshReader: Performing step: 3
ReadElementsFile: Reading bulk elements from file: ./mesh/mesh.elements
ElmerMeshReader: Performing step: 4
ReadBoundaryFile: Reading boundary elements from file: ./mesh/mesh.boundary
PermuteNodeNumbering: Performing node mapping
MapBodiesAndBCs: Remapping bodies
MapBodiesAndBCs: Minimum initial body index: 1
MapBodiesAndBCs: Maximum initial body index: 5
MapBodiesAndBCs: Remapping boundaries
MapBodiesAndBCs: Minimum initial boundary index: 13
MapBodiesAndBCs: Maximum initial boundary index: 15
ElmerMeshReader: Performing step: 5
ElmerMeshReader: Performing step: 6
LoadMesh: Loading mesh done
LoadMesh: Preparing mesh done
LoadMesh: Elapsed REAL time:     0.2231 (s)
MeshStabParams: Computing stabilization parameters
MeshStabParams: Elapsed REAL time:     0.0394 (s)
LoadModel: Defined radition solver by Equation name "heat equation"
MAIN: -------------------------------------
AddMeshCoordinates: Setting mesh coordinates and time
AddSolvers: Setting up 2 solvers
AddSolvers: Setting up solver 1: heat equation
AddEquationBasics: Setting up keywords internally for legacy solver: heat equation
AddEquationBasics: Using procedure: HeatSolve HeatSolver
AddEquationBasics: Setting up solver: heat equation
Loading user function library: [HeatSolve]...[HeatSolver_Init]
Loading user function library: [HeatSolve]...[HeatSolver_bulk]
Loading user function library: [HeatSolve]...[HeatSolver_bulk]
Loading user function library: [HeatSolve]...[HeatSolver]
AddEquationBasics: Creating standard variable: temperature
OptimizeBandwidth: ---------------------------------------------------------
OptimizeBandwidth: Computing matrix structure for: heat equation
OptimizeBandwidth: Initial bandwidth for heat equation: 82239
OptimizeBandwidth: Optimized bandwidth for heat equation: 3706
OptimizeBandwidth: ---------------------------------------------------------
AddSolvers: Setting up solver 2: savescalars
AddEquationBasics: Using procedure: SaveData SaveScalars
AddEquationBasics: Setting up solver: savescalars
Loading user function library: [SaveData]...[SaveScalars_Init]
Loading user function library: [SaveData]...[SaveScalars_bulk]
Loading user function library: [SaveData]...[SaveScalars_bulk]
Loading user function library: [SaveData]...[SaveScalars]
AddTimeEtc: Setting time and other global variables
MAIN: Random seed initialized to: 314159265
SetInitialConditions: Setting up initial conditions (if any)
MAIN: Number of timesteps to be saved: 8
MAIN: 
MAIN: -------------------------------------
MAIN:  Steady state iteration:            1
MAIN: -------------------------------------
MAIN: 
SingleSolver: Attempting to call solver: 1
SingleSolver: Solver Equation string is: heat equation
HeatSolver: -------------------------------------------
HeatSolver: Solving the energy equation for temperature
DefaultStart: Starting solver: heat equation
HeatSolve: 
HeatSolve: 
HeatSolve: -------------------------------------
HeatSolve:  TEMPERATURE ITERATION           1
HeatSolve: -------------------------------------
HeatSolve: 
HeatSolve: Starting Assembly...
HeatSolve: Assembly:
: .Saving bulk values for: heat equation
HeatSolve: Assembly done
DefUtils::DefaultDirichletBCs: Setting Dirichlet boundary conditions
EnforceDirichletConditions: Enforcing total of 861 Dirichlet conditions.
EnforceDirichletConditions: Applying Dirichlet conditions using scaled diagonal
ScaleLinearSystem: Creating > DiagScaling < vector of size 82394
EnforceDirichletConditions: Dirichlet conditions enforced for dofs: 861
DefaultSolve: Solving linear system with default routines
SolveSystem: Solving linear system
SolveLinearSystem: Assuming real valued linear system
SolveLinearSystem: Assuming serial linear system
ScaleLinearSystem: Creating > DiagScaling < vector of size 82394
SolveLinearSystem: Linear System Preconditioning: ilu1
Prec0-ilu1: Elapsed REAL time:     0.0000 (s)
SolveLinearSystem: Serial linear System Solver: iterative
IterSolver: Using iterative method: bicgstab
CRS_IncompleteLU: ILU(1) (Real), Performing Factorization:
CRS_IncompleteLU: Allocated LU matrix of size: 2197108
CRS_IncompleteLU: ILU(1) (Real), NOF nonzeros:   2197109
CRS_IncompleteLU: ILU(1) (Real), filling (%) :       191
CRS_IncompleteLU: ILU(1) (Real), Factorization time (s):     0.34
Prec-ilu1: Elapsed REAL time:     0.3508 (s)
       1 0.1184E-01
       2 0.6743E-02
       3 0.3406E-02
       4 0.2017E-02
       5 0.1513E-02
       6 0.1208E-02
       7 0.9846E-03
       8 0.9995E-03
       9 0.9375E-03
      10 0.1629E-02
      11 0.1477E-02
      12 0.2151E-02
      13 0.5438E-03
      14 0.4934E-03
      15 0.4783E-03
      16 0.4637E-03
      17 0.4540E-03
      18 0.4466E-03
      19 0.4477E-03
      20 0.4491E-03
      21 0.4320E-03
      22 0.4344E-03
      23 0.1590E-02
      24 0.4759E-03
      25 0.4642E-03
      26 0.4577E-03
      27 0.4012E-03
      28 0.9612E-03
      29 0.6844E-03
      30 0.6481E-03
      31 0.6432E-03
      32 0.6080E-03
      33 0.1142E-02
      34 0.7334E-03
      35 0.6983E-03
      36 0.6634E-03
      37 0.1468E-02
      38 0.1015E-02
      39 0.1050E-02
      40 0.7188E-03
      41 0.7142E-03
      42 0.6812E-03
      43 0.4622E-03
      44 0.4317E-03
      45 0.4054E-03
      46 0.3458E-03
      47 0.2196E-03
      48 0.1879E-03
      49 0.1026E-03
      50 0.1276E-03
      51 0.1069E-03
      52 0.1046E-03
      53 0.1067E-03
      54 0.1016E-03
      55 0.1017E-03
      56 0.1009E-03
      57 0.9876E-04
      58 0.1007E-03
      59 0.8343E-04
      60 0.6342E-04
      61 0.4707E-03
      62 0.4685E-04
      63 0.1004E-03
      64 0.3795E-04
      65 0.1012E-03
      66 0.4135E-04
      67 0.3598E-04
      68 0.3591E-04
      69 0.3567E-04
      70 0.3495E-04
      71 0.3377E-04
      72 0.3404E-04
      73 0.3444E-04
      74 0.3437E-04
      75 0.3421E-04
      76 0.3263E-04
      77 0.3230E-04
      78 0.3224E-04
      79 0.3213E-04
      80 0.3256E-04
      81 0.3172E-04
      82 0.3900E-04
      83 0.2691E-04
      84 0.2040E-04
      85 0.1600E-03
      86 0.1849E-02
      87 0.1170E-03
      88 0.1419E-03
      89 0.4293E-04
      90 0.1280E-04
      91 0.1129E-04
      92 0.8539E-05
      93 0.1818E-04
      94 0.1682E-04
      95 0.1329E-04
      96 0.1187E-04
      97 0.1122E-04
      98 0.1072E-04
      99 0.1054E-04
     100 0.1055E-04
     101 0.9423E-05
     102 0.9422E-05
     103 0.9063E-05
     104 0.7642E-05
     105 0.7639E-05
     106 0.5119E-05
     107 0.3348E-05
     108 0.2374E-05
     109 0.1585E-05
     110 0.1634E-05
     111 0.5675E-06
     112 0.3162E-06
     113 0.3426E-06
     114 0.3724E-06
     115 0.2431E-06
     116 0.1603E-06
     117 0.1324E-06
     118 0.5393E-07
     119 0.5415E-07
     120 0.5265E-07
     121 0.1790E-06
     122 0.3593E-07
     123 0.1213E-07
     124 0.1350E-07
     125 0.6562E-08
     126 0.7201E-08
     127 0.5322E-08
     128 0.7578E-08
     129 0.7069E-08
     130 0.1234E-07
     131 0.4387E-08
     132 0.5862E-08
     133 0.8779E-08
     134 0.7953E-08
     135 0.4614E-08
     136 0.5770E-08
     137 0.1861E-08
     138 0.1885E-08
     139 0.1031E-08
     140 0.6978E-09
     141 0.6995E-09
     142 0.5663E-09
     143 0.4222E-09
     144 0.4302E-09
     145 0.1770E-09
     146 0.6532E-10
     147 0.2863E-10
     148 0.1382E-10
     149 0.1361E-10
     150 0.7489E-11
     151 0.7892E-11
     152 0.5884E-11
     153 0.5868E-11
     154 0.4679E-11
     155 0.3594E-11
     156 0.3603E-11
     157 0.1300E-11
     158 0.1492E-12
     158 0.1492E-12
SolveLinearSystem: Calculating nodal loads for: temperature
CalculateLoads: Computing boundary fluxes from nodal loads
CalculateLoads: temperature Flux over BC 1: -2.28528E+00
CalculateLoads: temperature Flux over BC 2:  1.14264E+00
CalculateLoads: temperature Flux over BC 3:  1.14264E+00
CalculateLoads: temperature Flux over all BCs:  5.11914E-09
ComputeNorm: Computing norm of solution
ComputeChange: NS (ITER=1) (NRM,RELC): (  356.52878      2.0000000     ) :: heat equation
HeatSolve: iter:    1 Assembly: (s)    1.99    1.99
HeatSolve: iter:    1 Solve:    (s)    1.63    1.63
HeatSolve:  Result Norm   :    356.52877930111026
HeatSolve:  Relative Change :    2.0000000000000000
DefaultFinish: Finished solver: heat equation
ComputeNorm: Computing norm of solution
ComputeChange: SS (ITER=1) (NRM,RELC): (  356.52878      2.0000000     ) :: heat equation
MAIN: 
MAIN: -------------------------------------
MAIN:  Steady state iteration:            2
MAIN: -------------------------------------
MAIN: 
SingleSolver: Attempting to call solver: 1
SingleSolver: Solver Equation string is: heat equation
HeatSolver: -------------------------------------------
HeatSolver: Solving the energy equation for temperature
DefaultStart: Starting solver: heat equation
HeatSolve: 
HeatSolve: 
HeatSolve: -------------------------------------
HeatSolve:  TEMPERATURE ITERATION           1
HeatSolve: -------------------------------------
HeatSolve: 
HeatSolve: Starting Assembly...
HeatSolve: Assembly:
: .Saving bulk values for: heat equation
HeatSolve: Assembly done
DefUtils::DefaultDirichletBCs: Setting Dirichlet boundary conditions
EnforceDirichletConditions: Enforcing total of 861 Dirichlet conditions.
EnforceDirichletConditions: Applying Dirichlet conditions using scaled diagonal
ScaleLinearSystem: Creating > DiagScaling < vector of size 82394
EnforceDirichletConditions: Dirichlet conditions enforced for dofs: 861
DefaultSolve: Solving linear system with default routines
SolveSystem: Solving linear system
SolveLinearSystem: Assuming real valued linear system
SolveLinearSystem: Assuming serial linear system
ScaleLinearSystem: Creating > DiagScaling < vector of size 82394
SolveLinearSystem: Linear System Preconditioning: ilu1
Prec0-ilu1: Elapsed REAL time:     0.0000 (s)
SolveLinearSystem: Serial linear System Solver: iterative
IterSolver: Using iterative method: bicgstab
CRS_IncompleteLU: ILU(1) (Real), Performing Factorization:
CRS_IncompleteLU: ILU(1) (Real), NOF nonzeros:   2197109
CRS_IncompleteLU: ILU(1) (Real), filling (%) :       191
CRS_IncompleteLU: ILU(1) (Real), Factorization time (s):     0.06
Prec-ilu1: Elapsed REAL time:     0.0586 (s)
       1 0.1096E-11
       2 0.1036E-11
       3 0.4935E-12
       3 0.4935E-12
SolveLinearSystem: Calculating nodal loads for: temperature
CalculateLoads: Computing boundary fluxes from nodal loads
CalculateLoads: temperature Flux over BC 1: -2.28528E+00
CalculateLoads: temperature Flux over BC 2:  1.14264E+00
CalculateLoads: temperature Flux over BC 3:  1.14264E+00
CalculateLoads: temperature Flux over all BCs:  3.89878E-09
ComputeNorm: Computing norm of solution
ComputeChange: NS (ITER=1) (NRM,RELC): (  356.52878     0.71559211E-10 ) :: heat equation
HeatSolve: iter:    1 Assembly: (s)    1.57    1.57
HeatSolve: iter:    1 Solve:    (s)    0.09    0.09
HeatSolve:  Result Norm   :    356.52877932662318
HeatSolve:  Relative Change :    7.1559210590398604E-011
DefaultFinish: Finished solver: heat equation
ComputeNorm: Computing norm of solution
ComputeChange: SS (ITER=2) (NRM,RELC): (  356.52878     0.71559211E-10 ) :: heat equation
SingleSolver: Attempting to call solver: 2
SingleSolver: Solver Equation string is: savescalars
SaveScalars: -----------------------------------------
SaveScalars: Saving scalar values of various kinds
SaveScalars: Performed 2 reduction operations
SaveScalars: Found 3 result scalars in simulation section
SaveScalars: Found 5 values to save in total
SaveScalars: Saving names of values to file: ./scalars.dat.names
SaveScalars: Saving values to file: ./scalars.dat
SaveScalars: -----------------------------------------
ReloadInputFile: Reloading input file
LoadInputFile: Loading input file:
MAIN: Reporting unused list entries for sif improvement!
MAIN: If you do not want these lines undefine > DEVEL_LISTUSAGE < !
   Unused keywords:
       Solver 1              linear system abort not converged
MAIN: *** Elmer Solver: ALL DONE ***
Loading user function library: [HeatSolve]...[HeatSolver_Finalize]
Loading user function library: [HeatSolve]...[HeatSolver_Finalize]
Loading user function library: [SaveData]...[SaveScalars_Finalize]
Loading user function library: [SaveData]...[SaveScalars_Finalize]
MAIN: The end
SOLVER TOTAL TIME(CPU,REAL):         6.15        6.25
ELMER SOLVER FINISHED AT: 2026/09/16 15:24:41

--- stderr ---
