Info    : Running '/opt/homebrew/bin/gmsh neck.geo -3 -format msh2 -o neck.msh -nt 1' [Gmsh 4.15.2-git, 1 node, max. 1 thread]
Info    : Started on Mon Sep 14 10:01:40 2026
Info    : Reading 'neck.geo'...
Info    : Cannot bind existing OpenCASCADE surface 1 to second tag 2
Info    : Could not preserve tag of 2D object 2 (->1)
Info    : Cannot bind existing OpenCASCADE surface 1 to second tag 3
Info    : Could not preserve tag of 2D object 3 (->1)
Info    : Cannot bind existing OpenCASCADE surface 1 to second tag 5
Info    : Could not preserve tag of 2D object 5 (->1)
Info    : Done reading 'neck.geo'
Info    : Meshing 1D...
Info    : [  0%] Meshing curve 1 (Line)
Info    : [ 10%] Meshing curve 2 (Line)
Info    : [ 10%] Meshing curve 3 (Ellipse)
Info    : [ 10%] Meshing curve 4 (Ellipse)
Info    : [ 10%] Meshing curve 5 (Line)
Info    : [ 20%] Meshing curve 6 (Line)
Info    : [ 20%] Meshing curve 7 (Line)
Info    : [ 20%] Meshing curve 8 (Line)
Info    : [ 20%] Meshing curve 9 (Line)
Info    : [ 30%] Meshing curve 10 (Line)
Info    : [ 30%] Meshing curve 11 (Line)
Info    : [ 30%] Meshing curve 12 (Ellipse)
Info    : [ 30%] Meshing curve 13 (Line)
Info    : [ 40%] Meshing curve 14 (Line)
Info    : [ 40%] Meshing curve 15 (Ellipse)
Info    : [ 40%] Meshing curve 16 (Circle)
Info    : [ 40%] Meshing curve 17 (Line)
Info    : [ 50%] Meshing curve 18 (Ellipse)
Info    : [ 50%] Meshing curve 19 (Line)
Info    : [ 50%] Meshing curve 20 (Line)
Info    : [ 50%] Meshing curve 21 (Ellipse)
Info    : [ 60%] Meshing curve 22 (Circle)
Info    : [ 60%] Meshing curve 23 (Line)
Info    : [ 60%] Meshing curve 24 (Line)
Info    : [ 60%] Meshing curve 25 (Line)
Info    : [ 60%] Meshing curve 26 (Line)
Info    : [ 70%] Meshing curve 27 (Line)
Info    : [ 70%] Meshing curve 28 (Line)
Info    : [ 70%] Meshing curve 29 (Line)
Info    : [ 70%] Meshing curve 30 (Line)
Info    : [ 80%] Meshing curve 31 (Line)
Info    : [ 80%] Meshing curve 32 (Line)
Info    : [ 80%] Meshing curve 33 (Line)
Info    : [ 80%] Meshing curve 34 (Line)
Info    : [ 90%] Meshing curve 35 (Line)
Info    : [ 90%] Meshing curve 36 (Line)
Info    : [ 90%] Meshing curve 37 (Line)
Info    : [ 90%] Meshing curve 38 (Line)
Info    : [100%] Meshing curve 39 (Line)
Info    : [100%] Meshing curve 40 (Line)
Info    : [100%] Meshing curve 41 (Circle)
Info    : [100%] Meshing curve 42 (Line)
Info    : Done meshing 1D (Wall 0.00190783s, CPU 0.001719s)
Info    : Meshing 2D...
Info    : [  0%] Meshing surface 1 (Unknown, Frontal-Delaunay)
Info    : [ 10%] Meshing surface 2 (Plane, Frontal-Delaunay)
Info    : [ 20%] Meshing surface 3 (Plane, Frontal-Delaunay)
Info    : [ 20%] Meshing surface 4 (Plane, Frontal-Delaunay)
Info    : [ 30%] Meshing surface 5 (Plane, Frontal-Delaunay)
Info    : [ 30%] Meshing surface 6 (Plane, Frontal-Delaunay)
Info    : [ 40%] Meshing surface 7 (Unknown, Frontal-Delaunay)
Info    : [ 40%] Meshing surface 8 (Plane, Frontal-Delaunay)
Info    : [ 50%] Meshing surface 9 (Plane, Frontal-Delaunay)
Info    : [ 60%] Meshing surface 10 (Unknown, Frontal-Delaunay)
Info    : [ 60%] Meshing surface 11 (Cylinder, Frontal-Delaunay)
Info    : [ 70%] Meshing surface 12 (Plane, Frontal-Delaunay)
Info    : [ 70%] Meshing surface 13 (Plane, Frontal-Delaunay)
Info    : [ 80%] Meshing surface 14 (Plane, Frontal-Delaunay)
Info    : [ 80%] Meshing surface 15 (Plane, Frontal-Delaunay)
Info    : [ 90%] Meshing surface 16 (Plane, Frontal-Delaunay)
Info    : [ 90%] Meshing surface 17 (Plane, Frontal-Delaunay)
Info    : [100%] Meshing surface 18 (Cylinder, Frontal-Delaunay)
Info    : Done meshing 2D (Wall 0.0269631s, CPU 0.026394s)
Info    : Meshing 3D...
Info    : 3D Meshing 2 volumes with 1 connected component
Info    : Tetrahedrizing 1356 nodes...
Info    : Done tetrahedrizing 1364 nodes (Wall 0.00799004s, CPU 0.00765s)
Info    : Reconstructing mesh...
Info    :  - Creating surface mesh
Info    :  - Identifying boundary edges
Info    :  - Recovering boundary
Info    :  - Added 7 Steiner points
Info    : Done reconstructing mesh (Wall 0.0236847s, CPU 0.022619s)
Info    : Found volume 31
Info    : Found volume 1
Info    : It. 0 - 0 nodes created - worst tet radius 2.2761 (nodes removed 0 0)
Info    : 3D refinement terminated (1745 nodes total):
Info    :  - 0 Delaunay cavities modified for star shapeness
Info    :  - 14 nodes could not be inserted
Info    :  - 6820 tetrahedra created in 0.013609 sec. (501137 tets/s)
Info    : 12 node relocations
Info    : Done meshing 3D (Wall 0.0540442s, CPU 0.052045s)
Info    : Optimizing mesh...
Info    : Optimizing volume 1
Info    : Optimization starts (volume = 1.37787e-09) with worst = 0.0722442 / average = 0.397521:
Info    : 0.00 < quality < 0.10 :        12 elements
Info    : 0.10 < quality < 0.20 :         2 elements
Info    : 0.20 < quality < 0.30 :        16 elements
Info    : 0.30 < quality < 0.40 :       684 elements
Info    : 0.40 < quality < 0.50 :       368 elements
Info    : 0.50 < quality < 0.60 :        55 elements
Info    : 0.60 < quality < 0.70 :         2 elements
Info    : 0.70 < quality < 0.80 :         0 elements
Info    : 0.80 < quality < 0.90 :         0 elements
Info    : 0.90 < quality < 1.00 :         0 elements
Info    : 1 edge swaps, 11 node relocations (volume = 1.37787e-09): worst = 0.0722442 / average = 0.397521 (Wall 0.000240417s, CPU 0.000224s)
Info    : 3 edge swaps, 20 node relocations (volume = 1.37787e-09): worst = 0.0722442 / average = 0.397517 (Wall 0.000428209s, CPU 0.000407s)
Info    : No ill-shaped tets in the mesh :-)
Info    : 0.00 < quality < 0.10 :        12 elements
Info    : 0.10 < quality < 0.20 :         2 elements
Info    : 0.20 < quality < 0.30 :        14 elements
Info    : 0.30 < quality < 0.40 :       680 elements
Info    : 0.40 < quality < 0.50 :       368 elements
Info    : 0.50 < quality < 0.60 :        55 elements
Info    : 0.60 < quality < 0.70 :         2 elements
Info    : 0.70 < quality < 0.80 :         0 elements
Info    : 0.80 < quality < 0.90 :         0 elements
Info    : 0.90 < quality < 1.00 :         0 elements
Info    : Optimizing volume 31
Info    : Optimization starts (volume = 6.19841e-08) with worst = 0.026557 / average = 0.761466:
Info    : 0.00 < quality < 0.10 :        30 elements
Info    : 0.10 < quality < 0.20 :        31 elements
Info    : 0.20 < quality < 0.30 :        51 elements
Info    : 0.30 < quality < 0.40 :        89 elements
Info    : 0.40 < quality < 0.50 :       152 elements
Info    : 0.50 < quality < 0.60 :       294 elements
Info    : 0.60 < quality < 0.70 :       871 elements
Info    : 0.70 < quality < 0.80 :      1494 elements
Info    : 0.80 < quality < 0.90 :      1794 elements
Info    : 0.90 < quality < 1.00 :       875 elements
Info    : 110 edge swaps, 2 node relocations (volume = 6.19841e-08): worst = 0.302421 / average = 0.773835 (Wall 0.00116242s, CPU 0.001131s)
Info    : No ill-shaped tets in the mesh :-)
Info    : 0.00 < quality < 0.10 :         0 elements
Info    : 0.10 < quality < 0.20 :         0 elements
Info    : 0.20 < quality < 0.30 :         0 elements
Info    : 0.30 < quality < 0.40 :        92 elements
Info    : 0.40 < quality < 0.50 :       136 elements
Info    : 0.50 < quality < 0.60 :       305 elements
Info    : 0.60 < quality < 0.70 :       857 elements
Info    : 0.70 < quality < 0.80 :      1503 elements
Info    : 0.80 < quality < 0.90 :      1811 elements
Info    : 0.90 < quality < 1.00 :       877 elements
Info    : Done optimizing mesh (Wall 0.00475071s, CPU 0.004577s)
Info    : 1745 nodes 9856 elements
Info    : Writing 'neck.msh'...
Info    : Done writing 'neck.msh'
Info    : Stopped on Mon Sep 14 10:01:40 2026 (From start: Wall 0.134696s, CPU 0.193931s)
