Info    : Running '/opt/homebrew/bin/gmsh joint.geo -3 -format msh2 -o joint.msh -nt 1' [Gmsh 4.15.2-git, 1 node, max. 1 thread]
Info    : Started on Wed Sep 16 13:00:38 2026
Info    : Reading 'joint.geo'...
Info    : Done reading 'joint.geo'
Info    : Meshing 1D...
Info    : [  0%] Meshing curve 1 (Circle)
Info    : [ 10%] Meshing curve 2 (Line)
Info    : [ 10%] Meshing curve 3 (Circle)
Info    : [ 10%] Meshing curve 4 (Line)
Info    : [ 10%] Meshing curve 5 (Line)
Info    : [ 10%] Meshing curve 6 (Line)
Info    : [ 10%] Meshing curve 7 (Line)
Info    : [ 20%] Meshing curve 8 (Line)
Info    : [ 20%] Meshing curve 9 (Circle)
Info    : [ 20%] Meshing curve 10 (Circle)
Info    : [ 20%] Meshing curve 11 (Line)
Info    : [ 20%] Meshing curve 12 (Line)
Info    : [ 20%] Meshing curve 13 (Line)
Info    : [ 30%] Meshing curve 14 (Line)
Info    : [ 30%] Meshing curve 15 (Line)
Info    : [ 30%] Meshing curve 16 (Line)
Info    : [ 30%] Meshing curve 17 (Line)
Info    : [ 30%] Meshing curve 18 (Line)
Info    : [ 30%] Meshing curve 19 (Line)
Info    : [ 40%] Meshing curve 20 (Line)
Info    : [ 40%] Meshing curve 21 (Line)
Info    : [ 40%] Meshing curve 22 (Circle)
Info    : [ 40%] Meshing curve 23 (Line)
Info    : [ 40%] Meshing curve 24 (Circle)
Info    : [ 40%] Meshing curve 25 (Circle)
Info    : [ 40%] Meshing curve 26 (Circle)
Info    : [ 50%] Meshing curve 27 (Circle)
Info    : [ 50%] Meshing curve 28 (Line)
Info    : [ 50%] Meshing curve 29 (Line)
Info    : [ 50%] Meshing curve 30 (Line)
Info    : [ 50%] Meshing curve 31 (Line)
Info    : [ 50%] Meshing curve 32 (Line)
Info    : [ 60%] Meshing curve 33 (Line)
Info    : [ 60%] Meshing curve 34 (Line)
Info    : [ 60%] Meshing curve 35 (Line)
Info    : [ 60%] Meshing curve 36 (Line)
Info    : [ 60%] Meshing curve 37 (Line)
Info    : [ 60%] Meshing curve 38 (Line)
Info    : [ 70%] Meshing curve 39 (Line)
Info    : [ 70%] Meshing curve 40 (Line)
Info    : [ 70%] Meshing curve 41 (Line)
Info    : [ 70%] Meshing curve 42 (Line)
Info    : [ 70%] Meshing curve 43 (Circle)
Info    : [ 70%] Meshing curve 44 (Line)
Info    : [ 70%] Meshing curve 45 (Line)
Info    : [ 80%] Meshing curve 46 (Line)
Info    : [ 80%] Meshing curve 47 (Line)
Info    : [ 80%] Meshing curve 48 (Line)
Info    : [ 80%] Meshing curve 49 (Line)
Info    : [ 80%] Meshing curve 50 (Line)
Info    : [ 80%] Meshing curve 51 (Line)
Info    : [ 90%] Meshing curve 52 (Line)
Info    : [ 90%] Meshing curve 53 (Line)
Info    : [ 90%] Meshing curve 54 (Line)
Info    : [ 90%] Meshing curve 55 (Line)
Info    : [ 90%] Meshing curve 56 (Line)
Info    : [ 90%] Meshing curve 57 (Line)
Info    : [100%] Meshing curve 58 (Line)
Info    : [100%] Meshing curve 59 (Line)
Info    : [100%] Meshing curve 60 (Line)
Info    : [100%] Meshing curve 61 (Line)
Info    : [100%] Meshing curve 62 (Line)
Info    : [100%] Meshing curve 63 (Line)
Info    : Done meshing 1D (Wall 0.00677842s, CPU 0.006498s)
Info    : Meshing 2D...
Info    : [  0%] Meshing surface 1 (Cylinder, Frontal-Delaunay)
Info    : [ 10%] Meshing surface 2 (Plane, Frontal-Delaunay)
Info    : [ 10%] Meshing surface 3 (Plane, Frontal-Delaunay)
Info    : [ 10%] Meshing surface 4 (Plane, Frontal-Delaunay)
Info    : [ 20%] Meshing surface 5 (Plane, Frontal-Delaunay)
Info    : [ 20%] Meshing surface 6 (Plane, Frontal-Delaunay)
Info    : [ 20%] Meshing surface 7 (Plane, Frontal-Delaunay)
Info    : [ 30%] Meshing surface 8 (Plane, Frontal-Delaunay)
Info    : [ 30%] Meshing surface 9 (Cylinder, Frontal-Delaunay)
Info    : [ 30%] Meshing surface 10 (Cylinder, Frontal-Delaunay)
Info    : [ 40%] Meshing surface 11 (Plane, Frontal-Delaunay)
Info    : [ 40%] Meshing surface 12 (Plane, Frontal-Delaunay)
Info    : [ 40%] Meshing surface 13 (Plane, Frontal-Delaunay)
Info    : [ 40%] Meshing surface 14 (Cylinder, Frontal-Delaunay)
Info    : [ 50%] Meshing surface 15 (Plane, Frontal-Delaunay)
Info    : [ 50%] Meshing surface 16 (Plane, Frontal-Delaunay)
Info    : [ 50%] Meshing surface 17 (Plane, Frontal-Delaunay)
Info    : [ 60%] Meshing surface 18 (Plane, Frontal-Delaunay)
Info    : [ 60%] Meshing surface 19 (Plane, Frontal-Delaunay)
Info    : [ 60%] Meshing surface 20 (Plane, Frontal-Delaunay)
Info    : [ 70%] Meshing surface 21 (Cylinder, Frontal-Delaunay)
Info    : [ 70%] Meshing surface 22 (Plane, Frontal-Delaunay)
Info    : [ 70%] Meshing surface 23 (Plane, Frontal-Delaunay)
Info    : [ 70%] Meshing surface 24 (Plane, Frontal-Delaunay)
Info    : [ 80%] Meshing surface 25 (Plane, Frontal-Delaunay)
Info    : [ 80%] Meshing surface 26 (Plane, Frontal-Delaunay)
Info    : [ 80%] Meshing surface 27 (Plane, Frontal-Delaunay)
Info    : [ 90%] Meshing surface 28 (Plane, Frontal-Delaunay)
Info    : [ 90%] Meshing surface 29 (Plane, Frontal-Delaunay)
Info    : [ 90%] Meshing surface 30 (Plane, Frontal-Delaunay)
Info    : [100%] Meshing surface 31 (Plane, Frontal-Delaunay)
Info    : [100%] Meshing surface 32 (Plane, Frontal-Delaunay)
Info    : [100%] Meshing surface 33 (Plane, Frontal-Delaunay)
Info    : Done meshing 2D (Wall 0.223881s, CPU 0.220932s)
Info    : Meshing 3D...
Info    : 3D Meshing 4 volumes with 1 connected component
Info    : Tetrahedrizing 9507 nodes...
Info    : Done tetrahedrizing 9515 nodes (Wall 0.0674207s, CPU 0.065911s)
Info    : Reconstructing mesh...
Info    :  - Creating surface mesh
Info    :  - Identifying boundary edges
Info    :  - Recovering boundary
Info    : Done reconstructing mesh (Wall 0.155933s, CPU 0.150094s)
Info    : Found volume 10
Info    : Found volume 21
Info    : Found volume 20
Info    : Found volume 1
Info    : It. 0 - 0 nodes created - worst tet radius 7.5438 (nodes removed 0 0)
Info    : It. 500 - 498 nodes created - worst tet radius 1.9535 (nodes removed 0 2)
Info    : It. 1000 - 996 nodes created - worst tet radius 1.6217 (nodes removed 0 4)
Info    : It. 1500 - 1496 nodes created - worst tet radius 1.44028 (nodes removed 0 4)
Info    : It. 2000 - 1990 nodes created - worst tet radius 1.32882 (nodes removed 4 6)
Info    : It. 2500 - 2489 nodes created - worst tet radius 1.23817 (nodes removed 5 6)
Info    : It. 3000 - 2984 nodes created - worst tet radius 1.1769 (nodes removed 10 6)
Info    : It. 3500 - 3481 nodes created - worst tet radius 1.1252 (nodes removed 12 7)
Info    : It. 4000 - 3980 nodes created - worst tet radius 1.08237 (nodes removed 12 8)
Info    : It. 4500 - 4479 nodes created - worst tet radius 1.04469 (nodes removed 12 9)
Info    : It. 5000 - 4978 nodes created - worst tet radius 1.01109 (nodes removed 12 10)
Info    : 3D refinement terminated (14659 nodes total):
Info    :  - 1 Delaunay cavities modified for star shapeness
Info    :  - 23 nodes could not be inserted
Info    :  - 77545 tetrahedra created in 0.257001 sec. (301730 tets/s)
Info    : 5 node relocations
Info    : Done meshing 3D (Wall 0.655526s, CPU 0.638624s)
Info    : Optimizing mesh...
Info    : Optimizing volume 1
Info    : Optimization starts (volume = 3.86592e-09) with worst = 0.011953 / average = 0.646857:
Info    : 0.00 < quality < 0.10 :        88 elements
Info    : 0.10 < quality < 0.20 :       133 elements
Info    : 0.20 < quality < 0.30 :       154 elements
Info    : 0.30 < quality < 0.40 :       495 elements
Info    : 0.40 < quality < 0.50 :      2352 elements
Info    : 0.50 < quality < 0.60 :      5427 elements
Info    : 0.60 < quality < 0.70 :      4142 elements
Info    : 0.70 < quality < 0.80 :      2708 elements
Info    : 0.80 < quality < 0.90 :      3206 elements
Info    : 0.90 < quality < 1.00 :      1184 elements
Info    : 365 edge swaps, 0 node relocations (volume = 3.86592e-09): worst = 0.0442928 / average = 0.655476 (Wall 0.00437387s, CPU 0.004281s)
Info    : 372 edge swaps, 0 node relocations (volume = 3.86592e-09): worst = 0.0442928 / average = 0.655504 (Wall 0.00531929s, CPU 0.005218s)
Info    : No ill-shaped tets in the mesh :-)
Info    : 0.00 < quality < 0.10 :         2 elements
Info    : 0.10 < quality < 0.20 :         5 elements
Info    : 0.20 < quality < 0.30 :         7 elements
Info    : 0.30 < quality < 0.40 :       515 elements
Info    : 0.40 < quality < 0.50 :      2365 elements
Info    : 0.50 < quality < 0.60 :      5434 elements
Info    : 0.60 < quality < 0.70 :      4146 elements
Info    : 0.70 < quality < 0.80 :      2614 elements
Info    : 0.80 < quality < 0.90 :      3235 elements
Info    : 0.90 < quality < 1.00 :      1227 elements
Info    : Optimizing volume 10
Info    : Optimization starts (volume = 1.00605e-07) with worst = 0.0157473 / average = 0.760278:
Info    : 0.00 < quality < 0.10 :       132 elements
Info    : 0.10 < quality < 0.20 :       336 elements
Info    : 0.20 < quality < 0.30 :       541 elements
Info    : 0.30 < quality < 0.40 :       829 elements
Info    : 0.40 < quality < 0.50 :      1341 elements
Info    : 0.50 < quality < 0.60 :      2579 elements
Info    : 0.60 < quality < 0.70 :      6169 elements
Info    : 0.70 < quality < 0.80 :     12160 elements
Info    : 0.80 < quality < 0.90 :     15105 elements
Info    : 0.90 < quality < 1.00 :      7010 elements
Info    : 995 edge swaps, 34 node relocations (volume = 1.00605e-07): worst = 0.203658 / average = 0.773662 (Wall 0.0139324s, CPU 0.01376s)
Info    : 1009 edge swaps, 34 node relocations (volume = 1.00605e-07): worst = 0.25536 / average = 0.773806 (Wall 0.0163247s, CPU 0.016144s)
Info    : No ill-shaped tets in the mesh :-)
Info    : 0.00 < quality < 0.10 :         0 elements
Info    : 0.10 < quality < 0.20 :         0 elements
Info    : 0.20 < quality < 0.30 :         1 elements
Info    : 0.30 < quality < 0.40 :       822 elements
Info    : 0.40 < quality < 0.50 :      1285 elements
Info    : 0.50 < quality < 0.60 :      2555 elements
Info    : 0.60 < quality < 0.70 :      6141 elements
Info    : 0.70 < quality < 0.80 :     12220 elements
Info    : 0.80 < quality < 0.90 :     15267 elements
Info    : 0.90 < quality < 1.00 :      7004 elements
Info    : Optimizing volume 20
Info    : Optimization starts (volume = 3.157e-09) with worst = 0.0197558 / average = 0.771861:
Info    : 0.00 < quality < 0.10 :         6 elements
Info    : 0.10 < quality < 0.20 :         5 elements
Info    : 0.20 < quality < 0.30 :         3 elements
Info    : 0.30 < quality < 0.40 :         3 elements
Info    : 0.40 < quality < 0.50 :         3 elements
Info    : 0.50 < quality < 0.60 :        30 elements
Info    : 0.60 < quality < 0.70 :       170 elements
Info    : 0.70 < quality < 0.80 :       316 elements
Info    : 0.80 < quality < 0.90 :       243 elements
Info    : 0.90 < quality < 1.00 :       153 elements
Info    : 14 edge swaps, 0 node relocations (volume = 3.157e-09): worst = 0.379192 / average = 0.783066 (Wall 0.000180833s, CPU 0.000156s)
Info    : No ill-shaped tets in the mesh :-)
Info    : 0.00 < quality < 0.10 :         0 elements
Info    : 0.10 < quality < 0.20 :         0 elements
Info    : 0.20 < quality < 0.30 :         0 elements
Info    : 0.30 < quality < 0.40 :         3 elements
Info    : 0.40 < quality < 0.50 :         3 elements
Info    : 0.50 < quality < 0.60 :        25 elements
Info    : 0.60 < quality < 0.70 :       170 elements
Info    : 0.70 < quality < 0.80 :       319 elements
Info    : 0.80 < quality < 0.90 :       245 elements
Info    : 0.90 < quality < 1.00 :       153 elements
Info    : Optimizing volume 21
Info    : Optimization starts (volume = 3.84503e-09) with worst = 0.00426588 / average = 0.691883:
Info    : 0.00 < quality < 0.10 :        40 elements
Info    : 0.10 < quality < 0.20 :        79 elements
Info    : 0.20 < quality < 0.30 :       143 elements
Info    : 0.30 < quality < 0.40 :       289 elements
Info    : 0.40 < quality < 0.50 :       591 elements
Info    : 0.50 < quality < 0.60 :      1608 elements
Info    : 0.60 < quality < 0.70 :      2486 elements
Info    : 0.70 < quality < 0.80 :      2337 elements
Info    : 0.80 < quality < 0.90 :      1801 elements
Info    : 0.90 < quality < 1.00 :      1148 elements
Info    : 253 edge swaps, 7 node relocations (volume = 3.84503e-09): worst = 0.249097 / average = 0.704924 (Wall 0.00275992s, CPU 0.002726s)
Info    : 254 edge swaps, 8 node relocations (volume = 3.84503e-09): worst = 0.249758 / average = 0.704912 (Wall 0.00317808s, CPU 0.003141s)
Info    : No ill-shaped tets in the mesh :-)
Info    : 0.00 < quality < 0.10 :         0 elements
Info    : 0.10 < quality < 0.20 :         0 elements
Info    : 0.20 < quality < 0.30 :         2 elements
Info    : 0.30 < quality < 0.40 :       314 elements
Info    : 0.40 < quality < 0.50 :       561 elements
Info    : 0.50 < quality < 0.60 :      1613 elements
Info    : 0.60 < quality < 0.70 :      2454 elements
Info    : 0.70 < quality < 0.80 :      2387 elements
Info    : 0.80 < quality < 0.90 :      1823 elements
Info    : 0.90 < quality < 1.00 :      1142 elements
Info    : Done optimizing mesh (Wall 0.0699223s, CPU 0.068001s)
Info    : 14659 nodes 96527 elements
Info    : Writing 'joint.msh'...
Info    : Done writing 'joint.msh'
Info    : Stopped on Wed Sep 16 13:00:39 2026 (From start: Wall 1.11259s, CPU 1.12198s)
