Info    : Running '/opt/homebrew/bin/gmsh joint.geo -3 -format msh2 -o joint.msh -nt 1' [Gmsh 4.15.2-git, 1 node, max. 1 thread]
Info    : Started on Mon Sep 14 17:31:12 2026
Info    : Reading 'joint.geo'...
Info    : Done reading 'joint.geo'
Info    : Meshing 1D...
Info    : [  0%] Meshing curve 1 (Circle)
Info    : [ 10%] Meshing curve 2 (Line)
Info    : [ 10%] Meshing curve 3 (Circle)
Info    : [ 10%] Meshing curve 4 (Circle)
Info    : [ 10%] Meshing curve 5 (TrimmedCurve)
Info    : [ 10%] Meshing curve 6 (TrimmedCurve)
Info    : [ 10%] Meshing curve 7 (Line)
Info    : [ 10%] Meshing curve 8 (Line)
Info    : [ 20%] Meshing curve 9 (Circle)
Info    : [ 20%] Meshing curve 10 (Circle)
Info    : [ 20%] Meshing curve 11 (Line)
Info    : [ 20%] Meshing curve 12 (Circle)
Info    : [ 20%] Meshing curve 13 (Line)
Info    : [ 20%] Meshing curve 14 (Line)
Info    : [ 20%] Meshing curve 15 (TrimmedCurve)
Info    : [ 30%] Meshing curve 16 (TrimmedCurve)
Info    : [ 30%] Meshing curve 17 (Line)
Info    : [ 30%] Meshing curve 18 (TrimmedCurve)
Info    : [ 30%] Meshing curve 19 (TrimmedCurve)
Info    : [ 30%] Meshing curve 20 (Line)
Info    : [ 30%] Meshing curve 21 (Line)
Info    : [ 30%] Meshing curve 22 (Line)
Info    : [ 30%] Meshing curve 23 (Line)
Info    : [ 40%] Meshing curve 24 (Line)
Info    : [ 40%] Meshing curve 25 (Circle)
Info    : [ 40%] Meshing curve 26 (Line)
Info    : [ 40%] Meshing curve 27 (Line)
Info    : [ 40%] Meshing curve 28 (Circle)
Info    : [ 40%] Meshing curve 29 (Line)
Info    : [ 40%] Meshing curve 30 (Circle)
Info    : [ 50%] Meshing curve 31 (Circle)
Info    : [ 50%] Meshing curve 32 (Circle)
Info    : [ 50%] Meshing curve 33 (Line)
Info    : [ 50%] Meshing curve 34 (Line)
Info    : [ 50%] Meshing curve 35 (Line)
Info    : [ 50%] Meshing curve 36 (Line)
Info    : [ 50%] Meshing curve 37 (Line)
Info    : [ 60%] Meshing curve 38 (Line)
Info    : [ 60%] Meshing curve 39 (Line)
Info    : [ 60%] Meshing curve 40 (Line)
Info    : [ 60%] Meshing curve 41 (Line)
Info    : [ 60%] Meshing curve 42 (Line)
Info    : [ 60%] Meshing curve 43 (Line)
Info    : [ 60%] Meshing curve 44 (Line)
Info    : [ 60%] Meshing curve 45 (Line)
Info    : [ 70%] Meshing curve 46 (Line)
Info    : [ 70%] Meshing curve 47 (Line)
Info    : [ 70%] Meshing curve 48 (Line)
Info    : [ 70%] Meshing curve 49 (Line)
Info    : [ 70%] Meshing curve 50 (Circle)
Info    : [ 70%] Meshing curve 51 (Line)
Info    : [ 70%] Meshing curve 52 (Circle)
Info    : [ 80%] Meshing curve 53 (Line)
Info    : [ 80%] Meshing curve 54 (Line)
Info    : [ 80%] Meshing curve 55 (Line)
Info    : [ 80%] Meshing curve 56 (Line)
Info    : [ 80%] Meshing curve 57 (Line)
Info    : [ 80%] Meshing curve 58 (Line)
Info    : [ 80%] Meshing curve 59 (Line)
Info    : [ 80%] Meshing curve 60 (Line)
Info    : [ 90%] Meshing curve 61 (Line)
Info    : [ 90%] Meshing curve 62 (Line)
Info    : [ 90%] Meshing curve 63 (Line)
Info    : [ 90%] Meshing curve 64 (Line)
Info    : [ 90%] Meshing curve 65 (Line)
Info    : [ 90%] Meshing curve 66 (Line)
Info    : [ 90%] Meshing curve 67 (Line)
Info    : [100%] Meshing curve 68 (Line)
Info    : [100%] Meshing curve 69 (Line)
Info    : [100%] Meshing curve 70 (Line)
Info    : [100%] Meshing curve 71 (Line)
Info    : [100%] Meshing curve 72 (Line)
Info    : [100%] Meshing curve 73 (Line)
Info    : [100%] Meshing curve 74 (Line)
Info    : Done meshing 1D (Wall 0.00886063s, CPU 0.008426s)
Info    : Meshing 2D...
Info    : [  0%] Meshing surface 1 (Cylinder, Frontal-Delaunay)
Info    : [ 10%] Meshing surface 2 (Plane, Frontal-Delaunay)
Info    : [ 10%] Meshing surface 3 (Plane, Frontal-Delaunay)
Info    : [ 10%] Meshing surface 4 (Cylinder, Frontal-Delaunay)
Info    : [ 20%] Meshing surface 5 (Plane, Frontal-Delaunay)
Info    : [ 20%] Meshing surface 6 (Plane, Frontal-Delaunay)
Info    : [ 20%] Meshing surface 7 (Plane, Frontal-Delaunay)
Info    : [ 20%] Meshing surface 8 (Plane, Frontal-Delaunay)
Info    : [ 30%] Meshing surface 9 (Cylinder, Frontal-Delaunay)
Info    : [ 30%] Meshing surface 10 (Cylinder, Frontal-Delaunay)
Info    : [ 30%] Meshing surface 11 (Plane, Frontal-Delaunay)
Info    : [ 30%] Meshing surface 12 (Plane, Frontal-Delaunay)
Info    : [ 40%] Meshing surface 13 (Plane, Frontal-Delaunay)
Info    : [ 40%] Meshing surface 14 (Plane, Frontal-Delaunay)
Info    : [ 40%] Meshing surface 15 (Cylinder, Frontal-Delaunay)
Info    : [ 50%] Meshing surface 16 (Plane, Frontal-Delaunay)
Info    : [ 50%] Meshing surface 17 (Plane, Frontal-Delaunay)
Info    : [ 50%] Meshing surface 18 (Plane, Frontal-Delaunay)
Info    : [ 50%] Meshing surface 19 (Plane, Frontal-Delaunay)
Info    : [ 60%] Meshing surface 20 (Plane, Frontal-Delaunay)
Info    : [ 60%] Meshing surface 21 (Plane, Frontal-Delaunay)
Info    : [ 60%] Meshing surface 22 (Plane, Frontal-Delaunay)
Info    : [ 60%] Meshing surface 23 (Cylinder, Frontal-Delaunay)
Info    : [ 70%] Meshing surface 24 (Plane, Frontal-Delaunay)
Info    : [ 70%] Meshing surface 25 (Cylinder, Frontal-Delaunay)
Info    : [ 70%] Meshing surface 26 (Plane, Frontal-Delaunay)
Info    : [ 80%] Meshing surface 27 (Plane, Frontal-Delaunay)
Info    : [ 80%] Meshing surface 28 (Plane, Frontal-Delaunay)
Info    : [ 80%] Meshing surface 29 (Plane, Frontal-Delaunay)
Info    : [ 80%] Meshing surface 30 (Plane, Frontal-Delaunay)
Info    : [ 90%] Meshing surface 31 (Plane, Frontal-Delaunay)
Info    : [ 90%] Meshing surface 32 (Plane, Frontal-Delaunay)
Info    : [ 90%] Meshing surface 33 (Plane, Frontal-Delaunay)
Info    : [ 90%] Meshing surface 34 (Plane, Frontal-Delaunay)
Info    : [100%] Meshing surface 35 (Plane, Frontal-Delaunay)
Info    : [100%] Meshing surface 36 (Plane, Frontal-Delaunay)
Info    : [100%] Meshing surface 37 (Plane, Frontal-Delaunay)
Info    : Done meshing 2D (Wall 0.231918s, CPU 0.220225s)
Info    : Meshing 3D...
Info    : 3D Meshing 4 volumes with 1 connected component
Info    : Tetrahedrizing 8753 nodes...
Info    : Done tetrahedrizing 8761 nodes (Wall 0.0592635s, CPU 0.058117s)
Info    : Reconstructing mesh...
Info    :  - Creating surface mesh
Info    :  - Identifying boundary edges
Info    :  - Recovering boundary
Info    : Done reconstructing mesh (Wall 0.135358s, CPU 0.131372s)
Info    : Found volume 10
Info    : Found volume 21
Info    : Found volume 1
Info    : Found volume 20
Info    : It. 0 - 0 nodes created - worst tet radius 7.54812 (nodes removed 0 0)
Info    : It. 500 - 498 nodes created - worst tet radius 1.96832 (nodes removed 0 2)
Info    : It. 1000 - 998 nodes created - worst tet radius 1.62259 (nodes removed 0 2)
Info    : It. 1500 - 1497 nodes created - worst tet radius 1.42479 (nodes removed 0 3)
Info    : It. 2000 - 1994 nodes created - worst tet radius 1.30964 (nodes removed 0 6)
Info    : It. 2500 - 2490 nodes created - worst tet radius 1.22646 (nodes removed 4 6)
Info    : It. 3000 - 2983 nodes created - worst tet radius 1.16545 (nodes removed 9 8)
Info    : It. 3500 - 3476 nodes created - worst tet radius 1.11278 (nodes removed 16 8)
Info    : It. 4000 - 3963 nodes created - worst tet radius 1.06756 (nodes removed 23 14)
Info    : It. 4500 - 4458 nodes created - worst tet radius 1.03286 (nodes removed 26 16)
Info    : It. 5000 - 4954 nodes created - worst tet radius 1.0033 (nodes removed 28 18)
Info    : 3D refinement terminated (13756 nodes total):
Info    :  - 0 Delaunay cavities modified for star shapeness
Info    :  - 47 nodes could not be inserted
Info    :  - 72140 tetrahedra created in 0.2339 sec. (308422 tets/s)
Info    : 9 node relocations
Info    : Done meshing 3D (Wall 0.595113s, CPU 0.550403s)
Info    : Optimizing mesh...
Info    : Optimizing volume 1
Info    : Optimization starts (volume = 2.17719e-09) with worst = 0.0094185 / average = 0.657455:
Info    : 0.00 < quality < 0.10 :       107 elements
Info    : 0.10 < quality < 0.20 :        94 elements
Info    : 0.20 < quality < 0.30 :       137 elements
Info    : 0.30 < quality < 0.40 :       327 elements
Info    : 0.40 < quality < 0.50 :      1747 elements
Info    : 0.50 < quality < 0.60 :      4811 elements
Info    : 0.60 < quality < 0.70 :      3659 elements
Info    : 0.70 < quality < 0.80 :      1966 elements
Info    : 0.80 < quality < 0.90 :      2517 elements
Info    : 0.90 < quality < 1.00 :      1701 elements
Info    : 323 edge swaps, 0 node relocations (volume = 2.17719e-09): worst = 0.0347552 / average = 0.666839 (Wall 0.00407567s, CPU 0.003938s)
Info    : 328 edge swaps, 0 node relocations (volume = 2.17719e-09): worst = 0.0347552 / average = 0.66688 (Wall 0.00491333s, CPU 0.004744s)
Info    : No ill-shaped tets in the mesh :-)
Info    : 0.00 < quality < 0.10 :         6 elements
Info    : 0.10 < quality < 0.20 :         3 elements
Info    : 0.20 < quality < 0.30 :         7 elements
Info    : 0.30 < quality < 0.40 :       336 elements
Info    : 0.40 < quality < 0.50 :      1769 elements
Info    : 0.50 < quality < 0.60 :      4826 elements
Info    : 0.60 < quality < 0.70 :      3663 elements
Info    : 0.70 < quality < 0.80 :      1863 elements
Info    : 0.80 < quality < 0.90 :      2537 elements
Info    : 0.90 < quality < 1.00 :      1751 elements
Info    : Optimizing volume 10
Info    : Optimization starts (volume = 8.33248e-08) with worst = 0.00229131 / average = 0.761869:
Info    : 0.00 < quality < 0.10 :       107 elements
Info    : 0.10 < quality < 0.20 :       317 elements
Info    : 0.20 < quality < 0.30 :       523 elements
Info    : 0.30 < quality < 0.40 :       834 elements
Info    : 0.40 < quality < 0.50 :      1226 elements
Info    : 0.50 < quality < 0.60 :      2476 elements
Info    : 0.60 < quality < 0.70 :      5646 elements
Info    : 0.70 < quality < 0.80 :     11806 elements
Info    : 0.80 < quality < 0.90 :     14431 elements
Info    : 0.90 < quality < 1.00 :      6793 elements
Info    : 927 edge swaps, 24 node relocations (volume = 8.33248e-08): worst = 0.124974 / average = 0.774849 (Wall 0.0115757s, CPU 0.011482s)
Info    : 938 edge swaps, 26 node relocations (volume = 8.33248e-08): worst = 0.269501 / average = 0.774999 (Wall 0.0139091s, CPU 0.013774s)
Info    : 939 edge swaps, 26 node relocations (volume = 8.33248e-08): worst = 0.300155 / average = 0.775015 (Wall 0.0155371s, CPU 0.015386s)
Info    : No ill-shaped tets in the mesh :-)
Info    : 0.00 < quality < 0.10 :         0 elements
Info    : 0.10 < quality < 0.20 :         0 elements
Info    : 0.20 < quality < 0.30 :         0 elements
Info    : 0.30 < quality < 0.40 :       813 elements
Info    : 0.40 < quality < 0.50 :      1200 elements
Info    : 0.50 < quality < 0.60 :      2451 elements
Info    : 0.60 < quality < 0.70 :      5590 elements
Info    : 0.70 < quality < 0.80 :     11881 elements
Info    : 0.80 < quality < 0.90 :     14600 elements
Info    : 0.90 < quality < 1.00 :      6781 elements
Info    : Optimizing volume 20
Info    : Optimization starts (volume = 2.63361e-09) with worst = 0.0155992 / average = 0.701604:
Info    : 0.00 < quality < 0.10 :         7 elements
Info    : 0.10 < quality < 0.20 :        13 elements
Info    : 0.20 < quality < 0.30 :        14 elements
Info    : 0.30 < quality < 0.40 :        14 elements
Info    : 0.40 < quality < 0.50 :        35 elements
Info    : 0.50 < quality < 0.60 :       108 elements
Info    : 0.60 < quality < 0.70 :       186 elements
Info    : 0.70 < quality < 0.80 :       155 elements
Info    : 0.80 < quality < 0.90 :       134 elements
Info    : 0.90 < quality < 1.00 :       126 elements
Info    : 29 edge swaps, 0 node relocations (volume = 2.63361e-09): worst = 0.259262 / average = 0.722257 (Wall 0.000394333s, CPU 0.000326s)
Info    : 31 edge swaps, 0 node relocations (volume = 2.63361e-09): worst = 0.259262 / average = 0.722963 (Wall 0.000458916s, CPU 0.000383s)
Info    : No ill-shaped tets in the mesh :-)
Info    : 0.00 < quality < 0.10 :         0 elements
Info    : 0.10 < quality < 0.20 :         0 elements
Info    : 0.20 < quality < 0.30 :         0 elements
Info    : 0.30 < quality < 0.40 :        13 elements
Info    : 0.40 < quality < 0.50 :        45 elements
Info    : 0.50 < quality < 0.60 :        99 elements
Info    : 0.60 < quality < 0.70 :       187 elements
Info    : 0.70 < quality < 0.80 :       156 elements
Info    : 0.80 < quality < 0.90 :       134 elements
Info    : 0.90 < quality < 1.00 :       126 elements
Info    : Optimizing volume 21
Info    : Optimization starts (volume = 3.31137e-09) with worst = 0.0001784 / average = 0.683043:
Info    : 0.00 < quality < 0.10 :        50 elements
Info    : 0.10 < quality < 0.20 :        98 elements
Info    : 0.20 < quality < 0.30 :       143 elements
Info    : 0.30 < quality < 0.40 :       311 elements
Info    : 0.40 < quality < 0.50 :       574 elements
Info    : 0.50 < quality < 0.60 :      1556 elements
Info    : 0.60 < quality < 0.70 :      2434 elements
Info    : 0.70 < quality < 0.80 :      2399 elements
Info    : 0.80 < quality < 0.90 :      1724 elements
Info    : 0.90 < quality < 1.00 :       834 elements
Info    : 280 edge swaps, 19 node relocations (volume = 3.31137e-09): worst = 0.169613 / average = 0.698535 (Wall 0.00319908s, CPU 0.003155s)
Info    : 289 edge swaps, 22 node relocations (volume = 3.31137e-09): worst = 0.277274 / average = 0.699069 (Wall 0.00387067s, CPU 0.003758s)
Info    : No ill-shaped tets in the mesh :-)
Info    : 0.00 < quality < 0.10 :         0 elements
Info    : 0.10 < quality < 0.20 :         0 elements
Info    : 0.20 < quality < 0.30 :         3 elements
Info    : 0.30 < quality < 0.40 :       315 elements
Info    : 0.40 < quality < 0.50 :       571 elements
Info    : 0.50 < quality < 0.60 :      1536 elements
Info    : 0.60 < quality < 0.70 :      2370 elements
Info    : 0.70 < quality < 0.80 :      2481 elements
Info    : 0.80 < quality < 0.90 :      1750 elements
Info    : 0.90 < quality < 1.00 :       841 elements
Info    : Done optimizing mesh (Wall 0.0688593s, CPU 0.066772s)
Info    : 13756 nodes 89628 elements
Info    : Writing 'joint.msh'...
Info    : Done writing 'joint.msh'
Info    : Stopped on Mon Sep 14 17:31:13 2026 (From start: Wall 1.13352s, CPU 1.09442s)

--- stderr ---
